Archive member included because of file (symbol)

c:/program files/atmel/atmel toolchain/avr8 gcc/native/3.4.1056/avr8-gnu-toolchain/bin/../lib/gcc/avr/4.8.1/../../../../avr/lib/avrxmega4\libm.a(addsf3.o)
                              fft/sampling.o (__addsf3)
c:/program files/atmel/atmel toolchain/avr8 gcc/native/3.4.1056/avr8-gnu-toolchain/bin/../lib/gcc/avr/4.8.1/../../../../avr/lib/avrxmega4\libm.a(addsf3x.o)
                              c:/program files/atmel/atmel toolchain/avr8 gcc/native/3.4.1056/avr8-gnu-toolchain/bin/../lib/gcc/avr/4.8.1/../../../../avr/lib/avrxmega4\libm.a(addsf3.o) (__addsf3x)
c:/program files/atmel/atmel toolchain/avr8 gcc/native/3.4.1056/avr8-gnu-toolchain/bin/../lib/gcc/avr/4.8.1/../../../../avr/lib/avrxmega4\libm.a(fixsfsi.o)
                              adc.o (__fixsfsi)
c:/program files/atmel/atmel toolchain/avr8 gcc/native/3.4.1056/avr8-gnu-toolchain/bin/../lib/gcc/avr/4.8.1/../../../../avr/lib/avrxmega4\libm.a(fixunssfsi.o)
                              c:/program files/atmel/atmel toolchain/avr8 gcc/native/3.4.1056/avr8-gnu-toolchain/bin/../lib/gcc/avr/4.8.1/../../../../avr/lib/avrxmega4\libm.a(fixsfsi.o) (__fixunssfsi)
c:/program files/atmel/atmel toolchain/avr8 gcc/native/3.4.1056/avr8-gnu-toolchain/bin/../lib/gcc/avr/4.8.1/../../../../avr/lib/avrxmega4\libm.a(floatsisf.o)
                              fft/sampling.o (__floatunsisf)
c:/program files/atmel/atmel toolchain/avr8 gcc/native/3.4.1056/avr8-gnu-toolchain/bin/../lib/gcc/avr/4.8.1/../../../../avr/lib/avrxmega4\libm.a(fp_inf.o)
                              c:/program files/atmel/atmel toolchain/avr8 gcc/native/3.4.1056/avr8-gnu-toolchain/bin/../lib/gcc/avr/4.8.1/../../../../avr/lib/avrxmega4\libm.a(addsf3x.o) (__fp_inf)
c:/program files/atmel/atmel toolchain/avr8 gcc/native/3.4.1056/avr8-gnu-toolchain/bin/../lib/gcc/avr/4.8.1/../../../../avr/lib/avrxmega4\libm.a(fp_nan.o)
                              c:/program files/atmel/atmel toolchain/avr8 gcc/native/3.4.1056/avr8-gnu-toolchain/bin/../lib/gcc/avr/4.8.1/../../../../avr/lib/avrxmega4\libm.a(addsf3x.o) (__fp_nan)
c:/program files/atmel/atmel toolchain/avr8 gcc/native/3.4.1056/avr8-gnu-toolchain/bin/../lib/gcc/avr/4.8.1/../../../../avr/lib/avrxmega4\libm.a(fp_pscA.o)
                              c:/program files/atmel/atmel toolchain/avr8 gcc/native/3.4.1056/avr8-gnu-toolchain/bin/../lib/gcc/avr/4.8.1/../../../../avr/lib/avrxmega4\libm.a(addsf3x.o) (__fp_pscA)
c:/program files/atmel/atmel toolchain/avr8 gcc/native/3.4.1056/avr8-gnu-toolchain/bin/../lib/gcc/avr/4.8.1/../../../../avr/lib/avrxmega4\libm.a(fp_pscB.o)
                              c:/program files/atmel/atmel toolchain/avr8 gcc/native/3.4.1056/avr8-gnu-toolchain/bin/../lib/gcc/avr/4.8.1/../../../../avr/lib/avrxmega4\libm.a(addsf3x.o) (__fp_pscB)
c:/program files/atmel/atmel toolchain/avr8 gcc/native/3.4.1056/avr8-gnu-toolchain/bin/../lib/gcc/avr/4.8.1/../../../../avr/lib/avrxmega4\libm.a(fp_round.o)
                              c:/program files/atmel/atmel toolchain/avr8 gcc/native/3.4.1056/avr8-gnu-toolchain/bin/../lib/gcc/avr/4.8.1/../../../../avr/lib/avrxmega4\libm.a(addsf3.o) (__fp_round)
c:/program files/atmel/atmel toolchain/avr8 gcc/native/3.4.1056/avr8-gnu-toolchain/bin/../lib/gcc/avr/4.8.1/../../../../avr/lib/avrxmega4\libm.a(fp_split3.o)
                              c:/program files/atmel/atmel toolchain/avr8 gcc/native/3.4.1056/avr8-gnu-toolchain/bin/../lib/gcc/avr/4.8.1/../../../../avr/lib/avrxmega4\libm.a(addsf3x.o) (__fp_split3)
c:/program files/atmel/atmel toolchain/avr8 gcc/native/3.4.1056/avr8-gnu-toolchain/bin/../lib/gcc/avr/4.8.1/../../../../avr/lib/avrxmega4\libm.a(fp_zero.o)
                              c:/program files/atmel/atmel toolchain/avr8 gcc/native/3.4.1056/avr8-gnu-toolchain/bin/../lib/gcc/avr/4.8.1/../../../../avr/lib/avrxmega4\libm.a(addsf3x.o) (__fp_zero)
c:/program files/atmel/atmel toolchain/avr8 gcc/native/3.4.1056/avr8-gnu-toolchain/bin/../lib/gcc/avr/4.8.1/../../../../avr/lib/avrxmega4\libm.a(mulsf3.o)
                              adc.o (__mulsf3)
c:/program files/atmel/atmel toolchain/avr8 gcc/native/3.4.1056/avr8-gnu-toolchain/bin/../lib/gcc/avr/4.8.1/../../../../avr/lib/avrxmega4\libm.a(mulsf3x.o)
                              c:/program files/atmel/atmel toolchain/avr8 gcc/native/3.4.1056/avr8-gnu-toolchain/bin/../lib/gcc/avr/4.8.1/../../../../avr/lib/avrxmega4\libm.a(mulsf3.o) (__mulsf3x)
c:/program files/atmel/atmel toolchain/avr8 gcc/native/3.4.1056/avr8-gnu-toolchain/bin/../lib/gcc/avr/4.8.1/../../../../avr/lib/avrxmega4\libm.a(round.o)
                              fft/sampling.o (round)
c:/program files/atmel/atmel toolchain/avr8 gcc/native/3.4.1056/avr8-gnu-toolchain/bin/../lib/gcc/avr/4.8.1/../../../../avr/lib/avrxmega4\libm.a(sin.o)
                              fft/sampling.o (sin)
c:/program files/atmel/atmel toolchain/avr8 gcc/native/3.4.1056/avr8-gnu-toolchain/bin/../lib/gcc/avr/4.8.1/../../../../avr/lib/avrxmega4\libm.a(fp_mintl.o)
[...]
Memory Configuration

Name             Origin             Length             Attributes
text             0x00000000         0x00100000         xr
data             0x00802000         0x0000ffa0         rw !x
eeprom           0x00810000         0x00010000         rw !x
fuse             0x00820000         0x00000400         rw !x
lock             0x00830000         0x00000400         rw !x
signature        0x00840000         0x00000400         rw !x
user_signatures  0x00850000         0x00000400         rw !x
*default*        0x00000000         0xffffffff

Linker script and memory map

LOAD c:/program files/atmel/atmel toolchain/avr8 gcc/native/3.4.1056/avr8-gnu-toolchain/bin/../lib/gcc/avr/4.8.1/../../../../avr/lib/avrxmega4/crtx64a4u.o
LOAD 4x6_font.o
LOAD adc.o
LOAD clock.o
LOAD esp8266.o
LOAD fatfs/ff.o
LOAD fatfs/mmc_avr.o
LOAD fatfs/sound.o
LOAD fft/fft.o
LOAD fft/sampling.o
LOAD fft/wff_fht/complexToDecibel.o
LOAD fft/wff_fht/complexToReal.o
LOAD fft/wff_fht/fht.o
LOAD fft/wff_fht/fhtDebug.o
LOAD fft/wff_fht/generateTables.o
LOAD fft/wff_fht/windowing.o
LOAD ht1632c.o
LOAD json/jsmn.o
LOAD main.o
LOAD port.o
LOAD power.o
LOAD rtc.o
LOAD sercom.o
LOAD si114x/Si114x_functions.o
LOAD si114x/Si114x_handler.o
LOAD si114x/Si114x_init.o
LOAD si114x/Si114x_sys_out.o
LOAD si114x/slider_algorithm.o
LOAD uart.o
LOAD usb.o
START GROUP
LOAD c:/program files/atmel/atmel toolchain/avr8 gcc/native/3.4.1056/avr8-gnu-toolchain/bin/../lib/gcc/avr/4.8.1/../../../../avr/lib/avrxmega4\libm.a
END GROUP
START GROUP
LOAD c:/program files/atmel/atmel toolchain/avr8 gcc/native/3.4.1056/avr8-gnu-toolchain/bin/../lib/gcc/avr/4.8.1/avrxmega4\libgcc.a
LOAD c:/program files/atmel/atmel toolchain/avr8 gcc/native/3.4.1056/avr8-gnu-toolchain/bin/../lib/gcc/avr/4.8.1/../../../../avr/lib/avrxmega4\libm.a
LOAD c:/program files/atmel/atmel toolchain/avr8 gcc/native/3.4.1056/avr8-gnu-toolchain/bin/../lib/gcc/avr/4.8.1/../../../../avr/lib/avrxmega4\libc.a
END GROUP

.hash
 *(.hash)

.dynsym
 *(.dynsym)

.dynstr
 *(.dynstr)

.gnu.version
 *(.gnu.version)

.gnu.version_d
 *(.gnu.version_d)

.gnu.version_r
 *(.gnu.version_r)

.rel.init
 *(.rel.init)

.rela.init
 *(.rela.init)

.rel.text
 *(.rel.text)
 *(.rel.text.*)
 *(.rel.gnu.linkonce.t*)

.rela.text
 *(.rela.text)
 *(.rela.text.*)
 *(.rela.gnu.linkonce.t*)

.rel.fini
 *(.rel.fini)

.rela.fini
 *(.rela.fini)

.rel.rodata
 *(.rel.rodata)
 *(.rel.rodata.*)
 *(.rel.gnu.linkonce.r*)

.rela.rodata
 *(.rela.rodata)
 *(.rela.rodata.*)
 *(.rela.gnu.linkonce.r*)

.rel.data
 *(.rel.data)
 *(.rel.data.*)
 *(.rel.gnu.linkonce.d*)

.rela.data
 *(.rela.data)
 *(.rela.data.*)
 *(.rela.gnu.linkonce.d*)

.rel.ctors
 *(.rel.ctors)

.rela.ctors
 *(.rela.ctors)

.rel.dtors
 *(.rel.dtors)

.rela.dtors
 *(.rela.dtors)

.rel.got
 *(.rel.got)

.rela.got
 *(.rela.got)

.rel.bss
 *(.rel.bss)

.rela.bss
 *(.rela.bss)

.rel.plt
 *(.rel.plt)

.rela.plt
 *(.rela.plt)

.text           0x00000000     0x3e38
 *(.vectors)
 .vectors       0x00000000      0x1fc c:/program files/atmel/atmel toolchain/avr8 gcc/native/3.4.1056/avr8-gnu-toolchain/bin/../lib/gcc/avr/4.8.1/../../../../avr/lib/avrxmega4/crtx64a4u.o
                0x00000000                __vector_default
                0x00000000                __vectors
 *(.vectors)
 *(.progmem.gcc*)
 .progmem.gcc_sw_table.disk_ioctl
                0x000001fc       0x6e fatfs/mmc_avr.o
 .progmem.gcc_sw_table.jsmn_parse
                0x0000026a       0xa8 json/jsmn.o
                0x00000312                . = ALIGN (0x2)
                0x00000312                __trampolines_start = .
 *(.trampolines)
 .trampolines   0x00000312        0x0 linker stubs
 *(.trampolines*)
                0x00000312                __trampolines_end = .
 *(.progmem*)
                0x00000312                . = ALIGN (0x2)
 *(.jumptables)
 *(.jumptables*)
 *(.lowtext)
 *(.lowtext*)
                0x00000312                __ctors_start = .
 *(.ctors)
                0x00000312                __ctors_end = .
                0x00000312                __dtors_start = .
 *(.dtors)
                0x00000312                __dtors_end = .
 SORT(*)(.ctors)
 SORT(*)(.dtors)
 *(.init0)
 .init0         0x00000312        0x0 c:/program files/atmel/atmel toolchain/avr8 gcc/native/3.4.1056/avr8-gnu-toolchain/bin/../lib/gcc/avr/4.8.1/../../../../avr/lib/avrxmega4/crtx64a4u.o
                0x00000312                __init
 *(.init0)
 *(.init1)
 *(.init1)
 *(.init2)
 .init2         0x00000312        0xc c:/program files/atmel/atmel toolchain/avr8 gcc/native/3.4.1056/avr8-gnu-toolchain/bin/../lib/gcc/avr/4.8.1/../../../../avr/lib/avrxmega4/crtx64a4u.o
 *(.init2)
 *(.init3)
 *(.init3)
 *(.init4)
 .init4         0x0000031e       0x1a c:/program files/atmel/atmel toolchain/avr8 gcc/native/3.4.1056/avr8-gnu-toolchain/bin/../lib/gcc/avr/4.8.1/avrxmega4\libgcc.a(_copy_data.o)
                0x0000031e                __do_copy_data
 .init4         0x00000338       0x10 c:/program files/atmel/atmel toolchain/avr8 gcc/native/3.4.1056/avr8-gnu-toolchain/bin/../lib/gcc/avr/4.8.1/avrxmega4\libgcc.a(_clear_bss.o)
                0x00000338                __do_clear_bss
 *(.init4)
 *(.init5)
 *(.init5)
 *(.init6)
 *(.init6)
 *(.init7)
 *(.init7)
 *(.init8)
 *(.init8)
 *(.init9)
 .init9         0x00000348        0x8 c:/program files/atmel/atmel toolchain/avr8 gcc/native/3.4.1056/avr8-gnu-toolchain/bin/../lib/gcc/avr/4.8.1/../../../../avr/lib/avrxmega4/crtx64a4u.o
 *(.init9)
 *(.text)
 .text          0x00000350        0x2 c:/program files/atmel/atmel toolchain/avr8 gcc/native/3.4.1056/avr8-gnu-toolchain/bin/../lib/gcc/avr/4.8.1/../../../../avr/lib/avrxmega4/crtx64a4u.o
                0x00000350                __vector_38
                0x00000350                __vector_104
                0x00000350                __vector_22
                0x00000350                __vector_63
                0x00000350                __vector_28
                0x00000350                __vector_67
                0x00000350                __vector_1
                0x00000350                __vector_119
                0x00000350                __vector_32
                0x00000350                __vector_75
                0x00000350                __vector_71
                0x00000350                __vector_91
                0x00000350                __vector_34
                0x00000350                __vector_62
                0x00000350                __vector_77
                0x00000350                __vector_102
                0x00000350                __vector_24
                0x00000350                __vector_12
                0x00000350                __vector_55
                0x00000350                __vector_69
                0x00000350                __vector_81
                0x00000350                __vector_90
                0x00000350                __vector_46
                0x00000350                __bad_interrupt
                0x00000350                __vector_122
                0x00000350                __vector_72
                0x00000350                __vector_114
                0x00000350                __vector_6
                0x00000350                __vector_110
                0x00000350                __vector_31
                0x00000350                __vector_92
                0x00000350                __vector_35
                0x00000350                __vector_78
                0x00000350                __vector_74
                0x00000350                __vector_117
                0x00000350                __vector_39
                0x00000350                __vector_107
                0x00000350                __vector_3
                0x00000350                __vector_105
                0x00000350                __vector_98
                0x00000350                __vector_23
                0x00000350                __vector_68
                0x00000350                __vector_30
                0x00000350                __vector_73
                0x00000350                __vector_45
                0x00000350                __vector_25
                0x00000350                __vector_93
                0x00000350                __vector_61
                0x00000350                __vector_11
                0x00000350                __vector_54
                0x00000350                __vector_99
                0x00000350                __vector_13
                0x00000350                __vector_17
                0x00000350                __vector_19
                0x00000350                __vector_56
                0x00000350                __vector_7
                0x00000350                __vector_125
                0x00000350                __vector_49
                0x00000350                __vector_123
                0x00000350                __vector_41
                0x00000350                __vector_86
                0x00000350                __vector_100
                0x00000350                __vector_101
                0x00000350                __vector_64
                0x00000350                __vector_109
                0x00000350                __vector_43
                0x00000350                __vector_27
                0x00000350                __vector_5
                0x00000350                __vector_113
                0x00000350                __vector_33
                0x00000350                __vector_76
                0x00000350                __vector_115
                0x00000350                __vector_47
                0x00000350                __vector_52
                0x00000350                __vector_37
                0x00000350                __vector_95
                0x00000350                __vector_103
                0x00000350                __vector_96
                0x00000350                __vector_89
                0x00000350                __vector_108
                0x00000350                __vector_4
                0x00000350                __vector_44
                0x00000350                __vector_82
                0x00000350                __vector_106
                0x00000350                __vector_118
                0x00000350                __vector_51
                0x00000350                __vector_9
                0x00000350                __vector_2
                0x00000350                __vector_21
                0x00000350                __vector_15
                0x00000350                __vector_36
                0x00000350                __vector_79
                0x00000350                __vector_58
                0x00000350                __vector_70
                0x00000350                __vector_83
                0x00000350                __vector_29
                0x00000350                __vector_60
                0x00000350                __vector_121
                0x00000350                __vector_40
                0x00000350                __vector_85
                0x00000350                __vector_94
                0x00000350                __vector_126
                0x00000350                __vector_8
                0x00000350                __vector_26
                0x00000350                __vector_48
                0x00000350                __vector_124
                0x00000350                __vector_116
                0x00000350                __vector_112
                0x00000350                __vector_111
                0x00000350                __vector_80
                0x00000350                __vector_84
                0x00000350                __vector_57
                0x00000350                __vector_53
                0x00000350                __vector_50
                0x00000350                __vector_16
                0x00000350                __vector_59
                0x00000350                __vector_18
                0x00000350                __vector_97
                0x00000350                __vector_42
                0x00000350                __vector_87
                0x00000350                __vector_65
                0x00000350                __vector_120
                0x00000352                . = ALIGN (0x2)
 *(.text.*)
 .text.clock_setup_32_mhz
                0x00000352       0x1c clock.o
                0x00000352                clock_setup_32_mhz
 .text.esp8266_setup
                0x0000036e      0x344 esp8266.o
                0x0000036e                esp8266_setup
 .text.esp8266_on
                0x000006b2       0x22 esp8266.o
                0x000006b2                esp8266_on
 .text.esp8266_off
                0x000006d4        0xc esp8266.o
                0x000006d4                esp8266_off
 .text.__vector_88
                0x000006e0       0x5c esp8266.o
                0x000006e0                __vector_88
 .text.mem_cpy  0x0000073c       0x60 fatfs/ff.o
 .text.mem_set  0x0000079c       0x16 fatfs/ff.o
 .text.ld_clust
                0x000007b2       0x32 fatfs/ff.o
 .text.get_ldnumber
                0x000007e4       0x74 fatfs/ff.o
 .text.sync_window
                0x00000858       0xd6 fatfs/ff.o
 .text.move_window
                0x0000092e       0x7a fatfs/ff.o
 .text.check_fs
                0x000009a8       0x7a fatfs/ff.o
 .text.validate
                0x00000a22       0x4a fatfs/ff.o
 .text.find_volume
                0x00000a6c      0x568 fatfs/ff.o
 .text.sync_fs  0x00000fd4       0xdc fatfs/ff.o
 .text.clust2sect
                0x000010b0       0x5c fatfs/ff.o
                0x000010b0                clust2sect
 .text.get_fat  0x0000110c      0x1cc fatfs/ff.o
                0x0000110c                get_fat
 .text.dir_sdi  0x000012d8      0x176 fatfs/ff.o
 .text.put_fat  0x0000144e      0x210 fatfs/ff.o
                0x0000144e                put_fat
 .text.create_chain
                0x0000165e      0x208 fatfs/ff.o
 .text.dir_next
                0x00001866      0x23c fatfs/ff.o
 .text.follow_path
                0x00001aa2      0x334 fatfs/ff.o
 .text.dir_alloc
                0x00001dd6       0x70 fatfs/ff.o
 .text.dir_register
                0x00001e46       0x5c fatfs/ff.o
 .text.remove_chain
                0x00001ea2       0xec fatfs/ff.o
 .text.f_mount  0x00001f8e       0xa0 fatfs/ff.o
                0x00001f8e                f_mount
 .text.f_open   0x0000202e      0x220 fatfs/ff.o
                0x0000202e                f_open
 .text.f_write  0x0000224e      0x334 fatfs/ff.o
                0x0000224e                f_write
 .text.f_sync   0x00002582       0x82 fatfs/ff.o
                0x00002582                f_sync
 .text.f_close  0x00002604       0x20 fatfs/ff.o
                0x00002604                f_close
 .text.xchg_spi
                0x00002624        0x6 fatfs/mmc_avr.o
 .text.deselect
                0x0000262a        0xe fatfs/mmc_avr.o
 .text.select   0x00002638       0x30 fatfs/mmc_avr.o
 .text.send_cmd
                0x00002668       0xa2 fatfs/mmc_avr.o
 .text.rcvr_datablock
                0x0000270a       0x74 fatfs/mmc_avr.o
 .text.xmit_datablock
                0x0000277e       0x74 fatfs/mmc_avr.o
 .text.disk_initialize
                0x000027f2      0x17a fatfs/mmc_avr.o
                0x000027f2                disk_initialize
 .text.disk_status
                0x0000296c        0xe fatfs/mmc_avr.o
                0x0000296c                disk_status
 .text.disk_read
                0x0000297a       0xa8 fatfs/mmc_avr.o
                0x0000297a                disk_read
 .text.disk_write
                0x00002a22       0xe0 fatfs/mmc_avr.o
                0x00002a22                disk_write
 .text.disk_ioctl
                0x00002b02      0x33c fatfs/mmc_avr.o
                0x00002b02                disk_ioctl
 .text.__vector_14
                0x00002e3e       0xe4 fatfs/sound.o
                0x00002e3e                __vector_14
 .text.ht1632c_writedata
                0x00002f22       0x4e ht1632c.o
                0x00002f22                ht1632c_writedata
 .text.ht1632c_writeScreen
                0x00002f70       0x56 ht1632c.o
                0x00002f70                ht1632c_writeScreen
 .text.ht1632c_clearScreen
                0x00002fc6       0x14 ht1632c.o
                0x00002fc6                ht1632c_clearScreen
 .text.ht1632c_sendcommand
                0x00002fda       0x24 ht1632c.o
                0x00002fda                ht1632c_sendcommand
 .text.ht1632c_begin
                0x00002ffe       0x38 ht1632c.o
                0x00002ffe                ht1632c_begin
 .text.ht1632c_setBrightness
                0x00003036        0xc ht1632c.o
                0x00003036                ht1632c_setBrightness
 .text.jsmn_parse
                0x00003042      0x726 json/jsmn.o
                0x00003042                jsmn_parse
 .text.jsmn_init
                0x00003768       0x14 json/jsmn.o
                0x00003768                jsmn_init
 .text.sd_card  0x0000377c       0x52 main.o
                0x0000377c                sd_card
 .text.remove_substring
                0x000037ce       0x36 main.o
                0x000037ce                remove_substring
 .text.main     0x00003804       0xc2 main.o
                0x00003804                main
 .text.__vector_20
                0x000038c6       0x2e main.o
                0x000038c6                __vector_20
 .text.btn_setup
                0x000038f4       0x12 port.o
                0x000038f4                btn_setup
 .text.__vector_66
                0x00003906       0x4e port.o
                0x00003906                __vector_66
 .text.rtc_setup
                0x00003954       0x34 rtc.o
                0x00003954                rtc_setup
 .text.__vector_10
                0x00003988       0x86 rtc.o
                0x00003988                __vector_10
 .text.spi_on   0x00003a0e       0x14 sercom.o
                0x00003a0e                spi_on
 .text.spi_off  0x00003a22       0x1e sercom.o
                0x00003a22                spi_off
 .text.spi_wr_rd
                0x00003a40       0x14 sercom.o
                0x00003a40                spi_wr_rd
 .text.i2c_setup
                0x00003a54       0x14 sercom.o
                0x00003a54                i2c_setup
 .text.i2c_write_data
                0x00003a68       0x32 sercom.o
                0x00003a68                i2c_write_data
 .text.i2c_read_data
                0x00003a9a       0x4e sercom.o
                0x00003a9a                i2c_read_data
 .text._sendCmd
                0x00003ae8       0xb0 si114x/Si114x_functions.o
 .text.Si114xNop
                0x00003b98        0x6 si114x/Si114x_functions.o
                0x00003b98                Si114xNop
 .text.Si114xPauseAll
                0x00003b9e       0x3a si114x/Si114x_functions.o
                0x00003b9e                Si114xPauseAll
 .text.si114x_reset
                0x00003bd8       0x86 si114x/Si114x_functions.o
                0x00003bd8                si114x_reset
 .text.Si114xWriteToRegister
                0x00003c5e        0x8 si114x/Si114x_sys_out.o
                0x00003c5e                Si114xWriteToRegister
 .text.Si114xReadFromRegister
                0x00003c66        0x8 si114x/Si114x_sys_out.o
                0x00003c66                Si114xReadFromRegister
 .text.delay_10ms
                0x00003c6e        0xe si114x/Si114x_sys_out.o
                0x00003c6e                delay_10ms
 .text.uart_setup
                0x00003c7c       0x22 uart.o
                0x00003c7c                uart_setup
 .text.uart_put_char
                0x00003c9e       0x10 uart.o
                0x00003c9e                uart_put_char
 .text.uart_get_char
                0x00003cae       0x2c uart.o
                0x00003cae                uart_get_char
 .text.libgcc.div
                0x00003cda       0x44 c:/program files/atmel/atmel toolchain/avr8 gcc/native/3.4.1056/avr8-gnu-toolchain/bin/../lib/gcc/avr/4.8.1/avrxmega4\libgcc.a(_udivmodsi4.o)
                0x00003cda                __udivmodsi4
 .text.libgcc   0x00003d1e        0xc c:/program files/atmel/atmel toolchain/avr8 gcc/native/3.4.1056/avr8-gnu-toolchain/bin/../lib/gcc/avr/4.8.1/avrxmega4\libgcc.a(_tablejump.o)
                0x00003d1e                __tablejump2__
                0x00003d22                __tablejump__
 .text.libgcc.mul
                0x00003d2a       0x1e c:/program files/atmel/atmel toolchain/avr8 gcc/native/3.4.1056/avr8-gnu-toolchain/bin/../lib/gcc/avr/4.8.1/avrxmega4\libgcc.a(_umulhisi3.o)
                0x00003d2a                __umulhisi3
 .text.libgcc.mul
                0x00003d48       0x14 c:/program files/atmel/atmel toolchain/avr8 gcc/native/3.4.1056/avr8-gnu-toolchain/bin/../lib/gcc/avr/4.8.1/avrxmega4\libgcc.a(_muluhisi3.o)
                0x00003d48                __muluhisi3
 .text.avr-libc
                0x00003d5c       0x22 c:/program files/atmel/atmel toolchain/avr8 gcc/native/3.4.1056/avr8-gnu-toolchain/bin/../lib/gcc/avr/4.8.1/../../../../avr/lib/avrxmega4\libc.a(memmove.o)
                0x00003d5c                memmove
 .text.avr-libc
                0x00003d7e       0x16 c:/program files/atmel/atmel toolchain/avr8 gcc/native/3.4.1056/avr8-gnu-toolchain/bin/../lib/gcc/avr/4.8.1/../../../../avr/lib/avrxmega4\libc.a(strchr.o)
                0x00003d7e                strchr
 .text.avr-libc
                0x00003d94       0x34 c:/program files/atmel/atmel toolchain/avr8 gcc/native/3.4.1056/avr8-gnu-toolchain/bin/../lib/gcc/avr/4.8.1/../../../../avr/lib/avrxmega4\libc.a(strstr.o)
                0x00003d94                strstr
 .text.avr-libc
                0x00003dc8       0x5a c:/program files/atmel/atmel toolchain/avr8 gcc/native/3.4.1056/avr8-gnu-toolchain/bin/../lib/gcc/avr/4.8.1/../../../../avr/lib/avrxmega4\libc.a(puts.o)
                0x00003dc8                puts
 .text.avr-libc
                0x00003e22       0x12 c:/program files/atmel/atmel toolchain/avr8 gcc/native/3.4.1056/avr8-gnu-toolchain/bin/../lib/gcc/avr/4.8.1/../../../../avr/lib/avrxmega4\libc.a(memcpy.o)
                0x00003e22                memcpy
                0x00003e34                . = ALIGN (0x2)
 *(.fini9)
 .fini9         0x00003e34        0x0 c:/program files/atmel/atmel toolchain/avr8 gcc/native/3.4.1056/avr8-gnu-toolchain/bin/../lib/gcc/avr/4.8.1/avrxmega4\libgcc.a(_exit.o)
                0x00003e34                _exit
                0x00003e34                exit
 *(.fini9)
 *(.fini8)
 *(.fini8)
 *(.fini7)
 *(.fini7)
 *(.fini6)
 *(.fini6)
 *(.fini5)
 *(.fini5)
 *(.fini4)
 *(.fini4)
 *(.fini3)
 *(.fini3)
 *(.fini2)
 *(.fini2)
 *(.fini1)
 *(.fini1)
 *(.fini0)
 .fini0         0x00003e34        0x4 c:/program files/atmel/atmel toolchain/avr8 gcc/native/3.4.1056/avr8-gnu-toolchain/bin/../lib/gcc/avr/4.8.1/avrxmega4\libgcc.a(_exit.o)
 *(.fini0)
                0x00003e38                _etext = .

.data           0x00802000      0x1f6 load address 0x00003e38
                0x00802000                PROVIDE (__data_start, .)
 *(.data)
 .data          0x00802000        0x0 c:/program files/atmel/atmel toolchain/avr8 gcc/native/3.4.1056/avr8-gnu-toolchain/bin/../lib/gcc/avr/4.8.1/../../../../avr/lib/avrxmega4/crtx64a4u.o
 .data          0x00802000        0x0 4x6_font.o
 .data          0x00802000        0x0 adc.o
 .data          0x00802000        0x0 clock.o
 .data          0x00802000        0x0 esp8266.o
 .data          0x00802000        0x0 fatfs/ff.o
 .data          0x00802000        0x0 fatfs/mmc_avr.o
 .data          0x00802000        0x0 fatfs/sound.o
 .data          0x00802000        0x0 fft/fft.o
 .data          0x00802000        0x0 fft/sampling.o
 .data          0x00802000        0x0 fft/wff_fht/complexToDecibel.o
 .data          0x00802000        0x0 fft/wff_fht/complexToReal.o
 .data          0x00802000        0x0 fft/wff_fht/fht.o
 .data          0x00802000        0x0 fft/wff_fht/fhtDebug.o
 .data          0x00802000        0x0 fft/wff_fht/generateTables.o
 .data          0x00802000        0x0 fft/wff_fht/windowing.o
 .data          0x00802000        0x0 ht1632c.o
 .data          0x00802000        0x0 json/jsmn.o
 .data          0x00802000        0x0 main.o
 .data          0x00802000        0x0 port.o
 .data          0x00802000        0x0 power.o
 .data          0x00802000        0x0 rtc.o
 .data          0x00802000        0x0 sercom.o
 .data          0x00802000        0x0 si114x/Si114x_functions.o
 .data          0x00802000        0x0 si114x/Si114x_handler.o
 .data          0x00802000        0x0 si114x/Si114x_init.o
 .data          0x00802000        0x0 si114x/Si114x_sys_out.o
 .data          0x00802000        0x0 si114x/slider_algorithm.o
 .data          0x00802000        0x0 uart.o
 .data          0x00802000        0x0 usb.o
 .data          0x00802000        0x0 c:/program files/atmel/atmel toolchain/avr8 gcc/native/3.4.1056/avr8-gnu-toolchain/bin/../lib/gcc/avr/4.8.1/../../../../avr/lib/avrxmega4\libm.a(addsf3.o)
 .data          0x00802000        0x0 c:/program files/atmel/atmel toolchain/avr8 gcc/native/3.4.1056/avr8-gnu-toolchain/bin/../lib/gcc/avr/4.8.1/../../../../avr/lib/avrxmega4\libm.a(addsf3x.o)
 .data          0x00802000        0x0 c:/program files/atmel/atmel toolchain/avr8 gcc/native/3.4.1056/avr8-gnu-toolchain/bin/../lib/gcc/avr/4.8.1/../../../../avr/lib/avrxmega4\libm.a(fixsfsi.o)
 .data          0x00802000        0x0 c:/program files/atmel/atmel toolchain/avr8 gcc/native/3.4.1056/avr8-gnu-toolchain/bin/../lib/gcc/avr/4.8.1/../../../../avr/lib/avrxmega4\libm.a(fixunssfsi.o)
 .data          0x00802000        0x0 c:/program files/atmel/atmel toolchain/avr8 gcc/native/3.4.1056/avr8-gnu-toolchain/bin/../lib/gcc/avr/4.8.1/../../../../avr/lib/avrxmega4\libm.a(floatsisf.o)
 .data          0x00802000        0x0 c:/program files/atmel/atmel toolchain/avr8 gcc/native/3.4.1056/avr8-gnu-toolchain/bin/../lib/gcc/avr/4.8.1/../../../../avr/lib/avrxmega4\libm.a(fp_inf.o)
 .data          0x00802000        0x0 c:/program files/atmel/atmel toolchain/avr8 gcc/native/3.4.1056/avr8-gnu-toolchain/bin/../lib/gcc/avr/4.8.1/../../../../avr/lib/avrxmega4\libm.a(fp_nan.o)
 .data          0x00802000        0x0 c:/program files/atmel/atmel toolchain/avr8 gcc/native/3.4.1056/avr8-gnu-toolchain/bin/../lib/gcc/avr/4.8.1/../../../../avr/lib/avrxmega4\libm.a(fp_pscA.o)
 .data          0x00802000        0x0 c:/program files/atmel/atmel toolchain/avr8 gcc/native/3.4.1056/avr8-gnu-toolchain/bin/../lib/gcc/avr/4.8.1/../../../../avr/lib/avrxmega4\libm.a(fp_pscB.o)
 .data          0x00802000        0x0 c:/program files/atmel/atmel toolchain/avr8 gcc/native/3.4.1056/avr8-gnu-toolchain/bin/../lib/gcc/avr/4.8.1/../../../../avr/lib/avrxmega4\libm.a(fp_round.o)
 .data          0x00802000        0x0 c:/program files/atmel/atmel toolchain/avr8 gcc/native/3.4.1056/avr8-gnu-toolchain/bin/../lib/gcc/avr/4.8.1/../../../../avr/lib/avrxmega4\libm.a(fp_split3.o)
 .data          0x00802000        0x0 c:/program files/atmel/atmel toolchain/avr8 gcc/native/3.4.1056/avr8-gnu-toolchain/bin/../lib/gcc/avr/4.8.1/../../../../avr/lib/avrxmega4\libm.a(fp_zero.o)
 .data          0x00802000        0x0 c:/program files/atmel/atmel toolchain/avr8 gcc/native/3.4.1056/avr8-gnu-toolchain/bin/../lib/gcc/avr/4.8.1/../../../../avr/lib/avrxmega4\libm.a(mulsf3.o)
 .data          0x00802000        0x0 c:/program files/atmel/atmel toolchain/avr8 gcc/native/3.4.1056/avr8-gnu-toolchain/bin/../lib/gcc/avr/4.8.1/../../../../avr/lib/avrxmega4\libm.a(mulsf3x.o)
 .data          0x00802000        0x0 c:/program files/atmel/atmel toolchain/avr8 gcc/native/3.4.1056/avr8-gnu-toolchain/bin/../lib/gcc/avr/4.8.1/../../../../avr/lib/avrxmega4\libm.a(round.o)
 .data          0x00802000        0x0 c:/program files/atmel/atmel toolchain/avr8 gcc/native/3.4.1056/avr8-gnu-toolchain/bin/../lib/gcc/avr/4.8.1/../../../../avr/lib/avrxmega4\libm.a(sin.o)
 .data          0x00802000        0x0 c:/program files/atmel/atmel toolchain/avr8 gcc/native/3.4.1056/avr8-gnu-toolchain/bin/../lib/gcc/avr/4.8.1/../../../../avr/lib/avrxmega4\libm.a(fp_mintl.o)
 .data          0x00802000        0x0 c:/program files/atmel/atmel toolchain/avr8 gcc/native/3.4.1056/avr8-gnu-toolchain/bin/../lib/gcc/avr/4.8.1/../../../../avr/lib/avrxmega4\libm.a(fp_mpack.o)
 .data          0x00802000        0x0 c:/program files/atmel/atmel toolchain/avr8 gcc/native/3.4.1056/avr8-gnu-toolchain/bin/../lib/gcc/avr/4.8.1/../../../../avr/lib/avrxmega4\libm.a(fp_rempio2.o)
 .data          0x00802000        0x0 c:/program files/atmel/atmel toolchain/avr8 gcc/native/3.4.1056/avr8-gnu-toolchain/bin/../lib/gcc/avr/4.8.1/../../../../avr/lib/avrxmega4\libm.a(fp_sinus.o)
 .data          0x00802000        0x0 c:/program files/atmel/atmel toolchain/avr8 gcc/native/3.4.1056/avr8-gnu-toolchain/bin/../lib/gcc/avr/4.8.1/../../../../avr/lib/avrxmega4\libm.a(fp_powsodd.o)
 .data          0x00802000        0x0 c:/program files/atmel/atmel toolchain/avr8 gcc/native/3.4.1056/avr8-gnu-toolchain/bin/../lib/gcc/avr/4.8.1/../../../../avr/lib/avrxmega4\libm.a(fp_powser.o)
 .data          0x00802000        0x0 c:/program files/atmel/atmel toolchain/avr8 gcc/native/3.4.1056/avr8-gnu-toolchain/bin/../lib/gcc/avr/4.8.1/avrxmega4\libgcc.a(_mulsi3.o)
 .data          0x00802000        0x0 c:/program files/atmel/atmel toolchain/avr8 gcc/native/3.4.1056/avr8-gnu-toolchain/bin/../lib/gcc/avr/4.8.1/avrxmega4\libgcc.a(_divmodhi4.o)
 .data          0x00802000        0x0 c:/program files/atmel/atmel toolchain/avr8 gcc/native/3.4.1056/avr8-gnu-toolchain/bin/../lib/gcc/avr/4.8.1/avrxmega4\libgcc.a(_udivmodsi4.o)
 .data          0x00802000        0x0 c:/program files/atmel/atmel toolchain/avr8 gcc/native/3.4.1056/avr8-gnu-toolchain/bin/../lib/gcc/avr/4.8.1/avrxmega4\libgcc.a(_exit.o)
 .data          0x00802000        0x0 c:/program files/atmel/atmel toolchain/avr8 gcc/native/3.4.1056/avr8-gnu-toolchain/bin/../lib/gcc/avr/4.8.1/avrxmega4\libgcc.a(_tablejump.o)
 .data          0x00802000        0x0 c:/program files/atmel/atmel toolchain/avr8 gcc/native/3.4.1056/avr8-gnu-toolchain/bin/../lib/gcc/avr/4.8.1/avrxmega4\libgcc.a(_copy_data.o)
 .data          0x00802000        0x0 c:/program files/atmel/atmel toolchain/avr8 gcc/native/3.4.1056/avr8-gnu-toolchain/bin/../lib/gcc/avr/4.8.1/avrxmega4\libgcc.a(_clear_bss.o)
 .data          0x00802000        0x0 c:/program files/atmel/atmel toolchain/avr8 gcc/native/3.4.1056/avr8-gnu-toolchain/bin/../lib/gcc/avr/4.8.1/avrxmega4\libgcc.a(_mulhisi3.o)
 .data          0x00802000        0x0 c:/program files/atmel/atmel toolchain/avr8 gcc/native/3.4.1056/avr8-gnu-toolchain/bin/../lib/gcc/avr/4.8.1/avrxmega4\libgcc.a(_umulhisi3.o)
 .data          0x00802000        0x0 c:/program files/atmel/atmel toolchain/avr8 gcc/native/3.4.1056/avr8-gnu-toolchain/bin/../lib/gcc/avr/4.8.1/avrxmega4\libgcc.a(_usmulhisi3.o)
 .data          0x00802000        0x0 c:/program files/atmel/atmel toolchain/avr8 gcc/native/3.4.1056/avr8-gnu-toolchain/bin/../lib/gcc/avr/4.8.1/avrxmega4\libgcc.a(_muluhisi3.o)
 .data          0x00802000        0x0 c:/program files/atmel/atmel toolchain/avr8 gcc/native/3.4.1056/avr8-gnu-toolchain/bin/../lib/gcc/avr/4.8.1/avrxmega4\libgcc.a(_udivmodhi4.o)
 .data          0x00802000        0x4 c:/program files/atmel/atmel toolchain/avr8 gcc/native/3.4.1056/avr8-gnu-toolchain/bin/../lib/gcc/avr/4.8.1/../../../../avr/lib/avrxmega4\libc.a(rand.o)
 .data          0x00802004        0x0 c:/program files/atmel/atmel toolchain/avr8 gcc/native/3.4.1056/avr8-gnu-toolchain/bin/../lib/gcc/avr/4.8.1/../../../../avr/lib/avrxmega4\libc.a(memmove.o)
 .data          0x00802004        0x0 c:/program files/atmel/atmel toolchain/avr8 gcc/native/3.4.1056/avr8-gnu-toolchain/bin/../lib/gcc/avr/4.8.1/../../../../avr/lib/avrxmega4\libc.a(strchr.o)
 .data          0x00802004        0x0 c:/program files/atmel/atmel toolchain/avr8 gcc/native/3.4.1056/avr8-gnu-toolchain/bin/../lib/gcc/avr/4.8.1/../../../../avr/lib/avrxmega4\libc.a(strstr.o)
 .data          0x00802004        0x0 c:/program files/atmel/atmel toolchain/avr8 gcc/native/3.4.1056/avr8-gnu-toolchain/bin/../lib/gcc/avr/4.8.1/../../../../avr/lib/avrxmega4\libc.a(iob.o)
 .data          0x00802004        0x0 c:/program files/atmel/atmel toolchain/avr8 gcc/native/3.4.1056/avr8-gnu-toolchain/bin/../lib/gcc/avr/4.8.1/../../../../avr/lib/avrxmega4\libc.a(printf.o)
 .data          0x00802004        0x0 c:/program files/atmel/atmel toolchain/avr8 gcc/native/3.4.1056/avr8-gnu-toolchain/bin/../lib/gcc/avr/4.8.1/../../../../avr/lib/avrxmega4\libc.a(putchar.o)
 .data          0x00802004        0x0 c:/program files/atmel/atmel toolchain/avr8 gcc/native/3.4.1056/avr8-gnu-toolchain/bin/../lib/gcc/avr/4.8.1/../../../../avr/lib/avrxmega4\libc.a(puts.o)
 .data          0x00802004        0x0 c:/program files/atmel/atmel toolchain/avr8 gcc/native/3.4.1056/avr8-gnu-toolchain/bin/../lib/gcc/avr/4.8.1/../../../../avr/lib/avrxmega4\libc.a(sprintf.o)
 .data          0x00802004        0x0 c:/program files/atmel/atmel toolchain/avr8 gcc/native/3.4.1056/avr8-gnu-toolchain/bin/../lib/gcc/avr/4.8.1/../../../../avr/lib/avrxmega4\libc.a(vfprintf_std.o)
 .data          0x00802004        0x0 c:/program files/atmel/atmel toolchain/avr8 gcc/native/3.4.1056/avr8-gnu-toolchain/bin/../lib/gcc/avr/4.8.1/../../../../avr/lib/avrxmega4\libc.a(strnlen_P.o)
 .data          0x00802004        0x0 c:/program files/atmel/atmel toolchain/avr8 gcc/native/3.4.1056/avr8-gnu-toolchain/bin/../lib/gcc/avr/4.8.1/../../../../avr/lib/avrxmega4\libc.a(memcpy.o)
 .data          0x00802004        0x0 c:/program files/atmel/atmel toolchain/avr8 gcc/native/3.4.1056/avr8-gnu-toolchain/bin/../lib/gcc/avr/4.8.1/../../../../avr/lib/avrxmega4\libc.a(strnlen.o)
 .data          0x00802004        0x0 c:/program files/atmel/atmel toolchain/avr8 gcc/native/3.4.1056/avr8-gnu-toolchain/bin/../lib/gcc/avr/4.8.1/../../../../avr/lib/avrxmega4\libc.a(fputc.o)
 .data          0x00802004        0x0 c:/program files/atmel/atmel toolchain/avr8 gcc/native/3.4.1056/avr8-gnu-toolchain/bin/../lib/gcc/avr/4.8.1/../../../../avr/lib/avrxmega4\libc.a(ultoa_invert.o)
 .data          0x00802004        0x0 c:/program files/atmel/atmel toolchain/avr8 gcc/native/3.4.1056/avr8-gnu-toolchain/bin/../lib/gcc/avr/4.8.1/avrxmega4\libgcc.a(_divmodsi4.o)
 .data          0x00802004        0x0 c:/program files/atmel/atmel toolchain/avr8 gcc/native/3.4.1056/avr8-gnu-toolchain/bin/../lib/gcc/avr/4.8.1/avrxmega4\libgcc.a(_negsi2.o)
 .data          0x00802004        0x0 c:/program files/atmel/atmel toolchain/avr8 gcc/native/3.4.1056/avr8-gnu-toolchain/bin/../lib/gcc/avr/4.8.1/avrxmega4\libgcc.a(_mulshisi3.o)
 *(.data*)
 .data.Stat     0x00802004        0x1 fatfs/mmc_avr.o
 .data.mystdout
                0x00802005        0xe main.o
 *(.rodata)
 *(.rodata*)
 .rodata.str1.1
                0x00802013      0x14d esp8266.o
                                0x151 (size before relaxing)
 .rodata.str1.1
                0x00802160       0x53 fatfs/ff.o
 .rodata.str1.1
                0x008021b3       0x42 main.o
                                 0x43 (size before relaxing)
 *(.gnu.linkonce.d*)
                0x008021f6                . = ALIGN (0x2)
 *fill*         0x008021f5        0x1 
                0x008021f6                _edata = .
                0x008021f6                PROVIDE (__data_end, .)

.bss            0x008021f6      0xcb5
                0x008021f6                PROVIDE (__bss_start, .)
 *(.bss)
 *(.bss*)
 .bss.download  0x008021f6        0x1 esp8266.o
                0x008021f6                download
 .bss.rx_ptr    0x008021f7        0x2 esp8266.o
                0x008021f7                rx_ptr
 .bss.CurrVol   0x008021f9        0x1 fatfs/ff.o
 .bss.Fsid      0x008021fa        0x2 fatfs/ff.o
 .bss.FatFs     0x008021fc        0x4 fatfs/ff.o
 .bss.CardType  0x00802200        0x1 fatfs/mmc_avr.o
 .bss.Timer2    0x00802201        0x1 fatfs/mmc_avr.o
 .bss.Timer1    0x00802202        0x1 fatfs/mmc_avr.o
 .bss.counter   0x00802203        0x2 main.o
 *(COMMON)
 COMMON         0x00802205      0x192 esp8266.o
                0x00802205                rx_buffer
                0x008022cd                buffer
                0x00802331                str
                0x00802333                cmd
 COMMON         0x00802397       0x83 fatfs/sound.o
                0x00802397                full
                0x00802398                fht_array
                0x008023d8                fx
                0x00802418                WavFifo
 COMMON         0x0080241a       0x32 ht1632c.o
                0x0080241a                cursor_y
                0x0080241b                cursor_x
                0x0080241c                ledmatrix
 COMMON         0x0080244c      0xa52 main.o
                0x0080244c                FatFs
                0x0080267e                Buff
                0x00802e7e                Fil
 COMMON         0x00802e9e        0x7 rtc.o
                0x00802e9e                time
 COMMON         0x00802ea5        0x6 c:/program files/atmel/atmel toolchain/avr8 gcc/native/3.4.1056/avr8-gnu-toolchain/bin/../lib/gcc/avr/4.8.1/../../../../avr/lib/avrxmega4\libc.a(iob.o)
                0x00802ea5                __iob
                0x00802eab                PROVIDE (__bss_end, .)
                0x00003e38                __data_load_start = LOADADDR (.data)
                0x0000402e                __data_load_end = (__data_load_start + SIZEOF (.data))

.noinit         0x00802eab        0x0
                0x00802eab                PROVIDE (__noinit_start, .)
 *(.noinit*)
                0x00802eab                PROVIDE (__noinit_end, .)
                0x00802eab                _end = .
                0x00802eab                PROVIDE (__heap_start, .)

.eeprom         0x00810000        0x0
 *(.eeprom*)
                0x00810000                __eeprom_end = .

.fuse
 *(.fuse)
 *(.lfuse)
 *(.hfuse)
 *(.efuse)

.lock
 *(.lock*)

.signature
 *(.signature*)

.user_signatures
 *(.user_signatures*)

.stab
 *(.stab)

.stabstr
 *(.stabstr)

.stab.excl
 *(.stab.excl)

.stab.exclstr
 *(.stab.exclstr)

.stab.index
 *(.stab.index)

.stab.indexstr
 *(.stab.indexstr)

.comment        0x00000000       0x5c
 *(.comment)
 .comment       0x00000000       0x30 4x6_font.o
                                 0x31 (size before relaxing)
 .comment       0x00000000       0x31 adc.o
 .comment       0x00000000       0x31 clock.o
 .comment       0x00000000       0x31 esp8266.o
 .comment       0x00000000       0x31 fatfs/ff.o
 .comment       0x00000000       0x31 fatfs/mmc_avr.o
 .comment       0x00000000       0x31 fatfs/sound.o
 .comment       0x00000000       0x31 fft/fft.o
 .comment       0x00000000       0x31 fft/sampling.o
 .comment       0x00000000       0x31 fft/wff_fht/complexToDecibel.o
 .comment       0x00000000       0x31 fft/wff_fht/complexToReal.o
 .comment       0x00000000       0x31 fft/wff_fht/fht.o
 .comment       0x00000000       0x31 fft/wff_fht/fhtDebug.o
 .comment       0x00000000       0x31 fft/wff_fht/generateTables.o
 .comment       0x00000000       0x31 fft/wff_fht/windowing.o
 .comment       0x00000000       0x31 ht1632c.o
 .comment       0x00000000       0x31 json/jsmn.o
 .comment       0x00000000       0x31 main.o
 .comment       0x00000000       0x31 port.o
 .comment       0x00000000       0x31 power.o
 .comment       0x00000000       0x31 rtc.o
 .comment       0x00000000       0x31 sercom.o
 .comment       0x00000000       0x31 si114x/Si114x_functions.o
 .comment       0x00000000       0x31 si114x/Si114x_handler.o
 .comment       0x00000000       0x31 si114x/Si114x_init.o
 .comment       0x00000000       0x31 si114x/Si114x_sys_out.o
 .comment       0x00000000       0x31 si114x/slider_algorithm.o
 .comment       0x00000000       0x31 uart.o
 .comment       0x00000000       0x31 usb.o
 .comment       0x00000000       0x31 c:/program files/atmel/atmel toolchain/avr8 gcc/native/3.4.1056/avr8-gnu-toolchain/bin/../lib/gcc/avr/4.8.1/../../../../avr/lib/avrxmega4\libc.a(rand.o)
 .comment       0x00000000       0x31 c:/program files/atmel/atmel toolchain/avr8 gcc/native/3.4.1056/avr8-gnu-toolchain/bin/../lib/gcc/avr/4.8.1/../../../../avr/lib/avrxmega4\libc.a(iob.o)
 .comment       0x00000000       0x31 c:/program files/atmel/atmel toolchain/avr8 gcc/native/3.4.1056/avr8-gnu-toolchain/bin/../lib/gcc/avr/4.8.1/../../../../avr/lib/avrxmega4\libc.a(printf.o)
 .comment       0x00000000       0x31 c:/program files/atmel/atmel toolchain/avr8 gcc/native/3.4.1056/avr8-gnu-toolchain/bin/../lib/gcc/avr/4.8.1/../../../../avr/lib/avrxmega4\libc.a(putchar.o)
 .comment       0x00000000       0x31 c:/program files/atmel/atmel toolchain/avr8 gcc/native/3.4.1056/avr8-gnu-toolchain/bin/../lib/gcc/avr/4.8.1/../../../../avr/lib/avrxmega4\libc.a(puts.o)
 .comment       0x00000000       0x31 c:/program files/atmel/atmel toolchain/avr8 gcc/native/3.4.1056/avr8-gnu-toolchain/bin/../lib/gcc/avr/4.8.1/../../../../avr/lib/avrxmega4\libc.a(sprintf.o)
 .comment       0x00000030       0x2c c:/program files/atmel/atmel toolchain/avr8 gcc/native/3.4.1056/avr8-gnu-toolchain/bin/../lib/gcc/avr/4.8.1/../../../../avr/lib/avrxmega4\libc.a(vfprintf_std.o)
                                 0x2d (size before relaxing)
 .comment       0x00000000       0x31 c:/program files/atmel/atmel toolchain/avr8 gcc/native/3.4.1056/avr8-gnu-toolchain/bin/../lib/gcc/avr/4.8.1/../../../../avr/lib/avrxmega4\libc.a(fputc.o)

.note.gnu.build-id
 *(.note.gnu.build-id)

.debug
 *(.debug)

.line
 *(.line)

.debug_srcinfo
 *(.debug_srcinfo)

.debug_sfnames
 *(.debug_sfnames)

.debug_aranges  0x00000000      0x830
 *(.debug_aranges)
 .debug_aranges
                0x00000000       0x18 4x6_font.o
 .debug_aranges
                0x00000018       0x38 adc.o
 .debug_aranges
                0x00000050       0x38 clock.o
 .debug_aranges
                0x00000088       0x50 esp8266.o
 .debug_aranges
                0x000000d8      0x190 fatfs/ff.o
 .debug_aranges
                0x00000268       0x78 fatfs/mmc_avr.o
 .debug_aranges
                0x000002e0       0x40 fatfs/sound.o
 .debug_aranges
                0x00000320       0x28 fft/fft.o
 .debug_aranges
                0x00000348       0x20 fft/sampling.o
 .debug_aranges
                0x00000368       0x28 fft/wff_fht/complexToDecibel.o
 .debug_aranges
                0x00000390       0x20 fft/wff_fht/complexToReal.o
 .debug_aranges
                0x000003b0       0x20 fft/wff_fht/fht.o
 .debug_aranges
                0x000003d0       0x18 fft/wff_fht/fhtDebug.o
 .debug_aranges
                0x000003e8       0x18 fft/wff_fht/generateTables.o
 .debug_aranges
                0x00000400       0x28 fft/wff_fht/windowing.o
 .debug_aranges
                0x00000428      0x108 ht1632c.o
 .debug_aranges
                0x00000530       0x28 json/jsmn.o
 .debug_aranges
                0x00000558       0x48 main.o
 .debug_aranges
                0x000005a0       0x38 port.o
 .debug_aranges
                0x000005d8       0x20 power.o
 .debug_aranges
                0x000005f8       0x48 rtc.o
 .debug_aranges
                0x00000640       0x58 sercom.o
 .debug_aranges
                0x00000698       0x88 si114x/Si114x_functions.o
 .debug_aranges
                0x00000720       0x38 si114x/Si114x_handler.o
 .debug_aranges
                0x00000758       0x50 si114x/Si114x_sys_out.o
 .debug_aranges
                0x000007a8       0x28 si114x/slider_algorithm.o
 .debug_aranges
                0x000007d0       0x40 uart.o
 .debug_aranges
                0x00000810       0x20 usb.o

.debug_pubnames
 *(.debug_pubnames)

.debug_info     0x00000000     0xee69
 *(.debug_info .gnu.linkonce.wi.*)
 .debug_info    0x00000000       0x7e 4x6_font.o
 .debug_info    0x0000007e      0x8bd adc.o
 .debug_info    0x0000093b      0x203 clock.o
 .debug_info    0x00000b3e     0x10e2 esp8266.o
 .debug_info    0x00001c20     0x392e fatfs/ff.o
 .debug_info    0x0000554e      0xff8 fatfs/mmc_avr.o
 .debug_info    0x00006546     0x1419 fatfs/sound.o
 .debug_info    0x0000795f      0x2d0 fft/fft.o
 .debug_info    0x00007c2f      0x210 fft/sampling.o
 .debug_info    0x00007e3f      0x1ba fft/wff_fht/complexToDecibel.o
 .debug_info    0x00007ff9       0xf7 fft/wff_fht/complexToReal.o
 .debug_info    0x000080f0      0x1bd fft/wff_fht/fht.o
 .debug_info    0x000082ad       0x5d fft/wff_fht/fhtDebug.o
 .debug_info    0x0000830a       0x5d fft/wff_fht/generateTables.o
 .debug_info    0x00008367      0x220 fft/wff_fht/windowing.o
 .debug_info    0x00008587     0x139b ht1632c.o
 .debug_info    0x00009922      0x585 json/jsmn.o
 .debug_info    0x00009ea7     0x103e main.o
 .debug_info    0x0000aee5      0x342 port.o
 .debug_info    0x0000b227      0x356 power.o
 .debug_info    0x0000b57d      0x69f rtc.o
 .debug_info    0x0000bc1c      0x6b3 sercom.o
 .debug_info    0x0000c2cf     0x120d si114x/Si114x_functions.o
 .debug_info    0x0000d4dc      0x5d0 si114x/Si114x_handler.o
 .debug_info    0x0000daac      0x402 si114x/Si114x_sys_out.o
 .debug_info    0x0000deae      0x653 si114x/slider_algorithm.o
 .debug_info    0x0000e501      0x4e8 uart.o
 .debug_info    0x0000e9e9      0x480 usb.o

.debug_abbrev   0x00000000     0x2d00
 *(.debug_abbrev)
 .debug_abbrev  0x00000000       0x4c 4x6_font.o
 .debug_abbrev  0x0000004c      0x25d adc.o
 .debug_abbrev  0x000002a9       0xb9 clock.o
 .debug_abbrev  0x00000362      0x31c esp8266.o
 .debug_abbrev  0x0000067e      0x2c4 fatfs/ff.o
 .debug_abbrev  0x00000942      0x2dc fatfs/mmc_avr.o
 .debug_abbrev  0x00000c1e      0x2b1 fatfs/sound.o
 .debug_abbrev  0x00000ecf      0x162 fft/fft.o
 .debug_abbrev  0x00001031      0x134 fft/sampling.o
 .debug_abbrev  0x00001165       0xba fft/wff_fht/complexToDecibel.o
 .debug_abbrev  0x0000121f       0x98 fft/wff_fht/complexToReal.o
 .debug_abbrev  0x000012b7       0xc0 fft/wff_fht/fht.o
 .debug_abbrev  0x00001377       0x26 fft/wff_fht/fhtDebug.o
 .debug_abbrev  0x0000139d       0x26 fft/wff_fht/generateTables.o
 .debug_abbrev  0x000013c3       0xd6 fft/wff_fht/windowing.o
 .debug_abbrev  0x00001499      0x30f ht1632c.o
 .debug_abbrev  0x000017a8      0x1f4 json/jsmn.o
 .debug_abbrev  0x0000199c      0x36e main.o
 .debug_abbrev  0x00001d0a      0x10a port.o
 .debug_abbrev  0x00001e14       0xc8 power.o
 .debug_abbrev  0x00001edc      0x237 rtc.o
 .debug_abbrev  0x00002113      0x1a1 sercom.o
 .debug_abbrev  0x000022b4      0x2c3 si114x/Si114x_functions.o
 .debug_abbrev  0x00002577      0x1b4 si114x/Si114x_handler.o
 .debug_abbrev  0x0000272b      0x177 si114x/Si114x_sys_out.o
 .debug_abbrev  0x000028a2      0x1bc si114x/slider_algorithm.o
 .debug_abbrev  0x00002a5e      0x1e8 uart.o
 .debug_abbrev  0x00002c46       0xba usb.o

.debug_line     0x00000000     0x7234
 *(.debug_line .debug_line.* .debug_line_end)
 .debug_line    0x00000000       0x2d 4x6_font.o
 .debug_line    0x0000002d      0x2cb adc.o
 .debug_line    0x000002f8      0x1be clock.o
 .debug_line    0x000004b6      0x519 esp8266.o
 .debug_line    0x000009cf     0x26f7 fatfs/ff.o
 .debug_line    0x000030c6      0x7d3 fatfs/mmc_avr.o
 .debug_line    0x00003899      0x505 fatfs/sound.o
 .debug_line    0x00003d9e      0x14d fft/fft.o
 .debug_line    0x00003eeb      0x145 fft/sampling.o
 .debug_line    0x00004030      0x1a4 fft/wff_fht/complexToDecibel.o
 .debug_line    0x000041d4      0x15d fft/wff_fht/complexToReal.o
 .debug_line    0x00004331      0x26a fft/wff_fht/fht.o
 .debug_line    0x0000459b       0x1a fft/wff_fht/fhtDebug.o
 .debug_line    0x000045b5       0x1a fft/wff_fht/generateTables.o
 .debug_line    0x000045cf      0x155 fft/wff_fht/windowing.o
 .debug_line    0x00004724      0x997 ht1632c.o
 .debug_line    0x000050bb      0x412 json/jsmn.o
 .debug_line    0x000054cd      0x429 main.o
 .debug_line    0x000058f6      0x1c8 port.o
 .debug_line    0x00005abe      0x134 power.o
 .debug_line    0x00005bf2      0x28b rtc.o
 .debug_line    0x00005e7d      0x3a6 sercom.o
 .debug_line    0x00006223      0x478 si114x/Si114x_functions.o
 .debug_line    0x0000669b      0x352 si114x/Si114x_handler.o
 .debug_line    0x000069ed        0x0 si114x/Si114x_init.o
 .debug_line    0x000069ed      0x1ec si114x/Si114x_sys_out.o
 .debug_line    0x00006bd9      0x2cb si114x/slider_algorithm.o
 .debug_line    0x00006ea4      0x276 uart.o
 .debug_line    0x0000711a      0x11a usb.o

.debug_frame    0x00000000     0x1f00
 *(.debug_frame)
 .debug_frame   0x00000000       0x68 adc.o
 .debug_frame   0x00000068       0x54 clock.o
 .debug_frame   0x000000bc       0xd8 esp8266.o
 .debug_frame   0x00000194      0xb18 fatfs/ff.o
 .debug_frame   0x00000cac      0x1b0 fatfs/mmc_avr.o
 .debug_frame   0x00000e5c      0x10c fatfs/sound.o
 .debug_frame   0x00000f68       0x80 fft/fft.o
 .debug_frame   0x00000fe8       0x80 fft/sampling.o
 .debug_frame   0x00001068       0xec fft/wff_fht/complexToDecibel.o
 .debug_frame   0x00001154       0x84 fft/wff_fht/complexToReal.o
 .debug_frame   0x000011d8       0x84 fft/wff_fht/fht.o
 .debug_frame   0x0000125c       0x74 fft/wff_fht/windowing.o
 .debug_frame   0x000012d0      0x478 ht1632c.o
 .debug_frame   0x00001748       0x90 json/jsmn.o
 .debug_frame   0x000017d8       0xb8 main.o
 .debug_frame   0x00001890       0x9c port.o
 .debug_frame   0x0000192c       0x24 power.o
 .debug_frame   0x00001950       0xe8 rtc.o
 .debug_frame   0x00001a38       0x94 sercom.o
 .debug_frame   0x00001acc      0x1a8 si114x/Si114x_functions.o
 .debug_frame   0x00001c74       0xc8 si114x/Si114x_handler.o
 .debug_frame   0x00001d3c       0x84 si114x/Si114x_sys_out.o
 .debug_frame   0x00001dc0       0xa4 si114x/slider_algorithm.o
 .debug_frame   0x00001e64       0x78 uart.o
 .debug_frame   0x00001edc       0x24 usb.o

.debug_str      0x00000000     0x3021
 *(.debug_str)
 .debug_str     0x00000000      0x156 4x6_font.o
                                0x18a (size before relaxing)
 .debug_str     0x00000156      0x96d adc.o
                                0xb0a (size before relaxing)
 .debug_str     0x00000ac3      0x158 clock.o
                                0x2ed (size before relaxing)
 .debug_str     0x00000c1b      0x1ec esp8266.o
                                0x439 (size before relaxing)
 .debug_str     0x00000e07      0x58e fatfs/ff.o
                                0x71f (size before relaxing)
 .debug_str     0x00001395      0x148 fatfs/mmc_avr.o
                                0x48e (size before relaxing)
 .debug_str     0x000014dd      0x559 fatfs/sound.o
                                0xb08 (size before relaxing)
 .debug_str     0x00001a36       0x65 fft/fft.o
                                0x21d (size before relaxing)
 .debug_str     0x00001a9b       0x5d fft/sampling.o
                                0x238 (size before relaxing)
 .debug_str     0x00001af8       0x77 fft/wff_fht/complexToDecibel.o
                                0x205 (size before relaxing)
 .debug_str     0x00001b6f       0x30 fft/wff_fht/complexToReal.o
                                0x1c8 (size before relaxing)
 .debug_str     0x00001b9f       0x7d fft/wff_fht/fht.o
                                0x21d (size before relaxing)
 .debug_str     0x00001c1c       0x1a fft/wff_fht/fhtDebug.o
                                0x18f (size before relaxing)
 .debug_str     0x00001c36       0x20 fft/wff_fht/generateTables.o
                                0x195 (size before relaxing)
 .debug_str     0x00001c56       0x55 fft/wff_fht/windowing.o
                                0x1fa (size before relaxing)
 .debug_str     0x00001cab      0x31a ht1632c.o
                                0x605 (size before relaxing)
 .debug_str     0x00001fc5      0x131 json/jsmn.o
                                0x27b (size before relaxing)
 .debug_str     0x000020f6      0x153 main.o
                                0x800 (size before relaxing)
 .debug_str     0x00002249      0x134 port.o
                                0x45d (size before relaxing)
 .debug_str     0x0000237d       0xa6 power.o
                                0x3b1 (size before relaxing)
 .debug_str     0x00002423      0x21d rtc.o
                                0x504 (size before relaxing)
 .debug_str     0x00002640      0x177 sercom.o
                                0x598 (size before relaxing)
 .debug_str     0x000027b7      0x2b0 si114x/Si114x_functions.o
                                0x4c2 (size before relaxing)
 .debug_str     0x00002a67       0xfa si114x/Si114x_handler.o
                                0x302 (size before relaxing)
 .debug_str     0x00002b61        0x0 si114x/Si114x_init.o
 .debug_str     0x00002b61       0x49 si114x/Si114x_sys_out.o
                                0x2df (size before relaxing)
 .debug_str     0x00002baa      0x1d9 si114x/slider_algorithm.o
                                0x41b (size before relaxing)
 .debug_str     0x00002d83      0x138 uart.o
                                0x444 (size before relaxing)
 .debug_str     0x00002ebb      0x166 usb.o
                                0x4b7 (size before relaxing)

.debug_loc      0x00000000     0xd511
 *(.debug_loc)
 .debug_loc     0x00000000      0x161 adc.o
 .debug_loc     0x00000161      0x5a4 esp8266.o
 .debug_loc     0x00000705     0x67c2 fatfs/ff.o
 .debug_loc     0x00006ec7      0xdf2 fatfs/mmc_avr.o
 .debug_loc     0x00007cb9      0x7d8 fatfs/sound.o
 .debug_loc     0x00008491      0x202 fft/fft.o
 .debug_loc     0x00008693      0x299 fft/sampling.o
 .debug_loc     0x0000892c      0x47a fft/wff_fht/complexToDecibel.o
 .debug_loc     0x00008da6      0x278 fft/wff_fht/complexToReal.o
 .debug_loc     0x0000901e      0x545 fft/wff_fht/fht.o
 .debug_loc     0x00009563      0x2c2 fft/wff_fht/windowing.o
 .debug_loc     0x00009825     0x1522 ht1632c.o
 .debug_loc     0x0000ad47      0x9d5 json/jsmn.o
 .debug_loc     0x0000b71c      0x1da main.o
 .debug_loc     0x0000b8f6       0xcb port.o
 .debug_loc     0x0000b9c1      0x201 rtc.o
 .debug_loc     0x0000bbc2      0x10c sercom.o
 .debug_loc     0x0000bcce      0x9a0 si114x/Si114x_functions.o
 .debug_loc     0x0000c66e      0x550 si114x/Si114x_handler.o
 .debug_loc     0x0000cbbe      0x242 si114x/Si114x_sys_out.o
 .debug_loc     0x0000ce00      0x582 si114x/slider_algorithm.o
 .debug_loc     0x0000d382      0x18f uart.o

.debug_macinfo
 *(.debug_macinfo)

.debug_weaknames
 *(.debug_weaknames)

.debug_funcnames
 *(.debug_funcnames)

.debug_typenames
 *(.debug_typenames)

.debug_varnames
 *(.debug_varnames)

.debug_pubtypes
 *(.debug_pubtypes)

.debug_ranges   0x00000000      0x858
 *(.debug_ranges)
 .debug_ranges  0x00000000       0x28 adc.o
 .debug_ranges  0x00000028       0x28 clock.o
 .debug_ranges  0x00000050       0x88 esp8266.o
 .debug_ranges  0x000000d8      0x1f0 fatfs/ff.o
 .debug_ranges  0x000002c8       0x68 fatfs/mmc_avr.o
 .debug_ranges  0x00000330       0x30 fatfs/sound.o
 .debug_ranges  0x00000360       0x18 fft/fft.o
 .debug_ranges  0x00000378       0x10 fft/sampling.o
 .debug_ranges  0x00000388       0x58 fft/wff_fht/complexToDecibel.o
 .debug_ranges  0x000003e0       0x10 fft/wff_fht/complexToReal.o
 .debug_ranges  0x000003f0       0x10 fft/wff_fht/fht.o
 .debug_ranges  0x00000400       0x18 fft/wff_fht/windowing.o
 .debug_ranges  0x00000418      0x140 ht1632c.o
 .debug_ranges  0x00000558       0xd8 json/jsmn.o
 .debug_ranges  0x00000630       0x38 main.o
 .debug_ranges  0x00000668       0x28 port.o
 .debug_ranges  0x00000690       0x10 power.o
 .debug_ranges  0x000006a0       0x38 rtc.o
 .debug_ranges  0x000006d8       0x48 sercom.o
 .debug_ranges  0x00000720       0x78 si114x/Si114x_functions.o
 .debug_ranges  0x00000798       0x28 si114x/Si114x_handler.o
 .debug_ranges  0x000007c0       0x40 si114x/Si114x_sys_out.o
 .debug_ranges  0x00000800       0x18 si114x/slider_algorithm.o
 .debug_ranges  0x00000818       0x30 uart.o
 .debug_ranges  0x00000848       0x10 usb.o

.debug_macro
 *(.debug_macro)
OUTPUT(matrix_clock.elf elf32-avr)
LOAD linker stubs
