Archive member included because of file (symbol)

c:/program files/atmel/atmel toolchain/avr8 gcc/native/3.4.1056/avr8-gnu-toolchain/bin/../lib/gcc/avr/4.8.1/../../../../avr/lib/avrxmega7\libm.a(addsf3.o)
                              drivers/adc/adc.o (__subsf3)
c:/program files/atmel/atmel toolchain/avr8 gcc/native/3.4.1056/avr8-gnu-toolchain/bin/../lib/gcc/avr/4.8.1/../../../../avr/lib/avrxmega7\libm.a(addsf3x.o)
                              c:/program files/atmel/atmel toolchain/avr8 gcc/native/3.4.1056/avr8-gnu-toolchain/bin/../lib/gcc/avr/4.8.1/../../../../avr/lib/avrxmega7\libm.a(addsf3.o) (__addsf3x)
c:/program files/atmel/atmel toolchain/avr8 gcc/native/3.4.1056/avr8-gnu-toolchain/bin/../lib/gcc/avr/4.8.1/../../../../avr/lib/avrxmega7\libm.a(divsf3.o)
                              drivers/adc/adc.o (__divsf3)
c:/program files/atmel/atmel toolchain/avr8 gcc/native/3.4.1056/avr8-gnu-toolchain/bin/../lib/gcc/avr/4.8.1/../../../../avr/lib/avrxmega7\libm.a(divsf3x.o)
                              c:/program files/atmel/atmel toolchain/avr8 gcc/native/3.4.1056/avr8-gnu-toolchain/bin/../lib/gcc/avr/4.8.1/../../../../avr/lib/avrxmega7\libm.a(divsf3.o) (__divsf3x)
c:/program files/atmel/atmel toolchain/avr8 gcc/native/3.4.1056/avr8-gnu-toolchain/bin/../lib/gcc/avr/4.8.1/../../../../avr/lib/avrxmega7\libm.a(fixsfsi.o)
                              drivers/sensors/si114x/slider_algorithm.o (__fixsfsi)
c:/program files/atmel/atmel toolchain/avr8 gcc/native/3.4.1056/avr8-gnu-toolchain/bin/../lib/gcc/avr/4.8.1/../../../../avr/lib/avrxmega7\libm.a(fixunssfsi.o)
                              drivers/adc/adc.o (__fixunssfsi)
c:/program files/atmel/atmel toolchain/avr8 gcc/native/3.4.1056/avr8-gnu-toolchain/bin/../lib/gcc/avr/4.8.1/../../../../avr/lib/avrxmega7\libm.a(floatsisf.o)
                              drivers/adc/adc.o (__floatunsisf)
c:/program files/atmel/atmel toolchain/avr8 gcc/native/3.4.1056/avr8-gnu-toolchain/bin/../lib/gcc/avr/4.8.1/../../../../avr/lib/avrxmega7\libm.a(fp_inf.o)
                              c:/program files/atmel/atmel toolchain/avr8 gcc/native/3.4.1056/avr8-gnu-toolchain/bin/../lib/gcc/avr/4.8.1/../../../../avr/lib/avrxmega7\libm.a(addsf3x.o) (__fp_inf)
c:/program files/atmel/atmel toolchain/avr8 gcc/native/3.4.1056/avr8-gnu-toolchain/bin/../lib/gcc/avr/4.8.1/../../../../avr/lib/avrxmega7\libm.a(fp_nan.o)
                              c:/program files/atmel/atmel toolchain/avr8 gcc/native/3.4.1056/avr8-gnu-toolchain/bin/../lib/gcc/avr/4.8.1/../../../../avr/lib/avrxmega7\libm.a(addsf3x.o) (__fp_nan)
c:/program files/atmel/atmel toolchain/avr8 gcc/native/3.4.1056/avr8-gnu-toolchain/bin/../lib/gcc/avr/4.8.1/../../../../avr/lib/avrxmega7\libm.a(fp_pscA.o)
                              c:/program files/atmel/atmel toolchain/avr8 gcc/native/3.4.1056/avr8-gnu-toolchain/bin/../lib/gcc/avr/4.8.1/../../../../avr/lib/avrxmega7\libm.a(addsf3x.o) (__fp_pscA)
c:/program files/atmel/atmel toolchain/avr8 gcc/native/3.4.1056/avr8-gnu-toolchain/bin/../lib/gcc/avr/4.8.1/../../../../avr/lib/avrxmega7\libm.a(fp_pscB.o)
                              c:/program files/atmel/atmel toolchain/avr8 gcc/native/3.4.1056/avr8-gnu-toolchain/bin/../lib/gcc/avr/4.8.1/../../../../avr/lib/avrxmega7\libm.a(addsf3x.o) (__fp_pscB)
c:/program files/atmel/atmel toolchain/avr8 gcc/native/3.4.1056/avr8-gnu-toolchain/bin/../lib/gcc/avr/4.8.1/../../../../avr/lib/avrxmega7\libm.a(fp_round.o)
                              c:/program files/atmel/atmel toolchain/avr8 gcc/native/3.4.1056/avr8-gnu-toolchain/bin/../lib/gcc/avr/4.8.1/../../../../avr/lib/avrxmega7\libm.a(addsf3.o) (__fp_round)
c:/program files/atmel/atmel toolchain/avr8 gcc/native/3.4.1056/avr8-gnu-toolchain/bin/../lib/gcc/avr/4.8.1/../../../../avr/lib/avrxmega7\libm.a(fp_split3.o)
                              c:/program files/atmel/atmel toolchain/avr8 gcc/native/3.4.1056/avr8-gnu-toolchain/bin/../lib/gcc/avr/4.8.1/../../../../avr/lib/avrxmega7\libm.a(addsf3x.o) (__fp_split3)
c:/program files/atmel/atmel toolchain/avr8 gcc/native/3.4.1056/avr8-gnu-toolchain/bin/../lib/gcc/avr/4.8.1/../../../../avr/lib/avrxmega7\libm.a(fp_zero.o)
                              c:/program files/atmel/atmel toolchain/avr8 gcc/native/3.4.1056/avr8-gnu-toolchain/bin/../lib/gcc/avr/4.8.1/../../../../avr/lib/avrxmega7\libm.a(addsf3x.o) (__fp_zero)
c:/program files/atmel/atmel toolchain/avr8 gcc/native/3.4.1056/avr8-gnu-toolchain/bin/../lib/gcc/avr/4.8.1/../../../../avr/lib/avrxmega7\libm.a(mulsf3.o)
                              drivers/adc/adc.o (__mulsf3)
c:/program files/atmel/atmel toolchain/avr8 gcc/native/3.4.1056/avr8-gnu-toolchain/bin/../lib/gcc/avr/4.8.1/../../../../avr/lib/avrxmega7\libm.a(mulsf3x.o)
                              c:/program files/atmel/atmel toolchain/avr8 gcc/native/3.4.1056/avr8-gnu-toolchain/bin/../lib/gcc/avr/4.8.1/../../../../avr/lib/avrxmega7\libm.a(mulsf3.o) (__mulsf3x)
[...]
Memory Configuration

Name             Origin             Length             Attributes
text             0x00000000         0x00100000         xr
data             0x00802000         0x0000ffa0         rw !x
eeprom           0x00810000         0x00010000         rw !x
fuse             0x00820000         0x00000400         rw !x
lock             0x00830000         0x00000400         rw !x
signature        0x00840000         0x00000400         rw !x
user_signatures  0x00850000         0x00000400         rw !x
*default*        0x00000000         0xffffffff

Linker script and memory map

LOAD c:/program files/atmel/atmel toolchain/avr8 gcc/native/3.4.1056/avr8-gnu-toolchain/bin/../lib/gcc/avr/4.8.1/../../../../avr/lib/avrxmega7/crtx128a4u.o
LOAD 4x6_font.o
LOAD drivers/adc/adc.o
LOAD drivers/clock/clock.o
LOAD drivers/dac/dac.o
LOAD drivers/dma/dma.o
LOAD drivers/dma/dma_functions.o
LOAD drivers/eeprom/eeprom.o
LOAD drivers/ht1632c/ht1632c.o
LOAD drivers/port/port.o
LOAD drivers/power/power.o
LOAD drivers/rtc/rtc.o
LOAD drivers/sensors/si114x/Si114x_functions.o
LOAD drivers/sensors/si114x/Si114x_handler.o
LOAD drivers/sensors/si114x/Si114x_sys_out.o
LOAD drivers/sensors/si114x/slider_algorithm.o
LOAD drivers/sercom/spi.o
LOAD drivers/sercom/twi.o
LOAD drivers/sercom/uart.o
LOAD drivers/timer/timer.o
LOAD main.o
LOAD modules/display/display.o
LOAD modules/esp8266/buffer.o
LOAD modules/esp8266/esp8266.o
LOAD modules/esp8266/esp8266_ll.o
LOAD modules/fatfs/ff.o
LOAD modules/fatfs/mmc_avr.o
LOAD modules/fatfs/sound.o
LOAD modules/json/jsmn.o
LOAD modules/json/json_functions.o
LOAD modules/menu/menu.o
LOAD modules/time_functions/time_functions.o
LOAD _StackInstrument.o
START GROUP
LOAD c:/program files/atmel/atmel toolchain/avr8 gcc/native/3.4.1056/avr8-gnu-toolchain/bin/../lib/gcc/avr/4.8.1/../../../../avr/lib/avrxmega7\libm.a
LOAD c:/program files/atmel/atmel toolchain/avr8 gcc/native/3.4.1056/avr8-gnu-toolchain/bin/../lib/gcc/avr/4.8.1/../../../../avr/lib/avrxmega7\libprintf_flt.a
END GROUP
START GROUP
LOAD c:/program files/atmel/atmel toolchain/avr8 gcc/native/3.4.1056/avr8-gnu-toolchain/bin/../lib/gcc/avr/4.8.1/avrxmega7\libgcc.a
LOAD c:/program files/atmel/atmel toolchain/avr8 gcc/native/3.4.1056/avr8-gnu-toolchain/bin/../lib/gcc/avr/4.8.1/../../../../avr/lib/avrxmega7\libm.a
LOAD c:/program files/atmel/atmel toolchain/avr8 gcc/native/3.4.1056/avr8-gnu-toolchain/bin/../lib/gcc/avr/4.8.1/../../../../avr/lib/avrxmega7\libc.a
END GROUP

.hash
 *(.hash)

.dynsym
 *(.dynsym)

.dynstr
 *(.dynstr)

.gnu.version
 *(.gnu.version)

.gnu.version_d
 *(.gnu.version_d)

.gnu.version_r
 *(.gnu.version_r)

.rel.init
 *(.rel.init)

.rela.init
 *(.rela.init)

.rel.text
 *(.rel.text)
 *(.rel.text.*)
 *(.rel.gnu.linkonce.t*)

.rela.text
 *(.rela.text)
 *(.rela.text.*)
 *(.rela.gnu.linkonce.t*)

.rel.fini
 *(.rel.fini)

.rela.fini
 *(.rela.fini)

.rel.rodata
 *(.rel.rodata)
 *(.rel.rodata.*)
 *(.rel.gnu.linkonce.r*)

.rela.rodata
 *(.rela.rodata)
 *(.rela.rodata.*)
 *(.rela.gnu.linkonce.r*)

.rel.data
 *(.rel.data)
 *(.rel.data.*)
 *(.rel.gnu.linkonce.d*)

.rela.data
 *(.rela.data)
 *(.rela.data.*)
 *(.rela.gnu.linkonce.d*)

.rel.ctors
 *(.rel.ctors)

.rela.ctors
 *(.rela.ctors)

.rel.dtors
 *(.rel.dtors)

.rela.dtors
 *(.rela.dtors)

.rel.got
 *(.rel.got)

.rela.got
 *(.rela.got)

.rel.bss
 *(.rel.bss)

.rela.bss
 *(.rela.bss)

.rel.plt
 *(.rel.plt)

.rela.plt
 *(.rela.plt)

.text           0x00000000     0xd3f4
 *(.vectors)
 .vectors       0x00000000      0x1fc c:/program files/atmel/atmel toolchain/avr8 gcc/native/3.4.1056/avr8-gnu-toolchain/bin/../lib/gcc/avr/4.8.1/../../../../avr/lib/avrxmega7/crtx128a4u.o
                0x00000000                __vector_default
                0x00000000                __vectors
 *(.vectors)
 *(.progmem.gcc*)
 .progmem.gcc_sw_table.ParseReceived
                0x000001fc       0x42 modules/esp8266/esp8266.o
 .progmem.gcc_sw_table.menu_configuration
                0x0000023e       0x20 modules/menu/menu.o
 .progmem.gcc_sw_table.menu_state_machine
                0x0000025e        0xe modules/menu/menu.o
 .progmem.gcc_sw_table.time_get_days_in_month
                0x0000026c       0x18 modules/time_functions/time_functions.o
                0x00000284                . = ALIGN (0x2)
                0x00000284                __trampolines_start = .
 *(.trampolines)
 .trampolines   0x00000284        0x0 linker stubs
 *(.trampolines*)
                0x00000284                __trampolines_end = .
 *(.progmem*)
 .progmem.data.font_4x6
                0x00000284      0x600 modules/display/display.o
 .progmem.data.font_5x7
                0x00000884      0x4fb modules/display/display.o
 .progmem.data.IMG_SPEAKER_A
                0x00000d7f        0x6 modules/menu/menu.o
 .progmem.data  0x00000d85        0x8 c:/program files/atmel/atmel toolchain/avr8 gcc/native/3.4.1056/avr8-gnu-toolchain/bin/../lib/gcc/avr/4.8.1/../../../../avr/lib/avrxmega7\libprintf_flt.a(vfprintf_flt.o)
 .progmem.data  0x00000d8d       0xfa c:/program files/atmel/atmel toolchain/avr8 gcc/native/3.4.1056/avr8-gnu-toolchain/bin/../lib/gcc/avr/4.8.1/../../../../avr/lib/avrxmega7\libc.a(ftoa_engine.o)
 .progmem.data  0x00000e87        0xc c:/program files/atmel/atmel toolchain/avr8 gcc/native/3.4.1056/avr8-gnu-toolchain/bin/../lib/gcc/avr/4.8.1/../../../../avr/lib/avrxmega7\libc.a(vfscanf_std.o)
                0x00000e94                . = ALIGN (0x2)
 *fill*         0x00000e93        0x1 
 *(.jumptables)
 *(.jumptables*)
 *(.lowtext)
 *(.lowtext*)
                0x00000e94                __ctors_start = .
 *(.ctors)
                0x00000e94                __ctors_end = .
                0x00000e94                __dtors_start = .
 *(.dtors)
                0x00000e94                __dtors_end = .
 SORT(*)(.ctors)
 SORT(*)(.dtors)
 *(.init0)
 .init0         0x00000e94        0x0 c:/program files/atmel/atmel toolchain/avr8 gcc/native/3.4.1056/avr8-gnu-toolchain/bin/../lib/gcc/avr/4.8.1/../../../../avr/lib/avrxmega7/crtx128a4u.o
                0x00000e94                __init
 *(.init0)
 *(.init1)
 .init1         0x00000e94       0x2e _StackInstrument.o
                0x00000e94                _StackPaint
 *(.init1)
 *(.init2)
 .init2         0x00000ec2       0x18 c:/program files/atmel/atmel toolchain/avr8 gcc/native/3.4.1056/avr8-gnu-toolchain/bin/../lib/gcc/avr/4.8.1/../../../../avr/lib/avrxmega7/crtx128a4u.o
 *(.init2)
 *(.init3)
 *(.init3)
 *(.init4)
 .init4         0x00000eda       0x1c c:/program files/atmel/atmel toolchain/avr8 gcc/native/3.4.1056/avr8-gnu-toolchain/bin/../lib/gcc/avr/4.8.1/avrxmega7\libgcc.a(_copy_data.o)
                0x00000eda                __do_copy_data
 .init4         0x00000ef6       0x10 c:/program files/atmel/atmel toolchain/avr8 gcc/native/3.4.1056/avr8-gnu-toolchain/bin/../lib/gcc/avr/4.8.1/avrxmega7\libgcc.a(_clear_bss.o)
                0x00000ef6                __do_clear_bss
 *(.init4)
 *(.init5)
 *(.init5)
 *(.init6)
 *(.init6)
 *(.init7)
 *(.init7)
 *(.init8)
 *(.init8)
 *(.init9)
 .init9         0x00000f06        0x8 c:/program files/atmel/atmel toolchain/avr8 gcc/native/3.4.1056/avr8-gnu-toolchain/bin/../lib/gcc/avr/4.8.1/../../../../avr/lib/avrxmega7/crtx128a4u.o
 *(.init9)
 *(.text)
 .text          0x00000f0e        0x2 c:/program files/atmel/atmel toolchain/avr8 gcc/native/3.4.1056/avr8-gnu-toolchain/bin/../lib/gcc/avr/4.8.1/../../../../avr/lib/avrxmega7/crtx128a4u.o
                0x00000f0e                __vector_38
                0x00000f0e                __vector_104
                0x00000f0e                __vector_22
                0x00000f0e                __vector_63
                0x00000f0e                __vector_28
                0x00000f0e                __vector_1
                0x00000f0e                __vector_119
                0x00000f0e                __vector_32
                0x00000f0e                __vector_75
                0x00000f0e                __vector_71
                0x00000f0e                __vector_91
                0x00000f0e                __vector_62
                0x00000f0e                __vector_77
                0x00000f0e                __vector_102
                0x00000f0e                __vector_24
                0x00000f0e                __vector_12
                0x00000f0e                __vector_55
                0x00000f0e                __vector_69
                0x00000f0e                __vector_81
                0x00000f0e                __vector_90
                0x00000f0e                __vector_46
                0x00000f0e                __bad_interrupt
                0x00000f0e                __vector_122
                0x00000f0e                __vector_72
                0x00000f0e                __vector_114
                0x00000f0e                __vector_110
                0x00000f0e                __vector_31
                0x00000f0e                __vector_92
                0x00000f0e                __vector_35
                0x00000f0e                __vector_78
                0x00000f0e                __vector_74
                0x00000f0e                __vector_117
                0x00000f0e                __vector_39
                0x00000f0e                __vector_107
                0x00000f0e                __vector_3
                0x00000f0e                __vector_105
                0x00000f0e                __vector_98
                0x00000f0e                __vector_23
                0x00000f0e                __vector_68
                0x00000f0e                __vector_30
                0x00000f0e                __vector_73
                0x00000f0e                __vector_45
                0x00000f0e                __vector_25
                0x00000f0e                __vector_93
                0x00000f0e                __vector_61
                0x00000f0e                __vector_11
                0x00000f0e                __vector_54
                0x00000f0e                __vector_99
                0x00000f0e                __vector_13
                0x00000f0e                __vector_56
                0x00000f0e                __vector_7
                0x00000f0e                __vector_125
                0x00000f0e                __vector_49
                0x00000f0e                __vector_123
                0x00000f0e                __vector_41
                0x00000f0e                __vector_86
                0x00000f0e                __vector_100
                0x00000f0e                __vector_101
                0x00000f0e                __vector_64
                0x00000f0e                __vector_109
                0x00000f0e                __vector_43
                0x00000f0e                __vector_27
                0x00000f0e                __vector_5
                0x00000f0e                __vector_113
                0x00000f0e                __vector_33
                0x00000f0e                __vector_76
                0x00000f0e                __vector_115
                0x00000f0e                __vector_47
                0x00000f0e                __vector_52
                0x00000f0e                __vector_37
                0x00000f0e                __vector_95
                0x00000f0e                __vector_103
                0x00000f0e                __vector_96
                0x00000f0e                __vector_89
                0x00000f0e                __vector_108
                0x00000f0e                __vector_4
                0x00000f0e                __vector_44
                0x00000f0e                __vector_106
                0x00000f0e                __vector_118
                0x00000f0e                __vector_51
                0x00000f0e                __vector_9
                0x00000f0e                __vector_2
                0x00000f0e                __vector_21
                0x00000f0e                __vector_15
                0x00000f0e                __vector_36
                0x00000f0e                __vector_79
                0x00000f0e                __vector_58
                0x00000f0e                __vector_70
                0x00000f0e                __vector_83
                0x00000f0e                __vector_29
                0x00000f0e                __vector_60
                0x00000f0e                __vector_121
                0x00000f0e                __vector_40
                0x00000f0e                __vector_85
                0x00000f0e                __vector_94
                0x00000f0e                __vector_126
                0x00000f0e                __vector_8
                0x00000f0e                __vector_26
                0x00000f0e                __vector_48
                0x00000f0e                __vector_124
                0x00000f0e                __vector_116
                0x00000f0e                __vector_112
                0x00000f0e                __vector_111
                0x00000f0e                __vector_80
                0x00000f0e                __vector_84
                0x00000f0e                __vector_57
                0x00000f0e                __vector_53
                0x00000f0e                __vector_50
                0x00000f0e                __vector_59
                0x00000f0e                __vector_97
                0x00000f0e                __vector_42
                0x00000f0e                __vector_87
                0x00000f0e                __vector_65
                0x00000f0e                __vector_120
                0x00000f10                . = ALIGN (0x2)
 *(.text.*)
 .text.adc_setup
                0x00000f10       0xfc drivers/adc/adc.o
                0x00000f10                adc_setup
 .text.adc_disable
                0x0000100c       0x16 drivers/adc/adc.o
                0x0000100c                adc_disable
 .text.adc_enable_current_measurement
                0x00001022        0xc drivers/adc/adc.o
                0x00001022                adc_enable_current_measurement
 .text.adc_disable_current_measurement
                0x0000102e        0xc drivers/adc/adc.o
                0x0000102e                adc_disable_current_measurement
 .text.adc_read_voltage
                0x0000103a       0x6e drivers/adc/adc.o
                0x0000103a                adc_read_voltage
 .text.adc_get_battery_voltage
                0x000010a8       0x58 drivers/adc/adc.o
                0x000010a8                adc_get_battery_voltage
 .text.adc_get_battery_percentage
                0x00001100       0xa4 drivers/adc/adc.o
                0x00001100                adc_get_battery_percentage
 .text.clock_setup_32_mhz
                0x000011a4       0x1e drivers/clock/clock.o
                0x000011a4                clock_setup_32_mhz
 .text.dac_speaker_on
                0x000011c2        0xc drivers/dac/dac.o
                0x000011c2                dac_speaker_on
 .text.dac_speaker_off
                0x000011ce        0xc drivers/dac/dac.o
                0x000011ce                dac_speaker_off
 .text.dac_setup
                0x000011da       0xa8 drivers/dac/dac.o
                0x000011da                dac_setup
 .text.dac_disable
                0x00001282       0x26 drivers/dac/dac.o
                0x00001282                dac_disable
 .text.__vector_6
                0x000012a8       0x50 drivers/dma/dma_functions.o
                0x000012a8                __vector_6
 .text.EEPROM_WriteEnv
                0x000012f8       0x14 drivers/eeprom/eeprom.o
                0x000012f8                EEPROM_WriteEnv
 .text.EEPROM_ReadEnv
                0x0000130c       0x62 drivers/eeprom/eeprom.o
                0x0000130c                EEPROM_ReadEnv
 .text.ht1632c_set_pixel
                0x0000136e       0x28 drivers/ht1632c/ht1632c.o
                0x0000136e                ht1632c_set_pixel
 .text.ht1632c_clr_pixel
                0x00001396       0x2a drivers/ht1632c/ht1632c.o
                0x00001396                ht1632c_clr_pixel
 .text.ht1632c_fill_screen
                0x000013c0       0x14 drivers/ht1632c/ht1632c.o
                0x000013c0                ht1632c_fill_screen
 .text.ht1632c_clear_screen
                0x000013d4       0x12 drivers/ht1632c/ht1632c.o
                0x000013d4                ht1632c_clear_screen
 .text.ht1632c_clear_buffer
                0x000013e6       0x10 drivers/ht1632c/ht1632c.o
                0x000013e6                ht1632c_clear_buffer
 .text.ht1632c_write_data
                0x000013f6       0x3e drivers/ht1632c/ht1632c.o
                0x000013f6                ht1632c_write_data
 .text.ht1632c_refresh_screen
                0x00001434       0x48 drivers/ht1632c/ht1632c.o
                0x00001434                ht1632c_refresh_screen
 .text.ht1632c_write_command
                0x0000147c       0x24 drivers/ht1632c/ht1632c.o
                0x0000147c                ht1632c_write_command
 .text.ht1632c_setup
                0x000014a0       0x2e drivers/ht1632c/ht1632c.o
                0x000014a0                ht1632c_setup
 .text.ht1632c_power_down
                0x000014ce       0x1c drivers/ht1632c/ht1632c.o
                0x000014ce                ht1632c_power_down
 .text.ht1632c_set_brightness
                0x000014ea        0xe drivers/ht1632c/ht1632c.o
                0x000014ea                ht1632c_set_brightness
 .text.ht1632c_shift_left
                0x000014f8       0x74 drivers/ht1632c/ht1632c.o
                0x000014f8                ht1632c_shift_left
 .text.ht1632c_shift_right
                0x0000156c       0x74 drivers/ht1632c/ht1632c.o
                0x0000156c                ht1632c_shift_right
 .text.ht1632c_shift_up
                0x000015e0       0x3c drivers/ht1632c/ht1632c.o
                0x000015e0                ht1632c_shift_up
 .text.ht1632c_shift_down
                0x0000161c       0x3c drivers/ht1632c/ht1632c.o
                0x0000161c                ht1632c_shift_down
 .text.ht1632c_slide_in_from_left
                0x00001658       0xb8 drivers/ht1632c/ht1632c.o
                0x00001658                ht1632c_slide_in_from_left
 .text.ht1632c_slide_in_from_right
                0x00001710       0xb8 drivers/ht1632c/ht1632c.o
                0x00001710                ht1632c_slide_in_from_right
 .text.ht1632c_slide_in_from_bottom
                0x000017c8      0x130 drivers/ht1632c/ht1632c.o
                0x000017c8                ht1632c_slide_in_from_bottom
 .text.ht1632c_slide_in_from_top
                0x000018f8      0x124 drivers/ht1632c/ht1632c.o
                0x000018f8                ht1632c_slide_in_from_top
 .text.ht1632c_print_buffer
                0x00001a1c       0xaa drivers/ht1632c/ht1632c.o
                0x00001a1c                ht1632c_print_buffer
 .text.btn_setup
                0x00001ac6       0x88 drivers/port/port.o
                0x00001ac6                btn_setup
 .text.btn_turn_on_leds
                0x00001b4e       0x16 drivers/port/port.o
                0x00001b4e                btn_turn_on_leds
 .text.btn_si114x_enable_interrupt
                0x00001b64       0x1c drivers/port/port.o
                0x00001b64                btn_si114x_enable_interrupt
 .text.btn_disable_si114x_interrupt
                0x00001b80       0x1c drivers/port/port.o
                0x00001b80                btn_disable_si114x_interrupt
 .text.btn_check_press
                0x00001b9c       0x28 drivers/port/port.o
                0x00001b9c                btn_check_press
 .text.__vector_66
                0x00001bc4       0x84 drivers/port/port.o
                0x00001bc4                __vector_66
 .text.__vector_34
                0x00001c48       0x84 drivers/port/port.o
                0x00001c48                __vector_34
 .text.__vector_67
                0x00001ccc       0xc8 drivers/port/port.o
                0x00001ccc                __vector_67
 .text.lowpower_setup
                0x00001d94       0x3c drivers/power/power.o
                0x00001d94                lowpower_setup
 .text.rtc_setup
                0x00001dd0       0x4c drivers/rtc/rtc.o
                0x00001dd0                rtc_setup
 .text.rtc_update_seconds
                0x00001e1c       0x20 drivers/rtc/rtc.o
                0x00001e1c                rtc_update_seconds
 .text.rtc_disable_time_render
                0x00001e3c        0x6 drivers/rtc/rtc.o
                0x00001e3c                rtc_disable_time_render
 .text.rtc_update_display
                0x00001e42      0x100 drivers/rtc/rtc.o
                0x00001e42                rtc_update_display
 .text.rtc_enable_time_render
                0x00001f42       0x1c drivers/rtc/rtc.o
                0x00001f42                rtc_enable_time_render
 .text.__vector_10
                0x00001f5e      0x19e drivers/rtc/rtc.o
                0x00001f5e                __vector_10
 .text._sendCmd
                0x000020fc       0x76 drivers/sensors/si114x/Si114x_functions.o
 .text.si114x_get_data
                0x00002172       0xf0 drivers/sensors/si114x/Si114x_functions.o
                0x00002172                si114x_get_data
 .text.Si114xNop
                0x00002262        0x4 drivers/sensors/si114x/Si114x_functions.o
                0x00002262                Si114xNop
 .text.Si114xPsAlsAuto
                0x00002266        0x4 drivers/sensors/si114x/Si114x_functions.o
                0x00002266                Si114xPsAlsAuto
 .text.Si114xParamSet
                0x0000226a       0x80 drivers/sensors/si114x/Si114x_functions.o
                0x0000226a                Si114xParamSet
 .text.Si114xPauseAll
                0x000022ea       0x3a drivers/sensors/si114x/Si114x_functions.o
                0x000022ea                Si114xPauseAll
 .text.si114x_reset
                0x00002324       0x86 drivers/sensors/si114x/Si114x_functions.o
                0x00002324                si114x_reset
 .text.si114x_init_ps1_als
                0x000023aa      0x17c drivers/sensors/si114x/Si114x_functions.o
                0x000023aa                si114x_init_ps1_als
 .text.si114x_setup_ps1
                0x00002526       0x20 drivers/sensors/si114x/Si114x_functions.o
                0x00002526                si114x_setup_ps1
 .text.si114x_init
                0x00002546      0x170 drivers/sensors/si114x/Si114x_functions.o
                0x00002546                si114x_init
 .text.si114x_setup
                0x000026b6       0x3a drivers/sensors/si114x/Si114x_functions.o
                0x000026b6                si114x_setup
 .text.si114x_baseline_calibration
                0x000026f0       0xc0 drivers/sensors/si114x/Si114x_functions.o
                0x000026f0                si114x_baseline_calibration
 .text.__vector_20
                0x000027b0       0x38 drivers/sensors/si114x/Si114x_functions.o
                0x000027b0                __vector_20
 .text.isIRStable
                0x000027e8       0xf4 drivers/sensors/si114x/Si114x_handler.o
                0x000027e8                isIRStable
 .text.IRCompensation
                0x000028dc       0xce drivers/sensors/si114x/Si114x_handler.o
                0x000028dc                IRCompensation
 .text.calcBaseline
                0x000029aa      0x190 drivers/sensors/si114x/Si114x_handler.o
                0x000029aa                calcBaseline
 .text.si114x_process_samples
                0x00002b3a      0x23e drivers/sensors/si114x/Si114x_handler.o
                0x00002b3a                si114x_process_samples
 .text.PortSet  0x00002d78        0x2 drivers/sensors/si114x/Si114x_sys_out.o
                0x00002d78                PortSet
 .text.Si114xWriteToRegister
                0x00002d7a       0x3c drivers/sensors/si114x/Si114x_sys_out.o
                0x00002d7a                Si114xWriteToRegister
 .text.Si114xReadFromRegister
                0x00002db6       0x3a drivers/sensors/si114x/Si114x_sys_out.o
                0x00002db6                Si114xReadFromRegister
 .text.Si114xBlockWrite
                0x00002df0       0x22 drivers/sensors/si114x/Si114x_sys_out.o
                0x00002df0                Si114xBlockWrite
 .text.delay_10ms
                0x00002e12       0x14 drivers/sensors/si114x/Si114x_sys_out.o
                0x00002e12                delay_10ms
 .text.QS_Counts_to_Distance
                0x00002e26      0x1de drivers/sensors/si114x/slider_algorithm.o
                0x00002e26                QS_Counts_to_Distance
 .text.SliderAlgorithm
                0x00003004      0x416 drivers/sensors/si114x/slider_algorithm.o
                0x00003004                SliderAlgorithm
 .text.spi_setup
                0x0000341a       0x38 drivers/sercom/spi.o
                0x0000341a                spi_setup
 .text.spi_disable
                0x00003452       0x2e drivers/sercom/spi.o
                0x00003452                spi_disable
 .text.spi_wr_rd
                0x00003480       0x20 drivers/sercom/spi.o
                0x00003480                spi_wr_rd
 .text.twi_setup
                0x000034a0       0x1e drivers/sercom/twi.o
                0x000034a0                twi_setup
 .text.twi_start_transmission
                0x000034be       0x56 drivers/sercom/twi.o
                0x000034be                twi_start_transmission
 .text.twi_send_byte
                0x00003514       0x3c drivers/sercom/twi.o
                0x00003514                twi_send_byte
 .text.twi_receive_byte
                0x00003550       0x46 drivers/sercom/twi.o
                0x00003550                twi_receive_byte
 .text.twi_read_packet
                0x00003596       0xa2 drivers/sercom/twi.o
                0x00003596                twi_read_packet
 .text.twi_write_packet
                0x00003638       0x84 drivers/sercom/twi.o
                0x00003638                twi_write_packet
 .text.uart_setup
                0x000036bc       0x34 drivers/sercom/uart.o
                0x000036bc                uart_setup
 .text.uart_setup_debug
                0x000036f0       0x32 drivers/sercom/uart.o
                0x000036f0                uart_setup_debug
 .text.uart_disable
                0x00003722       0x20 drivers/sercom/uart.o
                0x00003722                uart_disable
 .text.uart_put_char
                0x00003742        0xe drivers/sercom/uart.o
                0x00003742                uart_put_char
 .text.uart_put_char_debug
                0x00003750        0xe drivers/sercom/uart.o
                0x00003750                uart_put_char_debug
 .text.uart_get_char_debug
                0x0000375e        0xe drivers/sercom/uart.o
                0x0000375e                uart_get_char_debug
 .text.__vector_18
                0x0000376c       0x5c drivers/timer/timer.o
                0x0000376c                __vector_18
 .text.startup.main
                0x000037c8      0x1be main.o
                0x000037c8                main
 .text.itoa_simple.constprop.1
                0x00003986       0xa6 modules/display/display.o
 .text.display_setup
                0x00003a2c       0x16 modules/display/display.o
                0x00003a2c                display_setup
 .text.display_on
                0x00003a42        0xe modules/display/display.o
                0x00003a42                display_on
 .text.display_fill_screen
                0x00003a50        0x4 modules/display/display.o
                0x00003a50                display_fill_screen
 .text.display_clear_screen
                0x00003a54        0x4 modules/display/display.o
                0x00003a54                display_clear_screen
 .text.display_clear_buffer
                0x00003a58        0x4 modules/display/display.o
                0x00003a58                display_clear_buffer
 .text.display_refresh_screen
                0x00003a5c        0x4 modules/display/display.o
                0x00003a5c                display_refresh_screen
 .text.display_fade
                0x00003a60       0x6c modules/display/display.o
                0x00003a60                display_fade
 .text.display_fade_blink
                0x00003acc       0x10 modules/display/display.o
                0x00003acc                display_fade_blink
 .text.display_draw_pixel
                0x00003adc       0x72 modules/display/display.o
                0x00003adc                display_draw_pixel
 .text.display_draw_filled_rect
                0x00003b4e       0x62 modules/display/display.o
                0x00003b4e                display_draw_filled_rect
 .text.display_show_loading_square
                0x00003bb0       0x7a modules/display/display.o
                0x00003bb0                display_show_loading_square
 .text.display_draw_bitmap
                0x00003c2a       0xdc modules/display/display.o
                0x00003c2a                display_draw_bitmap
 .text.display_draw_char_to_buffer
                0x00003d06       0x4e modules/display/display.o
                0x00003d06                display_draw_char_to_buffer
 .text.display_draw_char
                0x00003d54       0xfe modules/display/display.o
                0x00003d54                display_draw_char
 .text.display_draw_small_char_to_buffer
                0x00003e52       0xa4 modules/display/display.o
                0x00003e52                display_draw_small_char_to_buffer
 .text.display_print_scrolling_text
                0x00003ef6       0xb0 modules/display/display.o
                0x00003ef6                display_print_scrolling_text
 .text.display_draw_small_char
                0x00003fa6      0x10e modules/display/display.o
                0x00003fa6                display_draw_small_char
 .text.display_draw_four_letter_word
                0x000040b4       0x52 modules/display/display.o
                0x000040b4                display_draw_four_letter_word
 .text.display_draw_three_letter_word
                0x00004106       0x42 modules/display/display.o
                0x00004106                display_draw_three_letter_word
 .text.display_draw_wifi_icon
                0x00004148       0xfc modules/display/display.o
                0x00004148                display_draw_wifi_icon
 .text.display_slide_in_from_left
                0x00004244        0x4 modules/display/display.o
                0x00004244                display_slide_in_from_left
 .text.display_slide_in_from_right
                0x00004248        0x4 modules/display/display.o
                0x00004248                display_slide_in_from_right
 .text.display_slide_in_from_bottom
                0x0000424c        0x4 modules/display/display.o
                0x0000424c                display_slide_in_from_bottom
 .text.display_slide_in_from_top
                0x00004250        0x4 modules/display/display.o
                0x00004250                display_slide_in_from_top
 .text.display_slide_out_to_right
                0x00004254       0x10 modules/display/display.o
                0x00004254                display_slide_out_to_right
 .text.display_slide_out_to_left
                0x00004264       0x10 modules/display/display.o
                0x00004264                display_slide_out_to_left
 .text.display_slide_out_to_top
                0x00004274       0x10 modules/display/display.o
                0x00004274                display_slide_out_to_top
 .text.display_off
                0x00004284        0xc modules/display/display.o
                0x00004284                display_off
 .text.display_slide_out_to_bottom
                0x00004290       0x10 modules/display/display.o
                0x00004290                display_slide_out_to_bottom
 .text.display_alarm_increment_minute
                0x000042a0       0x22 modules/display/display.o
                0x000042a0                display_alarm_increment_minute
 .text.display_alarm_decrement_minute
                0x000042c2       0x22 modules/display/display.o
                0x000042c2                display_alarm_decrement_minute
 .text.display_alarm_increment_hour
                0x000042e4       0x22 modules/display/display.o
                0x000042e4                display_alarm_increment_hour
 .text.display_alarm_decrement_hour
                0x00004306       0x22 modules/display/display.o
                0x00004306                display_alarm_decrement_hour
 .text.display_draw_and_increment_hour
                0x00004328       0x20 modules/display/display.o
                0x00004328                display_draw_and_increment_hour
 .text.display_draw_and_decrement_hour
                0x00004348       0x22 modules/display/display.o
                0x00004348                display_draw_and_decrement_hour
 .text.display_draw_and_increment_minute
                0x0000436a       0x20 modules/display/display.o
                0x0000436a                display_draw_and_increment_minute
 .text.display_draw_and_decrement_minute
                0x0000438a       0x22 modules/display/display.o
                0x0000438a                display_draw_and_decrement_minute
 .text.display_draw_and_increment_day
                0x000043ac       0x3a modules/display/display.o
                0x000043ac                display_draw_and_increment_day
 .text.display_draw_and_decrement_day
                0x000043e6       0x30 modules/display/display.o
                0x000043e6                display_draw_and_decrement_day
 .text.display_draw_and_increment_month
                0x00004416       0x1c modules/display/display.o
                0x00004416                display_draw_and_increment_month
 .text.display_draw_and_decrement_month
                0x00004432       0x1c modules/display/display.o
                0x00004432                display_draw_and_decrement_month
 .text.display_draw_and_increment_year
                0x0000444e       0x20 modules/display/display.o
                0x0000444e                display_draw_and_increment_year
 .text.display_draw_and_decrement_year
                0x0000446e       0x20 modules/display/display.o
                0x0000446e                display_draw_and_decrement_year
 .text.BUFFER_Init
                0x0000448e       0x52 modules/esp8266/buffer.o
                0x0000448e                BUFFER_Init
 .text.BUFFER_GetFree
                0x000044e0       0x98 modules/esp8266/buffer.o
                0x000044e0                BUFFER_GetFree
 .text.BUFFER_Write
                0x00004578      0x16e modules/esp8266/buffer.o
                0x00004578                BUFFER_Write
 .text.BUFFER_GetFull
                0x000046e6       0x7e modules/esp8266/buffer.o
                0x000046e6                BUFFER_GetFull
 .text.BUFFER_Read
                0x00004764      0x16e modules/esp8266/buffer.o
                0x00004764                BUFFER_Read
 .text.BUFFER_Reset
                0x000048d2       0x18 modules/esp8266/buffer.o
                0x000048d2                BUFFER_Reset
 .text.BUFFER_FindElement
                0x000048ea       0xa6 modules/esp8266/buffer.o
                0x000048ea                BUFFER_FindElement
 .text.BUFFER_Find
                0x00004990      0x21a modules/esp8266/buffer.o
                0x00004990                BUFFER_Find
 .text.BUFFER_WriteString
                0x00004baa       0x16 modules/esp8266/buffer.o
                0x00004baa                BUFFER_WriteString
 .text.BUFFER_ReadString
                0x00004bc0      0x11e modules/esp8266/buffer.o
                0x00004bc0                BUFFER_ReadString
 .text.ParseNumber
                0x00004cde       0x84 modules/esp8266/esp8266.o
 .text.EscapeStringAndSend
                0x00004d62       0x58 modules/esp8266/esp8266.o
 .text.Int2String
                0x00004dba       0x24 modules/esp8266/esp8266.o
 .text.ParseIP  0x00004dde       0x92 modules/esp8266/esp8266.o
 .text.ParseCIPSTA
                0x00004e70      0x1e8 modules/esp8266/esp8266.o
 .text.ParseMAC
                0x00005058       0xb6 modules/esp8266/esp8266.o
 .text.ESP8266_On
                0x0000510e       0x24 modules/esp8266/esp8266.o
                0x0000510e                ESP8266_On
 .text.ESP8266_Off
                0x00005132       0x12 modules/esp8266/esp8266.o
                0x00005132                ESP8266_Off
 .text.ESP8266_TimerStart
                0x00005144       0x30 modules/esp8266/esp8266.o
                0x00005144                ESP8266_TimerStart
 .text.ESP8266_TimerStop
                0x00005174       0x1e modules/esp8266/esp8266.o
                0x00005174                ESP8266_TimerStop
 .text.ESP8266_TimeUpdate
                0x00005192       0x24 modules/esp8266/esp8266.o
                0x00005192                ESP8266_TimeUpdate
 .text.ESP8266_DataReceived
                0x000051b6       0x12 modules/esp8266/esp8266.o
                0x000051b6                ESP8266_DataReceived
 .text.ESP8266_Callback_ServerConnectionActive
                0x000051c8        0x2 modules/esp8266/esp8266.o
                0x000051c8                ESP8266_Callback_ServerConnectionActive
 .text.ESP8266_Callback_ServerConnectionClosed
                0x000051ca        0x2 modules/esp8266/esp8266.o
                0x000051ca                ESP8266_Callback_ServerConnectionClosed
 .text.ESP8266_Callback_ServerConnectionDataReceived
                0x000051cc        0x2 modules/esp8266/esp8266.o
                0x000051cc                ESP8266_Callback_ServerConnectionDataReceived
 .text.ESP8266_Callback_ServerConnectionSendData
                0x000051ce        0x6 modules/esp8266/esp8266.o
                0x000051ce                ESP8266_Callback_ServerConnectionSendData
 .text.ESP8266_Callback_ServerConnectionDataSent
                0x000051d4        0x2 modules/esp8266/esp8266.o
                0x000051d4                ESP8266_Callback_ServerConnectionDataSent
 .text.ESP8266_Callback_ClientConnectionSendData
                0x000051d6        0x6 modules/esp8266/esp8266.o
                0x000051d6                ESP8266_Callback_ClientConnectionSendData
 .text.CallConnectionCallbacks
                0x000051dc       0x6c modules/esp8266/esp8266.o
 .text.ParseReceived
                0x00005248      0xaac modules/esp8266/esp8266.o
 .text.ESP8266_Update
                0x00005cf4      0x4c0 modules/esp8266/esp8266.o
                0x00005cf4                ESP8266_Update
 .text.SendCommand
                0x000061b4       0xb2 modules/esp8266/esp8266.o
 .text.ESP8266_GetSTAIP
                0x00006266       0x30 modules/esp8266/esp8266.o
                0x00006266                ESP8266_GetSTAIP
 .text.ESP8266_GetAPIP
                0x00006296       0x30 modules/esp8266/esp8266.o
                0x00006296                ESP8266_GetAPIP
 .text.ESP8266_GetSTAMAC
                0x000062c6       0x2e modules/esp8266/esp8266.o
                0x000062c6                ESP8266_GetSTAMAC
 .text.ESP8266_GetAPMAC
                0x000062f4       0x2e modules/esp8266/esp8266.o
                0x000062f4                ESP8266_GetAPMAC
 .text.ESP8266_WaitReady
                0x00006322       0x64 modules/esp8266/esp8266.o
                0x00006322                ESP8266_WaitReady
 .text.ESP8266_GetAP
                0x00006386       0x2a modules/esp8266/esp8266.o
                0x00006386                ESP8266_GetAP
 .text.ESP8266_SetMode
                0x000063b0       0xa4 modules/esp8266/esp8266.o
                0x000063b0                ESP8266_SetMode
 .text.ESP8266_RequestSendData
                0x00006454       0x98 modules/esp8266/esp8266.o
                0x00006454                ESP8266_RequestSendData
 .text.ESP8266_SetMux
                0x000064ec       0x9c modules/esp8266/esp8266.o
                0x000064ec                ESP8266_SetMux
 .text.ESP8266_Setdinfo
                0x00006588       0x9c modules/esp8266/esp8266.o
                0x00006588                ESP8266_Setdinfo
 .text.ESP8266_Init
                0x00006624      0x242 modules/esp8266/esp8266.o
                0x00006624                ESP8266_Init
 .text.ESP8266_WifiConnect
                0x00006866       0x8a modules/esp8266/esp8266.o
                0x00006866                ESP8266_WifiConnect
 .text.ESP8266_StartClientConnectionTCP
                0x000068f0      0x18e modules/esp8266/esp8266.o
                0x000068f0                ESP8266_StartClientConnectionTCP
 .text.ESP8266_LL_USARTInit
                0x00006a7e        0x8 modules/esp8266/esp8266_ll.o
                0x00006a7e                ESP8266_LL_USARTInit
 .text.ESP8266_LL_USARTSend
                0x00006a86       0x2a modules/esp8266/esp8266_ll.o
                0x00006a86                ESP8266_LL_USARTSend
 .text.__vector_88
                0x00006ab0       0x8e modules/esp8266/esp8266_ll.o
                0x00006ab0                __vector_88
 .text.mem_cpy  0x00006b3e       0x46 modules/fatfs/ff.o
 .text.mem_set  0x00006b84       0x14 modules/fatfs/ff.o
 .text.get_ldnumber
                0x00006b98       0x4a modules/fatfs/ff.o
 .text.validate
                0x00006be2       0x3a modules/fatfs/ff.o
 .text.sync_window
                0x00006c1c       0xd0 modules/fatfs/ff.o
 .text.sync_fs  0x00006cec       0xd8 modules/fatfs/ff.o
 .text.move_window
                0x00006dc4       0x7a modules/fatfs/ff.o
 .text.check_fs
                0x00006e3e       0x78 modules/fatfs/ff.o
 .text.find_volume
                0x00006eb6      0x4ca modules/fatfs/ff.o
 .text.clust2sect
                0x00007380       0x52 modules/fatfs/ff.o
                0x00007380                clust2sect
 .text.get_fat  0x000073d2      0x188 modules/fatfs/ff.o
                0x000073d2                get_fat
 .text.dir_sdi  0x0000755a      0x14a modules/fatfs/ff.o
 .text.put_fat  0x000076a4      0x1e4 modules/fatfs/ff.o
                0x000076a4                put_fat
 .text.create_chain
                0x00007888      0x1ba modules/fatfs/ff.o
 .text.dir_next
                0x00007a42      0x1fc modules/fatfs/ff.o
 .text.follow_path
                0x00007c3e      0x2de modules/fatfs/ff.o
 .text.dir_alloc.constprop.10
                0x00007f1c       0x48 modules/fatfs/ff.o
 .text.dir_register
                0x00007f64       0x58 modules/fatfs/ff.o
 .text.remove_chain
                0x00007fbc       0xe4 modules/fatfs/ff.o
 .text.f_mount  0x000080a0       0x80 modules/fatfs/ff.o
                0x000080a0                f_mount
 .text.f_open   0x00008120      0x250 modules/fatfs/ff.o
                0x00008120                f_open
 .text.f_read   0x00008370      0x26a modules/fatfs/ff.o
                0x00008370                f_read
 .text.f_sync   0x000085da       0x86 modules/fatfs/ff.o
                0x000085da                f_sync
 .text.f_close  0x00008660       0x20 modules/fatfs/ff.o
                0x00008660                f_close
 .text.f_lseek  0x00008680      0x332 modules/fatfs/ff.o
                0x00008680                f_lseek
 .text.xchg_spi
                0x000089b2        0x4 modules/fatfs/mmc_avr.o
 .text.deselect
                0x000089b6        0xc modules/fatfs/mmc_avr.o
 .text.power_off
                0x000089c2       0x2e modules/fatfs/mmc_avr.o
 .text.rcvr_datablock
                0x000089f0       0x86 modules/fatfs/mmc_avr.o
 .text.wait_ready.constprop.2
                0x00008a76       0x28 modules/fatfs/mmc_avr.o
 .text.select   0x00008a9e       0x36 modules/fatfs/mmc_avr.o
 .text.send_cmd
                0x00008ad4       0x88 modules/fatfs/mmc_avr.o
 .text.xmit_datablock.part.1
                0x00008b5c       0x4a modules/fatfs/mmc_avr.o
 .text.disk_initialize
                0x00008ba6      0x1cc modules/fatfs/mmc_avr.o
                0x00008ba6                disk_initialize
 .text.disk_status
                0x00008d72        0xe modules/fatfs/mmc_avr.o
                0x00008d72                disk_status
 .text.disk_read
                0x00008d80       0x96 modules/fatfs/mmc_avr.o
                0x00008d80                disk_read
 .text.disk_write
                0x00008e16       0xe8 modules/fatfs/mmc_avr.o
                0x00008e16                disk_write
 .text.disk_ioctl
                0x00008efe      0x2c2 modules/fatfs/mmc_avr.o
                0x00008efe                disk_ioctl
 .text.disk_timerproc
                0x000091c0       0x36 modules/fatfs/mmc_avr.o
                0x000091c0                disk_timerproc
 .text.__vector_17
                0x000091f6       0x64 modules/fatfs/mmc_avr.o
                0x000091f6                __vector_17
 .text.__vector_14
                0x0000925a      0x102 modules/fatfs/sound.o
                0x0000925a                __vector_14
 .text.sound_start
                0x0000935c       0x64 modules/fatfs/sound.o
                0x0000935c                sound_start
 .text.sound_stop
                0x000093c0       0x1e modules/fatfs/sound.o
                0x000093c0                sound_stop
 .text.load_wav
                0x000093de      0x578 modules/fatfs/sound.o
                0x000093de                load_wav
 .text.jsmn_parse
                0x00009956      0x5e0 modules/json/jsmn.o
                0x00009956                jsmn_parse
 .text.jsmn_init
                0x00009f36       0x14 modules/json/jsmn.o
                0x00009f36                jsmn_init
 .text.json_get_token
                0x00009f4a       0x92 modules/json/json_functions.o
                0x00009f4a                json_get_token
 .text.itoa_simple
                0x00009fdc       0xbe modules/menu/menu.o
 .text.play_sound
                0x0000a09a       0x60 modules/menu/menu.o
                0x0000a09a                play_sound
 .text.start_loading
                0x0000a0fa       0x34 modules/menu/menu.o
                0x0000a0fa                start_loading
 .text.stop_loading
                0x0000a12e       0x22 modules/menu/menu.o
                0x0000a12e                stop_loading
 .text.get_internet_variables
                0x0000a150      0x354 modules/menu/menu.o
                0x0000a150                get_internet_variables
 .text.menu_esp8266_setup
                0x0000a4a4       0x26 modules/menu/menu.o
                0x0000a4a4                menu_esp8266_setup
 .text.menu_draw_temperature_frame
                0x0000a4ca       0xc2 modules/menu/menu.o
                0x0000a4ca                menu_draw_temperature_frame
 .text.menu_draw_date_frame
                0x0000a58c      0x102 modules/menu/menu.o
                0x0000a58c                menu_draw_date_frame
 .text.menu_draw_week_frame
                0x0000a68e       0xaa modules/menu/menu.o
                0x0000a68e                menu_draw_week_frame
 .text.menu_draw_weekday_frame
                0x0000a738       0xae modules/menu/menu.o
                0x0000a738                menu_draw_weekday_frame
 .text.menu_draw_battery_frame
                0x0000a7e6       0xe6 modules/menu/menu.o
                0x0000a7e6                menu_draw_battery_frame
 .text.menu_draw_config_frame
                0x0000a8cc        0x8 modules/menu/menu.o
                0x0000a8cc                menu_draw_config_frame
 .text.menu_set_env_variables
                0x0000a8d4       0xdc modules/menu/menu.o
                0x0000a8d4                menu_set_env_variables
 .text.menu_alarm
                0x0000a9b0       0x28 modules/menu/menu.o
                0x0000a9b0                menu_alarm
 .text.menu_configure_brightnesss
                0x0000a9d8       0xe8 modules/menu/menu.o
                0x0000a9d8                menu_configure_brightnesss
 .text.menu_set_time
                0x0000aac0      0x34e modules/menu/menu.o
                0x0000aac0                menu_set_time
 .text.menu_set_alarm
                0x0000ae0e      0x150 modules/menu/menu.o
                0x0000ae0e                menu_set_alarm
 .text.menu_configuration
                0x0000af5e      0x18c modules/menu/menu.o
                0x0000af5e                menu_configuration
 .text.menu_state_machine
                0x0000b0ea      0x2e8 modules/menu/menu.o
                0x0000b0ea                menu_state_machine
 .text.__vector_16
                0x0000b3d2       0x66 modules/menu/menu.o
                0x0000b3d2                __vector_16
 .text.__vector_19
                0x0000b438       0x66 modules/menu/menu.o
                0x0000b438                __vector_19
 .text.ESP8266_Callback_DeviceReady
                0x0000b49e        0x8 modules/menu/menu.o
                0x0000b49e                ESP8266_Callback_DeviceReady
 .text.ESP8266_Callback_WatchdogReset
                0x0000b4a6        0x8 modules/menu/menu.o
                0x0000b4a6                ESP8266_Callback_WatchdogReset
 .text.ESP8266_Callback_WifiDisconnected
                0x0000b4ae        0x8 modules/menu/menu.o
                0x0000b4ae                ESP8266_Callback_WifiDisconnected
 .text.ESP8266_Callback_WifiConnected
                0x0000b4b6        0x8 modules/menu/menu.o
                0x0000b4b6                ESP8266_Callback_WifiConnected
 .text.ESP8266_Callback_WifiConnectFailed
                0x0000b4be       0x22 modules/menu/menu.o
                0x0000b4be                ESP8266_Callback_WifiConnectFailed
 .text.ESP8266_Callback_WifiGotIP
                0x0000b4e0       0x32 modules/menu/menu.o
                0x0000b4e0                ESP8266_Callback_WifiGotIP
 .text.ESP8266_Callback_WifiIPSet
                0x0000b512       0x3c modules/menu/menu.o
                0x0000b512                ESP8266_Callback_WifiIPSet
 .text.ESP8266_Callback_DHCPTimeout
                0x0000b54e        0x8 modules/menu/menu.o
                0x0000b54e                ESP8266_Callback_DHCPTimeout
 .text.ESP8266_Callback_ClientConnectionConnected
                0x0000b556       0x38 modules/menu/menu.o
                0x0000b556                ESP8266_Callback_ClientConnectionConnected
 .text.ESP8266_Callback_ClientConnectionError
                0x0000b58e       0x1e modules/menu/menu.o
                0x0000b58e                ESP8266_Callback_ClientConnectionError
 .text.ESP8266_Callback_ClientConnectionDataSent
                0x0000b5ac        0x8 modules/menu/menu.o
                0x0000b5ac                ESP8266_Callback_ClientConnectionDataSent
 .text.ESP8266_Callback_ClientConnectionDataReceived
                0x0000b5b4       0x9a modules/menu/menu.o
                0x0000b5b4                ESP8266_Callback_ClientConnectionDataReceived
 .text.ESP8266_Callback_ClientConnectionClosed
                0x0000b64e       0x44 modules/menu/menu.o
                0x0000b64e                ESP8266_Callback_ClientConnectionClosed
 .text.ESP8266_Callback_ClientConnectionTimeout
                0x0000b692       0x1e modules/menu/menu.o
                0x0000b692                ESP8266_Callback_ClientConnectionTimeout
 .text.__vector_82
                0x0000b6b0       0x72 modules/menu/menu.o
                0x0000b6b0                __vector_82
 .text.time_get_day_name
                0x0000b722       0x1e modules/time_functions/time_functions.o
                0x0000b722                time_get_day_name
 .text.time_get_month_name
                0x0000b740       0x1e modules/time_functions/time_functions.o
                0x0000b740                time_get_month_name
 .text.time_get_weekday
                0x0000b75e       0x6c modules/time_functions/time_functions.o
                0x0000b75e                time_get_weekday
 .text.time_is_leap_year
                0x0000b7ca       0x2e modules/time_functions/time_functions.o
                0x0000b7ca                time_is_leap_year
 .text.time_get_days_in_month
                0x0000b7f8       0x30 modules/time_functions/time_functions.o
                0x0000b7f8                time_get_days_in_month
 .text.time_get_weeknumber
                0x0000b828      0x14c modules/time_functions/time_functions.o
                0x0000b828                time_get_weeknumber
 .text.avr-libc.fplib
                0x0000b974        0xa c:/program files/atmel/atmel toolchain/avr8 gcc/native/3.4.1056/avr8-gnu-toolchain/bin/../lib/gcc/avr/4.8.1/../../../../avr/lib/avrxmega7\libm.a(addsf3.o)
                0x0000b974                __subsf3
                0x0000b976                __addsf3
 .text.avr-libc.fplib
                0x0000b97e       0xc0 c:/program files/atmel/atmel toolchain/avr8 gcc/native/3.4.1056/avr8-gnu-toolchain/bin/../lib/gcc/avr/4.8.1/../../../../avr/lib/avrxmega7\libm.a(addsf3x.o)
                0x0000b998                __addsf3x
 .text.avr-libc.fplib
                0x0000ba3e        0x4 c:/program files/atmel/atmel toolchain/avr8 gcc/native/3.4.1056/avr8-gnu-toolchain/bin/../lib/gcc/avr/4.8.1/../../../../avr/lib/avrxmega7\libm.a(divsf3.o)
                0x0000ba3e                __divsf3
 .text.avr-libc.fplib
                0x0000ba42       0xcc c:/program files/atmel/atmel toolchain/avr8 gcc/native/3.4.1056/avr8-gnu-toolchain/bin/../lib/gcc/avr/4.8.1/../../../../avr/lib/avrxmega7\libm.a(divsf3x.o)
                0x0000ba58                __divsf3x
                0x0000ba5c                __divsf3_pse
 .text.avr-libc.fplib
                0x0000bb0e       0x58 c:/program files/atmel/atmel toolchain/avr8 gcc/native/3.4.1056/avr8-gnu-toolchain/bin/../lib/gcc/avr/4.8.1/../../../../avr/lib/avrxmega7\libm.a(fixunssfsi.o)
                0x0000bb0e                __fixunssfsi
 .text.avr-libc.fplib
                0x0000bb66       0x7a c:/program files/atmel/atmel toolchain/avr8 gcc/native/3.4.1056/avr8-gnu-toolchain/bin/../lib/gcc/avr/4.8.1/../../../../avr/lib/avrxmega7\libm.a(floatsisf.o)
                0x0000bb66                __floatunsisf
                0x0000bb6a                __floatsisf
 .text.avr-libc.fplib
                0x0000bbe0        0xc c:/program files/atmel/atmel toolchain/avr8 gcc/native/3.4.1056/avr8-gnu-toolchain/bin/../lib/gcc/avr/4.8.1/../../../../avr/lib/avrxmega7\libm.a(fp_inf.o)
                0x0000bbe0                __fp_inf
 .text.avr-libc.fplib
                0x0000bbec        0x6 c:/program files/atmel/atmel toolchain/avr8 gcc/native/3.4.1056/avr8-gnu-toolchain/bin/../lib/gcc/avr/4.8.1/../../../../avr/lib/avrxmega7\libm.a(fp_nan.o)
                0x0000bbec                __fp_nan
 .text.avr-libc.fplib
                0x0000bbf2        0xe c:/program files/atmel/atmel toolchain/avr8 gcc/native/3.4.1056/avr8-gnu-toolchain/bin/../lib/gcc/avr/4.8.1/../../../../avr/lib/avrxmega7\libm.a(fp_pscA.o)
                0x0000bbf2                __fp_pscA
 .text.avr-libc.fplib
                0x0000bc00        0xe c:/program files/atmel/atmel toolchain/avr8 gcc/native/3.4.1056/avr8-gnu-toolchain/bin/../lib/gcc/avr/4.8.1/../../../../avr/lib/avrxmega7\libm.a(fp_pscB.o)
                0x0000bc00                __fp_pscB
 .text.avr-libc.fplib
                0x0000bc0e       0x22 c:/program files/atmel/atmel toolchain/avr8 gcc/native/3.4.1056/avr8-gnu-toolchain/bin/../lib/gcc/avr/4.8.1/../../../../avr/lib/avrxmega7\libm.a(fp_round.o)
                0x0000bc0e                __fp_round
 .text.avr-libc.fplib
                0x0000bc30       0x44 c:/program files/atmel/atmel toolchain/avr8 gcc/native/3.4.1056/avr8-gnu-toolchain/bin/../lib/gcc/avr/4.8.1/../../../../avr/lib/avrxmega7\libm.a(fp_split3.o)
                0x0000bc30                __fp_split3
                0x0000bc40                __fp_splitA
 .text.avr-libc.fplib
                0x0000bc74        0xe c:/program files/atmel/atmel toolchain/avr8 gcc/native/3.4.1056/avr8-gnu-toolchain/bin/../lib/gcc/avr/4.8.1/../../../../avr/lib/avrxmega7\libm.a(fp_zero.o)
                0x0000bc74                __fp_zero
                0x0000bc76                __fp_szero
 .text.avr-libc.fplib
                0x0000bc82        0x4 c:/program files/atmel/atmel toolchain/avr8 gcc/native/3.4.1056/avr8-gnu-toolchain/bin/../lib/gcc/avr/4.8.1/../../../../avr/lib/avrxmega7\libm.a(mulsf3.o)
                0x0000bc82                __mulsf3
 .text.avr-libc.fplib
                0x0000bc86       0xc2 c:/program files/atmel/atmel toolchain/avr8 gcc/native/3.4.1056/avr8-gnu-toolchain/bin/../lib/gcc/avr/4.8.1/../../../../avr/lib/avrxmega7\libm.a(mulsf3x.o)
                0x0000bc9a                __mulsf3x
                0x0000bc9e                __mulsf3_pse
 .text.avr-libc
                0x0000bd48      0x702 c:/program files/atmel/atmel toolchain/avr8 gcc/native/3.4.1056/avr8-gnu-toolchain/bin/../lib/gcc/avr/4.8.1/../../../../avr/lib/avrxmega7\libprintf_flt.a(vfprintf_flt.o)
                0x0000bd48                vfprintf
 .text.libgcc.div
                0x0000c44a       0x28 c:/program files/atmel/atmel toolchain/avr8 gcc/native/3.4.1056/avr8-gnu-toolchain/bin/../lib/gcc/avr/4.8.1/avrxmega7\libgcc.a(_udivmodhi4.o)
                0x0000c44a                __udivmodhi4
 .text.libgcc.div
                0x0000c472       0x26 c:/program files/atmel/atmel toolchain/avr8 gcc/native/3.4.1056/avr8-gnu-toolchain/bin/../lib/gcc/avr/4.8.1/avrxmega7\libgcc.a(_divmodhi4.o)
                0x0000c472                _div
                0x0000c472                __divmodhi4
 .text.libgcc.div
                0x0000c498       0x44 c:/program files/atmel/atmel toolchain/avr8 gcc/native/3.4.1056/avr8-gnu-toolchain/bin/../lib/gcc/avr/4.8.1/avrxmega7\libgcc.a(_udivmodsi4.o)
                0x0000c498                __udivmodsi4
 .text.libgcc   0x0000c4dc        0xc c:/program files/atmel/atmel toolchain/avr8 gcc/native/3.4.1056/avr8-gnu-toolchain/bin/../lib/gcc/avr/4.8.1/avrxmega7\libgcc.a(_tablejump.o)
                0x0000c4dc                __tablejump2__
                0x0000c4e0                __tablejump__
 .text.libgcc.mul
                0x0000c4e8       0x1e c:/program files/atmel/atmel toolchain/avr8 gcc/native/3.4.1056/avr8-gnu-toolchain/bin/../lib/gcc/avr/4.8.1/avrxmega7\libgcc.a(_umulhisi3.o)
                0x0000c4e8                __umulhisi3
 .text.libgcc.mul
                0x0000c506       0x14 c:/program files/atmel/atmel toolchain/avr8 gcc/native/3.4.1056/avr8-gnu-toolchain/bin/../lib/gcc/avr/4.8.1/avrxmega7\libgcc.a(_muluhisi3.o)
                0x0000c506                __muluhisi3
 .text.avr-libc
                0x0000c51a       0x34 c:/program files/atmel/atmel toolchain/avr8 gcc/native/3.4.1056/avr8-gnu-toolchain/bin/../lib/gcc/avr/4.8.1/../../../../avr/lib/avrxmega7\libc.a(calloc.o)
                0x0000c51a                calloc
 .text.avr-libc
                0x0000c54e      0x24e c:/program files/atmel/atmel toolchain/avr8 gcc/native/3.4.1056/avr8-gnu-toolchain/bin/../lib/gcc/avr/4.8.1/../../../../avr/lib/avrxmega7\libc.a(malloc.o)
                0x0000c54e                malloc
                0x0000c67e                free
 .text.avr-libc
                0x0000c79c      0x1b0 c:/program files/atmel/atmel toolchain/avr8 gcc/native/3.4.1056/avr8-gnu-toolchain/bin/../lib/gcc/avr/4.8.1/../../../../avr/lib/avrxmega7\libc.a(ftoa_engine.o)
                0x0000c79c                __ftoa_engine
 .text.avr-libc
                0x0000c94c       0x10 c:/program files/atmel/atmel toolchain/avr8 gcc/native/3.4.1056/avr8-gnu-toolchain/bin/../lib/gcc/avr/4.8.1/../../../../avr/lib/avrxmega7\libc.a(toupper.o)
                0x0000c94c                toupper
 .text.avr-libc
                0x0000c95c       0x16 c:/program files/atmel/atmel toolchain/avr8 gcc/native/3.4.1056/avr8-gnu-toolchain/bin/../lib/gcc/avr/4.8.1/../../../../avr/lib/avrxmega7\libc.a(strnlen_P.o)
                0x0000c95c                strnlen_P
 .text.avr-libc
                0x0000c972        0x6 c:/program files/atmel/atmel toolchain/avr8 gcc/native/3.4.1056/avr8-gnu-toolchain/bin/../lib/gcc/avr/4.8.1/../../../../avr/lib/avrxmega7\libc.a(strtok.o)
                0x0000c972                strtok
 .text.avr-libc
                0x0000c978       0x1a c:/program files/atmel/atmel toolchain/avr8 gcc/native/3.4.1056/avr8-gnu-toolchain/bin/../lib/gcc/avr/4.8.1/../../../../avr/lib/avrxmega7\libc.a(memcmp.o)
                0x0000c978                memcmp
 .text.avr-libc
                0x0000c992       0x12 c:/program files/atmel/atmel toolchain/avr8 gcc/native/3.4.1056/avr8-gnu-toolchain/bin/../lib/gcc/avr/4.8.1/../../../../avr/lib/avrxmega7\libc.a(memcpy.o)
                0x0000c992                memcpy
 .text.avr-libc
                0x0000c9a4        0xe c:/program files/atmel/atmel toolchain/avr8 gcc/native/3.4.1056/avr8-gnu-toolchain/bin/../lib/gcc/avr/4.8.1/../../../../avr/lib/avrxmega7\libc.a(memset.o)
                0x0000c9a4                memset
 .text.avr-libc
                0x0000c9b2       0x16 c:/program files/atmel/atmel toolchain/avr8 gcc/native/3.4.1056/avr8-gnu-toolchain/bin/../lib/gcc/avr/4.8.1/../../../../avr/lib/avrxmega7\libc.a(strcat.o)
                0x0000c9b2                strcat
 .text.avr-libc
                0x0000c9c8       0x16 c:/program files/atmel/atmel toolchain/avr8 gcc/native/3.4.1056/avr8-gnu-toolchain/bin/../lib/gcc/avr/4.8.1/../../../../avr/lib/avrxmega7\libc.a(strchr.o)
                0x0000c9c8                strchr
 .text.avr-libc
                0x0000c9de       0x12 c:/program files/atmel/atmel toolchain/avr8 gcc/native/3.4.1056/avr8-gnu-toolchain/bin/../lib/gcc/avr/4.8.1/../../../../avr/lib/avrxmega7\libc.a(strcmp.o)
                0x0000c9de                strcmp
 .text.avr-libc
                0x0000c9f0        0xe c:/program files/atmel/atmel toolchain/avr8 gcc/native/3.4.1056/avr8-gnu-toolchain/bin/../lib/gcc/avr/4.8.1/../../../../avr/lib/avrxmega7\libc.a(strcpy.o)
                0x0000c9f0                strcpy
 .text.avr-libc
                0x0000c9fe       0x1c c:/program files/atmel/atmel toolchain/avr8 gcc/native/3.4.1056/avr8-gnu-toolchain/bin/../lib/gcc/avr/4.8.1/../../../../avr/lib/avrxmega7\libc.a(strncmp.o)
                0x0000c9fe                strncmp
 .text.avr-libc
                0x0000ca1a       0x1e c:/program files/atmel/atmel toolchain/avr8 gcc/native/3.4.1056/avr8-gnu-toolchain/bin/../lib/gcc/avr/4.8.1/../../../../avr/lib/avrxmega7\libc.a(strncpy.o)
                0x0000ca1a                strncpy
 .text.avr-libc
                0x0000ca38       0x16 c:/program files/atmel/atmel toolchain/avr8 gcc/native/3.4.1056/avr8-gnu-toolchain/bin/../lib/gcc/avr/4.8.1/../../../../avr/lib/avrxmega7\libc.a(strnlen.o)
                0x0000ca38                strnlen
 .text.avr-libc
                0x0000ca4e       0x34 c:/program files/atmel/atmel toolchain/avr8 gcc/native/3.4.1056/avr8-gnu-toolchain/bin/../lib/gcc/avr/4.8.1/../../../../avr/lib/avrxmega7\libc.a(strstr.o)
                0x0000ca4e                strstr
 .text.avr-libc
                0x0000ca82       0x4e c:/program files/atmel/atmel toolchain/avr8 gcc/native/3.4.1056/avr8-gnu-toolchain/bin/../lib/gcc/avr/4.8.1/../../../../avr/lib/avrxmega7\libc.a(strtok_r.o)
                0x0000ca82                strtok_r
 .text.avr-libc
                0x0000cad0       0x64 c:/program files/atmel/atmel toolchain/avr8 gcc/native/3.4.1056/avr8-gnu-toolchain/bin/../lib/gcc/avr/4.8.1/../../../../avr/lib/avrxmega7\libc.a(fputc.o)
                0x0000cad0                fputc
 .text.avr-libc
                0x0000cb34       0x22 c:/program files/atmel/atmel toolchain/avr8 gcc/native/3.4.1056/avr8-gnu-toolchain/bin/../lib/gcc/avr/4.8.1/../../../../avr/lib/avrxmega7\libc.a(printf.o)
                0x0000cb34                printf
 .text.avr-libc
                0x0000cb56       0x5a c:/program files/atmel/atmel toolchain/avr8 gcc/native/3.4.1056/avr8-gnu-toolchain/bin/../lib/gcc/avr/4.8.1/../../../../avr/lib/avrxmega7\libc.a(puts.o)
                0x0000cb56                puts
 .text.avr-libc
                0x0000cbb0       0x50 c:/program files/atmel/atmel toolchain/avr8 gcc/native/3.4.1056/avr8-gnu-toolchain/bin/../lib/gcc/avr/4.8.1/../../../../avr/lib/avrxmega7\libc.a(sprintf.o)
                0x0000cbb0                sprintf
 .text.avr-libc
                0x0000cc00       0x36 c:/program files/atmel/atmel toolchain/avr8 gcc/native/3.4.1056/avr8-gnu-toolchain/bin/../lib/gcc/avr/4.8.1/../../../../avr/lib/avrxmega7\libc.a(sscanf.o)
                0x0000cc00                sscanf
 .text.avr-libc
                0x0000cc36       0xbc c:/program files/atmel/atmel toolchain/avr8 gcc/native/3.4.1056/avr8-gnu-toolchain/bin/../lib/gcc/avr/4.8.1/../../../../avr/lib/avrxmega7\libc.a(ultoa_invert.o)
                0x0000cc36                __ultoa_invert
 .text.avr-libc
                0x0000ccf2      0x566 c:/program files/atmel/atmel toolchain/avr8 gcc/native/3.4.1056/avr8-gnu-toolchain/bin/../lib/gcc/avr/4.8.1/../../../../avr/lib/avrxmega7\libc.a(vfscanf_std.o)
                0x0000d006                vfscanf
 .text.avr-libc
                0x0000d258       0x16 c:/program files/atmel/atmel toolchain/avr8 gcc/native/3.4.1056/avr8-gnu-toolchain/bin/../lib/gcc/avr/4.8.1/../../../../avr/lib/avrxmega7\libc.a(eerd_block_atxmega128a4u.o)
                0x0000d258                __eerd_block_x128a4u
 .text.avr-libc
                0x0000d26e       0x1e c:/program files/atmel/atmel toolchain/avr8 gcc/native/3.4.1056/avr8-gnu-toolchain/bin/../lib/gcc/avr/4.8.1/../../../../avr/lib/avrxmega7\libc.a(eeupd_block_atxmega128a4u.o)
                0x0000d26e                __eeupd_block_x128a4u
 .text.avr-libc
                0x0000d28c       0x12 c:/program files/atmel/atmel toolchain/avr8 gcc/native/3.4.1056/avr8-gnu-toolchain/bin/../lib/gcc/avr/4.8.1/../../../../avr/lib/avrxmega7\libc.a(eeupd_byte_atxmega128a4u.o)
                0x0000d28c                __eeupd_byte_x128a4u
                0x0000d28e                __eeupd_r18_x128a4u
 .text.avr-libc
                0x0000d29e       0x12 c:/program files/atmel/atmel toolchain/avr8 gcc/native/3.4.1056/avr8-gnu-toolchain/bin/../lib/gcc/avr/4.8.1/../../../../avr/lib/avrxmega7\libc.a(eewr_block_atxmega128a4u.o)
                0x0000d29e                __eewr_block_x128a4u
 .text.avr-libc
                0x0000d2b0       0x46 c:/program files/atmel/atmel toolchain/avr8 gcc/native/3.4.1056/avr8-gnu-toolchain/bin/../lib/gcc/avr/4.8.1/../../../../avr/lib/avrxmega7\libc.a(eewr_byte_atxmega128a4u.o)
                0x0000d2b0                __eewr_byte_x128a4u
                0x0000d2b2                __eewr_r18_x128a4u
 .text.avr-libc
                0x0000d2f6       0x10 c:/program files/atmel/atmel toolchain/avr8 gcc/native/3.4.1056/avr8-gnu-toolchain/bin/../lib/gcc/avr/4.8.1/../../../../avr/lib/avrxmega7\libc.a(isspace.o)
                0x0000d2f6                isspace
 .text.avr-libc
                0x0000d306       0x16 c:/program files/atmel/atmel toolchain/avr8 gcc/native/3.4.1056/avr8-gnu-toolchain/bin/../lib/gcc/avr/4.8.1/../../../../avr/lib/avrxmega7\libc.a(strchr_P.o)
                0x0000d306                strchr_P
 .text.avr-libc
                0x0000d31c       0x7c c:/program files/atmel/atmel toolchain/avr8 gcc/native/3.4.1056/avr8-gnu-toolchain/bin/../lib/gcc/avr/4.8.1/../../../../avr/lib/avrxmega7\libc.a(fgetc.o)
                0x0000d31c                fgetc
 .text.avr-libc
                0x0000d398       0x32 c:/program files/atmel/atmel toolchain/avr8 gcc/native/3.4.1056/avr8-gnu-toolchain/bin/../lib/gcc/avr/4.8.1/../../../../avr/lib/avrxmega7\libc.a(ungetc.o)
                0x0000d398                ungetc
 .text.avr-libc
                0x0000d3ca       0x20 c:/program files/atmel/atmel toolchain/avr8 gcc/native/3.4.1056/avr8-gnu-toolchain/bin/../lib/gcc/avr/4.8.1/../../../../avr/lib/avrxmega7\libc.a(eerd_byte_atxmega128a1.o)
                0x0000d3ca                __eerd_byte_x128a1
                0x0000d3d2                eeprom_mapen
 .text.avr-libc
                0x0000d3ea        0x6 c:/program files/atmel/atmel toolchain/avr8 gcc/native/3.4.1056/avr8-gnu-toolchain/bin/../lib/gcc/avr/4.8.1/../../../../avr/lib/avrxmega7\libc.a(cty_isfalse.o)
                0x0000d3ea                __ctype_isfalse
                0x0000d3ee                __ctype_istrue
                0x0000d3f0                . = ALIGN (0x2)
 *(.fini9)
 .fini9         0x0000d3f0        0x0 c:/program files/atmel/atmel toolchain/avr8 gcc/native/3.4.1056/avr8-gnu-toolchain/bin/../lib/gcc/avr/4.8.1/avrxmega7\libgcc.a(_exit.o)
                0x0000d3f0                _exit
                0x0000d3f0                exit
 *(.fini9)
 *(.fini8)
 *(.fini8)
 *(.fini7)
 *(.fini7)
 *(.fini6)
 *(.fini6)
 *(.fini5)
 *(.fini5)
 *(.fini4)
 *(.fini4)
 *(.fini3)
 *(.fini3)
 *(.fini2)
 *(.fini2)
 *(.fini1)
 *(.fini1)
 *(.fini0)
 .fini0         0x0000d3f0        0x4 c:/program files/atmel/atmel toolchain/avr8 gcc/native/3.4.1056/avr8-gnu-toolchain/bin/../lib/gcc/avr/4.8.1/avrxmega7\libgcc.a(_exit.o)
 *(.fini0)
                0x0000d3f4                _etext = .

.data           0x00802000      0xe5c load address 0x0000d3f4
                0x00802000                PROVIDE (__data_start, .)
 *(.data)
 .data          0x00802000        0x0 c:/program files/atmel/atmel toolchain/avr8 gcc/native/3.4.1056/avr8-gnu-toolchain/bin/../lib/gcc/avr/4.8.1/../../../../avr/lib/avrxmega7/crtx128a4u.o
 .data          0x00802000        0x0 4x6_font.o
 .data          0x00802000        0x0 drivers/adc/adc.o
 .data          0x00802000        0x0 drivers/clock/clock.o
 .data          0x00802000        0x0 drivers/dac/dac.o
 .data          0x00802000        0x0 drivers/dma/dma.o
 .data          0x00802000        0x0 drivers/dma/dma_functions.o
 .data          0x00802000        0x0 drivers/eeprom/eeprom.o
 .data          0x00802000        0x0 drivers/ht1632c/ht1632c.o
 .data          0x00802000        0x0 drivers/port/port.o
 .data          0x00802000        0x0 drivers/power/power.o
 .data          0x00802000        0x0 drivers/rtc/rtc.o
 .data          0x00802000        0x0 drivers/sensors/si114x/Si114x_functions.o
 .data          0x00802000        0x0 drivers/sensors/si114x/Si114x_handler.o
 .data          0x00802000        0x0 drivers/sensors/si114x/Si114x_sys_out.o
 .data          0x00802000        0x0 drivers/sensors/si114x/slider_algorithm.o
 .data          0x00802000        0x0 drivers/sercom/spi.o
 .data          0x00802000        0x0 drivers/sercom/twi.o
 .data          0x00802000        0x0 drivers/sercom/uart.o
 .data          0x00802000        0x0 drivers/timer/timer.o
 .data          0x00802000        0x0 main.o
 .data          0x00802000        0x0 modules/display/display.o
 .data          0x00802000        0x0 modules/esp8266/buffer.o
 .data          0x00802000        0x0 modules/esp8266/esp8266.o
 .data          0x00802000        0x0 modules/esp8266/esp8266_ll.o
 .data          0x00802000        0x0 modules/fatfs/ff.o
 .data          0x00802000        0x0 modules/fatfs/mmc_avr.o
 .data          0x00802000        0x0 modules/fatfs/sound.o
 .data          0x00802000        0x0 modules/json/jsmn.o
 .data          0x00802000        0x0 modules/json/json_functions.o
 .data          0x00802000        0x0 modules/menu/menu.o
 .data          0x00802000        0x0 modules/time_functions/time_functions.o
 .data          0x00802000        0x0 _StackInstrument.o
 .data          0x00802000        0x0 c:/program files/atmel/atmel toolchain/avr8 gcc/native/3.4.1056/avr8-gnu-toolchain/bin/../lib/gcc/avr/4.8.1/../../../../avr/lib/avrxmega7\libm.a(addsf3.o)
 .data          0x00802000        0x0 c:/program files/atmel/atmel toolchain/avr8 gcc/native/3.4.1056/avr8-gnu-toolchain/bin/../lib/gcc/avr/4.8.1/../../../../avr/lib/avrxmega7\libm.a(addsf3x.o)
 .data          0x00802000        0x0 c:/program files/atmel/atmel toolchain/avr8 gcc/native/3.4.1056/avr8-gnu-toolchain/bin/../lib/gcc/avr/4.8.1/../../../../avr/lib/avrxmega7\libm.a(divsf3.o)
 .data          0x00802000        0x0 c:/program files/atmel/atmel toolchain/avr8 gcc/native/3.4.1056/avr8-gnu-toolchain/bin/../lib/gcc/avr/4.8.1/../../../../avr/lib/avrxmega7\libm.a(divsf3x.o)
 .data          0x00802000        0x0 c:/program files/atmel/atmel toolchain/avr8 gcc/native/3.4.1056/avr8-gnu-toolchain/bin/../lib/gcc/avr/4.8.1/../../../../avr/lib/avrxmega7\libm.a(fixsfsi.o)
 .data          0x00802000        0x0 c:/program files/atmel/atmel toolchain/avr8 gcc/native/3.4.1056/avr8-gnu-toolchain/bin/../lib/gcc/avr/4.8.1/../../../../avr/lib/avrxmega7\libm.a(fixunssfsi.o)
 .data          0x00802000        0x0 c:/program files/atmel/atmel toolchain/avr8 gcc/native/3.4.1056/avr8-gnu-toolchain/bin/../lib/gcc/avr/4.8.1/../../../../avr/lib/avrxmega7\libm.a(floatsisf.o)
 .data          0x00802000        0x0 c:/program files/atmel/atmel toolchain/avr8 gcc/native/3.4.1056/avr8-gnu-toolchain/bin/../lib/gcc/avr/4.8.1/../../../../avr/lib/avrxmega7\libm.a(fp_inf.o)
 .data          0x00802000        0x0 c:/program files/atmel/atmel toolchain/avr8 gcc/native/3.4.1056/avr8-gnu-toolchain/bin/../lib/gcc/avr/4.8.1/../../../../avr/lib/avrxmega7\libm.a(fp_nan.o)
 .data          0x00802000        0x0 c:/program files/atmel/atmel toolchain/avr8 gcc/native/3.4.1056/avr8-gnu-toolchain/bin/../lib/gcc/avr/4.8.1/../../../../avr/lib/avrxmega7\libm.a(fp_pscA.o)
 .data          0x00802000        0x0 c:/program files/atmel/atmel toolchain/avr8 gcc/native/3.4.1056/avr8-gnu-toolchain/bin/../lib/gcc/avr/4.8.1/../../../../avr/lib/avrxmega7\libm.a(fp_pscB.o)
 .data          0x00802000        0x0 c:/program files/atmel/atmel toolchain/avr8 gcc/native/3.4.1056/avr8-gnu-toolchain/bin/../lib/gcc/avr/4.8.1/../../../../avr/lib/avrxmega7\libm.a(fp_round.o)
 .data          0x00802000        0x0 c:/program files/atmel/atmel toolchain/avr8 gcc/native/3.4.1056/avr8-gnu-toolchain/bin/../lib/gcc/avr/4.8.1/../../../../avr/lib/avrxmega7\libm.a(fp_split3.o)
 .data          0x00802000        0x0 c:/program files/atmel/atmel toolchain/avr8 gcc/native/3.4.1056/avr8-gnu-toolchain/bin/../lib/gcc/avr/4.8.1/../../../../avr/lib/avrxmega7\libm.a(fp_zero.o)
 .data          0x00802000        0x0 c:/program files/atmel/atmel toolchain/avr8 gcc/native/3.4.1056/avr8-gnu-toolchain/bin/../lib/gcc/avr/4.8.1/../../../../avr/lib/avrxmega7\libm.a(mulsf3.o)
 .data          0x00802000        0x0 c:/program files/atmel/atmel toolchain/avr8 gcc/native/3.4.1056/avr8-gnu-toolchain/bin/../lib/gcc/avr/4.8.1/../../../../avr/lib/avrxmega7\libm.a(mulsf3x.o)
 .data          0x00802000        0x0 c:/program files/atmel/atmel toolchain/avr8 gcc/native/3.4.1056/avr8-gnu-toolchain/bin/../lib/gcc/avr/4.8.1/../../../../avr/lib/avrxmega7\libm.a(pow.o)
 .data          0x00802000        0x0 c:/program files/atmel/atmel toolchain/avr8 gcc/native/3.4.1056/avr8-gnu-toolchain/bin/../lib/gcc/avr/4.8.1/../../../../avr/lib/avrxmega7\libm.a(exp.o)
 .data          0x00802000        0x0 c:/program files/atmel/atmel toolchain/avr8 gcc/native/3.4.1056/avr8-gnu-toolchain/bin/../lib/gcc/avr/4.8.1/../../../../avr/lib/avrxmega7\libm.a(fp_powser.o)
 .data          0x00802000        0x0 c:/program files/atmel/atmel toolchain/avr8 gcc/native/3.4.1056/avr8-gnu-toolchain/bin/../lib/gcc/avr/4.8.1/../../../../avr/lib/avrxmega7\libm.a(inverse.o)
 .data          0x00802000        0x0 c:/program files/atmel/atmel toolchain/avr8 gcc/native/3.4.1056/avr8-gnu-toolchain/bin/../lib/gcc/avr/4.8.1/../../../../avr/lib/avrxmega7\libm.a(ldexp.o)
 .data          0x00802000        0x0 c:/program files/atmel/atmel toolchain/avr8 gcc/native/3.4.1056/avr8-gnu-toolchain/bin/../lib/gcc/avr/4.8.1/../../../../avr/lib/avrxmega7\libm.a(log.o)
 .data          0x00802000        0x0 c:/program files/atmel/atmel toolchain/avr8 gcc/native/3.4.1056/avr8-gnu-toolchain/bin/../lib/gcc/avr/4.8.1/../../../../avr/lib/avrxmega7\libm.a(modf.o)
 .data          0x00802000        0x0 c:/program files/atmel/atmel toolchain/avr8 gcc/native/3.4.1056/avr8-gnu-toolchain/bin/../lib/gcc/avr/4.8.1/../../../../avr/lib/avrxmega7\libm.a(fp_mpack.o)
 .data          0x00802000        0x0 c:/program files/atmel/atmel toolchain/avr8 gcc/native/3.4.1056/avr8-gnu-toolchain/bin/../lib/gcc/avr/4.8.1/../../../../avr/lib/avrxmega7\libprintf_flt.a(vfprintf_flt.o)
 .data          0x00802000        0x0 c:/program files/atmel/atmel toolchain/avr8 gcc/native/3.4.1056/avr8-gnu-toolchain/bin/../lib/gcc/avr/4.8.1/avrxmega7\libgcc.a(_udivmodhi4.o)
 .data          0x00802000        0x0 c:/program files/atmel/atmel toolchain/avr8 gcc/native/3.4.1056/avr8-gnu-toolchain/bin/../lib/gcc/avr/4.8.1/avrxmega7\libgcc.a(_divmodhi4.o)
 .data          0x00802000        0x0 c:/program files/atmel/atmel toolchain/avr8 gcc/native/3.4.1056/avr8-gnu-toolchain/bin/../lib/gcc/avr/4.8.1/avrxmega7\libgcc.a(_udivmodsi4.o)
 .data          0x00802000        0x0 c:/program files/atmel/atmel toolchain/avr8 gcc/native/3.4.1056/avr8-gnu-toolchain/bin/../lib/gcc/avr/4.8.1/avrxmega7\libgcc.a(_exit.o)
 .data          0x00802000        0x0 c:/program files/atmel/atmel toolchain/avr8 gcc/native/3.4.1056/avr8-gnu-toolchain/bin/../lib/gcc/avr/4.8.1/avrxmega7\libgcc.a(_tablejump.o)
 .data          0x00802000        0x0 c:/program files/atmel/atmel toolchain/avr8 gcc/native/3.4.1056/avr8-gnu-toolchain/bin/../lib/gcc/avr/4.8.1/avrxmega7\libgcc.a(_copy_data.o)
 .data          0x00802000        0x0 c:/program files/atmel/atmel toolchain/avr8 gcc/native/3.4.1056/avr8-gnu-toolchain/bin/../lib/gcc/avr/4.8.1/avrxmega7\libgcc.a(_clear_bss.o)
 .data          0x00802000        0x0 c:/program files/atmel/atmel toolchain/avr8 gcc/native/3.4.1056/avr8-gnu-toolchain/bin/../lib/gcc/avr/4.8.1/avrxmega7\libgcc.a(_umulhisi3.o)
 .data          0x00802000        0x0 c:/program files/atmel/atmel toolchain/avr8 gcc/native/3.4.1056/avr8-gnu-toolchain/bin/../lib/gcc/avr/4.8.1/avrxmega7\libgcc.a(_muluhisi3.o)
 .data          0x00802000        0x0 c:/program files/atmel/atmel toolchain/avr8 gcc/native/3.4.1056/avr8-gnu-toolchain/bin/../lib/gcc/avr/4.8.1/../../../../avr/lib/avrxmega7\libc.a(calloc.o)
 .data          0x00802000        0x6 c:/program files/atmel/atmel toolchain/avr8 gcc/native/3.4.1056/avr8-gnu-toolchain/bin/../lib/gcc/avr/4.8.1/../../../../avr/lib/avrxmega7\libc.a(malloc.o)
                0x00802000                __malloc_heap_end
                0x00802002                __malloc_heap_start
                0x00802004                __malloc_margin
 .data          0x00802006        0x0 c:/program files/atmel/atmel toolchain/avr8 gcc/native/3.4.1056/avr8-gnu-toolchain/bin/../lib/gcc/avr/4.8.1/../../../../avr/lib/avrxmega7\libc.a(realloc.o)
 .data          0x00802006        0x0 c:/program files/atmel/atmel toolchain/avr8 gcc/native/3.4.1056/avr8-gnu-toolchain/bin/../lib/gcc/avr/4.8.1/../../../../avr/lib/avrxmega7\libc.a(ftoa_engine.o)
 .data          0x00802006        0x0 c:/program files/atmel/atmel toolchain/avr8 gcc/native/3.4.1056/avr8-gnu-toolchain/bin/../lib/gcc/avr/4.8.1/../../../../avr/lib/avrxmega7\libc.a(toupper.o)
 .data          0x00802006        0x0 c:/program files/atmel/atmel toolchain/avr8 gcc/native/3.4.1056/avr8-gnu-toolchain/bin/../lib/gcc/avr/4.8.1/../../../../avr/lib/avrxmega7\libc.a(strnlen_P.o)
 .data          0x00802006        0x0 c:/program files/atmel/atmel toolchain/avr8 gcc/native/3.4.1056/avr8-gnu-toolchain/bin/../lib/gcc/avr/4.8.1/../../../../avr/lib/avrxmega7\libc.a(strtok.o)
 .data          0x00802006        0x0 c:/program files/atmel/atmel toolchain/avr8 gcc/native/3.4.1056/avr8-gnu-toolchain/bin/../lib/gcc/avr/4.8.1/../../../../avr/lib/avrxmega7\libc.a(memcmp.o)
 .data          0x00802006        0x0 c:/program files/atmel/atmel toolchain/avr8 gcc/native/3.4.1056/avr8-gnu-toolchain/bin/../lib/gcc/avr/4.8.1/../../../../avr/lib/avrxmega7\libc.a(memcpy.o)
 .data          0x00802006        0x0 c:/program files/atmel/atmel toolchain/avr8 gcc/native/3.4.1056/avr8-gnu-toolchain/bin/../lib/gcc/avr/4.8.1/../../../../avr/lib/avrxmega7\libc.a(memset.o)
 .data          0x00802006        0x0 c:/program files/atmel/atmel toolchain/avr8 gcc/native/3.4.1056/avr8-gnu-toolchain/bin/../lib/gcc/avr/4.8.1/../../../../avr/lib/avrxmega7\libc.a(strcat.o)
 .data          0x00802006        0x0 c:/program files/atmel/atmel toolchain/avr8 gcc/native/3.4.1056/avr8-gnu-toolchain/bin/../lib/gcc/avr/4.8.1/../../../../avr/lib/avrxmega7\libc.a(strchr.o)
 .data          0x00802006        0x0 c:/program files/atmel/atmel toolchain/avr8 gcc/native/3.4.1056/avr8-gnu-toolchain/bin/../lib/gcc/avr/4.8.1/../../../../avr/lib/avrxmega7\libc.a(strcmp.o)
 .data          0x00802006        0x0 c:/program files/atmel/atmel toolchain/avr8 gcc/native/3.4.1056/avr8-gnu-toolchain/bin/../lib/gcc/avr/4.8.1/../../../../avr/lib/avrxmega7\libc.a(strcpy.o)
 .data          0x00802006        0x0 c:/program files/atmel/atmel toolchain/avr8 gcc/native/3.4.1056/avr8-gnu-toolchain/bin/../lib/gcc/avr/4.8.1/../../../../avr/lib/avrxmega7\libc.a(strncmp.o)
 .data          0x00802006        0x0 c:/program files/atmel/atmel toolchain/avr8 gcc/native/3.4.1056/avr8-gnu-toolchain/bin/../lib/gcc/avr/4.8.1/../../../../avr/lib/avrxmega7\libc.a(strncpy.o)
 .data          0x00802006        0x0 c:/program files/atmel/atmel toolchain/avr8 gcc/native/3.4.1056/avr8-gnu-toolchain/bin/../lib/gcc/avr/4.8.1/../../../../avr/lib/avrxmega7\libc.a(strnlen.o)
 .data          0x00802006        0x0 c:/program files/atmel/atmel toolchain/avr8 gcc/native/3.4.1056/avr8-gnu-toolchain/bin/../lib/gcc/avr/4.8.1/../../../../avr/lib/avrxmega7\libc.a(strstr.o)
 .data          0x00802006        0x0 c:/program files/atmel/atmel toolchain/avr8 gcc/native/3.4.1056/avr8-gnu-toolchain/bin/../lib/gcc/avr/4.8.1/../../../../avr/lib/avrxmega7\libc.a(strtok_r.o)
 .data          0x00802006        0x0 c:/program files/atmel/atmel toolchain/avr8 gcc/native/3.4.1056/avr8-gnu-toolchain/bin/../lib/gcc/avr/4.8.1/../../../../avr/lib/avrxmega7\libc.a(fputc.o)
 .data          0x00802006        0x0 c:/program files/atmel/atmel toolchain/avr8 gcc/native/3.4.1056/avr8-gnu-toolchain/bin/../lib/gcc/avr/4.8.1/../../../../avr/lib/avrxmega7\libc.a(iob.o)
 .data          0x00802006        0x0 c:/program files/atmel/atmel toolchain/avr8 gcc/native/3.4.1056/avr8-gnu-toolchain/bin/../lib/gcc/avr/4.8.1/../../../../avr/lib/avrxmega7\libc.a(printf.o)
 .data          0x00802006        0x0 c:/program files/atmel/atmel toolchain/avr8 gcc/native/3.4.1056/avr8-gnu-toolchain/bin/../lib/gcc/avr/4.8.1/../../../../avr/lib/avrxmega7\libc.a(puts.o)
 .data          0x00802006        0x0 c:/program files/atmel/atmel toolchain/avr8 gcc/native/3.4.1056/avr8-gnu-toolchain/bin/../lib/gcc/avr/4.8.1/../../../../avr/lib/avrxmega7\libc.a(sprintf.o)
 .data          0x00802006        0x0 c:/program files/atmel/atmel toolchain/avr8 gcc/native/3.4.1056/avr8-gnu-toolchain/bin/../lib/gcc/avr/4.8.1/../../../../avr/lib/avrxmega7\libc.a(sscanf.o)
 .data          0x00802006        0x0 c:/program files/atmel/atmel toolchain/avr8 gcc/native/3.4.1056/avr8-gnu-toolchain/bin/../lib/gcc/avr/4.8.1/../../../../avr/lib/avrxmega7\libc.a(ultoa_invert.o)
 .data          0x00802006        0x0 c:/program files/atmel/atmel toolchain/avr8 gcc/native/3.4.1056/avr8-gnu-toolchain/bin/../lib/gcc/avr/4.8.1/../../../../avr/lib/avrxmega7\libc.a(vfscanf_std.o)
 .data          0x00802006        0x0 c:/program files/atmel/atmel toolchain/avr8 gcc/native/3.4.1056/avr8-gnu-toolchain/bin/../lib/gcc/avr/4.8.1/../../../../avr/lib/avrxmega7\libc.a(eerd_block_atxmega128a4u.o)
 .data          0x00802006        0x0 c:/program files/atmel/atmel toolchain/avr8 gcc/native/3.4.1056/avr8-gnu-toolchain/bin/../lib/gcc/avr/4.8.1/../../../../avr/lib/avrxmega7\libc.a(eeupd_block_atxmega128a4u.o)
 .data          0x00802006        0x0 c:/program files/atmel/atmel toolchain/avr8 gcc/native/3.4.1056/avr8-gnu-toolchain/bin/../lib/gcc/avr/4.8.1/../../../../avr/lib/avrxmega7\libc.a(eeupd_byte_atxmega128a4u.o)
 .data          0x00802006        0x0 c:/program files/atmel/atmel toolchain/avr8 gcc/native/3.4.1056/avr8-gnu-toolchain/bin/../lib/gcc/avr/4.8.1/../../../../avr/lib/avrxmega7\libc.a(eewr_block_atxmega128a4u.o)
 .data          0x00802006        0x0 c:/program files/atmel/atmel toolchain/avr8 gcc/native/3.4.1056/avr8-gnu-toolchain/bin/../lib/gcc/avr/4.8.1/../../../../avr/lib/avrxmega7\libc.a(eewr_byte_atxmega128a4u.o)
 .data          0x00802006        0x0 c:/program files/atmel/atmel toolchain/avr8 gcc/native/3.4.1056/avr8-gnu-toolchain/bin/../lib/gcc/avr/4.8.1/../../../../avr/lib/avrxmega7\libc.a(isspace.o)
 .data          0x00802006        0x0 c:/program files/atmel/atmel toolchain/avr8 gcc/native/3.4.1056/avr8-gnu-toolchain/bin/../lib/gcc/avr/4.8.1/../../../../avr/lib/avrxmega7\libc.a(strchr_P.o)
 .data          0x00802006        0x0 c:/program files/atmel/atmel toolchain/avr8 gcc/native/3.4.1056/avr8-gnu-toolchain/bin/../lib/gcc/avr/4.8.1/../../../../avr/lib/avrxmega7\libc.a(fgetc.o)
 .data          0x00802006        0x0 c:/program files/atmel/atmel toolchain/avr8 gcc/native/3.4.1056/avr8-gnu-toolchain/bin/../lib/gcc/avr/4.8.1/../../../../avr/lib/avrxmega7\libc.a(ungetc.o)
 .data          0x00802006        0x0 c:/program files/atmel/atmel toolchain/avr8 gcc/native/3.4.1056/avr8-gnu-toolchain/bin/../lib/gcc/avr/4.8.1/../../../../avr/lib/avrxmega7\libc.a(eerd_byte_atxmega128a1.o)
 .data          0x00802006        0x0 c:/program files/atmel/atmel toolchain/avr8 gcc/native/3.4.1056/avr8-gnu-toolchain/bin/../lib/gcc/avr/4.8.1/../../../../avr/lib/avrxmega7\libc.a(cty_isfalse.o)
 *(.data*)
 .data.disp_time
                0x00802006        0x1 drivers/rtc/rtc.o
 .data.initial_baseline_counter
                0x00802007        0x1 drivers/sensors/si114x/Si114x_functions.o
 .data.ircorrection
                0x00802008        0x3 drivers/sensors/si114x/Si114x_handler.o
                0x00802008                ircorrection
 .data.scale    0x0080200b        0x2 drivers/sensors/si114x/Si114x_handler.o
                0x0080200b                scale
 .data.noise_margin
                0x0080200d        0x2 drivers/sensors/si114x/Si114x_handler.o
                0x0080200d                noise_margin
 .data.initial_baseline_counter
                0x0080200f        0x1 drivers/sensors/si114x/Si114x_handler.o
 .data.out_of_range.1866
                0x00802010        0x1 drivers/sensors/si114x/slider_algorithm.o
 .data.mystdout
                0x00802011        0xe main.o
 .data.color.4757
                0x0080201f        0x1 modules/display/display.o
 .data.x.4755   0x00802020        0x1 modules/display/display.o
 .data.y.4756   0x00802021        0x1 modules/display/display.o
 .data.prev_pwm.4738
                0x00802022        0x1 modules/display/display.o
 .data.Stat     0x00802023        0x1 modules/fatfs/mmc_avr.o
 *(.rodata)
 .rodata        0x00802024       0x9a drivers/sensors/si114x/slider_algorithm.o
 .rodata        0x008020be       0x18 modules/time_functions/time_functions.o
 *(.rodata*)
 .rodata.str1.1
                0x008020d6       0x3c drivers/port/port.o
 .rodata.str1.1
                0x00802112       0x64 drivers/sensors/si114x/Si114x_functions.o
 .rodata.str1.1
                0x00802176       0xab drivers/sensors/si114x/Si114x_handler.o
 .rodata.str1.1
                0x00802221       0xc5 drivers/sensors/si114x/slider_algorithm.o
 .rodata.str1.1
                0x008022e6       0xef main.o
 .rodata.str1.1
                0x008023d5      0x490 modules/esp8266/esp8266.o
                                0x4ac (size before relaxing)
 .rodata.ESP8266_Baudrate
                0x00802865       0x10 modules/esp8266/esp8266.o
 .rodata.str1.1
                0x00802875       0x53 modules/fatfs/ff.o
 .rodata.str1.1
                0x008028c8      0x4ce modules/menu/menu.o
                                0x4df (size before relaxing)
 .rodata.str1.1
                0x00802d96       0x7e modules/time_functions/time_functions.o
 .rodata.CSWTCH.9
                0x00802e14        0x7 modules/time_functions/time_functions.o
 .rodata.CSWTCH.6
                0x00802e1b       0x18 modules/time_functions/time_functions.o
 .rodata.CSWTCH.4
                0x00802e33       0x10 modules/time_functions/time_functions.o
 .rodata.t.4529
                0x00802e43       0x18 modules/time_functions/time_functions.o
 *(.gnu.linkonce.d*)
                0x00802e5c                . = ALIGN (0x2)
 *fill*         0x00802e5b        0x1 
                0x00802e5c                _edata = .
                0x00802e5c                PROVIDE (__data_end, .)

.bss            0x00802e5c      0xefb
                0x00802e5c                PROVIDE (__bss_start, .)
 *(.bss)
 .bss           0x00802e5c        0x2 c:/program files/atmel/atmel toolchain/avr8 gcc/native/3.4.1056/avr8-gnu-toolchain/bin/../lib/gcc/avr/4.8.1/../../../../avr/lib/avrxmega7\libc.a(strtok.o)
 *(.bss*)
 .bss.offset    0x00802e5e        0x2 drivers/adc/adc.o
                0x00802e5e                offset
 .bss.counter   0x00802e60        0x2 drivers/sensors/si114x/Si114x_functions.o
 .bss.Maxcount.4620
                0x00802e62        0x3 drivers/sensors/si114x/Si114x_handler.o
 .bss.rollingMax.4619
                0x00802e65        0x6 drivers/sensors/si114x/Si114x_handler.o
 .bss.dynamic_baseline.4622
                0x00802e6b        0x6 drivers/sensors/si114x/Si114x_handler.o
 .bss.IRlast.4601
                0x00802e71        0x4 drivers/sensors/si114x/Si114x_handler.o
 .bss.maxLeakage
                0x00802e75        0x6 drivers/sensors/si114x/Si114x_handler.o
                0x00802e75                maxLeakage
 .bss.LED_flash_timeout.1846
                0x00802e7b        0x2 drivers/sensors/si114x/slider_algorithm.o
 .bss.last_xbucket.1865
                0x00802e7d        0x1 drivers/sensors/si114x/slider_algorithm.o
 .bss.LED_flash_pattern.1856
                0x00802e7e        0x8 drivers/sensors/si114x/slider_algorithm.o
 .bss.LED_State.1857
                0x00802e86        0x1 drivers/sensors/si114x/slider_algorithm.o
 .bss.Pause_gesture_timeout.1847
                0x00802e87        0x2 drivers/sensors/si114x/slider_algorithm.o
 .bss.xenter.1868
                0x00802e89        0x2 drivers/sensors/si114x/slider_algorithm.o
 .bss.SwipeStartTime.1848
                0x00802e8b        0x2 drivers/sensors/si114x/slider_algorithm.o
 .bss.xexit.1869
                0x00802e8d        0x2 drivers/sensors/si114x/slider_algorithm.o
 .bss.xlast.1870
                0x00802e8f        0x2 drivers/sensors/si114x/slider_algorithm.o
 .bss.test_val  0x00802e91        0x2 drivers/timer/timer.o
 .bss.n.4953    0x00802e93        0x1 modules/display/display.o
 .bss.ConnectionData
                0x00802e94      0x5b4 modules/esp8266/esp8266.o
 .bss.USARTBuffer
                0x00803448      0x400 modules/esp8266/esp8266.o
 .bss.TMPBuffer
                0x00803848      0x200 modules/esp8266/esp8266.o
 .bss.USART_Buffer
                0x00803a48       0x12 modules/esp8266/esp8266.o
 .bss.TMP_Buffer
                0x00803a5a       0x12 modules/esp8266/esp8266.o
 .bss.CurrVol   0x00803a6c        0x1 modules/fatfs/ff.o
 .bss.Fsid      0x00803a6d        0x2 modules/fatfs/ff.o
 .bss.FatFs     0x00803a6f        0x4 modules/fatfs/ff.o
 .bss.CardType  0x00803a73        0x1 modules/fatfs/mmc_avr.o
 .bss.Timer2    0x00803a74        0x1 modules/fatfs/mmc_avr.o
 .bss.Timer1    0x00803a75        0x1 modules/fatfs/mmc_avr.o
 .bss.WavFifo   0x00803a76        0x2 modules/fatfs/sound.o
 .bss.timestamp
                0x00803a78        0x4 modules/menu/menu.o
 *(COMMON)
 COMMON         0x00803a7c       0xab drivers/adc/adc.o
                0x00803a7c                env
 COMMON         0x00803b27       0xca drivers/dma/dma_functions.o
                0x00803b27                memoryBlockB
                0x00803b8b                gStatus
                0x00803b8c                gInterruptDone
                0x00803b8d                memoryBlockA
 COMMON         0x00803bf1       0x21 drivers/ht1632c/ht1632c.o
                0x00803bf1                alarm_status
                0x00803bf2                ledmatrix
 COMMON         0x00803c12        0x2 drivers/port/port.o
                0x00803c12                btn_status
                0x00803c13                si114x_status
 COMMON         0x00803c14        0x6 drivers/sensors/si114x/Si114x_functions.o
                0x00803c14                baseline
 COMMON         0x00803c1a      0x133 modules/menu/menu.o
                0x00803c1a                connection_open
                0x00803c1b                ESP8266
 COMMON         0x00803d4d        0x4 c:/program files/atmel/atmel toolchain/avr8 gcc/native/3.4.1056/avr8-gnu-toolchain/bin/../lib/gcc/avr/4.8.1/../../../../avr/lib/avrxmega7\libc.a(malloc.o)
                0x00803d4d                __brkval
                0x00803d4f                __flp
 COMMON         0x00803d51        0x6 c:/program files/atmel/atmel toolchain/avr8 gcc/native/3.4.1056/avr8-gnu-toolchain/bin/../lib/gcc/avr/4.8.1/../../../../avr/lib/avrxmega7\libc.a(iob.o)
                0x00803d51                __iob
                0x00803d57                PROVIDE (__bss_end, .)
                0x0000d3f4                __data_load_start = LOADADDR (.data)
                0x0000e250                __data_load_end = (__data_load_start + SIZEOF (.data))

.noinit         0x00803d57        0x0
                0x00803d57                PROVIDE (__noinit_start, .)
 *(.noinit*)
                0x00803d57                PROVIDE (__noinit_end, .)
                0x00803d57                _end = .
                0x00803d57                PROVIDE (__heap_start, .)

.eeprom         0x00810000        0x0
 *(.eeprom*)
                0x00810000                __eeprom_end = .

.fuse
 *(.fuse)
 *(.lfuse)
 *(.hfuse)
 *(.efuse)

.lock
 *(.lock*)

.signature
 *(.signature*)

.user_signatures
 *(.user_signatures*)

.stab
 *(.stab)

.stabstr
 *(.stabstr)

.stab.excl
 *(.stab.excl)

.stab.exclstr
 *(.stab.exclstr)

.stab.index
 *(.stab.index)

.stab.indexstr
 *(.stab.indexstr)

.comment        0x00000000       0x5c
 *(.comment)
 .comment       0x00000000       0x30 4x6_font.o
                                 0x31 (size before relaxing)
 .comment       0x00000000       0x31 drivers/adc/adc.o
 .comment       0x00000000       0x31 drivers/clock/clock.o
 .comment       0x00000000       0x31 drivers/dac/dac.o
 .comment       0x00000000       0x31 drivers/dma/dma.o
 .comment       0x00000000       0x31 drivers/dma/dma_functions.o
 .comment       0x00000000       0x31 drivers/eeprom/eeprom.o
 .comment       0x00000000       0x31 drivers/ht1632c/ht1632c.o
 .comment       0x00000000       0x31 drivers/port/port.o
 .comment       0x00000000       0x31 drivers/power/power.o
 .comment       0x00000000       0x31 drivers/rtc/rtc.o
 .comment       0x00000000       0x31 drivers/sensors/si114x/Si114x_functions.o