Archive member included because of file (symbol)

c:/program files/atmel/atmel toolchain/avr8 gcc/native/3.4.1056/avr8-gnu-toolchain/bin/../lib/gcc/avr/4.8.1/../../../../avr/lib/avrxmega4\libm.a(addsf3.o)
                              fatfs/sound.o (__addsf3)
c:/program files/atmel/atmel toolchain/avr8 gcc/native/3.4.1056/avr8-gnu-toolchain/bin/../lib/gcc/avr/4.8.1/../../../../avr/lib/avrxmega4\libm.a(addsf3x.o)
                              c:/program files/atmel/atmel toolchain/avr8 gcc/native/3.4.1056/avr8-gnu-toolchain/bin/../lib/gcc/avr/4.8.1/../../../../avr/lib/avrxmega4\libm.a(addsf3.o) (__addsf3x)
c:/program files/atmel/atmel toolchain/avr8 gcc/native/3.4.1056/avr8-gnu-toolchain/bin/../lib/gcc/avr/4.8.1/../../../../avr/lib/avrxmega4\libm.a(fixsfsi.o)
                              adc.o (__fixsfsi)
c:/program files/atmel/atmel toolchain/avr8 gcc/native/3.4.1056/avr8-gnu-toolchain/bin/../lib/gcc/avr/4.8.1/../../../../avr/lib/avrxmega4\libm.a(fixunssfsi.o)
                              c:/program files/atmel/atmel toolchain/avr8 gcc/native/3.4.1056/avr8-gnu-toolchain/bin/../lib/gcc/avr/4.8.1/../../../../avr/lib/avrxmega4\libm.a(fixsfsi.o) (__fixunssfsi)
c:/program files/atmel/atmel toolchain/avr8 gcc/native/3.4.1056/avr8-gnu-toolchain/bin/../lib/gcc/avr/4.8.1/../../../../avr/lib/avrxmega4\libm.a(floatsisf.o)
                              fatfs/sound.o (__floatunsisf)
c:/program files/atmel/atmel toolchain/avr8 gcc/native/3.4.1056/avr8-gnu-toolchain/bin/../lib/gcc/avr/4.8.1/../../../../avr/lib/avrxmega4\libm.a(fp_inf.o)
                              c:/program files/atmel/atmel toolchain/avr8 gcc/native/3.4.1056/avr8-gnu-toolchain/bin/../lib/gcc/avr/4.8.1/../../../../avr/lib/avrxmega4\libm.a(addsf3x.o) (__fp_inf)
c:/program files/atmel/atmel toolchain/avr8 gcc/native/3.4.1056/avr8-gnu-toolchain/bin/../lib/gcc/avr/4.8.1/../../../../avr/lib/avrxmega4\libm.a(fp_nan.o)
                              c:/program files/atmel/atmel toolchain/avr8 gcc/native/3.4.1056/avr8-gnu-toolchain/bin/../lib/gcc/avr/4.8.1/../../../../avr/lib/avrxmega4\libm.a(addsf3x.o) (__fp_nan)
c:/program files/atmel/atmel toolchain/avr8 gcc/native/3.4.1056/avr8-gnu-toolchain/bin/../lib/gcc/avr/4.8.1/../../../../avr/lib/avrxmega4\libm.a(fp_pscA.o)
                              c:/program files/atmel/atmel toolchain/avr8 gcc/native/3.4.1056/avr8-gnu-toolchain/bin/../lib/gcc/avr/4.8.1/../../../../avr/lib/avrxmega4\libm.a(addsf3x.o) (__fp_pscA)
c:/program files/atmel/atmel toolchain/avr8 gcc/native/3.4.1056/avr8-gnu-toolchain/bin/../lib/gcc/avr/4.8.1/../../../../avr/lib/avrxmega4\libm.a(fp_pscB.o)
                              c:/program files/atmel/atmel toolchain/avr8 gcc/native/3.4.1056/avr8-gnu-toolchain/bin/../lib/gcc/avr/4.8.1/../../../../avr/lib/avrxmega4\libm.a(addsf3x.o) (__fp_pscB)
c:/program files/atmel/atmel toolchain/avr8 gcc/native/3.4.1056/avr8-gnu-toolchain/bin/../lib/gcc/avr/4.8.1/../../../../avr/lib/avrxmega4\libm.a(fp_round.o)
                              c:/program files/atmel/atmel toolchain/avr8 gcc/native/3.4.1056/avr8-gnu-toolchain/bin/../lib/gcc/avr/4.8.1/../../../../avr/lib/avrxmega4\libm.a(addsf3.o) (__fp_round)
c:/program files/atmel/atmel toolchain/avr8 gcc/native/3.4.1056/avr8-gnu-toolchain/bin/../lib/gcc/avr/4.8.1/../../../../avr/lib/avrxmega4\libm.a(fp_split3.o)
                              c:/program files/atmel/atmel toolchain/avr8 gcc/native/3.4.1056/avr8-gnu-toolchain/bin/../lib/gcc/avr/4.8.1/../../../../avr/lib/avrxmega4\libm.a(addsf3x.o) (__fp_split3)
c:/program files/atmel/atmel toolchain/avr8 gcc/native/3.4.1056/avr8-gnu-toolchain/bin/../lib/gcc/avr/4.8.1/../../../../avr/lib/avrxmega4\libm.a(fp_zero.o)
                              c:/program files/atmel/atmel toolchain/avr8 gcc/native/3.4.1056/avr8-gnu-toolchain/bin/../lib/gcc/avr/4.8.1/../../../../avr/lib/avrxmega4\libm.a(addsf3x.o) (__fp_zero)
c:/program files/atmel/atmel toolchain/avr8 gcc/native/3.4.1056/avr8-gnu-toolchain/bin/../lib/gcc/avr/4.8.1/../../../../avr/lib/avrxmega4\libm.a(mulsf3.o)
                              adc.o (__mulsf3)
c:/program files/atmel/atmel toolchain/avr8 gcc/native/3.4.1056/avr8-gnu-toolchain/bin/../lib/gcc/avr/4.8.1/../../../../avr/lib/avrxmega4\libm.a(mulsf3x.o)
                              c:/program files/atmel/atmel toolchain/avr8 gcc/native/3.4.1056/avr8-gnu-toolchain/bin/../lib/gcc/avr/4.8.1/../../../../avr/lib/avrxmega4\libm.a(mulsf3.o) (__mulsf3x)
c:/program files/atmel/atmel toolchain/avr8 gcc/native/3.4.1056/avr8-gnu-toolchain/bin/../lib/gcc/avr/4.8.1/avrxmega4\libgcc.a(_divmodhi4.o)
                              adc.o (__divmodhi4)
c:/program files/atmel/atmel toolchain/avr8 gcc/native/3.4.1056/avr8-gnu-toolchain/bin/../lib/gcc/avr/4.8.1/avrxmega4\libgcc.a(_udivmodsi4.o)
                              fatfs/ff.o (__udivmodsi4)
c:/program files/atmel/atmel toolchain/avr8 gcc/native/3.4.1056/avr8-gnu-toolchain/bin/../lib/gcc/avr/4.8.1/avrxmega4\libgcc.a(_exit.o)
[...]
Memory Configuration

Name             Origin             Length             Attributes
text             0x00000000         0x00100000         xr
data             0x00802000         0x0000ffa0         rw !x
eeprom           0x00810000         0x00010000         rw !x
fuse             0x00820000         0x00000400         rw !x
lock             0x00830000         0x00000400         rw !x
signature        0x00840000         0x00000400         rw !x
user_signatures  0x00850000         0x00000400         rw !x
*default*        0x00000000         0xffffffff

Linker script and memory map

LOAD c:/program files/atmel/atmel toolchain/avr8 gcc/native/3.4.1056/avr8-gnu-toolchain/bin/../lib/gcc/avr/4.8.1/../../../../avr/lib/avrxmega4/crtx64a4u.o
LOAD 4x6_font.o
LOAD adc.o
LOAD clock.o
LOAD esp8266.o
LOAD fatfs/ff.o
LOAD fatfs/mmc_avr.o
LOAD fatfs/sound.o
LOAD ht1632c.o
LOAD json/jsmn.o
LOAD main.o
LOAD port.o
LOAD power.o
LOAD rtc.o
LOAD sercom.o
LOAD si114x/Si114x_functions.o
LOAD si114x/Si114x_handler.o
LOAD si114x/Si114x_init.o
LOAD si114x/Si114x_sys_out.o
LOAD si114x/slider_algorithm.o
LOAD uart.o
LOAD usb.o
START GROUP
LOAD c:/program files/atmel/atmel toolchain/avr8 gcc/native/3.4.1056/avr8-gnu-toolchain/bin/../lib/gcc/avr/4.8.1/../../../../avr/lib/avrxmega4\libm.a
END GROUP
START GROUP
LOAD c:/program files/atmel/atmel toolchain/avr8 gcc/native/3.4.1056/avr8-gnu-toolchain/bin/../lib/gcc/avr/4.8.1/avrxmega4\libgcc.a
LOAD c:/program files/atmel/atmel toolchain/avr8 gcc/native/3.4.1056/avr8-gnu-toolchain/bin/../lib/gcc/avr/4.8.1/../../../../avr/lib/avrxmega4\libm.a
LOAD c:/program files/atmel/atmel toolchain/avr8 gcc/native/3.4.1056/avr8-gnu-toolchain/bin/../lib/gcc/avr/4.8.1/../../../../avr/lib/avrxmega4\libc.a
END GROUP

.hash
 *(.hash)

.dynsym
 *(.dynsym)

.dynstr
 *(.dynstr)

.gnu.version
 *(.gnu.version)

.gnu.version_d
 *(.gnu.version_d)

.gnu.version_r
 *(.gnu.version_r)

.rel.init
 *(.rel.init)

.rela.init
 *(.rela.init)

.rel.text
 *(.rel.text)
 *(.rel.text.*)
 *(.rel.gnu.linkonce.t*)

.rela.text
 *(.rela.text)
 *(.rela.text.*)
 *(.rela.gnu.linkonce.t*)

.rel.fini
 *(.rel.fini)

.rela.fini
 *(.rela.fini)

.rel.rodata
 *(.rel.rodata)
 *(.rel.rodata.*)
 *(.rel.gnu.linkonce.r*)

.rela.rodata
 *(.rela.rodata)
 *(.rela.rodata.*)
 *(.rela.gnu.linkonce.r*)

.rel.data
 *(.rel.data)
 *(.rel.data.*)
 *(.rel.gnu.linkonce.d*)

.rela.data
 *(.rela.data)
 *(.rela.data.*)
 *(.rela.gnu.linkonce.d*)

.rel.ctors
 *(.rel.ctors)

.rela.ctors
 *(.rela.ctors)

.rel.dtors
 *(.rel.dtors)

.rela.dtors
 *(.rela.dtors)

.rel.got
 *(.rel.got)

.rela.got
 *(.rela.got)

.rel.bss
 *(.rel.bss)

.rela.bss
 *(.rela.bss)

.rel.plt
 *(.rel.plt)

.rela.plt
 *(.rela.plt)

.text           0x00000000     0x8478
 *(.vectors)
 .vectors       0x00000000      0x1fc c:/program files/atmel/atmel toolchain/avr8 gcc/native/3.4.1056/avr8-gnu-toolchain/bin/../lib/gcc/avr/4.8.1/../../../../avr/lib/avrxmega4/crtx64a4u.o
                0x00000000                __vector_default
                0x00000000                __vectors
 *(.vectors)
 *(.progmem.gcc*)
 .progmem.gcc_sw_table.disk_ioctl
                0x000001fc       0x6e fatfs/mmc_avr.o
                0x0000026a                . = ALIGN (0x2)
                0x0000026a                __trampolines_start = .
 *(.trampolines)
 .trampolines   0x0000026a        0x0 linker stubs
 *(.trampolines*)
                0x0000026a                __trampolines_end = .
 *(.progmem*)
 .progmem.data.font
                0x0000026a      0x4fb ht1632c.o
                0x00000766                . = ALIGN (0x2)
 *fill*         0x00000765        0x1 
 *(.jumptables)
 *(.jumptables*)
 *(.lowtext)
 *(.lowtext*)
                0x00000766                __ctors_start = .
 *(.ctors)
                0x00000766                __ctors_end = .
                0x00000766                __dtors_start = .
 *(.dtors)
                0x00000766                __dtors_end = .
 SORT(*)(.ctors)
 SORT(*)(.dtors)
 *(.init0)
 .init0         0x00000766        0x0 c:/program files/atmel/atmel toolchain/avr8 gcc/native/3.4.1056/avr8-gnu-toolchain/bin/../lib/gcc/avr/4.8.1/../../../../avr/lib/avrxmega4/crtx64a4u.o
                0x00000766                __init
 *(.init0)
 *(.init1)
 *(.init1)
 *(.init2)
 .init2         0x00000766        0xc c:/program files/atmel/atmel toolchain/avr8 gcc/native/3.4.1056/avr8-gnu-toolchain/bin/../lib/gcc/avr/4.8.1/../../../../avr/lib/avrxmega4/crtx64a4u.o
 *(.init2)
 *(.init3)
 *(.init3)
 *(.init4)
 .init4         0x00000772       0x1a c:/program files/atmel/atmel toolchain/avr8 gcc/native/3.4.1056/avr8-gnu-toolchain/bin/../lib/gcc/avr/4.8.1/avrxmega4\libgcc.a(_copy_data.o)
                0x00000772                __do_copy_data
 .init4         0x0000078c       0x10 c:/program files/atmel/atmel toolchain/avr8 gcc/native/3.4.1056/avr8-gnu-toolchain/bin/../lib/gcc/avr/4.8.1/avrxmega4\libgcc.a(_clear_bss.o)
                0x0000078c                __do_clear_bss
 *(.init4)
 *(.init5)
 *(.init5)
 *(.init6)
 *(.init6)
 *(.init7)
 *(.init7)
 *(.init8)
 *(.init8)
 *(.init9)
 .init9         0x0000079c        0x8 c:/program files/atmel/atmel toolchain/avr8 gcc/native/3.4.1056/avr8-gnu-toolchain/bin/../lib/gcc/avr/4.8.1/../../../../avr/lib/avrxmega4/crtx64a4u.o
 *(.init9)
 *(.text)
 .text          0x000007a4        0x2 c:/program files/atmel/atmel toolchain/avr8 gcc/native/3.4.1056/avr8-gnu-toolchain/bin/../lib/gcc/avr/4.8.1/../../../../avr/lib/avrxmega4/crtx64a4u.o
                0x000007a4                __vector_38
                0x000007a4                __vector_104
                0x000007a4                __vector_22
                0x000007a4                __vector_63
                0x000007a4                __vector_28
                0x000007a4                __vector_67
                0x000007a4                __vector_1
                0x000007a4                __vector_119
                0x000007a4                __vector_32
                0x000007a4                __vector_75
                0x000007a4                __vector_71
                0x000007a4                __vector_91
                0x000007a4                __vector_34
                0x000007a4                __vector_62
                0x000007a4                __vector_77
                0x000007a4                __vector_102
                0x000007a4                __vector_24
                0x000007a4                __vector_12
                0x000007a4                __vector_55
                0x000007a4                __vector_69
                0x000007a4                __vector_81
                0x000007a4                __vector_90
                0x000007a4                __vector_46
                0x000007a4                __bad_interrupt
                0x000007a4                __vector_122
                0x000007a4                __vector_72
                0x000007a4                __vector_114
                0x000007a4                __vector_6
                0x000007a4                __vector_110
                0x000007a4                __vector_31
                0x000007a4                __vector_92
                0x000007a4                __vector_35
                0x000007a4                __vector_78
                0x000007a4                __vector_74
                0x000007a4                __vector_117
                0x000007a4                __vector_39
                0x000007a4                __vector_107
                0x000007a4                __vector_3
                0x000007a4                __vector_105
                0x000007a4                __vector_98
                0x000007a4                __vector_23
                0x000007a4                __vector_68
                0x000007a4                __vector_30
                0x000007a4                __vector_73
                0x000007a4                __vector_45
                0x000007a4                __vector_25
                0x000007a4                __vector_93
                0x000007a4                __vector_61
                0x000007a4                __vector_11
                0x000007a4                __vector_54
                0x000007a4                __vector_99
                0x000007a4                __vector_13
                0x000007a4                __vector_17
                0x000007a4                __vector_19
                0x000007a4                __vector_56
                0x000007a4                __vector_7
                0x000007a4                __vector_125
                0x000007a4                __vector_49
                0x000007a4                __vector_123
                0x000007a4                __vector_41
                0x000007a4                __vector_86
                0x000007a4                __vector_100
                0x000007a4                __vector_101
                0x000007a4                __vector_64
                0x000007a4                __vector_109
                0x000007a4                __vector_43
                0x000007a4                __vector_27
                0x000007a4                __vector_5
                0x000007a4                __vector_113
                0x000007a4                __vector_33
                0x000007a4                __vector_76
                0x000007a4                __vector_115
                0x000007a4                __vector_47
                0x000007a4                __vector_52
                0x000007a4                __vector_37
                0x000007a4                __vector_95
                0x000007a4                __vector_103
                0x000007a4                __vector_96
                0x000007a4                __vector_89
                0x000007a4                __vector_108
                0x000007a4                __vector_4
                0x000007a4                __vector_44
                0x000007a4                __vector_82
                0x000007a4                __vector_106
                0x000007a4                __vector_118
                0x000007a4                __vector_51
                0x000007a4                __vector_9
                0x000007a4                __vector_2
                0x000007a4                __vector_21
                0x000007a4                __vector_15
                0x000007a4                __vector_36
                0x000007a4                __vector_79
                0x000007a4                __vector_58
                0x000007a4                __vector_70
                0x000007a4                __vector_83
                0x000007a4                __vector_29
                0x000007a4                __vector_60
                0x000007a4                __vector_121
                0x000007a4                __vector_40
                0x000007a4                __vector_85
                0x000007a4                __vector_94
                0x000007a4                __vector_126
                0x000007a4                __vector_8
                0x000007a4                __vector_26
                0x000007a4                __vector_48
                0x000007a4                __vector_124
                0x000007a4                __vector_116
                0x000007a4                __vector_112
                0x000007a4                __vector_111
                0x000007a4                __vector_80
                0x000007a4                __vector_84
                0x000007a4                __vector_57
                0x000007a4                __vector_53
                0x000007a4                __vector_50
                0x000007a4                __vector_16
                0x000007a4                __vector_59
                0x000007a4                __vector_18
                0x000007a4                __vector_97
                0x000007a4                __vector_20
                0x000007a4                __vector_42
                0x000007a4                __vector_87
                0x000007a4                __vector_65
                0x000007a4                __vector_120
                0x000007a6                . = ALIGN (0x2)
 *(.text.*)
 .text.clock_setup_32_mhz
                0x000007a6       0x1e clock.o
                0x000007a6                clock_setup_32_mhz
 .text.esp8266_on
                0x000007c4       0x22 esp8266.o
                0x000007c4                esp8266_on
 .text.esp8266_join_ap
                0x000007e6      0x13a esp8266.o
                0x000007e6                esp8266_join_ap
 .text.esp8266_setup_webserver
                0x00000920      0x1e4 esp8266.o
                0x00000920                esp8266_setup_webserver
 .text.at_cipsend
                0x00000b04      0x108 esp8266.o
                0x00000b04                at_cipsend
 .text.esp8266_run_simple_webserver
                0x00000c0c       0x84 esp8266.o
                0x00000c0c                esp8266_run_simple_webserver
 .text.__vector_88
                0x00000c90       0x56 esp8266.o
                0x00000c90                __vector_88
 .text.sync_window.part.2
                0x00000ce6       0xc2 fatfs/ff.o
 .text.move_window
                0x00000da8      0x11c fatfs/ff.o
 .text.sync_fs  0x00000ec4      0x182 fatfs/ff.o
 .text.put_fat.part.6
                0x00001046      0x678 fatfs/ff.o
 .text.get_fat.part.4
                0x000016be      0x5de fatfs/ff.o
 .text.dir_sdi  0x00001c9c      0x1ce fatfs/ff.o
 .text.create_chain
                0x00001e6a      0x81e fatfs/ff.o
 .text.dir_alloc.constprop.10
                0x00002688      0x4f6 fatfs/ff.o
 .text.dir_register
                0x00002b7e      0x20a fatfs/ff.o
 .text.follow_path
                0x00002d88      0x6be fatfs/ff.o
 .text.find_volume
                0x00003446      0x8fe fatfs/ff.o
 .text.f_mount  0x00003d44       0xca fatfs/ff.o
                0x00003d44                f_mount
 .text.f_open   0x00003e0e     0x1240 fatfs/ff.o
                0x00003e0e                f_open
 .text.f_read   0x0000504e      0x506 fatfs/ff.o
                0x0000504e                f_read
 .text.f_close  0x00005554      0x1e6 fatfs/ff.o
                0x00005554                f_close
 .text.rcvr_datablock
                0x0000573a       0x7c fatfs/mmc_avr.o
 .text.send_cmd
                0x000057b6      0x106 fatfs/mmc_avr.o
 .text.disk_initialize
                0x000058bc      0x182 fatfs/mmc_avr.o
                0x000058bc                disk_initialize
 .text.disk_status
                0x00005a3e        0xe fatfs/mmc_avr.o
                0x00005a3e                disk_status
 .text.disk_read
                0x00005a4c       0xfe fatfs/mmc_avr.o
                0x00005a4c                disk_read
 .text.disk_write
                0x00005b4a      0x19a fatfs/mmc_avr.o
                0x00005b4a                disk_write
 .text.disk_ioctl
                0x00005ce4      0x43a fatfs/mmc_avr.o
                0x00005ce4                disk_ioctl
 .text.__vector_14
                0x0000611e      0x14e fatfs/sound.o
                0x0000611e                __vector_14
 .text.ht1632c_setup
                0x0000626c      0x55a ht1632c.o
                0x0000626c                ht1632c_setup
 .text.ht1632c_set_brightness
                0x000067c6      0x11e ht1632c.o
                0x000067c6                ht1632c_set_brightness
 .text.ht1632c_refresh_screen
                0x000068e4      0x2b4 ht1632c.o
                0x000068e4                ht1632c_refresh_screen
 .text.ht1632c_clear_screen
                0x00006b98       0x10 ht1632c.o
                0x00006b98                ht1632c_clear_screen
 .text.ht1632c_draw_char
                0x00006ba8      0x38a ht1632c.o
                0x00006ba8                ht1632c_draw_char
 .text.jsmn_init
                0x00006f32       0x14 json/jsmn.o
                0x00006f32                jsmn_init
 .text.startup.main
                0x00006f46       0xf4 main.o
                0x00006f46                main
 .text.__vector_66
                0x0000703a       0x4e port.o
                0x0000703a                __vector_66
 .text.__vector_10
                0x00007088       0x86 rtc.o
                0x00007088                __vector_10
 .text.spi_on   0x0000710e       0x14 sercom.o
                0x0000710e                spi_on
 .text.spi_off  0x00007122       0x1e sercom.o
                0x00007122                spi_off
 .text.spi_wr_rd
                0x00007140       0x12 sercom.o
                0x00007140                spi_wr_rd
 .text.twi_setup
                0x00007152       0x14 sercom.o
                0x00007152                twi_setup
 .text.twi_write_packet
                0x00007166       0xb2 sercom.o
                0x00007166                twi_write_packet
 .text.i2c_write_data
                0x00007218       0x30 sercom.o
                0x00007218                i2c_write_data
 .text.i2c_read_data
                0x00007248       0x4e sercom.o
                0x00007248                i2c_read_data
 .text.Si114xPauseAll
                0x00007296       0xb4 si114x/Si114x_functions.o
                0x00007296                Si114xPauseAll
 .text.si114x_reset
                0x0000734a       0x86 si114x/Si114x_functions.o
                0x0000734a                si114x_reset
 .text.si114x_init
                0x000073d0      0x60e si114x/Si114x_functions.o
                0x000073d0                si114x_init
 .text.si114x_setup
                0x000079de        0xc si114x/Si114x_functions.o
                0x000079de                si114x_setup
 .text.Si114xWriteToRegister
                0x000079ea        0x8 si114x/Si114x_sys_out.o
                0x000079ea                Si114xWriteToRegister
 .text.Si114xReadFromRegister
                0x000079f2        0x8 si114x/Si114x_sys_out.o
                0x000079f2                Si114xReadFromRegister
 .text.Si114xBlockWrite
                0x000079fa       0x20 si114x/Si114x_sys_out.o
                0x000079fa                Si114xBlockWrite
 .text.delay_10ms
                0x00007a1a       0x14 si114x/Si114x_sys_out.o
                0x00007a1a                delay_10ms
 .text.uart_setup
                0x00007a2e       0x22 uart.o
                0x00007a2e                uart_setup
 .text.uart_put_char
                0x00007a50        0xe uart.o
                0x00007a50                uart_put_char
 .text.uart_get_char
                0x00007a5e        0xe uart.o
                0x00007a5e                uart_get_char
 .text.avr-libc.fplib
                0x00007a6c        0xa c:/program files/atmel/atmel toolchain/avr8 gcc/native/3.4.1056/avr8-gnu-toolchain/bin/../lib/gcc/avr/4.8.1/../../../../avr/lib/avrxmega4\libm.a(addsf3.o)
                0x00007a6c                __subsf3
                0x00007a6e                __addsf3
 .text.avr-libc.fplib
                0x00007a76       0xc0 c:/program files/atmel/atmel toolchain/avr8 gcc/native/3.4.1056/avr8-gnu-toolchain/bin/../lib/gcc/avr/4.8.1/../../../../avr/lib/avrxmega4\libm.a(addsf3x.o)
                0x00007a90                __addsf3x
 .text.avr-libc.fplib
                0x00007b36        0xa c:/program files/atmel/atmel toolchain/avr8 gcc/native/3.4.1056/avr8-gnu-toolchain/bin/../lib/gcc/avr/4.8.1/../../../../avr/lib/avrxmega4\libm.a(fixsfsi.o)
                0x00007b36                __fixsfsi
 .text.avr-libc.fplib
                0x00007b40       0x58 c:/program files/atmel/atmel toolchain/avr8 gcc/native/3.4.1056/avr8-gnu-toolchain/bin/../lib/gcc/avr/4.8.1/../../../../avr/lib/avrxmega4\libm.a(fixunssfsi.o)
                0x00007b40                __fixunssfsi
 .text.avr-libc.fplib
                0x00007b98       0x7a c:/program files/atmel/atmel toolchain/avr8 gcc/native/3.4.1056/avr8-gnu-toolchain/bin/../lib/gcc/avr/4.8.1/../../../../avr/lib/avrxmega4\libm.a(floatsisf.o)
                0x00007b98                __floatunsisf
                0x00007b9c                __floatsisf
 .text.avr-libc.fplib
                0x00007c12        0xc c:/program files/atmel/atmel toolchain/avr8 gcc/native/3.4.1056/avr8-gnu-toolchain/bin/../lib/gcc/avr/4.8.1/../../../../avr/lib/avrxmega4\libm.a(fp_inf.o)
                0x00007c12                __fp_inf
 .text.avr-libc.fplib
                0x00007c1e        0x6 c:/program files/atmel/atmel toolchain/avr8 gcc/native/3.4.1056/avr8-gnu-toolchain/bin/../lib/gcc/avr/4.8.1/../../../../avr/lib/avrxmega4\libm.a(fp_nan.o)
                0x00007c1e                __fp_nan
 .text.avr-libc.fplib
                0x00007c24        0xe c:/program files/atmel/atmel toolchain/avr8 gcc/native/3.4.1056/avr8-gnu-toolchain/bin/../lib/gcc/avr/4.8.1/../../../../avr/lib/avrxmega4\libm.a(fp_pscA.o)
                0x00007c24                __fp_pscA
 .text.avr-libc.fplib
                0x00007c32        0xe c:/program files/atmel/atmel toolchain/avr8 gcc/native/3.4.1056/avr8-gnu-toolchain/bin/../lib/gcc/avr/4.8.1/../../../../avr/lib/avrxmega4\libm.a(fp_pscB.o)
                0x00007c32                __fp_pscB
 .text.avr-libc.fplib
                0x00007c40       0x22 c:/program files/atmel/atmel toolchain/avr8 gcc/native/3.4.1056/avr8-gnu-toolchain/bin/../lib/gcc/avr/4.8.1/../../../../avr/lib/avrxmega4\libm.a(fp_round.o)
                0x00007c40                __fp_round
 .text.avr-libc.fplib
                0x00007c62       0x44 c:/program files/atmel/atmel toolchain/avr8 gcc/native/3.4.1056/avr8-gnu-toolchain/bin/../lib/gcc/avr/4.8.1/../../../../avr/lib/avrxmega4\libm.a(fp_split3.o)
                0x00007c62                __fp_split3
                0x00007c72                __fp_splitA
 .text.avr-libc.fplib
                0x00007ca6        0xe c:/program files/atmel/atmel toolchain/avr8 gcc/native/3.4.1056/avr8-gnu-toolchain/bin/../lib/gcc/avr/4.8.1/../../../../avr/lib/avrxmega4\libm.a(fp_zero.o)
                0x00007ca6                __fp_zero
                0x00007ca8                __fp_szero
 .text.avr-libc.fplib
                0x00007cb4        0x4 c:/program files/atmel/atmel toolchain/avr8 gcc/native/3.4.1056/avr8-gnu-toolchain/bin/../lib/gcc/avr/4.8.1/../../../../avr/lib/avrxmega4\libm.a(mulsf3.o)
                0x00007cb4                __mulsf3
 .text.avr-libc.fplib
                0x00007cb8       0xc2 c:/program files/atmel/atmel toolchain/avr8 gcc/native/3.4.1056/avr8-gnu-toolchain/bin/../lib/gcc/avr/4.8.1/../../../../avr/lib/avrxmega4\libm.a(mulsf3x.o)
                0x00007ccc                __mulsf3x
                0x00007cd0                __mulsf3_pse
 .text.libgcc.div
                0x00007d7a       0x26 c:/program files/atmel/atmel toolchain/avr8 gcc/native/3.4.1056/avr8-gnu-toolchain/bin/../lib/gcc/avr/4.8.1/avrxmega4\libgcc.a(_divmodhi4.o)
                0x00007d7a                _div
                0x00007d7a                __divmodhi4
 .text.libgcc.div
                0x00007da0       0x44 c:/program files/atmel/atmel toolchain/avr8 gcc/native/3.4.1056/avr8-gnu-toolchain/bin/../lib/gcc/avr/4.8.1/avrxmega4\libgcc.a(_udivmodsi4.o)
                0x00007da0                __udivmodsi4
 .text.libgcc   0x00007de4        0xc c:/program files/atmel/atmel toolchain/avr8 gcc/native/3.4.1056/avr8-gnu-toolchain/bin/../lib/gcc/avr/4.8.1/avrxmega4\libgcc.a(_tablejump.o)
                0x00007de4                __tablejump2__
                0x00007de8                __tablejump__
 .text.libgcc.mul
                0x00007df0       0x1e c:/program files/atmel/atmel toolchain/avr8 gcc/native/3.4.1056/avr8-gnu-toolchain/bin/../lib/gcc/avr/4.8.1/avrxmega4\libgcc.a(_umulhisi3.o)
                0x00007df0                __umulhisi3
 .text.libgcc.mul
                0x00007e0e       0x14 c:/program files/atmel/atmel toolchain/avr8 gcc/native/3.4.1056/avr8-gnu-toolchain/bin/../lib/gcc/avr/4.8.1/avrxmega4\libgcc.a(_muluhisi3.o)
                0x00007e0e                __muluhisi3
 .text.libgcc.div
                0x00007e22       0x28 c:/program files/atmel/atmel toolchain/avr8 gcc/native/3.4.1056/avr8-gnu-toolchain/bin/../lib/gcc/avr/4.8.1/avrxmega4\libgcc.a(_udivmodhi4.o)
                0x00007e22                __udivmodhi4
 .text.avr-libc
                0x00007e4a        0xe c:/program files/atmel/atmel toolchain/avr8 gcc/native/3.4.1056/avr8-gnu-toolchain/bin/../lib/gcc/avr/4.8.1/../../../../avr/lib/avrxmega4\libc.a(strcpy.o)
                0x00007e4a                strcpy
 .text.avr-libc
                0x00007e58       0x34 c:/program files/atmel/atmel toolchain/avr8 gcc/native/3.4.1056/avr8-gnu-toolchain/bin/../lib/gcc/avr/4.8.1/../../../../avr/lib/avrxmega4\libc.a(strstr.o)
                0x00007e58                strstr
 .text.avr-libc
                0x00007e8c       0x22 c:/program files/atmel/atmel toolchain/avr8 gcc/native/3.4.1056/avr8-gnu-toolchain/bin/../lib/gcc/avr/4.8.1/../../../../avr/lib/avrxmega4\libc.a(printf.o)
                0x00007e8c                printf
 .text.avr-libc
                0x00007eae       0x5a c:/program files/atmel/atmel toolchain/avr8 gcc/native/3.4.1056/avr8-gnu-toolchain/bin/../lib/gcc/avr/4.8.1/../../../../avr/lib/avrxmega4\libc.a(puts.o)
                0x00007eae                puts
 .text.avr-libc
                0x00007f08       0x50 c:/program files/atmel/atmel toolchain/avr8 gcc/native/3.4.1056/avr8-gnu-toolchain/bin/../lib/gcc/avr/4.8.1/../../../../avr/lib/avrxmega4\libc.a(sprintf.o)
                0x00007f08                sprintf
 .text.avr-libc
                0x00007f58      0x3d0 c:/program files/atmel/atmel toolchain/avr8 gcc/native/3.4.1056/avr8-gnu-toolchain/bin/../lib/gcc/avr/4.8.1/../../../../avr/lib/avrxmega4\libc.a(vfprintf_std.o)
                0x00007f58                vfprintf
 .text.avr-libc
                0x00008328       0x16 c:/program files/atmel/atmel toolchain/avr8 gcc/native/3.4.1056/avr8-gnu-toolchain/bin/../lib/gcc/avr/4.8.1/../../../../avr/lib/avrxmega4\libc.a(strnlen_P.o)
                0x00008328                strnlen_P
 .text.avr-libc
                0x0000833e       0x16 c:/program files/atmel/atmel toolchain/avr8 gcc/native/3.4.1056/avr8-gnu-toolchain/bin/../lib/gcc/avr/4.8.1/../../../../avr/lib/avrxmega4\libc.a(strnlen.o)
                0x0000833e                strnlen
 .text.avr-libc
                0x00008354       0x64 c:/program files/atmel/atmel toolchain/avr8 gcc/native/3.4.1056/avr8-gnu-toolchain/bin/../lib/gcc/avr/4.8.1/../../../../avr/lib/avrxmega4\libc.a(fputc.o)
                0x00008354                fputc
 .text.avr-libc
                0x000083b8       0xbc c:/program files/atmel/atmel toolchain/avr8 gcc/native/3.4.1056/avr8-gnu-toolchain/bin/../lib/gcc/avr/4.8.1/../../../../avr/lib/avrxmega4\libc.a(ultoa_invert.o)
                0x000083b8                __ultoa_invert
                0x00008474                . = ALIGN (0x2)
 *(.fini9)
 .fini9         0x00008474        0x0 c:/program files/atmel/atmel toolchain/avr8 gcc/native/3.4.1056/avr8-gnu-toolchain/bin/../lib/gcc/avr/4.8.1/avrxmega4\libgcc.a(_exit.o)
                0x00008474                _exit
                0x00008474                exit
 *(.fini9)
 *(.fini8)
 *(.fini8)
 *(.fini7)
 *(.fini7)
 *(.fini6)
 *(.fini6)
 *(.fini5)
 *(.fini5)
 *(.fini4)
 *(.fini4)
 *(.fini3)
 *(.fini3)
 *(.fini2)
 *(.fini2)
 *(.fini1)
 *(.fini1)
 *(.fini0)
 .fini0         0x00008474        0x4 c:/program files/atmel/atmel toolchain/avr8 gcc/native/3.4.1056/avr8-gnu-toolchain/bin/../lib/gcc/avr/4.8.1/avrxmega4\libgcc.a(_exit.o)
 *(.fini0)
                0x00008478                _etext = .

.data           0x00802000      0x1ae load address 0x00008478
                0x00802000                PROVIDE (__data_start, .)
 *(.data)
 .data          0x00802000        0x0 c:/program files/atmel/atmel toolchain/avr8 gcc/native/3.4.1056/avr8-gnu-toolchain/bin/../lib/gcc/avr/4.8.1/../../../../avr/lib/avrxmega4/crtx64a4u.o
 .data          0x00802000        0x0 4x6_font.o
 .data          0x00802000        0x0 adc.o
 .data          0x00802000        0x0 clock.o
 .data          0x00802000        0x0 esp8266.o
 .data          0x00802000        0x0 fatfs/ff.o
 .data          0x00802000        0x0 fatfs/mmc_avr.o
 .data          0x00802000        0x0 fatfs/sound.o
 .data          0x00802000        0x0 ht1632c.o
 .data          0x00802000        0x0 json/jsmn.o
 .data          0x00802000        0x0 main.o
 .data          0x00802000        0x0 port.o
 .data          0x00802000        0x0 power.o
 .data          0x00802000        0x0 rtc.o
 .data          0x00802000        0x0 sercom.o
 .data          0x00802000        0x0 si114x/Si114x_functions.o
 .data          0x00802000        0x0 si114x/Si114x_handler.o
 .data          0x00802000        0x0 si114x/Si114x_init.o
 .data          0x00802000        0x0 si114x/Si114x_sys_out.o
 .data          0x00802000        0x0 si114x/slider_algorithm.o
 .data          0x00802000        0x0 uart.o
 .data          0x00802000        0x0 usb.o
 .data          0x00802000        0x0 c:/program files/atmel/atmel toolchain/avr8 gcc/native/3.4.1056/avr8-gnu-toolchain/bin/../lib/gcc/avr/4.8.1/../../../../avr/lib/avrxmega4\libm.a(addsf3.o)
 .data          0x00802000        0x0 c:/program files/atmel/atmel toolchain/avr8 gcc/native/3.4.1056/avr8-gnu-toolchain/bin/../lib/gcc/avr/4.8.1/../../../../avr/lib/avrxmega4\libm.a(addsf3x.o)
 .data          0x00802000        0x0 c:/program files/atmel/atmel toolchain/avr8 gcc/native/3.4.1056/avr8-gnu-toolchain/bin/../lib/gcc/avr/4.8.1/../../../../avr/lib/avrxmega4\libm.a(fixsfsi.o)
 .data          0x00802000        0x0 c:/program files/atmel/atmel toolchain/avr8 gcc/native/3.4.1056/avr8-gnu-toolchain/bin/../lib/gcc/avr/4.8.1/../../../../avr/lib/avrxmega4\libm.a(fixunssfsi.o)
 .data          0x00802000        0x0 c:/program files/atmel/atmel toolchain/avr8 gcc/native/3.4.1056/avr8-gnu-toolchain/bin/../lib/gcc/avr/4.8.1/../../../../avr/lib/avrxmega4\libm.a(floatsisf.o)
 .data          0x00802000        0x0 c:/program files/atmel/atmel toolchain/avr8 gcc/native/3.4.1056/avr8-gnu-toolchain/bin/../lib/gcc/avr/4.8.1/../../../../avr/lib/avrxmega4\libm.a(fp_inf.o)
 .data          0x00802000        0x0 c:/program files/atmel/atmel toolchain/avr8 gcc/native/3.4.1056/avr8-gnu-toolchain/bin/../lib/gcc/avr/4.8.1/../../../../avr/lib/avrxmega4\libm.a(fp_nan.o)
 .data          0x00802000        0x0 c:/program files/atmel/atmel toolchain/avr8 gcc/native/3.4.1056/avr8-gnu-toolchain/bin/../lib/gcc/avr/4.8.1/../../../../avr/lib/avrxmega4\libm.a(fp_pscA.o)
 .data          0x00802000        0x0 c:/program files/atmel/atmel toolchain/avr8 gcc/native/3.4.1056/avr8-gnu-toolchain/bin/../lib/gcc/avr/4.8.1/../../../../avr/lib/avrxmega4\libm.a(fp_pscB.o)
 .data          0x00802000        0x0 c:/program files/atmel/atmel toolchain/avr8 gcc/native/3.4.1056/avr8-gnu-toolchain/bin/../lib/gcc/avr/4.8.1/../../../../avr/lib/avrxmega4\libm.a(fp_round.o)
 .data          0x00802000        0x0 c:/program files/atmel/atmel toolchain/avr8 gcc/native/3.4.1056/avr8-gnu-toolchain/bin/../lib/gcc/avr/4.8.1/../../../../avr/lib/avrxmega4\libm.a(fp_split3.o)
 .data          0x00802000        0x0 c:/program files/atmel/atmel toolchain/avr8 gcc/native/3.4.1056/avr8-gnu-toolchain/bin/../lib/gcc/avr/4.8.1/../../../../avr/lib/avrxmega4\libm.a(fp_zero.o)
 .data          0x00802000        0x0 c:/program files/atmel/atmel toolchain/avr8 gcc/native/3.4.1056/avr8-gnu-toolchain/bin/../lib/gcc/avr/4.8.1/../../../../avr/lib/avrxmega4\libm.a(mulsf3.o)
 .data          0x00802000        0x0 c:/program files/atmel/atmel toolchain/avr8 gcc/native/3.4.1056/avr8-gnu-toolchain/bin/../lib/gcc/avr/4.8.1/../../../../avr/lib/avrxmega4\libm.a(mulsf3x.o)
 .data          0x00802000        0x0 c:/program files/atmel/atmel toolchain/avr8 gcc/native/3.4.1056/avr8-gnu-toolchain/bin/../lib/gcc/avr/4.8.1/avrxmega4\libgcc.a(_divmodhi4.o)
 .data          0x00802000        0x0 c:/program files/atmel/atmel toolchain/avr8 gcc/native/3.4.1056/avr8-gnu-toolchain/bin/../lib/gcc/avr/4.8.1/avrxmega4\libgcc.a(_udivmodsi4.o)
 .data          0x00802000        0x0 c:/program files/atmel/atmel toolchain/avr8 gcc/native/3.4.1056/avr8-gnu-toolchain/bin/../lib/gcc/avr/4.8.1/avrxmega4\libgcc.a(_exit.o)
 .data          0x00802000        0x0 c:/program files/atmel/atmel toolchain/avr8 gcc/native/3.4.1056/avr8-gnu-toolchain/bin/../lib/gcc/avr/4.8.1/avrxmega4\libgcc.a(_tablejump.o)
 .data          0x00802000        0x0 c:/program files/atmel/atmel toolchain/avr8 gcc/native/3.4.1056/avr8-gnu-toolchain/bin/../lib/gcc/avr/4.8.1/avrxmega4\libgcc.a(_copy_data.o)
 .data          0x00802000        0x0 c:/program files/atmel/atmel toolchain/avr8 gcc/native/3.4.1056/avr8-gnu-toolchain/bin/../lib/gcc/avr/4.8.1/avrxmega4\libgcc.a(_clear_bss.o)
 .data          0x00802000        0x0 c:/program files/atmel/atmel toolchain/avr8 gcc/native/3.4.1056/avr8-gnu-toolchain/bin/../lib/gcc/avr/4.8.1/avrxmega4\libgcc.a(_umulhisi3.o)
 .data          0x00802000        0x0 c:/program files/atmel/atmel toolchain/avr8 gcc/native/3.4.1056/avr8-gnu-toolchain/bin/../lib/gcc/avr/4.8.1/avrxmega4\libgcc.a(_muluhisi3.o)
 .data          0x00802000        0x0 c:/program files/atmel/atmel toolchain/avr8 gcc/native/3.4.1056/avr8-gnu-toolchain/bin/../lib/gcc/avr/4.8.1/avrxmega4\libgcc.a(_udivmodhi4.o)
 .data          0x00802000        0x4 c:/program files/atmel/atmel toolchain/avr8 gcc/native/3.4.1056/avr8-gnu-toolchain/bin/../lib/gcc/avr/4.8.1/../../../../avr/lib/avrxmega4\libc.a(rand.o)
 .data          0x00802004        0x0 c:/program files/atmel/atmel toolchain/avr8 gcc/native/3.4.1056/avr8-gnu-toolchain/bin/../lib/gcc/avr/4.8.1/../../../../avr/lib/avrxmega4\libc.a(memcpy.o)
 .data          0x00802004        0x0 c:/program files/atmel/atmel toolchain/avr8 gcc/native/3.4.1056/avr8-gnu-toolchain/bin/../lib/gcc/avr/4.8.1/../../../../avr/lib/avrxmega4\libc.a(memmove.o)
 .data          0x00802004        0x0 c:/program files/atmel/atmel toolchain/avr8 gcc/native/3.4.1056/avr8-gnu-toolchain/bin/../lib/gcc/avr/4.8.1/../../../../avr/lib/avrxmega4\libc.a(memset.o)
 .data          0x00802004        0x0 c:/program files/atmel/atmel toolchain/avr8 gcc/native/3.4.1056/avr8-gnu-toolchain/bin/../lib/gcc/avr/4.8.1/../../../../avr/lib/avrxmega4\libc.a(strchr.o)
 .data          0x00802004        0x0 c:/program files/atmel/atmel toolchain/avr8 gcc/native/3.4.1056/avr8-gnu-toolchain/bin/../lib/gcc/avr/4.8.1/../../../../avr/lib/avrxmega4\libc.a(strcpy.o)
 .data          0x00802004        0x0 c:/program files/atmel/atmel toolchain/avr8 gcc/native/3.4.1056/avr8-gnu-toolchain/bin/../lib/gcc/avr/4.8.1/../../../../avr/lib/avrxmega4\libc.a(strncpy.o)
 .data          0x00802004        0x0 c:/program files/atmel/atmel toolchain/avr8 gcc/native/3.4.1056/avr8-gnu-toolchain/bin/../lib/gcc/avr/4.8.1/../../../../avr/lib/avrxmega4\libc.a(strrchr.o)
 .data          0x00802004        0x0 c:/program files/atmel/atmel toolchain/avr8 gcc/native/3.4.1056/avr8-gnu-toolchain/bin/../lib/gcc/avr/4.8.1/../../../../avr/lib/avrxmega4\libc.a(strstr.o)
 .data          0x00802004        0x0 c:/program files/atmel/atmel toolchain/avr8 gcc/native/3.4.1056/avr8-gnu-toolchain/bin/../lib/gcc/avr/4.8.1/../../../../avr/lib/avrxmega4\libc.a(iob.o)
 .data          0x00802004        0x0 c:/program files/atmel/atmel toolchain/avr8 gcc/native/3.4.1056/avr8-gnu-toolchain/bin/../lib/gcc/avr/4.8.1/../../../../avr/lib/avrxmega4\libc.a(printf.o)
 .data          0x00802004        0x0 c:/program files/atmel/atmel toolchain/avr8 gcc/native/3.4.1056/avr8-gnu-toolchain/bin/../lib/gcc/avr/4.8.1/../../../../avr/lib/avrxmega4\libc.a(puts.o)
 .data          0x00802004        0x0 c:/program files/atmel/atmel toolchain/avr8 gcc/native/3.4.1056/avr8-gnu-toolchain/bin/../lib/gcc/avr/4.8.1/../../../../avr/lib/avrxmega4\libc.a(sprintf.o)
 .data          0x00802004        0x0 c:/program files/atmel/atmel toolchain/avr8 gcc/native/3.4.1056/avr8-gnu-toolchain/bin/../lib/gcc/avr/4.8.1/../../../../avr/lib/avrxmega4\libc.a(vfprintf_std.o)
 .data          0x00802004        0x0 c:/program files/atmel/atmel toolchain/avr8 gcc/native/3.4.1056/avr8-gnu-toolchain/bin/../lib/gcc/avr/4.8.1/../../../../avr/lib/avrxmega4\libc.a(strnlen_P.o)
 .data          0x00802004        0x0 c:/program files/atmel/atmel toolchain/avr8 gcc/native/3.4.1056/avr8-gnu-toolchain/bin/../lib/gcc/avr/4.8.1/../../../../avr/lib/avrxmega4\libc.a(strnlen.o)
 .data          0x00802004        0x0 c:/program files/atmel/atmel toolchain/avr8 gcc/native/3.4.1056/avr8-gnu-toolchain/bin/../lib/gcc/avr/4.8.1/../../../../avr/lib/avrxmega4\libc.a(fputc.o)
 .data          0x00802004        0x0 c:/program files/atmel/atmel toolchain/avr8 gcc/native/3.4.1056/avr8-gnu-toolchain/bin/../lib/gcc/avr/4.8.1/../../../../avr/lib/avrxmega4\libc.a(ultoa_invert.o)
 .data          0x00802004        0x0 c:/program files/atmel/atmel toolchain/avr8 gcc/native/3.4.1056/avr8-gnu-toolchain/bin/../lib/gcc/avr/4.8.1/avrxmega4\libgcc.a(_divmodsi4.o)
 .data          0x00802004        0x0 c:/program files/atmel/atmel toolchain/avr8 gcc/native/3.4.1056/avr8-gnu-toolchain/bin/../lib/gcc/avr/4.8.1/avrxmega4\libgcc.a(_negsi2.o)
 .data          0x00802004        0x0 c:/program files/atmel/atmel toolchain/avr8 gcc/native/3.4.1056/avr8-gnu-toolchain/bin/../lib/gcc/avr/4.8.1/avrxmega4\libgcc.a(_mulshisi3.o)
 *(.data*)
 .data.Stat     0x00802004        0x1 fatfs/mmc_avr.o
 .data.mystdout
                0x00802005        0xe main.o
 *(.rodata)
 *(.rodata*)
 .rodata.str1.1
                0x00802013       0xe3 esp8266.o
                                 0xe4 (size before relaxing)
 .rodata.str1.1
                0x008020f6       0x53 fatfs/ff.o
 .rodata.str1.1
                0x00802149       0x65 main.o
                                 0x66 (size before relaxing)
 *(.gnu.linkonce.d*)
                0x008021ae                . = ALIGN (0x2)
                0x008021ae                _edata = .
                0x008021ae                PROVIDE (__data_end, .)

.bss            0x008021ae      0xbdb
                0x008021ae                PROVIDE (__bss_start, .)
 *(.bss)
 *(.bss*)
 .bss.rx_buffer
                0x008021ae      0x3e8 esp8266.o
 .bss.rx_ptr    0x00802596        0x2 esp8266.o
 .bss.CurrVol   0x00802598        0x1 fatfs/ff.o
 .bss.Fsid      0x00802599        0x2 fatfs/ff.o
 .bss.FatFs     0x0080259b        0x4 fatfs/ff.o
 .bss.CardType  0x0080259f        0x1 fatfs/mmc_avr.o
 .bss.Timer2    0x008025a0        0x1 fatfs/mmc_avr.o
 .bss.Timer1    0x008025a1        0x1 fatfs/mmc_avr.o
 .bss.ledmatrix
                0x008025a2       0x30 ht1632c.o
 *(COMMON)
 COMMON         0x008025d2      0x113 esp8266.o
                0x008025d2                command
                0x008025e6                temp
                0x008025eb                ipAddress
                0x008025ff                html
                0x00802663                name
                0x00802681                cmd
 COMMON         0x008026e5       0x43 fatfs/sound.o
                0x008026e5                full
                0x008026e6                fht_array
                0x00802726                WavFifo
 COMMON         0x00802728      0x654 main.o
                0x00802728                FatFs
                0x0080295a                Buff
                0x00802d5a                bw
                0x00802d5c                Fil
 COMMON         0x00802d7c        0x7 rtc.o
                0x00802d7c                time
 COMMON         0x00802d83        0x6 c:/program files/atmel/atmel toolchain/avr8 gcc/native/3.4.1056/avr8-gnu-toolchain/bin/../lib/gcc/avr/4.8.1/../../../../avr/lib/avrxmega4\libc.a(iob.o)
                0x00802d83                __iob
                0x00802d89                PROVIDE (__bss_end, .)
                0x00008478                __data_load_start = LOADADDR (.data)
                0x00008626                __data_load_end = (__data_load_start + SIZEOF (.data))

.noinit         0x00802d89        0x0
                0x00802d89                PROVIDE (__noinit_start, .)
 *(.noinit*)
                0x00802d89                PROVIDE (__noinit_end, .)
                0x00802d89                _end = .
                0x00802d89                PROVIDE (__heap_start, .)

.eeprom         0x00810000        0x0
 *(.eeprom*)
                0x00810000                __eeprom_end = .

.fuse
 *(.fuse)
 *(.lfuse)
 *(.hfuse)
 *(.efuse)

.lock
 *(.lock*)

.signature
 *(.signature*)

.user_signatures
 *(.user_signatures*)

.stab
 *(.stab)

.stabstr
 *(.stabstr)

.stab.excl
 *(.stab.excl)

.stab.exclstr
 *(.stab.exclstr)

.stab.index
 *(.stab.index)

.stab.indexstr
 *(.stab.indexstr)

.comment        0x00000000       0x5c
 *(.comment)
 .comment       0x00000000       0x30 4x6_font.o
                                 0x31 (size before relaxing)
 .comment       0x00000000       0x31 adc.o
 .comment       0x00000000       0x31 clock.o
 .comment       0x00000000       0x31 esp8266.o
 .comment       0x00000000       0x31 fatfs/ff.o
 .comment       0x00000000       0x31 fatfs/mmc_avr.o
 .comment       0x00000000       0x31 fatfs/sound.o
 .comment       0x00000000       0x31 ht1632c.o
 .comment       0x00000000       0x31 json/jsmn.o
 .comment       0x00000000       0x31 main.o
 .comment       0x00000000       0x31 port.o
 .comment       0x00000000       0x31 power.o
 .comment       0x00000000       0x31 rtc.o
 .comment       0x00000000       0x31 sercom.o
 .comment       0x00000000       0x31 si114x/Si114x_functions.o
 .comment       0x00000000       0x31 si114x/Si114x_handler.o
 .comment       0x00000000       0x31 si114x/Si114x_init.o
 .comment       0x00000000       0x31 si114x/Si114x_sys_out.o
 .comment       0x00000000       0x31 si114x/slider_algorithm.o
 .comment       0x00000000       0x31 uart.o
 .comment       0x00000000       0x31 usb.o
 .comment       0x00000000       0x31 c:/program files/atmel/atmel toolchain/avr8 gcc/native/3.4.1056/avr8-gnu-toolchain/bin/../lib/gcc/avr/4.8.1/../../../../avr/lib/avrxmega4\libc.a(rand.o)
 .comment       0x00000000       0x31 c:/program files/atmel/atmel toolchain/avr8 gcc/native/3.4.1056/avr8-gnu-toolchain/bin/../lib/gcc/avr/4.8.1/../../../../avr/lib/avrxmega4\libc.a(iob.o)
 .comment       0x00000000       0x31 c:/program files/atmel/atmel toolchain/avr8 gcc/native/3.4.1056/avr8-gnu-toolchain/bin/../lib/gcc/avr/4.8.1/../../../../avr/lib/avrxmega4\libc.a(printf.o)
 .comment       0x00000000       0x31 c:/program files/atmel/atmel toolchain/avr8 gcc/native/3.4.1056/avr8-gnu-toolchain/bin/../lib/gcc/avr/4.8.1/../../../../avr/lib/avrxmega4\libc.a(puts.o)
 .comment       0x00000000       0x31 c:/program files/atmel/atmel toolchain/avr8 gcc/native/3.4.1056/avr8-gnu-toolchain/bin/../lib/gcc/avr/4.8.1/../../../../avr/lib/avrxmega4\libc.a(sprintf.o)
 .comment       0x00000030       0x2c c:/program files/atmel/atmel toolchain/avr8 gcc/native/3.4.1056/avr8-gnu-toolchain/bin/../lib/gcc/avr/4.8.1/../../../../avr/lib/avrxmega4\libc.a(vfprintf_std.o)
                                 0x2d (size before relaxing)
 .comment       0x00000000       0x31 c:/program files/atmel/atmel toolchain/avr8 gcc/native/3.4.1056/avr8-gnu-toolchain/bin/../lib/gcc/avr/4.8.1/../../../../avr/lib/avrxmega4\libc.a(fputc.o)

.note.gnu.build-id
 *(.note.gnu.build-id)

.debug
 *(.debug)

.line
 *(.line)

.debug_srcinfo
 *(.debug_srcinfo)

.debug_sfnames
 *(.debug_sfnames)

.debug_aranges  0x00000000      0x700
 *(.debug_aranges)
 .debug_aranges
                0x00000000       0x18 4x6_font.o
 .debug_aranges
                0x00000018       0x38 adc.o
 .debug_aranges
                0x00000050       0x38 clock.o
 .debug_aranges
                0x00000088       0x80 esp8266.o
 .debug_aranges
                0x00000108      0x150 fatfs/ff.o
 .debug_aranges
                0x00000258       0x58 fatfs/mmc_avr.o
 .debug_aranges
                0x000002b0       0x40 fatfs/sound.o
 .debug_aranges
                0x000002f0       0xe8 ht1632c.o
 .debug_aranges
                0x000003d8       0x28 json/jsmn.o
 .debug_aranges
                0x00000400       0x48 main.o
 .debug_aranges
                0x00000448       0x38 port.o
 .debug_aranges
                0x00000480       0x20 power.o
 .debug_aranges
                0x000004a0       0x48 rtc.o
 .debug_aranges
                0x000004e8       0x78 sercom.o
 .debug_aranges
                0x00000560       0x88 si114x/Si114x_functions.o
 .debug_aranges
                0x000005e8       0x38 si114x/Si114x_handler.o
 .debug_aranges
                0x00000620       0x50 si114x/Si114x_sys_out.o
 .debug_aranges
                0x00000670       0x30 si114x/slider_algorithm.o
 .debug_aranges
                0x000006a0       0x40 uart.o
 .debug_aranges
                0x000006e0       0x20 usb.o

.debug_pubnames
 *(.debug_pubnames)

.debug_info     0x00000000    0x19d6d
 *(.debug_info .gnu.linkonce.wi.*)
 .debug_info    0x00000000       0x7e 4x6_font.o
 .debug_info    0x0000007e      0x8e8 adc.o
 .debug_info    0x00000966      0x203 clock.o
 .debug_info    0x00000b69     0x161f esp8266.o
 .debug_info    0x00002188     0x9de4 fatfs/ff.o
 .debug_info    0x0000bf6c     0x1abb fatfs/mmc_avr.o
 .debug_info    0x0000da27     0x148c fatfs/sound.o
 .debug_info    0x0000eeb3     0x2778 ht1632c.o
 .debug_info    0x0001162b      0x575 json/jsmn.o
 .debug_info    0x00011ba0     0x180f main.o
 .debug_info    0x000133af      0x342 port.o
 .debug_info    0x000136f1      0x356 power.o
 .debug_info    0x00013a47      0xc6e rtc.o
 .debug_info    0x000146b5      0xd47 sercom.o
 .debug_info    0x000153fc     0x2d8e si114x/Si114x_functions.o
 .debug_info    0x0001818a      0x63c si114x/Si114x_handler.o
 .debug_info    0x000187c6      0x5a0 si114x/Si114x_sys_out.o
 .debug_info    0x00018d66      0x75a si114x/slider_algorithm.o
 .debug_info    0x000194c0      0x42d uart.o
 .debug_info    0x000198ed      0x480 usb.o

.debug_abbrev   0x00000000     0x2e42
 *(.debug_abbrev)
 .debug_abbrev  0x00000000       0x4c 4x6_font.o
 .debug_abbrev  0x0000004c      0x254 adc.o
 .debug_abbrev  0x000002a0       0xb9 clock.o
 .debug_abbrev  0x00000359      0x412 esp8266.o
 .debug_abbrev  0x0000076b      0x321 fatfs/ff.o
 .debug_abbrev  0x00000a8c      0x30d fatfs/mmc_avr.o
 .debug_abbrev  0x00000d99      0x328 fatfs/sound.o
 .debug_abbrev  0x000010c1      0x4bb ht1632c.o
 .debug_abbrev  0x0000157c      0x1f3 json/jsmn.o
 .debug_abbrev  0x0000176f      0x3ef main.o
 .debug_abbrev  0x00001b5e      0x10a port.o
 .debug_abbrev  0x00001c68       0xc8 power.o
 .debug_abbrev  0x00001d30      0x2c2 rtc.o
 .debug_abbrev  0x00001ff2      0x2b6 sercom.o
 .debug_abbrev  0x000022a8      0x393 si114x/Si114x_functions.o
 .debug_abbrev  0x0000263b      0x1bf si114x/Si114x_handler.o
 .debug_abbrev  0x000027fa      0x1b9 si114x/Si114x_sys_out.o
 .debug_abbrev  0x000029b3      0x23c si114x/slider_algorithm.o
 .debug_abbrev  0x00002bef      0x199 uart.o
 .debug_abbrev  0x00002d88       0xba usb.o

.debug_line     0x00000000     0xcfb7
 *(.debug_line .debug_line.* .debug_line_end)
 .debug_line    0x00000000       0x2d 4x6_font.o
 .debug_line    0x0000002d      0x2f3 adc.o
 .debug_line    0x00000320      0x1be clock.o
 .debug_line    0x000004de      0x841 esp8266.o
 .debug_line    0x00000d1f     0x5762 fatfs/ff.o
 .debug_line    0x00006481      0x8c5 fatfs/mmc_avr.o
 .debug_line    0x00006d46      0x534 fatfs/sound.o
 .debug_line    0x0000727a     0x3010 ht1632c.o
 .debug_line    0x0000a28a      0x44d json/jsmn.o
 .debug_line    0x0000a6d7      0x37a main.o
 .debug_line    0x0000aa51      0x1c8 port.o
 .debug_line    0x0000ac19      0x134 power.o
 .debug_line    0x0000ad4d      0x31f rtc.o
 .debug_line    0x0000b06c      0x62e sercom.o
 .debug_line    0x0000b69a      0xa56 si114x/Si114x_functions.o
 .debug_line    0x0000c0f0      0x56d si114x/Si114x_handler.o
 .debug_line    0x0000c65d        0x0 si114x/Si114x_init.o
 .debug_line    0x0000c65d      0x25d si114x/Si114x_sys_out.o
 .debug_line    0x0000c8ba      0x3de si114x/slider_algorithm.o
 .debug_line    0x0000cc98      0x205 uart.o
 .debug_line    0x0000ce9d      0x11a usb.o

.debug_frame    0x00000000     0x22c8
 *(.debug_frame)
 .debug_frame   0x00000000       0x54 adc.o
 .debug_frame   0x00000054       0x54 clock.o
 .debug_frame   0x000000a8      0x284 esp8266.o
 .debug_frame   0x0000032c      0xf10 fatfs/ff.o
 .debug_frame   0x0000123c      0x184 fatfs/mmc_avr.o
 .debug_frame   0x000013c0      0x120 fatfs/sound.o
 .debug_frame   0x000014e0      0x454 ht1632c.o
 .debug_frame   0x00001934       0x90 json/jsmn.o
 .debug_frame   0x000019c4       0xb8 main.o
 .debug_frame   0x00001a7c       0x9c port.o
 .debug_frame   0x00001b18       0x24 power.o
 .debug_frame   0x00001b3c      0x15c rtc.o
 .debug_frame   0x00001c98       0xf4 sercom.o
 .debug_frame   0x00001d8c      0x234 si114x/Si114x_functions.o
 .debug_frame   0x00001fc0      0x120 si114x/Si114x_handler.o
 .debug_frame   0x000020e0       0xa4 si114x/Si114x_sys_out.o
 .debug_frame   0x00002184       0xbc si114x/slider_algorithm.o
 .debug_frame   0x00002240       0x64 uart.o
 .debug_frame   0x000022a4       0x24 usb.o

.debug_str      0x00000000     0x3145
 *(.debug_str)
 .debug_str     0x00000000      0x156 4x6_font.o
                                0x18a (size before relaxing)
 .debug_str     0x00000156      0x950 adc.o
                                0xaf5 (size before relaxing)
 .debug_str     0x00000aa6      0x158 clock.o
                                0x2ed (size before relaxing)
 .debug_str     0x00000bfe      0x323 esp8266.o
                                0x58e (size before relaxing)
 .debug_str     0x00000f21      0x59f fatfs/ff.o
                                0x737 (size before relaxing)
 .debug_str     0x000014c0      0x148 fatfs/mmc_avr.o
                                0x48e (size before relaxing)
 .debug_str     0x00001608      0x576 fatfs/sound.o
                                0xb2b (size before relaxing)
 .debug_str     0x00001b7e      0x348 ht1632c.o
                                0x640 (size before relaxing)
 .debug_str     0x00001ec6      0x12a json/jsmn.o
                                0x27b (size before relaxing)
 .debug_str     0x00001ff0      0x26e main.o
                                0xcff (size before relaxing)
 .debug_str     0x0000225e      0x13e port.o
                                0x45e (size before relaxing)
 .debug_str     0x0000239c       0xa6 power.o
                                0x3b1 (size before relaxing)
 .debug_str     0x00002442      0x227 rtc.o
                                0x50a (size before relaxing)
 .debug_str     0x00002669      0x29a sercom.o
                                0x758 (size before relaxing)
 .debug_str     0x00002903      0x2ac si114x/Si114x_functions.o
                                0x563 (size before relaxing)
 .debug_str     0x00002baf       0xf0 si114x/Si114x_handler.o
                                0x2d7 (size before relaxing)
 .debug_str     0x00002c9f        0x0 si114x/Si114x_init.o
 .debug_str     0x00002c9f       0x49 si114x/Si114x_sys_out.o
                                0x373 (size before relaxing)
 .debug_str     0x00002ce8      0x203 si114x/slider_algorithm.o
                                0x41e (size before relaxing)
 .debug_str     0x00002eeb      0x12c uart.o
                                0x3e4 (size before relaxing)
 .debug_str     0x00003017      0x12e usb.o
                                0x4b7 (size before relaxing)

.debug_loc      0x00000000    0x28016
 *(.debug_loc)
 .debug_loc     0x00000000      0x141 adc.o
 .debug_loc     0x00000141      0xe46 esp8266.o
 .debug_loc     0x00000f87    0x18ba5 fatfs/ff.o
 .debug_loc     0x00019b2c     0x15fc fatfs/mmc_avr.o
 .debug_loc     0x0001b128      0x809 fatfs/sound.o
 .debug_loc     0x0001b931     0x6fa4 ht1632c.o
 .debug_loc     0x000228d5      0xb3e json/jsmn.o
 .debug_loc     0x00023413      0x248 main.o
 .debug_loc     0x0002365b       0xcb port.o
 .debug_loc     0x00023726      0x3e8 rtc.o
 .debug_loc     0x00023b0e      0xd2c sercom.o
 .debug_loc     0x0002483a     0x2272 si114x/Si114x_functions.o
 .debug_loc     0x00026aac      0x773 si114x/Si114x_handler.o
 .debug_loc     0x0002721f      0x2b0 si114x/Si114x_sys_out.o
 .debug_loc     0x000274cf      0xab9 si114x/slider_algorithm.o
 .debug_loc     0x00027f88       0x8e uart.o

.debug_macinfo
 *(.debug_macinfo)

.debug_weaknames
 *(.debug_weaknames)

.debug_funcnames
 *(.debug_funcnames)

.debug_typenames
 *(.debug_typenames)

.debug_varnames
 *(.debug_varnames)

.debug_pubtypes
 *(.debug_pubtypes)

.debug_ranges   0x00000000     0x3a50
 *(.debug_ranges)
 .debug_ranges  0x00000000       0x28 adc.o
 .debug_ranges  0x00000028       0x28 clock.o
 .debug_ranges  0x00000050       0xe8 esp8266.o
 .debug_ranges  0x00000138     0x2168 fatfs/ff.o
 .debug_ranges  0x000022a0      0x188 fatfs/mmc_avr.o
 .debug_ranges  0x00002428       0x48 fatfs/sound.o
 .debug_ranges  0x00002470      0xf40 ht1632c.o
 .debug_ranges  0x000033b0      0x150 json/jsmn.o
 .debug_ranges  0x00003500       0x50 main.o
 .debug_ranges  0x00003550       0x28 port.o
 .debug_ranges  0x00003578       0x10 power.o
 .debug_ranges  0x00003588       0x38 rtc.o
 .debug_ranges  0x000035c0      0x188 sercom.o
 .debug_ranges  0x00003748      0x158 si114x/Si114x_functions.o
 .debug_ranges  0x000038a0       0xe0 si114x/Si114x_handler.o
 .debug_ranges  0x00003980       0x40 si114x/Si114x_sys_out.o
 .debug_ranges  0x000039c0       0x20 si114x/slider_algorithm.o
 .debug_ranges  0x000039e0       0x60 uart.o
 .debug_ranges  0x00003a40       0x10 usb.o

.debug_macro
 *(.debug_macro)
OUTPUT(matrix_clock.elf elf32-avr)
LOAD linker stubs
