Archive member included because of file (symbol)

c:/program files/atmel/atmel toolchain/avr8 gcc/native/3.4.1056/avr8-gnu-toolchain/bin/../lib/gcc/avr/4.8.1/../../../../avr/lib/avrxmega4\libm.a(addsf3.o)
                              fatfs/sound.o (__addsf3)
c:/program files/atmel/atmel toolchain/avr8 gcc/native/3.4.1056/avr8-gnu-toolchain/bin/../lib/gcc/avr/4.8.1/../../../../avr/lib/avrxmega4\libm.a(addsf3x.o)
                              c:/program files/atmel/atmel toolchain/avr8 gcc/native/3.4.1056/avr8-gnu-toolchain/bin/../lib/gcc/avr/4.8.1/../../../../avr/lib/avrxmega4\libm.a(addsf3.o) (__addsf3x)
c:/program files/atmel/atmel toolchain/avr8 gcc/native/3.4.1056/avr8-gnu-toolchain/bin/../lib/gcc/avr/4.8.1/../../../../avr/lib/avrxmega4\libm.a(fixsfsi.o)
                              drivers/adc/adc.o (__fixsfsi)
c:/program files/atmel/atmel toolchain/avr8 gcc/native/3.4.1056/avr8-gnu-toolchain/bin/../lib/gcc/avr/4.8.1/../../../../avr/lib/avrxmega4\libm.a(fixunssfsi.o)
                              c:/program files/atmel/atmel toolchain/avr8 gcc/native/3.4.1056/avr8-gnu-toolchain/bin/../lib/gcc/avr/4.8.1/../../../../avr/lib/avrxmega4\libm.a(fixsfsi.o) (__fixunssfsi)
c:/program files/atmel/atmel toolchain/avr8 gcc/native/3.4.1056/avr8-gnu-toolchain/bin/../lib/gcc/avr/4.8.1/../../../../avr/lib/avrxmega4\libm.a(floatsisf.o)
                              fatfs/sound.o (__floatunsisf)
c:/program files/atmel/atmel toolchain/avr8 gcc/native/3.4.1056/avr8-gnu-toolchain/bin/../lib/gcc/avr/4.8.1/../../../../avr/lib/avrxmega4\libm.a(fp_inf.o)
                              c:/program files/atmel/atmel toolchain/avr8 gcc/native/3.4.1056/avr8-gnu-toolchain/bin/../lib/gcc/avr/4.8.1/../../../../avr/lib/avrxmega4\libm.a(addsf3x.o) (__fp_inf)
c:/program files/atmel/atmel toolchain/avr8 gcc/native/3.4.1056/avr8-gnu-toolchain/bin/../lib/gcc/avr/4.8.1/../../../../avr/lib/avrxmega4\libm.a(fp_nan.o)
                              c:/program files/atmel/atmel toolchain/avr8 gcc/native/3.4.1056/avr8-gnu-toolchain/bin/../lib/gcc/avr/4.8.1/../../../../avr/lib/avrxmega4\libm.a(addsf3x.o) (__fp_nan)
c:/program files/atmel/atmel toolchain/avr8 gcc/native/3.4.1056/avr8-gnu-toolchain/bin/../lib/gcc/avr/4.8.1/../../../../avr/lib/avrxmega4\libm.a(fp_pscA.o)
                              c:/program files/atmel/atmel toolchain/avr8 gcc/native/3.4.1056/avr8-gnu-toolchain/bin/../lib/gcc/avr/4.8.1/../../../../avr/lib/avrxmega4\libm.a(addsf3x.o) (__fp_pscA)
c:/program files/atmel/atmel toolchain/avr8 gcc/native/3.4.1056/avr8-gnu-toolchain/bin/../lib/gcc/avr/4.8.1/../../../../avr/lib/avrxmega4\libm.a(fp_pscB.o)
                              c:/program files/atmel/atmel toolchain/avr8 gcc/native/3.4.1056/avr8-gnu-toolchain/bin/../lib/gcc/avr/4.8.1/../../../../avr/lib/avrxmega4\libm.a(addsf3x.o) (__fp_pscB)
c:/program files/atmel/atmel toolchain/avr8 gcc/native/3.4.1056/avr8-gnu-toolchain/bin/../lib/gcc/avr/4.8.1/../../../../avr/lib/avrxmega4\libm.a(fp_round.o)
                              c:/program files/atmel/atmel toolchain/avr8 gcc/native/3.4.1056/avr8-gnu-toolchain/bin/../lib/gcc/avr/4.8.1/../../../../avr/lib/avrxmega4\libm.a(addsf3.o) (__fp_round)
c:/program files/atmel/atmel toolchain/avr8 gcc/native/3.4.1056/avr8-gnu-toolchain/bin/../lib/gcc/avr/4.8.1/../../../../avr/lib/avrxmega4\libm.a(fp_split3.o)
                              c:/program files/atmel/atmel toolchain/avr8 gcc/native/3.4.1056/avr8-gnu-toolchain/bin/../lib/gcc/avr/4.8.1/../../../../avr/lib/avrxmega4\libm.a(addsf3x.o) (__fp_split3)
c:/program files/atmel/atmel toolchain/avr8 gcc/native/3.4.1056/avr8-gnu-toolchain/bin/../lib/gcc/avr/4.8.1/../../../../avr/lib/avrxmega4\libm.a(fp_zero.o)
                              c:/program files/atmel/atmel toolchain/avr8 gcc/native/3.4.1056/avr8-gnu-toolchain/bin/../lib/gcc/avr/4.8.1/../../../../avr/lib/avrxmega4\libm.a(addsf3x.o) (__fp_zero)
c:/program files/atmel/atmel toolchain/avr8 gcc/native/3.4.1056/avr8-gnu-toolchain/bin/../lib/gcc/avr/4.8.1/../../../../avr/lib/avrxmega4\libm.a(mulsf3.o)
                              drivers/adc/adc.o (__mulsf3)
c:/program files/atmel/atmel toolchain/avr8 gcc/native/3.4.1056/avr8-gnu-toolchain/bin/../lib/gcc/avr/4.8.1/../../../../avr/lib/avrxmega4\libm.a(mulsf3x.o)
                              c:/program files/atmel/atmel toolchain/avr8 gcc/native/3.4.1056/avr8-gnu-toolchain/bin/../lib/gcc/avr/4.8.1/../../../../avr/lib/avrxmega4\libm.a(mulsf3.o) (__mulsf3x)
c:/program files/atmel/atmel toolchain/avr8 gcc/native/3.4.1056/avr8-gnu-toolchain/bin/../lib/gcc/avr/4.8.1/avrxmega4\libgcc.a(_divmodhi4.o)
                              drivers/adc/adc.o (__divmodhi4)
c:/program files/atmel/atmel toolchain/avr8 gcc/native/3.4.1056/avr8-gnu-toolchain/bin/../lib/gcc/avr/4.8.1/avrxmega4\libgcc.a(_udivmodsi4.o)
                              drivers/sensors/si114x/Si114x_handler.o (__udivmodsi4)
[...]
Memory Configuration

Name             Origin             Length             Attributes
text             0x00000000         0x00100000         xr
data             0x00802000         0x0000ffa0         rw !x
eeprom           0x00810000         0x00010000         rw !x
fuse             0x00820000         0x00000400         rw !x
lock             0x00830000         0x00000400         rw !x
signature        0x00840000         0x00000400         rw !x
user_signatures  0x00850000         0x00000400         rw !x
*default*        0x00000000         0xffffffff

Linker script and memory map

LOAD c:/program files/atmel/atmel toolchain/avr8 gcc/native/3.4.1056/avr8-gnu-toolchain/bin/../lib/gcc/avr/4.8.1/../../../../avr/lib/avrxmega4/crtx64a4u.o
LOAD 4x6_font.o
LOAD drivers/adc/adc.o
LOAD drivers/clock/clock.o
LOAD drivers/dma/dma.o
LOAD drivers/eeprom/eeprom.o
LOAD drivers/esp8266/esp8266.o
LOAD drivers/ht1632c/ht1632c.o
LOAD drivers/port/port.o
LOAD drivers/power/power.o
LOAD drivers/rtc/rtc.o
LOAD drivers/sensors/si114x/Si114x_functions.o
LOAD drivers/sensors/si114x/Si114x_handler.o
LOAD drivers/sensors/si114x/Si114x_sys_out.o
LOAD drivers/sensors/si114x/slider_algorithm.o
LOAD drivers/sercom/sercom.o
LOAD fatfs/ff.o
LOAD fatfs/mmc_avr.o
LOAD fatfs/sound.o
LOAD json/jsmn.o
LOAD main.o
LOAD menu.o
LOAD uart.o
START GROUP
LOAD c:/program files/atmel/atmel toolchain/avr8 gcc/native/3.4.1056/avr8-gnu-toolchain/bin/../lib/gcc/avr/4.8.1/../../../../avr/lib/avrxmega4\libm.a
END GROUP
START GROUP
LOAD c:/program files/atmel/atmel toolchain/avr8 gcc/native/3.4.1056/avr8-gnu-toolchain/bin/../lib/gcc/avr/4.8.1/avrxmega4\libgcc.a
LOAD c:/program files/atmel/atmel toolchain/avr8 gcc/native/3.4.1056/avr8-gnu-toolchain/bin/../lib/gcc/avr/4.8.1/../../../../avr/lib/avrxmega4\libm.a
LOAD c:/program files/atmel/atmel toolchain/avr8 gcc/native/3.4.1056/avr8-gnu-toolchain/bin/../lib/gcc/avr/4.8.1/../../../../avr/lib/avrxmega4\libc.a
END GROUP

.hash
 *(.hash)

.dynsym
 *(.dynsym)

.dynstr
 *(.dynstr)

.gnu.version
 *(.gnu.version)

.gnu.version_d
 *(.gnu.version_d)

.gnu.version_r
 *(.gnu.version_r)

.rel.init
 *(.rel.init)

.rela.init
 *(.rela.init)

.rel.text
 *(.rel.text)
 *(.rel.text.*)
 *(.rel.gnu.linkonce.t*)

.rela.text
 *(.rela.text)
 *(.rela.text.*)
 *(.rela.gnu.linkonce.t*)

.rel.fini
 *(.rel.fini)

.rela.fini
 *(.rela.fini)

.rel.rodata
 *(.rel.rodata)
 *(.rel.rodata.*)
 *(.rel.gnu.linkonce.r*)

.rela.rodata
 *(.rela.rodata)
 *(.rela.rodata.*)
 *(.rela.gnu.linkonce.r*)

.rel.data
 *(.rel.data)
 *(.rel.data.*)
 *(.rel.gnu.linkonce.d*)

.rela.data
 *(.rela.data)
 *(.rela.data.*)
 *(.rela.gnu.linkonce.d*)

.rel.ctors
 *(.rel.ctors)

.rela.ctors
 *(.rela.ctors)

.rel.dtors
 *(.rel.dtors)

.rela.dtors
 *(.rela.dtors)

.rel.got
 *(.rel.got)

.rela.got
 *(.rela.got)

.rel.bss
 *(.rel.bss)

.rela.bss
 *(.rela.bss)

.rel.plt
 *(.rel.plt)

.rela.plt
 *(.rela.plt)

.text           0x00000000     0x79d0
 *(.vectors)
 .vectors       0x00000000      0x1fc c:/program files/atmel/atmel toolchain/avr8 gcc/native/3.4.1056/avr8-gnu-toolchain/bin/../lib/gcc/avr/4.8.1/../../../../avr/lib/avrxmega4/crtx64a4u.o
                0x00000000                __vector_default
                0x00000000                __vectors
 *(.vectors)
 *(.progmem.gcc*)
 .progmem.gcc_sw_table.disk_ioctl
                0x000001fc       0x6e fatfs/mmc_avr.o
                0x0000026a                . = ALIGN (0x2)
                0x0000026a                __trampolines_start = .
 *(.trampolines)
 .trampolines   0x0000026a        0x0 linker stubs
 *(.trampolines*)
                0x0000026a                __trampolines_end = .
 *(.progmem*)
                0x0000026a                . = ALIGN (0x2)
 *(.jumptables)
 *(.jumptables*)
 *(.lowtext)
 *(.lowtext*)
                0x0000026a                __ctors_start = .
 *(.ctors)
                0x0000026a                __ctors_end = .
                0x0000026a                __dtors_start = .
 *(.dtors)
                0x0000026a                __dtors_end = .
 SORT(*)(.ctors)
 SORT(*)(.dtors)
 *(.init0)
 .init0         0x0000026a        0x0 c:/program files/atmel/atmel toolchain/avr8 gcc/native/3.4.1056/avr8-gnu-toolchain/bin/../lib/gcc/avr/4.8.1/../../../../avr/lib/avrxmega4/crtx64a4u.o
                0x0000026a                __init
 *(.init0)
 *(.init1)
 *(.init1)
 *(.init2)
 .init2         0x0000026a        0xc c:/program files/atmel/atmel toolchain/avr8 gcc/native/3.4.1056/avr8-gnu-toolchain/bin/../lib/gcc/avr/4.8.1/../../../../avr/lib/avrxmega4/crtx64a4u.o
 *(.init2)
 *(.init3)
 *(.init3)
 *(.init4)
 .init4         0x00000276       0x1a c:/program files/atmel/atmel toolchain/avr8 gcc/native/3.4.1056/avr8-gnu-toolchain/bin/../lib/gcc/avr/4.8.1/avrxmega4\libgcc.a(_copy_data.o)
                0x00000276                __do_copy_data
 .init4         0x00000290       0x10 c:/program files/atmel/atmel toolchain/avr8 gcc/native/3.4.1056/avr8-gnu-toolchain/bin/../lib/gcc/avr/4.8.1/avrxmega4\libgcc.a(_clear_bss.o)
                0x00000290                __do_clear_bss
 *(.init4)
 *(.init5)
 *(.init5)
 *(.init6)
 *(.init6)
 *(.init7)
 *(.init7)
 *(.init8)
 *(.init8)
 *(.init9)
 .init9         0x000002a0        0x8 c:/program files/atmel/atmel toolchain/avr8 gcc/native/3.4.1056/avr8-gnu-toolchain/bin/../lib/gcc/avr/4.8.1/../../../../avr/lib/avrxmega4/crtx64a4u.o
 *(.init9)
 *(.text)
 .text          0x000002a8        0x2 c:/program files/atmel/atmel toolchain/avr8 gcc/native/3.4.1056/avr8-gnu-toolchain/bin/../lib/gcc/avr/4.8.1/../../../../avr/lib/avrxmega4/crtx64a4u.o
                0x000002a8                __vector_38
                0x000002a8                __vector_104
                0x000002a8                __vector_22
                0x000002a8                __vector_63
                0x000002a8                __vector_28
                0x000002a8                __vector_67
                0x000002a8                __vector_1
                0x000002a8                __vector_119
                0x000002a8                __vector_32
                0x000002a8                __vector_75
                0x000002a8                __vector_71
                0x000002a8                __vector_91
                0x000002a8                __vector_62
                0x000002a8                __vector_77
                0x000002a8                __vector_102
                0x000002a8                __vector_24
                0x000002a8                __vector_12
                0x000002a8                __vector_55
                0x000002a8                __vector_69
                0x000002a8                __vector_81
                0x000002a8                __vector_90
                0x000002a8                __vector_46
                0x000002a8                __bad_interrupt
                0x000002a8                __vector_122
                0x000002a8                __vector_72
                0x000002a8                __vector_114
                0x000002a8                __vector_6
                0x000002a8                __vector_110
                0x000002a8                __vector_31
                0x000002a8                __vector_92
                0x000002a8                __vector_35
                0x000002a8                __vector_78
                0x000002a8                __vector_74
                0x000002a8                __vector_117
                0x000002a8                __vector_39
                0x000002a8                __vector_107
                0x000002a8                __vector_3
                0x000002a8                __vector_105
                0x000002a8                __vector_98
                0x000002a8                __vector_23
                0x000002a8                __vector_68
                0x000002a8                __vector_30
                0x000002a8                __vector_73
                0x000002a8                __vector_45
                0x000002a8                __vector_25
                0x000002a8                __vector_93
                0x000002a8                __vector_61
                0x000002a8                __vector_11
                0x000002a8                __vector_54
                0x000002a8                __vector_99
                0x000002a8                __vector_13
                0x000002a8                __vector_17
                0x000002a8                __vector_19
                0x000002a8                __vector_56
                0x000002a8                __vector_7
                0x000002a8                __vector_125
                0x000002a8                __vector_49
                0x000002a8                __vector_123
                0x000002a8                __vector_41
                0x000002a8                __vector_86
                0x000002a8                __vector_100
                0x000002a8                __vector_101
                0x000002a8                __vector_64
                0x000002a8                __vector_109
                0x000002a8                __vector_43
                0x000002a8                __vector_27
                0x000002a8                __vector_5
                0x000002a8                __vector_113
                0x000002a8                __vector_33
                0x000002a8                __vector_76
                0x000002a8                __vector_115
                0x000002a8                __vector_47
                0x000002a8                __vector_52
                0x000002a8                __vector_37
                0x000002a8                __vector_95
                0x000002a8                __vector_103
                0x000002a8                __vector_96
                0x000002a8                __vector_89
                0x000002a8                __vector_108
                0x000002a8                __vector_4
                0x000002a8                __vector_44
                0x000002a8                __vector_82
                0x000002a8                __vector_106
                0x000002a8                __vector_118
                0x000002a8                __vector_51
                0x000002a8                __vector_9
                0x000002a8                __vector_2
                0x000002a8                __vector_21
                0x000002a8                __vector_15
                0x000002a8                __vector_36
                0x000002a8                __vector_79
                0x000002a8                __vector_58
                0x000002a8                __vector_70
                0x000002a8                __vector_83
                0x000002a8                __vector_29
                0x000002a8                __vector_60
                0x000002a8                __vector_121
                0x000002a8                __vector_40
                0x000002a8                __vector_85
                0x000002a8                __vector_94
                0x000002a8                __vector_126
                0x000002a8                __vector_8
                0x000002a8                __vector_26
                0x000002a8                __vector_48
                0x000002a8                __vector_124
                0x000002a8                __vector_116
                0x000002a8                __vector_112
                0x000002a8                __vector_111
                0x000002a8                __vector_80
                0x000002a8                __vector_84
                0x000002a8                __vector_57
                0x000002a8                __vector_53
                0x000002a8                __vector_50
                0x000002a8                __vector_16
                0x000002a8                __vector_59
                0x000002a8                __vector_18
                0x000002a8                __vector_97
                0x000002a8                __vector_42
                0x000002a8                __vector_87
                0x000002a8                __vector_65
                0x000002a8                __vector_120
                0x000002aa                . = ALIGN (0x2)
 *(.text.*)
 .text.clock_setup_32_mhz
                0x000002aa       0x1e drivers/clock/clock.o
                0x000002aa                clock_setup_32_mhz
 .text.esp8266_off
                0x000002c8        0xa drivers/esp8266/esp8266.o
                0x000002c8                esp8266_off
 .text.__vector_88
                0x000002d2       0xfe drivers/esp8266/esp8266.o
                0x000002d2                __vector_88
 .text.ht1632c_setup
                0x000003d0      0x55a drivers/ht1632c/ht1632c.o
                0x000003d0                ht1632c_setup
 .text.ht1632c_set_brightness
                0x0000092a      0x11e drivers/ht1632c/ht1632c.o
                0x0000092a                ht1632c_set_brightness
 .text.ht1632c_refresh_screen
                0x00000a48      0x2b4 drivers/ht1632c/ht1632c.o
                0x00000a48                ht1632c_refresh_screen
 .text.ht1632c_clear_screen
                0x00000cfc       0x10 drivers/ht1632c/ht1632c.o
                0x00000cfc                ht1632c_clear_screen
 .text.btn_setup
                0x00000d0c       0x34 drivers/port/port.o
                0x00000d0c                btn_setup
 .text.__vector_66
                0x00000d40       0xd2 drivers/port/port.o
                0x00000d40                __vector_66
 .text.__vector_34
                0x00000e12       0xd2 drivers/port/port.o
                0x00000e12                __vector_34
 .text.__vector_10
                0x00000ee4       0xd4 drivers/rtc/rtc.o
                0x00000ee4                __vector_10
 .text.Si114xPauseAll
                0x00000fb8       0xb4 drivers/sensors/si114x/Si114x_functions.o
                0x00000fb8                Si114xPauseAll
 .text.si114x_reset
                0x0000106c       0x86 drivers/sensors/si114x/Si114x_functions.o
                0x0000106c                si114x_reset
 .text.Si114xWriteToRegister
                0x000010f2       0x3a drivers/sensors/si114x/Si114x_sys_out.o
                0x000010f2                Si114xWriteToRegister
 .text.Si114xReadFromRegister
                0x0000112c       0x38 drivers/sensors/si114x/Si114x_sys_out.o
                0x0000112c                Si114xReadFromRegister
 .text.delay_10ms
                0x00001164       0x14 drivers/sensors/si114x/Si114x_sys_out.o
                0x00001164                delay_10ms
 .text.spi_on   0x00001178       0x14 drivers/sercom/sercom.o
                0x00001178                spi_on
 .text.spi_off  0x0000118c       0x1e drivers/sercom/sercom.o
                0x0000118c                spi_off
 .text.spi_wr_rd
                0x000011aa       0x12 drivers/sercom/sercom.o
                0x000011aa                spi_wr_rd
 .text.twi_setup
                0x000011bc       0x14 drivers/sercom/sercom.o
                0x000011bc                twi_setup
 .text.twi_read_packet
                0x000011d0      0x148 drivers/sercom/sercom.o
                0x000011d0                twi_read_packet
 .text.twi_write_packet
                0x00001318       0xa8 drivers/sercom/sercom.o
                0x00001318                twi_write_packet
 .text.sync_window.part.2
                0x000013c0       0xc2 fatfs/ff.o
 .text.move_window
                0x00001482      0x11c fatfs/ff.o
 .text.sync_fs  0x0000159e      0x182 fatfs/ff.o
 .text.put_fat.part.6
                0x00001720      0x678 fatfs/ff.o
 .text.get_fat.part.4
                0x00001d98      0x5de fatfs/ff.o
 .text.dir_sdi  0x00002376      0x1ce fatfs/ff.o
 .text.create_chain
                0x00002544      0x81e fatfs/ff.o
 .text.dir_alloc.constprop.10
                0x00002d62      0x4f6 fatfs/ff.o
 .text.dir_register
                0x00003258      0x20a fatfs/ff.o
 .text.follow_path
                0x00003462      0x6be fatfs/ff.o
 .text.find_volume
                0x00003b20      0x8fe fatfs/ff.o
 .text.f_mount  0x0000441e       0xca fatfs/ff.o
                0x0000441e                f_mount
 .text.f_open   0x000044e8     0x1250 fatfs/ff.o
                0x000044e8                f_open
 .text.f_read   0x00005738      0x506 fatfs/ff.o
                0x00005738                f_read
 .text.f_close  0x00005c3e      0x1e6 fatfs/ff.o
                0x00005c3e                f_close
 .text.f_lseek  0x00005e24      0x418 fatfs/ff.o
                0x00005e24                f_lseek
 .text.rcvr_datablock
                0x0000623c       0x7c fatfs/mmc_avr.o
 .text.send_cmd
                0x000062b8      0x106 fatfs/mmc_avr.o
 .text.disk_initialize
                0x000063be      0x182 fatfs/mmc_avr.o
                0x000063be                disk_initialize
 .text.disk_status
                0x00006540        0xe fatfs/mmc_avr.o
                0x00006540                disk_status
 .text.disk_read
                0x0000654e       0xfe fatfs/mmc_avr.o
                0x0000654e                disk_read
 .text.disk_write
                0x0000664c      0x19a fatfs/mmc_avr.o
                0x0000664c                disk_write
 .text.disk_ioctl
                0x000067e6      0x43a fatfs/mmc_avr.o
                0x000067e6                disk_ioctl
 .text.__vector_14
                0x00006c20      0x12a fatfs/sound.o
                0x00006c20                __vector_14
 .text.load_wav
                0x00006d4a      0x670 fatfs/sound.o
                0x00006d4a                load_wav
 .text.jsmn_init
                0x000073ba       0x14 json/jsmn.o
                0x000073ba                jsmn_init
 .text.play_sound
                0x000073ce       0x2c main.o
                0x000073ce                play_sound
 .text.startup.main
                0x000073fa       0xbc main.o
                0x000073fa                main
 .text.__vector_20
                0x000074b6       0x2e main.o
                0x000074b6                __vector_20
 .text.uart_setup
                0x000074e4       0x26 uart.o
                0x000074e4                uart_setup
 .text.uart_put_char
                0x0000750a        0xe uart.o
                0x0000750a                uart_put_char
 .text.uart_get_char
                0x00007518        0xe uart.o
                0x00007518                uart_get_char
 .text.uwrite_hex
                0x00007526       0x72 uart.o
                0x00007526                uwrite_hex
 .text.avr-libc.fplib
                0x00007598        0xa c:/program files/atmel/atmel toolchain/avr8 gcc/native/3.4.1056/avr8-gnu-toolchain/bin/../lib/gcc/avr/4.8.1/../../../../avr/lib/avrxmega4\libm.a(addsf3.o)
                0x00007598                __subsf3
                0x0000759a                __addsf3
 .text.avr-libc.fplib
                0x000075a2       0xc0 c:/program files/atmel/atmel toolchain/avr8 gcc/native/3.4.1056/avr8-gnu-toolchain/bin/../lib/gcc/avr/4.8.1/../../../../avr/lib/avrxmega4\libm.a(addsf3x.o)
                0x000075bc                __addsf3x
 .text.avr-libc.fplib
                0x00007662        0xa c:/program files/atmel/atmel toolchain/avr8 gcc/native/3.4.1056/avr8-gnu-toolchain/bin/../lib/gcc/avr/4.8.1/../../../../avr/lib/avrxmega4\libm.a(fixsfsi.o)
                0x00007662                __fixsfsi
 .text.avr-libc.fplib
                0x0000766c       0x58 c:/program files/atmel/atmel toolchain/avr8 gcc/native/3.4.1056/avr8-gnu-toolchain/bin/../lib/gcc/avr/4.8.1/../../../../avr/lib/avrxmega4\libm.a(fixunssfsi.o)
                0x0000766c                __fixunssfsi
 .text.avr-libc.fplib
                0x000076c4       0x7a c:/program files/atmel/atmel toolchain/avr8 gcc/native/3.4.1056/avr8-gnu-toolchain/bin/../lib/gcc/avr/4.8.1/../../../../avr/lib/avrxmega4\libm.a(floatsisf.o)
                0x000076c4                __floatunsisf
                0x000076c8                __floatsisf
 .text.avr-libc.fplib
                0x0000773e        0xc c:/program files/atmel/atmel toolchain/avr8 gcc/native/3.4.1056/avr8-gnu-toolchain/bin/../lib/gcc/avr/4.8.1/../../../../avr/lib/avrxmega4\libm.a(fp_inf.o)
                0x0000773e                __fp_inf
 .text.avr-libc.fplib
                0x0000774a        0x6 c:/program files/atmel/atmel toolchain/avr8 gcc/native/3.4.1056/avr8-gnu-toolchain/bin/../lib/gcc/avr/4.8.1/../../../../avr/lib/avrxmega4\libm.a(fp_nan.o)
                0x0000774a                __fp_nan
 .text.avr-libc.fplib
                0x00007750        0xe c:/program files/atmel/atmel toolchain/avr8 gcc/native/3.4.1056/avr8-gnu-toolchain/bin/../lib/gcc/avr/4.8.1/../../../../avr/lib/avrxmega4\libm.a(fp_pscA.o)
                0x00007750                __fp_pscA
 .text.avr-libc.fplib
                0x0000775e        0xe c:/program files/atmel/atmel toolchain/avr8 gcc/native/3.4.1056/avr8-gnu-toolchain/bin/../lib/gcc/avr/4.8.1/../../../../avr/lib/avrxmega4\libm.a(fp_pscB.o)
                0x0000775e                __fp_pscB
 .text.avr-libc.fplib
                0x0000776c       0x22 c:/program files/atmel/atmel toolchain/avr8 gcc/native/3.4.1056/avr8-gnu-toolchain/bin/../lib/gcc/avr/4.8.1/../../../../avr/lib/avrxmega4\libm.a(fp_round.o)
                0x0000776c                __fp_round
 .text.avr-libc.fplib
                0x0000778e       0x44 c:/program files/atmel/atmel toolchain/avr8 gcc/native/3.4.1056/avr8-gnu-toolchain/bin/../lib/gcc/avr/4.8.1/../../../../avr/lib/avrxmega4\libm.a(fp_split3.o)
                0x0000778e                __fp_split3
                0x0000779e                __fp_splitA
 .text.avr-libc.fplib
                0x000077d2        0xe c:/program files/atmel/atmel toolchain/avr8 gcc/native/3.4.1056/avr8-gnu-toolchain/bin/../lib/gcc/avr/4.8.1/../../../../avr/lib/avrxmega4\libm.a(fp_zero.o)
                0x000077d2                __fp_zero
                0x000077d4                __fp_szero
 .text.avr-libc.fplib
                0x000077e0        0x4 c:/program files/atmel/atmel toolchain/avr8 gcc/native/3.4.1056/avr8-gnu-toolchain/bin/../lib/gcc/avr/4.8.1/../../../../avr/lib/avrxmega4\libm.a(mulsf3.o)
                0x000077e0                __mulsf3
 .text.avr-libc.fplib
                0x000077e4       0xc2 c:/program files/atmel/atmel toolchain/avr8 gcc/native/3.4.1056/avr8-gnu-toolchain/bin/../lib/gcc/avr/4.8.1/../../../../avr/lib/avrxmega4\libm.a(mulsf3x.o)
                0x000077f8                __mulsf3x
                0x000077fc                __mulsf3_pse
 .text.libgcc.div
                0x000078a6       0x44 c:/program files/atmel/atmel toolchain/avr8 gcc/native/3.4.1056/avr8-gnu-toolchain/bin/../lib/gcc/avr/4.8.1/avrxmega4\libgcc.a(_udivmodsi4.o)
                0x000078a6                __udivmodsi4
 .text.libgcc   0x000078ea        0xc c:/program files/atmel/atmel toolchain/avr8 gcc/native/3.4.1056/avr8-gnu-toolchain/bin/../lib/gcc/avr/4.8.1/avrxmega4\libgcc.a(_tablejump.o)
                0x000078ea                __tablejump2__
                0x000078ee                __tablejump__
 .text.libgcc.mul
                0x000078f6       0x1e c:/program files/atmel/atmel toolchain/avr8 gcc/native/3.4.1056/avr8-gnu-toolchain/bin/../lib/gcc/avr/4.8.1/avrxmega4\libgcc.a(_umulhisi3.o)
                0x000078f6                __umulhisi3
 .text.libgcc.mul
                0x00007914       0x14 c:/program files/atmel/atmel toolchain/avr8 gcc/native/3.4.1056/avr8-gnu-toolchain/bin/../lib/gcc/avr/4.8.1/avrxmega4\libgcc.a(_muluhisi3.o)
                0x00007914                __muluhisi3
 .text.avr-libc
                0x00007928       0x16 c:/program files/atmel/atmel toolchain/avr8 gcc/native/3.4.1056/avr8-gnu-toolchain/bin/../lib/gcc/avr/4.8.1/../../../../avr/lib/avrxmega4\libc.a(strchr.o)
                0x00007928                strchr
 .text.avr-libc
                0x0000793e       0x34 c:/program files/atmel/atmel toolchain/avr8 gcc/native/3.4.1056/avr8-gnu-toolchain/bin/../lib/gcc/avr/4.8.1/../../../../avr/lib/avrxmega4\libc.a(strstr.o)
                0x0000793e                strstr
 .text.avr-libc
                0x00007972       0x5a c:/program files/atmel/atmel toolchain/avr8 gcc/native/3.4.1056/avr8-gnu-toolchain/bin/../lib/gcc/avr/4.8.1/../../../../avr/lib/avrxmega4\libc.a(puts.o)
                0x00007972                puts
                0x000079cc                . = ALIGN (0x2)
 *(.fini9)
 .fini9         0x000079cc        0x0 c:/program files/atmel/atmel toolchain/avr8 gcc/native/3.4.1056/avr8-gnu-toolchain/bin/../lib/gcc/avr/4.8.1/avrxmega4\libgcc.a(_exit.o)
                0x000079cc                _exit
                0x000079cc                exit
 *(.fini9)
 *(.fini8)
 *(.fini8)
 *(.fini7)
 *(.fini7)
 *(.fini6)
 *(.fini6)
 *(.fini5)
 *(.fini5)
 *(.fini4)
 *(.fini4)
 *(.fini3)
 *(.fini3)
 *(.fini2)
 *(.fini2)
 *(.fini1)
 *(.fini1)
 *(.fini0)
 .fini0         0x000079cc        0x4 c:/program files/atmel/atmel toolchain/avr8 gcc/native/3.4.1056/avr8-gnu-toolchain/bin/../lib/gcc/avr/4.8.1/avrxmega4\libgcc.a(_exit.o)
 *(.fini0)
                0x000079d0                _etext = .

.data           0x00802000      0x1d6 load address 0x000079d0
                0x00802000                PROVIDE (__data_start, .)
 *(.data)
 .data          0x00802000        0x0 c:/program files/atmel/atmel toolchain/avr8 gcc/native/3.4.1056/avr8-gnu-toolchain/bin/../lib/gcc/avr/4.8.1/../../../../avr/lib/avrxmega4/crtx64a4u.o
 .data          0x00802000        0x0 4x6_font.o
 .data          0x00802000        0x0 drivers/adc/adc.o
 .data          0x00802000        0x0 drivers/clock/clock.o
 .data          0x00802000        0x0 drivers/dma/dma.o
 .data          0x00802000        0x0 drivers/eeprom/eeprom.o
 .data          0x00802000        0x0 drivers/esp8266/esp8266.o
 .data          0x00802000        0x0 drivers/ht1632c/ht1632c.o
 .data          0x00802000        0x0 drivers/port/port.o
 .data          0x00802000        0x0 drivers/power/power.o
 .data          0x00802000        0x0 drivers/rtc/rtc.o
 .data          0x00802000        0x0 drivers/sensors/si114x/Si114x_functions.o
 .data          0x00802000        0x0 drivers/sensors/si114x/Si114x_handler.o
 .data          0x00802000        0x0 drivers/sensors/si114x/Si114x_sys_out.o
 .data          0x00802000        0x0 drivers/sensors/si114x/slider_algorithm.o
 .data          0x00802000        0x0 drivers/sercom/sercom.o
 .data          0x00802000        0x0 fatfs/ff.o
 .data          0x00802000        0x0 fatfs/mmc_avr.o
 .data          0x00802000        0x0 fatfs/sound.o
 .data          0x00802000        0x0 json/jsmn.o
 .data          0x00802000        0x0 main.o
 .data          0x00802000        0x0 menu.o
 .data          0x00802000        0x0 uart.o
 .data          0x00802000        0x0 c:/program files/atmel/atmel toolchain/avr8 gcc/native/3.4.1056/avr8-gnu-toolchain/bin/../lib/gcc/avr/4.8.1/../../../../avr/lib/avrxmega4\libm.a(addsf3.o)
 .data          0x00802000        0x0 c:/program files/atmel/atmel toolchain/avr8 gcc/native/3.4.1056/avr8-gnu-toolchain/bin/../lib/gcc/avr/4.8.1/../../../../avr/lib/avrxmega4\libm.a(addsf3x.o)
 .data          0x00802000        0x0 c:/program files/atmel/atmel toolchain/avr8 gcc/native/3.4.1056/avr8-gnu-toolchain/bin/../lib/gcc/avr/4.8.1/../../../../avr/lib/avrxmega4\libm.a(fixsfsi.o)
 .data          0x00802000        0x0 c:/program files/atmel/atmel toolchain/avr8 gcc/native/3.4.1056/avr8-gnu-toolchain/bin/../lib/gcc/avr/4.8.1/../../../../avr/lib/avrxmega4\libm.a(fixunssfsi.o)
 .data          0x00802000        0x0 c:/program files/atmel/atmel toolchain/avr8 gcc/native/3.4.1056/avr8-gnu-toolchain/bin/../lib/gcc/avr/4.8.1/../../../../avr/lib/avrxmega4\libm.a(floatsisf.o)
 .data          0x00802000        0x0 c:/program files/atmel/atmel toolchain/avr8 gcc/native/3.4.1056/avr8-gnu-toolchain/bin/../lib/gcc/avr/4.8.1/../../../../avr/lib/avrxmega4\libm.a(fp_inf.o)
 .data          0x00802000        0x0 c:/program files/atmel/atmel toolchain/avr8 gcc/native/3.4.1056/avr8-gnu-toolchain/bin/../lib/gcc/avr/4.8.1/../../../../avr/lib/avrxmega4\libm.a(fp_nan.o)
 .data          0x00802000        0x0 c:/program files/atmel/atmel toolchain/avr8 gcc/native/3.4.1056/avr8-gnu-toolchain/bin/../lib/gcc/avr/4.8.1/../../../../avr/lib/avrxmega4\libm.a(fp_pscA.o)
 .data          0x00802000        0x0 c:/program files/atmel/atmel toolchain/avr8 gcc/native/3.4.1056/avr8-gnu-toolchain/bin/../lib/gcc/avr/4.8.1/../../../../avr/lib/avrxmega4\libm.a(fp_pscB.o)
 .data          0x00802000        0x0 c:/program files/atmel/atmel toolchain/avr8 gcc/native/3.4.1056/avr8-gnu-toolchain/bin/../lib/gcc/avr/4.8.1/../../../../avr/lib/avrxmega4\libm.a(fp_round.o)
 .data          0x00802000        0x0 c:/program files/atmel/atmel toolchain/avr8 gcc/native/3.4.1056/avr8-gnu-toolchain/bin/../lib/gcc/avr/4.8.1/../../../../avr/lib/avrxmega4\libm.a(fp_split3.o)
 .data          0x00802000        0x0 c:/program files/atmel/atmel toolchain/avr8 gcc/native/3.4.1056/avr8-gnu-toolchain/bin/../lib/gcc/avr/4.8.1/../../../../avr/lib/avrxmega4\libm.a(fp_zero.o)
 .data          0x00802000        0x0 c:/program files/atmel/atmel toolchain/avr8 gcc/native/3.4.1056/avr8-gnu-toolchain/bin/../lib/gcc/avr/4.8.1/../../../../avr/lib/avrxmega4\libm.a(mulsf3.o)
 .data          0x00802000        0x0 c:/program files/atmel/atmel toolchain/avr8 gcc/native/3.4.1056/avr8-gnu-toolchain/bin/../lib/gcc/avr/4.8.1/../../../../avr/lib/avrxmega4\libm.a(mulsf3x.o)
 .data          0x00802000        0x0 c:/program files/atmel/atmel toolchain/avr8 gcc/native/3.4.1056/avr8-gnu-toolchain/bin/../lib/gcc/avr/4.8.1/avrxmega4\libgcc.a(_divmodhi4.o)
 .data          0x00802000        0x0 c:/program files/atmel/atmel toolchain/avr8 gcc/native/3.4.1056/avr8-gnu-toolchain/bin/../lib/gcc/avr/4.8.1/avrxmega4\libgcc.a(_udivmodsi4.o)
 .data          0x00802000        0x0 c:/program files/atmel/atmel toolchain/avr8 gcc/native/3.4.1056/avr8-gnu-toolchain/bin/../lib/gcc/avr/4.8.1/avrxmega4\libgcc.a(_exit.o)
 .data          0x00802000        0x0 c:/program files/atmel/atmel toolchain/avr8 gcc/native/3.4.1056/avr8-gnu-toolchain/bin/../lib/gcc/avr/4.8.1/avrxmega4\libgcc.a(_tablejump.o)
 .data          0x00802000        0x0 c:/program files/atmel/atmel toolchain/avr8 gcc/native/3.4.1056/avr8-gnu-toolchain/bin/../lib/gcc/avr/4.8.1/avrxmega4\libgcc.a(_copy_data.o)
 .data          0x00802000        0x0 c:/program files/atmel/atmel toolchain/avr8 gcc/native/3.4.1056/avr8-gnu-toolchain/bin/../lib/gcc/avr/4.8.1/avrxmega4\libgcc.a(_clear_bss.o)
 .data          0x00802000        0x0 c:/program files/atmel/atmel toolchain/avr8 gcc/native/3.4.1056/avr8-gnu-toolchain/bin/../lib/gcc/avr/4.8.1/avrxmega4\libgcc.a(_umulhisi3.o)
 .data          0x00802000        0x0 c:/program files/atmel/atmel toolchain/avr8 gcc/native/3.4.1056/avr8-gnu-toolchain/bin/../lib/gcc/avr/4.8.1/avrxmega4\libgcc.a(_muluhisi3.o)
 .data          0x00802000        0x0 c:/program files/atmel/atmel toolchain/avr8 gcc/native/3.4.1056/avr8-gnu-toolchain/bin/../lib/gcc/avr/4.8.1/avrxmega4\libgcc.a(_udivmodhi4.o)
 .data          0x00802000        0x4 c:/program files/atmel/atmel toolchain/avr8 gcc/native/3.4.1056/avr8-gnu-toolchain/bin/../lib/gcc/avr/4.8.1/../../../../avr/lib/avrxmega4\libc.a(rand.o)
 .data          0x00802004        0x0 c:/program files/atmel/atmel toolchain/avr8 gcc/native/3.4.1056/avr8-gnu-toolchain/bin/../lib/gcc/avr/4.8.1/../../../../avr/lib/avrxmega4\libc.a(memcpy.o)
 .data          0x00802004        0x0 c:/program files/atmel/atmel toolchain/avr8 gcc/native/3.4.1056/avr8-gnu-toolchain/bin/../lib/gcc/avr/4.8.1/../../../../avr/lib/avrxmega4\libc.a(memmove.o)
 .data          0x00802004        0x0 c:/program files/atmel/atmel toolchain/avr8 gcc/native/3.4.1056/avr8-gnu-toolchain/bin/../lib/gcc/avr/4.8.1/../../../../avr/lib/avrxmega4\libc.a(memset.o)
 .data          0x00802004        0x0 c:/program files/atmel/atmel toolchain/avr8 gcc/native/3.4.1056/avr8-gnu-toolchain/bin/../lib/gcc/avr/4.8.1/../../../../avr/lib/avrxmega4\libc.a(strchr.o)
 .data          0x00802004        0x0 c:/program files/atmel/atmel toolchain/avr8 gcc/native/3.4.1056/avr8-gnu-toolchain/bin/../lib/gcc/avr/4.8.1/../../../../avr/lib/avrxmega4\libc.a(strcpy.o)
 .data          0x00802004        0x0 c:/program files/atmel/atmel toolchain/avr8 gcc/native/3.4.1056/avr8-gnu-toolchain/bin/../lib/gcc/avr/4.8.1/../../../../avr/lib/avrxmega4\libc.a(strncpy.o)
 .data          0x00802004        0x0 c:/program files/atmel/atmel toolchain/avr8 gcc/native/3.4.1056/avr8-gnu-toolchain/bin/../lib/gcc/avr/4.8.1/../../../../avr/lib/avrxmega4\libc.a(strrchr.o)
 .data          0x00802004        0x0 c:/program files/atmel/atmel toolchain/avr8 gcc/native/3.4.1056/avr8-gnu-toolchain/bin/../lib/gcc/avr/4.8.1/../../../../avr/lib/avrxmega4\libc.a(strstr.o)
 .data          0x00802004        0x0 c:/program files/atmel/atmel toolchain/avr8 gcc/native/3.4.1056/avr8-gnu-toolchain/bin/../lib/gcc/avr/4.8.1/../../../../avr/lib/avrxmega4\libc.a(itoa.o)
 .data          0x00802004        0x0 c:/program files/atmel/atmel toolchain/avr8 gcc/native/3.4.1056/avr8-gnu-toolchain/bin/../lib/gcc/avr/4.8.1/../../../../avr/lib/avrxmega4\libc.a(itoa_ncheck.o)
 .data          0x00802004        0x0 c:/program files/atmel/atmel toolchain/avr8 gcc/native/3.4.1056/avr8-gnu-toolchain/bin/../lib/gcc/avr/4.8.1/../../../../avr/lib/avrxmega4\libc.a(utoa_ncheck.o)
 .data          0x00802004        0x0 c:/program files/atmel/atmel toolchain/avr8 gcc/native/3.4.1056/avr8-gnu-toolchain/bin/../lib/gcc/avr/4.8.1/../../../../avr/lib/avrxmega4\libc.a(iob.o)
 .data          0x00802004        0x0 c:/program files/atmel/atmel toolchain/avr8 gcc/native/3.4.1056/avr8-gnu-toolchain/bin/../lib/gcc/avr/4.8.1/../../../../avr/lib/avrxmega4\libc.a(printf.o)
 .data          0x00802004        0x0 c:/program files/atmel/atmel toolchain/avr8 gcc/native/3.4.1056/avr8-gnu-toolchain/bin/../lib/gcc/avr/4.8.1/../../../../avr/lib/avrxmega4\libc.a(puts.o)
 .data          0x00802004        0x0 c:/program files/atmel/atmel toolchain/avr8 gcc/native/3.4.1056/avr8-gnu-toolchain/bin/../lib/gcc/avr/4.8.1/../../../../avr/lib/avrxmega4\libc.a(sprintf.o)
 .data          0x00802004        0x0 c:/program files/atmel/atmel toolchain/avr8 gcc/native/3.4.1056/avr8-gnu-toolchain/bin/../lib/gcc/avr/4.8.1/../../../../avr/lib/avrxmega4\libc.a(vfprintf_std.o)
 .data          0x00802004        0x0 c:/program files/atmel/atmel toolchain/avr8 gcc/native/3.4.1056/avr8-gnu-toolchain/bin/../lib/gcc/avr/4.8.1/../../../../avr/lib/avrxmega4\libc.a(strnlen_P.o)
 .data          0x00802004        0x0 c:/program files/atmel/atmel toolchain/avr8 gcc/native/3.4.1056/avr8-gnu-toolchain/bin/../lib/gcc/avr/4.8.1/../../../../avr/lib/avrxmega4\libc.a(strnlen.o)
 .data          0x00802004        0x0 c:/program files/atmel/atmel toolchain/avr8 gcc/native/3.4.1056/avr8-gnu-toolchain/bin/../lib/gcc/avr/4.8.1/../../../../avr/lib/avrxmega4\libc.a(strrev.o)
 .data          0x00802004        0x0 c:/program files/atmel/atmel toolchain/avr8 gcc/native/3.4.1056/avr8-gnu-toolchain/bin/../lib/gcc/avr/4.8.1/../../../../avr/lib/avrxmega4\libc.a(fputc.o)
 .data          0x00802004        0x0 c:/program files/atmel/atmel toolchain/avr8 gcc/native/3.4.1056/avr8-gnu-toolchain/bin/../lib/gcc/avr/4.8.1/../../../../avr/lib/avrxmega4\libc.a(ultoa_invert.o)
 .data          0x00802004        0x0 c:/program files/atmel/atmel toolchain/avr8 gcc/native/3.4.1056/avr8-gnu-toolchain/bin/../lib/gcc/avr/4.8.1/avrxmega4\libgcc.a(_divmodsi4.o)
 .data          0x00802004        0x0 c:/program files/atmel/atmel toolchain/avr8 gcc/native/3.4.1056/avr8-gnu-toolchain/bin/../lib/gcc/avr/4.8.1/avrxmega4\libgcc.a(_negsi2.o)
 .data          0x00802004        0x0 c:/program files/atmel/atmel toolchain/avr8 gcc/native/3.4.1056/avr8-gnu-toolchain/bin/../lib/gcc/avr/4.8.1/avrxmega4\libgcc.a(_mulshisi3.o)
 *(.data*)
 .data.Stat     0x00802004        0x1 fatfs/mmc_avr.o
 .data.mystdout
                0x00802005        0xe main.o
 *(.rodata)
 *(.rodata*)
 .rodata.str1.1
                0x00802013       0xfb drivers/esp8266/esp8266.o
                                 0xfc (size before relaxing)
 .rodata.str1.1
                0x0080210e       0x53 fatfs/ff.o
 .rodata.str1.1
                0x00802161       0x74 main.o
                                 0x75 (size before relaxing)
 *(.gnu.linkonce.d*)
                0x008021d6                . = ALIGN (0x2)
 *fill*         0x008021d5        0x1 
                0x008021d6                _edata = .
                0x008021d6                PROVIDE (__data_end, .)

.bss            0x008021d6      0xbc2
                0x008021d6                PROVIDE (__bss_start, .)
 *(.bss)
 *(.bss*)
 .bss.rx_buffer
                0x008021d6       0xc8 drivers/esp8266/esp8266.o
 .bss.rx_ptr    0x0080229e        0x2 drivers/esp8266/esp8266.o
 .bss.json_found
                0x008022a0        0x1 drivers/esp8266/esp8266.o
                0x008022a0                json_found
 .bss.ledmatrix
                0x008022a1       0x30 drivers/ht1632c/ht1632c.o
 .bss.CurrVol   0x008022d1        0x1 fatfs/ff.o
 .bss.Fsid      0x008022d2        0x2 fatfs/ff.o
 .bss.FatFs     0x008022d4        0x4 fatfs/ff.o
 .bss.CardType  0x008022d8        0x1 fatfs/mmc_avr.o
 .bss.Timer2    0x008022d9        0x1 fatfs/mmc_avr.o
 .bss.Timer1    0x008022da        0x1 fatfs/mmc_avr.o
 .bss.counter   0x008022db        0x2 main.o
 *(COMMON)
 COMMON         0x008022dd       0x15 drivers/esp8266/esp8266.o
                0x008022dd                ipAddress
                0x008022f1                status
 COMMON         0x008022f2        0x1 drivers/port/port.o
                0x008022f2                btn_status
 COMMON         0x008022f3        0x8 drivers/rtc/rtc.o
                0x008022f3                time
 COMMON         0x008022fb       0x43 fatfs/sound.o
                0x008022fb                full
                0x008022fc                fht_array
                0x0080233c                WavFifo
 COMMON         0x0080233e      0xa54 main.o
                0x0080233e                FatFs
                0x00802570                Buff
                0x00802d70                bw
                0x00802d72                Fil
 COMMON         0x00802d92        0x6 c:/program files/atmel/atmel toolchain/avr8 gcc/native/3.4.1056/avr8-gnu-toolchain/bin/../lib/gcc/avr/4.8.1/../../../../avr/lib/avrxmega4\libc.a(iob.o)
                0x00802d92                __iob
                0x00802d98                PROVIDE (__bss_end, .)
                0x000079d0                __data_load_start = LOADADDR (.data)
                0x00007ba6                __data_load_end = (__data_load_start + SIZEOF (.data))

.noinit         0x00802d98        0x0
                0x00802d98                PROVIDE (__noinit_start, .)
 *(.noinit*)
                0x00802d98                PROVIDE (__noinit_end, .)
                0x00802d98                _end = .
                0x00802d98                PROVIDE (__heap_start, .)

.eeprom         0x00810000        0x0
 *(.eeprom*)
                0x00810000                __eeprom_end = .

.fuse
 *(.fuse)
 *(.lfuse)
 *(.hfuse)
 *(.efuse)

.lock
 *(.lock*)

.signature
 *(.signature*)

.user_signatures
 *(.user_signatures*)

.stab
 *(.stab)

.stabstr
 *(.stabstr)

.stab.excl
 *(.stab.excl)

.stab.exclstr
 *(.stab.exclstr)

.stab.index
 *(.stab.index)

.stab.indexstr
 *(.stab.indexstr)

.comment        0x00000000       0x5c
 *(.comment)
 .comment       0x00000000       0x30 4x6_font.o
                                 0x31 (size before relaxing)
 .comment       0x00000000       0x31 drivers/adc/adc.o
 .comment       0x00000000       0x31 drivers/clock/clock.o
 .comment       0x00000000       0x31 drivers/dma/dma.o
 .comment       0x00000000       0x31 drivers/eeprom/eeprom.o
 .comment       0x00000000       0x31 drivers/esp8266/esp8266.o
 .comment       0x00000000       0x31 drivers/ht1632c/ht1632c.o
 .comment       0x00000000       0x31 drivers/port/port.o
 .comment       0x00000000       0x31 drivers/power/power.o
 .comment       0x00000000       0x31 drivers/rtc/rtc.o
 .comment       0x00000000       0x31 drivers/sensors/si114x/Si114x_functions.o
 .comment       0x00000000       0x31 drivers/sensors/si114x/Si114x_handler.o
 .comment       0x00000000       0x31 drivers/sensors/si114x/Si114x_sys_out.o
 .comment       0x00000000       0x31 drivers/sensors/si114x/slider_algorithm.o
 .comment       0x00000000       0x31 drivers/sercom/sercom.o
 .comment       0x00000000       0x31 fatfs/ff.o
 .comment       0x00000000       0x31 fatfs/mmc_avr.o
 .comment       0x00000000       0x31 fatfs/sound.o
 .comment       0x00000000       0x31 json/jsmn.o
 .comment       0x00000000       0x31 main.o
 .comment       0x00000000       0x31 menu.o
 .comment       0x00000000       0x31 uart.o
 .comment       0x00000000       0x31 c:/program files/atmel/atmel toolchain/avr8 gcc/native/3.4.1056/avr8-gnu-toolchain/bin/../lib/gcc/avr/4.8.1/../../../../avr/lib/avrxmega4\libc.a(rand.o)
 .comment       0x00000000       0x31 c:/program files/atmel/atmel toolchain/avr8 gcc/native/3.4.1056/avr8-gnu-toolchain/bin/../lib/gcc/avr/4.8.1/../../../../avr/lib/avrxmega4\libc.a(iob.o)
 .comment       0x00000000       0x31 c:/program files/atmel/atmel toolchain/avr8 gcc/native/3.4.1056/avr8-gnu-toolchain/bin/../lib/gcc/avr/4.8.1/../../../../avr/lib/avrxmega4\libc.a(printf.o)
 .comment       0x00000000       0x31 c:/program files/atmel/atmel toolchain/avr8 gcc/native/3.4.1056/avr8-gnu-toolchain/bin/../lib/gcc/avr/4.8.1/../../../../avr/lib/avrxmega4\libc.a(puts.o)
 .comment       0x00000000       0x31 c:/program files/atmel/atmel toolchain/avr8 gcc/native/3.4.1056/avr8-gnu-toolchain/bin/../lib/gcc/avr/4.8.1/../../../../avr/lib/avrxmega4\libc.a(sprintf.o)
 .comment       0x00000030       0x2c c:/program files/atmel/atmel toolchain/avr8 gcc/native/3.4.1056/avr8-gnu-toolchain/bin/../lib/gcc/avr/4.8.1/../../../../avr/lib/avrxmega4\libc.a(vfprintf_std.o)
                                 0x2d (size before relaxing)
 .comment       0x00000000       0x31 c:/program files/atmel/atmel toolchain/avr8 gcc/native/3.4.1056/avr8-gnu-toolchain/bin/../lib/gcc/avr/4.8.1/../../../../avr/lib/avrxmega4\libc.a(fputc.o)

.note.gnu.build-id
 *(.note.gnu.build-id)

.debug
 *(.debug)

.line
 *(.line)

.debug_srcinfo
 *(.debug_srcinfo)

.debug_sfnames
 *(.debug_sfnames)

.debug_aranges  0x00000000      0x870
 *(.debug_aranges)
 .debug_aranges
                0x00000000       0x18 4x6_font.o
 .debug_aranges
                0x00000018       0x38 drivers/adc/adc.o
 .debug_aranges
                0x00000050       0x48 drivers/clock/clock.o
 .debug_aranges
                0x00000098       0xa8 drivers/dma/dma.o
 .debug_aranges
                0x00000140       0x68 drivers/eeprom/eeprom.o
 .debug_aranges
                0x000001a8       0x70 drivers/esp8266/esp8266.o
 .debug_aranges
                0x00000218      0x118 drivers/ht1632c/ht1632c.o
 .debug_aranges
                0x00000330       0x40 drivers/port/port.o
 .debug_aranges
                0x00000370       0x20 drivers/power/power.o
 .debug_aranges
                0x00000390       0x78 drivers/rtc/rtc.o
 .debug_aranges
                0x00000408       0x88 drivers/sensors/si114x/Si114x_functions.o
 .debug_aranges
                0x00000490       0x38 drivers/sensors/si114x/Si114x_handler.o
 .debug_aranges
                0x000004c8       0x50 drivers/sensors/si114x/Si114x_sys_out.o
 .debug_aranges
                0x00000518       0x30 drivers/sensors/si114x/slider_algorithm.o
 .debug_aranges
                0x00000548       0x68 drivers/sercom/sercom.o
 .debug_aranges
                0x000005b0      0x150 fatfs/ff.o
 .debug_aranges
                0x00000700       0x58 fatfs/mmc_avr.o
 .debug_aranges
                0x00000758       0x40 fatfs/sound.o
 .debug_aranges
                0x00000798       0x28 json/jsmn.o
 .debug_aranges
                0x000007c0       0x50 main.o
 .debug_aranges
                0x00000810       0x20 menu.o
 .debug_aranges
                0x00000830       0x40 uart.o

.debug_pubnames
 *(.debug_pubnames)

.debug_info     0x00000000    0x1c0ba
 *(.debug_info .gnu.linkonce.wi.*)
 .debug_info    0x00000000      0x150 4x6_font.o
 .debug_info    0x00000150      0x8ef drivers/adc/adc.o
 .debug_info    0x00000a3f      0x236 drivers/clock/clock.o
 .debug_info    0x00000c75      0x94f drivers/dma/dma.o
 .debug_info    0x000015c4      0x550 drivers/eeprom/eeprom.o
 .debug_info    0x00001b14     0x168f drivers/esp8266/esp8266.o
 .debug_info    0x000031a3     0x33c1 drivers/ht1632c/ht1632c.o
 .debug_info    0x00006564      0x759 drivers/port/port.o
 .debug_info    0x00006cbd      0x35d drivers/power/power.o
 .debug_info    0x0000701a     0x1497 drivers/rtc/rtc.o
 .debug_info    0x000084b1     0x2d37 drivers/sensors/si114x/Si114x_functions.o
 .debug_info    0x0000b1e8      0x63c drivers/sensors/si114x/Si114x_handler.o
 .debug_info    0x0000b824      0x5ae drivers/sensors/si114x/Si114x_sys_out.o
 .debug_info    0x0000bdd2      0x6c0 drivers/sensors/si114x/slider_algorithm.o
 .debug_info    0x0000c492      0xc1b drivers/sercom/sercom.o
 .debug_info    0x0000d0ad     0x9de4 fatfs/ff.o
 .debug_info    0x00016e91     0x1ac2 fatfs/mmc_avr.o
 .debug_info    0x00018953     0x149c fatfs/sound.o
 .debug_info    0x00019def      0x575 json/jsmn.o
 .debug_info    0x0001a364     0x1665 main.o
 .debug_info    0x0001b9c9      0x257 menu.o
 .debug_info    0x0001bc20      0x49a uart.o

.debug_abbrev   0x00000000     0x3311
 *(.debug_abbrev)
 .debug_abbrev  0x00000000       0x62 4x6_font.o
 .debug_abbrev  0x00000062      0x254 drivers/adc/adc.o
 .debug_abbrev  0x000002b6       0xb9 drivers/clock/clock.o
 .debug_abbrev  0x0000036f      0x1e1 drivers/dma/dma.o
 .debug_abbrev  0x00000550      0x1cd drivers/eeprom/eeprom.o
 .debug_abbrev  0x0000071d      0x3ce drivers/esp8266/esp8266.o
 .debug_abbrev  0x00000aeb      0x4ff drivers/ht1632c/ht1632c.o
 .debug_abbrev  0x00000fea      0x1ac drivers/port/port.o
 .debug_abbrev  0x00001196       0xc8 drivers/power/power.o
 .debug_abbrev  0x0000125e      0x328 drivers/rtc/rtc.o
 .debug_abbrev  0x00001586      0x3a0 drivers/sensors/si114x/Si114x_functions.o
 .debug_abbrev  0x00001926      0x1bf drivers/sensors/si114x/Si114x_handler.o
 .debug_abbrev  0x00001ae5      0x1d7 drivers/sensors/si114x/Si114x_sys_out.o
 .debug_abbrev  0x00001cbc      0x20f drivers/sensors/si114x/slider_algorithm.o
 .debug_abbrev  0x00001ecb      0x254 drivers/sercom/sercom.o
 .debug_abbrev  0x0000211f      0x321 fatfs/ff.o
 .debug_abbrev  0x00002440      0x30d fatfs/mmc_avr.o
 .debug_abbrev  0x0000274d      0x32a fatfs/sound.o
 .debug_abbrev  0x00002a77      0x1f3 json/jsmn.o
 .debug_abbrev  0x00002c6a      0x3f4 main.o
 .debug_abbrev  0x0000305e      0x120 menu.o
 .debug_abbrev  0x0000317e      0x193 uart.o

.debug_line     0x00000000     0xe679
 *(.debug_line .debug_line.* .debug_line_end)
 .debug_line    0x00000000       0x2d 4x6_font.o
 .debug_line    0x0000002d      0x2fd drivers/adc/adc.o
 .debug_line    0x0000032a      0x22e drivers/clock/clock.o
 .debug_line    0x00000558      0x348 drivers/dma/dma.o
 .debug_line    0x000008a0      0x378 drivers/eeprom/eeprom.o
 .debug_line    0x00000c18      0x733 drivers/esp8266/esp8266.o
 .debug_line    0x0000134b     0x3c4a drivers/ht1632c/ht1632c.o
 .debug_line    0x00004f95      0x2fe drivers/port/port.o
 .debug_line    0x00005293      0x140 drivers/power/power.o
 .debug_line    0x000053d3      0x63a drivers/rtc/rtc.o
 .debug_line    0x00005a0d      0xa99 drivers/sensors/si114x/Si114x_functions.o
 .debug_line    0x000064a6      0x57d drivers/sensors/si114x/Si114x_handler.o
 .debug_line    0x00006a23      0x28d drivers/sensors/si114x/Si114x_sys_out.o
 .debug_line    0x00006cb0      0x302 drivers/sensors/si114x/slider_algorithm.o
 .debug_line    0x00006fb2      0x554 drivers/sercom/sercom.o
 .debug_line    0x00007506     0x5762 fatfs/ff.o
 .debug_line    0x0000cc68      0x8d4 fatfs/mmc_avr.o
 .debug_line    0x0000d53c      0x52e fatfs/sound.o
 .debug_line    0x0000da6a      0x44d json/jsmn.o
 .debug_line    0x0000deb7      0x3e7 main.o
 .debug_line    0x0000e29e      0x1a6 menu.o
 .debug_line    0x0000e444      0x235 uart.o

.debug_frame    0x00000000     0x26f4
 *(.debug_frame)
 .debug_frame   0x00000000       0x54 drivers/adc/adc.o
 .debug_frame   0x00000054       0x74 drivers/clock/clock.o
 .debug_frame   0x000000c8      0x178 drivers/dma/dma.o
 .debug_frame   0x00000240       0xb4 drivers/eeprom/eeprom.o
 .debug_frame   0x000002f4      0x1ac drivers/esp8266/esp8266.o
 .debug_frame   0x000004a0      0x5bc drivers/ht1632c/ht1632c.o
 .debug_frame   0x00000a5c       0xf4 drivers/port/port.o
 .debug_frame   0x00000b50       0x24 drivers/power/power.o
 .debug_frame   0x00000b74      0x234 drivers/rtc/rtc.o
 .debug_frame   0x00000da8      0x230 drivers/sensors/si114x/Si114x_functions.o
 .debug_frame   0x00000fd8      0x120 drivers/sensors/si114x/Si114x_handler.o
 .debug_frame   0x000010f8       0xe4 drivers/sensors/si114x/Si114x_sys_out.o
 .debug_frame   0x000011dc       0x9c drivers/sensors/si114x/slider_algorithm.o
 .debug_frame   0x00001278       0xd4 drivers/sercom/sercom.o
 .debug_frame   0x0000134c      0xf10 fatfs/ff.o
 .debug_frame   0x0000225c      0x184 fatfs/mmc_avr.o
 .debug_frame   0x000023e0      0x120 fatfs/sound.o
 .debug_frame   0x00002500       0x90 json/jsmn.o
 .debug_frame   0x00002590       0xdc main.o
 .debug_frame   0x0000266c       0x24 menu.o
 .debug_frame   0x00002690       0x64 uart.o

.debug_str      0x00000000     0x3a45
 *(.debug_str)
 .debug_str     0x00000000      0x1a5 4x6_font.o
                                0x1d9 (size before relaxing)
 .debug_str     0x000001a5      0x95a drivers/adc/adc.o
                                0xb04 (size before relaxing)
 .debug_str     0x00000aff      0x192 drivers/clock/clock.o
                                0x32c (size before relaxing)
 .debug_str     0x00000c91      0x788 drivers/dma/dma.o
                                0x9cb (size before relaxing)
 .debug_str     0x00001419      0x128 drivers/eeprom/eeprom.o
                                0x6c0 (size before relaxing)
 .debug_str     0x00001541      0x31e drivers/esp8266/esp8266.o
                                0x585 (size before relaxing)
 .debug_str     0x0000185f      0x3ba drivers/ht1632c/ht1632c.o
                                0x6f9 (size before relaxing)
 .debug_str     0x00001c19      0x267 drivers/port/port.o
                                0x5dc (size before relaxing)
 .debug_str     0x00001e80       0xa4 drivers/power/power.o
                                0x3c2 (size before relaxing)
 .debug_str     0x00001f24      0x2fe drivers/rtc/rtc.o
                                0x5f8 (size before relaxing)
 .debug_str     0x00002222      0x38e drivers/sensors/si114x/Si114x_functions.o
                                0x57c (size before relaxing)
 .debug_str     0x000025b0      0x100 drivers/sensors/si114x/Si114x_handler.o
                                0x2e7 (size before relaxing)
 .debug_str     0x000026b0       0x63 drivers/sensors/si114x/Si114x_sys_out.o
                                0x360 (size before relaxing)
 .debug_str     0x00002713      0x219 drivers/sensors/si114x/slider_algorithm.o
                                0x43a (size before relaxing)
 .debug_str     0x0000292c      0x301 drivers/sercom/sercom.o
                                0x725 (size before relaxing)
 .debug_str     0x00002c2d      0x588 fatfs/ff.o
                                0x737 (size before relaxing)
 .debug_str     0x000031b5       0xaf fatfs/mmc_avr.o
                                0x493 (size before relaxing)
 .debug_str     0x00003264      0x458 fatfs/sound.o
                                0xb30 (size before relaxing)
 .debug_str     0x000036bc      0x124 json/jsmn.o
                                0x27b (size before relaxing)
 .debug_str     0x000037e0      0x134 main.o
                                0xcc9 (size before relaxing)
 .debug_str     0x00003914       0x1f menu.o
                                0x260 (size before relaxing)
 .debug_str     0x00003933      0x112 uart.o
                                0x3e4 (size before relaxing)

.debug_loc      0x00000000    0x2c6f3
 *(.debug_loc)
 .debug_loc     0x00000000      0x141 drivers/adc/adc.o
 .debug_loc     0x00000141      0x398 drivers/dma/dma.o
 .debug_loc     0x000004d9      0x215 drivers/eeprom/eeprom.o
 .debug_loc     0x000006ee      0xc74 drivers/esp8266/esp8266.o
 .debug_loc     0x00001362     0xafb8 drivers/ht1632c/ht1632c.o
 .debug_loc     0x0000c31a      0x196 drivers/port/port.o
 .debug_loc     0x0000c4b0      0x756 drivers/rtc/rtc.o
 .debug_loc     0x0000cc06     0x224a drivers/sensors/si114x/Si114x_functions.o
 .debug_loc     0x0000ee50      0x773 drivers/sensors/si114x/Si114x_handler.o
 .debug_loc     0x0000f5c3      0x3d6 drivers/sensors/si114x/Si114x_sys_out.o
 .debug_loc     0x0000f999      0x84d drivers/sensors/si114x/slider_algorithm.o
 .debug_loc     0x000101e6      0xbee drivers/sercom/sercom.o
 .debug_loc     0x00010dd4    0x18ba5 fatfs/ff.o
 .debug_loc     0x00029979     0x15fc fatfs/mmc_avr.o
 .debug_loc     0x0002af75      0x821 fatfs/sound.o
 .debug_loc     0x0002b796      0xb3e json/jsmn.o
 .debug_loc     0x0002c2d4      0x291 main.o
 .debug_loc     0x0002c565       0xd8 menu.o
 .debug_loc     0x0002c63d       0xb6 uart.o

.debug_macinfo
 *(.debug_macinfo)

.debug_weaknames
 *(.debug_weaknames)

.debug_funcnames
 *(.debug_funcnames)

.debug_typenames
 *(.debug_typenames)

.debug_varnames
 *(.debug_varnames)

.debug_pubtypes
 *(.debug_pubtypes)

.debug_ranges   0x00000000     0x4370
 *(.debug_ranges)
 .debug_ranges  0x00000000       0x28 drivers/adc/adc.o
 .debug_ranges  0x00000028       0x38 drivers/clock/clock.o
 .debug_ranges  0x00000060       0x98 drivers/dma/dma.o
 .debug_ranges  0x000000f8       0x58 drivers/eeprom/eeprom.o
 .debug_ranges  0x00000150       0x60 drivers/esp8266/esp8266.o
 .debug_ranges  0x000001b0     0x17c8 drivers/ht1632c/ht1632c.o
 .debug_ranges  0x00001978       0x60 drivers/port/port.o
 .debug_ranges  0x000019d8       0x10 drivers/power/power.o
 .debug_ranges  0x000019e8       0x68 drivers/rtc/rtc.o
 .debug_ranges  0x00001a50      0x158 drivers/sensors/si114x/Si114x_functions.o
 .debug_ranges  0x00001ba8       0xe0 drivers/sensors/si114x/Si114x_handler.o
 .debug_ranges  0x00001c88       0x40 drivers/sensors/si114x/Si114x_sys_out.o
 .debug_ranges  0x00001cc8       0x20 drivers/sensors/si114x/slider_algorithm.o
 .debug_ranges  0x00001ce8      0x138 drivers/sercom/sercom.o
 .debug_ranges  0x00001e20     0x2168 fatfs/ff.o
 .debug_ranges  0x00003f88      0x188 fatfs/mmc_avr.o
 .debug_ranges  0x00004110       0x48 fatfs/sound.o
 .debug_ranges  0x00004158      0x150 json/jsmn.o
 .debug_ranges  0x000042a8       0x58 main.o
 .debug_ranges  0x00004300       0x10 menu.o
 .debug_ranges  0x00004310       0x60 uart.o

.debug_macro
 *(.debug_macro)
OUTPUT(matrix_clock.elf elf32-avr)
LOAD linker stubs
