Archive member included because of file (symbol)

c:/program files/atmel/atmel toolchain/avr8 gcc/native/3.4.1056/avr8-gnu-toolchain/bin/../lib/gcc/avr/4.8.1/../../../../avr/lib/avrxmega4\libm.a(fixsfsi.o)
                              drivers/adc/adc.o (__fixsfsi)
c:/program files/atmel/atmel toolchain/avr8 gcc/native/3.4.1056/avr8-gnu-toolchain/bin/../lib/gcc/avr/4.8.1/../../../../avr/lib/avrxmega4\libm.a(fixunssfsi.o)
                              c:/program files/atmel/atmel toolchain/avr8 gcc/native/3.4.1056/avr8-gnu-toolchain/bin/../lib/gcc/avr/4.8.1/../../../../avr/lib/avrxmega4\libm.a(fixsfsi.o) (__fixunssfsi)
c:/program files/atmel/atmel toolchain/avr8 gcc/native/3.4.1056/avr8-gnu-toolchain/bin/../lib/gcc/avr/4.8.1/../../../../avr/lib/avrxmega4\libm.a(floatsisf.o)
                              drivers/adc/adc.o (__floatsisf)
c:/program files/atmel/atmel toolchain/avr8 gcc/native/3.4.1056/avr8-gnu-toolchain/bin/../lib/gcc/avr/4.8.1/../../../../avr/lib/avrxmega4\libm.a(fp_split3.o)
                              c:/program files/atmel/atmel toolchain/avr8 gcc/native/3.4.1056/avr8-gnu-toolchain/bin/../lib/gcc/avr/4.8.1/../../../../avr/lib/avrxmega4\libm.a(fixunssfsi.o) (__fp_splitA)
c:/program files/atmel/atmel toolchain/avr8 gcc/native/3.4.1056/avr8-gnu-toolchain/bin/../lib/gcc/avr/4.8.1/../../../../avr/lib/avrxmega4\libm.a(fp_zero.o)
                              c:/program files/atmel/atmel toolchain/avr8 gcc/native/3.4.1056/avr8-gnu-toolchain/bin/../lib/gcc/avr/4.8.1/../../../../avr/lib/avrxmega4\libm.a(fixunssfsi.o) (__fp_zero)
c:/program files/atmel/atmel toolchain/avr8 gcc/native/3.4.1056/avr8-gnu-toolchain/bin/../lib/gcc/avr/4.8.1/../../../../avr/lib/avrxmega4\libm.a(mulsf3.o)
                              drivers/adc/adc.o (__mulsf3)
c:/program files/atmel/atmel toolchain/avr8 gcc/native/3.4.1056/avr8-gnu-toolchain/bin/../lib/gcc/avr/4.8.1/../../../../avr/lib/avrxmega4\libm.a(mulsf3x.o)
                              c:/program files/atmel/atmel toolchain/avr8 gcc/native/3.4.1056/avr8-gnu-toolchain/bin/../lib/gcc/avr/4.8.1/../../../../avr/lib/avrxmega4\libm.a(mulsf3.o) (__mulsf3x)
c:/program files/atmel/atmel toolchain/avr8 gcc/native/3.4.1056/avr8-gnu-toolchain/bin/../lib/gcc/avr/4.8.1/../../../../avr/lib/avrxmega4\libm.a(fp_inf.o)
                              c:/program files/atmel/atmel toolchain/avr8 gcc/native/3.4.1056/avr8-gnu-toolchain/bin/../lib/gcc/avr/4.8.1/../../../../avr/lib/avrxmega4\libm.a(mulsf3x.o) (__fp_inf)
c:/program files/atmel/atmel toolchain/avr8 gcc/native/3.4.1056/avr8-gnu-toolchain/bin/../lib/gcc/avr/4.8.1/../../../../avr/lib/avrxmega4\libm.a(fp_nan.o)
                              c:/program files/atmel/atmel toolchain/avr8 gcc/native/3.4.1056/avr8-gnu-toolchain/bin/../lib/gcc/avr/4.8.1/../../../../avr/lib/avrxmega4\libm.a(mulsf3x.o) (__fp_nan)
c:/program files/atmel/atmel toolchain/avr8 gcc/native/3.4.1056/avr8-gnu-toolchain/bin/../lib/gcc/avr/4.8.1/../../../../avr/lib/avrxmega4\libm.a(fp_pscA.o)
                              c:/program files/atmel/atmel toolchain/avr8 gcc/native/3.4.1056/avr8-gnu-toolchain/bin/../lib/gcc/avr/4.8.1/../../../../avr/lib/avrxmega4\libm.a(mulsf3x.o) (__fp_pscA)
c:/program files/atmel/atmel toolchain/avr8 gcc/native/3.4.1056/avr8-gnu-toolchain/bin/../lib/gcc/avr/4.8.1/../../../../avr/lib/avrxmega4\libm.a(fp_pscB.o)
                              c:/program files/atmel/atmel toolchain/avr8 gcc/native/3.4.1056/avr8-gnu-toolchain/bin/../lib/gcc/avr/4.8.1/../../../../avr/lib/avrxmega4\libm.a(mulsf3x.o) (__fp_pscB)
c:/program files/atmel/atmel toolchain/avr8 gcc/native/3.4.1056/avr8-gnu-toolchain/bin/../lib/gcc/avr/4.8.1/../../../../avr/lib/avrxmega4\libm.a(fp_round.o)
                              c:/program files/atmel/atmel toolchain/avr8 gcc/native/3.4.1056/avr8-gnu-toolchain/bin/../lib/gcc/avr/4.8.1/../../../../avr/lib/avrxmega4\libm.a(mulsf3.o) (__fp_round)
c:/program files/atmel/atmel toolchain/avr8 gcc/native/3.4.1056/avr8-gnu-toolchain/bin/../lib/gcc/avr/4.8.1/avrxmega4\libgcc.a(_divmodhi4.o)
                              drivers/adc/adc.o (__divmodhi4)
c:/program files/atmel/atmel toolchain/avr8 gcc/native/3.4.1056/avr8-gnu-toolchain/bin/../lib/gcc/avr/4.8.1/avrxmega4\libgcc.a(_udivmodsi4.o)
                              drivers/rtc/rtc.o (__udivmodsi4)
c:/program files/atmel/atmel toolchain/avr8 gcc/native/3.4.1056/avr8-gnu-toolchain/bin/../lib/gcc/avr/4.8.1/avrxmega4\libgcc.a(_exit.o)
                              c:/program files/atmel/atmel toolchain/avr8 gcc/native/3.4.1056/avr8-gnu-toolchain/bin/../lib/gcc/avr/4.8.1/../../../../avr/lib/avrxmega4/crtx64a4u.o (exit)
c:/program files/atmel/atmel toolchain/avr8 gcc/native/3.4.1056/avr8-gnu-toolchain/bin/../lib/gcc/avr/4.8.1/avrxmega4\libgcc.a(_tablejump.o)
                              fatfs/ff.o (__tablejump2__)
c:/program files/atmel/atmel toolchain/avr8 gcc/native/3.4.1056/avr8-gnu-toolchain/bin/../lib/gcc/avr/4.8.1/avrxmega4\libgcc.a(_copy_data.o)
[...]
Memory Configuration

Name             Origin             Length             Attributes
text             0x00000000         0x00100000         xr
data             0x00802000         0x0000ffa0         rw !x
eeprom           0x00810000         0x00010000         rw !x
fuse             0x00820000         0x00000400         rw !x
lock             0x00830000         0x00000400         rw !x
signature        0x00840000         0x00000400         rw !x
user_signatures  0x00850000         0x00000400         rw !x
*default*        0x00000000         0xffffffff

Linker script and memory map

LOAD c:/program files/atmel/atmel toolchain/avr8 gcc/native/3.4.1056/avr8-gnu-toolchain/bin/../lib/gcc/avr/4.8.1/../../../../avr/lib/avrxmega4/crtx64a4u.o
LOAD 4x6_font.o
LOAD drivers/adc/adc.o
LOAD drivers/clock/clock.o
LOAD drivers/dma/dma.o
LOAD drivers/dma/dma_functions.o
LOAD drivers/eeprom/eeprom.o
LOAD drivers/esp8266/esp8266.o
LOAD drivers/ht1632c/ht1632c.o
LOAD drivers/port/port.o
LOAD drivers/power/power.o
LOAD drivers/rtc/rtc.o
LOAD drivers/sensors/si114x/Si114x_functions.o
LOAD drivers/sensors/si114x/Si114x_handler.o
LOAD drivers/sensors/si114x/Si114x_sys_out.o
LOAD drivers/sensors/si114x/slider_algorithm.o
LOAD drivers/sercom/spi.o
LOAD drivers/sercom/twi.o
LOAD drivers/sercom/uart.o
LOAD fatfs/ff.o
LOAD fatfs/mmc_avr.o
LOAD fatfs/sound.o
LOAD json/jsmn.o
LOAD json/json_functions.o
LOAD main.o
LOAD modules/display/display.o
LOAD modules/menu/menu.o
LOAD modules/time_functions/time_functions.o
LOAD _StackInstrument.o
START GROUP
LOAD c:/program files/atmel/atmel toolchain/avr8 gcc/native/3.4.1056/avr8-gnu-toolchain/bin/../lib/gcc/avr/4.8.1/../../../../avr/lib/avrxmega4\libm.a
END GROUP
START GROUP
LOAD c:/program files/atmel/atmel toolchain/avr8 gcc/native/3.4.1056/avr8-gnu-toolchain/bin/../lib/gcc/avr/4.8.1/avrxmega4\libgcc.a
LOAD c:/program files/atmel/atmel toolchain/avr8 gcc/native/3.4.1056/avr8-gnu-toolchain/bin/../lib/gcc/avr/4.8.1/../../../../avr/lib/avrxmega4\libm.a
LOAD c:/program files/atmel/atmel toolchain/avr8 gcc/native/3.4.1056/avr8-gnu-toolchain/bin/../lib/gcc/avr/4.8.1/../../../../avr/lib/avrxmega4\libc.a
END GROUP

.hash
 *(.hash)

.dynsym
 *(.dynsym)

.dynstr
 *(.dynstr)

.gnu.version
 *(.gnu.version)

.gnu.version_d
 *(.gnu.version_d)

.gnu.version_r
 *(.gnu.version_r)

.rel.init
 *(.rel.init)

.rela.init
 *(.rela.init)

.rel.text
 *(.rel.text)
 *(.rel.text.*)
 *(.rel.gnu.linkonce.t*)

.rela.text
 *(.rela.text)
 *(.rela.text.*)
 *(.rela.gnu.linkonce.t*)

.rel.fini
 *(.rel.fini)

.rela.fini
 *(.rela.fini)

.rel.rodata
 *(.rel.rodata)
 *(.rel.rodata.*)
 *(.rel.gnu.linkonce.r*)

.rela.rodata
 *(.rela.rodata)
 *(.rela.rodata.*)
 *(.rela.gnu.linkonce.r*)

.rel.data
 *(.rel.data)
 *(.rel.data.*)
 *(.rel.gnu.linkonce.d*)

.rela.data
 *(.rela.data)
 *(.rela.data.*)
 *(.rela.gnu.linkonce.d*)

.rel.ctors
 *(.rel.ctors)

.rela.ctors
 *(.rela.ctors)

.rel.dtors
 *(.rel.dtors)

.rela.dtors
 *(.rela.dtors)

.rel.got
 *(.rel.got)

.rela.got
 *(.rela.got)

.rel.bss
 *(.rel.bss)

.rela.bss
 *(.rela.bss)

.rel.plt
 *(.rel.plt)

.rela.plt
 *(.rela.plt)

.text           0x00000000     0x8954
 *(.vectors)
 .vectors       0x00000000      0x1fc c:/program files/atmel/atmel toolchain/avr8 gcc/native/3.4.1056/avr8-gnu-toolchain/bin/../lib/gcc/avr/4.8.1/../../../../avr/lib/avrxmega4/crtx64a4u.o
                0x00000000                __vector_default
                0x00000000                __vectors
 *(.vectors)
 *(.progmem.gcc*)
 .progmem.gcc_sw_table.jsmn_parse
                0x000001fc       0xa8 json/jsmn.o
 .progmem.gcc_sw_table.menu_configuration
                0x000002a4       0x1c modules/menu/menu.o
 .progmem.gcc_sw_table.menu_state_machine
                0x000002c0        0xe modules/menu/menu.o
 .progmem.gcc_sw_table.time_get_day_name
                0x000002ce        0xe modules/time_functions/time_functions.o
 .progmem.gcc_sw_table.time_get_month_name
                0x000002dc       0x18 modules/time_functions/time_functions.o
 .progmem.gcc_sw_table.time_get_days_in_month
                0x000002f4       0x18 modules/time_functions/time_functions.o
                0x0000030c                . = ALIGN (0x2)
                0x0000030c                __trampolines_start = .
 *(.trampolines)
 .trampolines   0x0000030c        0x0 linker stubs
 *(.trampolines*)
                0x0000030c                __trampolines_end = .
 *(.progmem*)
 .progmem.data.font_4x6
                0x0000030c      0x600 modules/display/display.o
 .progmem.data.font_5x7
                0x0000090c      0x4fb modules/display/display.o
 .progmem.data  0x00000e07       0x3b c:/program files/atmel/atmel toolchain/avr8 gcc/native/3.4.1056/avr8-gnu-toolchain/bin/../lib/gcc/avr/4.8.1/../../../../avr/lib/avrxmega4\libc.a(strtod.o)
 .progmem.data  0x00000e42        0xc c:/program files/atmel/atmel toolchain/avr8 gcc/native/3.4.1056/avr8-gnu-toolchain/bin/../lib/gcc/avr/4.8.1/../../../../avr/lib/avrxmega4\libc.a(vfscanf_std.o)
                0x00000e4e                . = ALIGN (0x2)
 *(.jumptables)
 *(.jumptables*)
 *(.lowtext)
 *(.lowtext*)
                0x00000e4e                __ctors_start = .
 *(.ctors)
                0x00000e4e                __ctors_end = .
                0x00000e4e                __dtors_start = .
 *(.dtors)
                0x00000e4e                __dtors_end = .
 SORT(*)(.ctors)
 SORT(*)(.dtors)
 *(.init0)
 .init0         0x00000e4e        0x0 c:/program files/atmel/atmel toolchain/avr8 gcc/native/3.4.1056/avr8-gnu-toolchain/bin/../lib/gcc/avr/4.8.1/../../../../avr/lib/avrxmega4/crtx64a4u.o
                0x00000e4e                __init
 *(.init0)
 *(.init1)
 .init1         0x00000e4e       0x2e _StackInstrument.o
                0x00000e4e                _StackPaint
 *(.init1)
 *(.init2)
 .init2         0x00000e7c        0xc c:/program files/atmel/atmel toolchain/avr8 gcc/native/3.4.1056/avr8-gnu-toolchain/bin/../lib/gcc/avr/4.8.1/../../../../avr/lib/avrxmega4/crtx64a4u.o
 *(.init2)
 *(.init3)
 *(.init3)
 *(.init4)
 .init4         0x00000e88       0x1a c:/program files/atmel/atmel toolchain/avr8 gcc/native/3.4.1056/avr8-gnu-toolchain/bin/../lib/gcc/avr/4.8.1/avrxmega4\libgcc.a(_copy_data.o)
                0x00000e88                __do_copy_data
 .init4         0x00000ea2       0x10 c:/program files/atmel/atmel toolchain/avr8 gcc/native/3.4.1056/avr8-gnu-toolchain/bin/../lib/gcc/avr/4.8.1/avrxmega4\libgcc.a(_clear_bss.o)
                0x00000ea2                __do_clear_bss
 *(.init4)
 *(.init5)
 *(.init5)
 *(.init6)
 *(.init6)
 *(.init7)
 *(.init7)
 *(.init8)
 *(.init8)
 *(.init9)
 .init9         0x00000eb2        0x8 c:/program files/atmel/atmel toolchain/avr8 gcc/native/3.4.1056/avr8-gnu-toolchain/bin/../lib/gcc/avr/4.8.1/../../../../avr/lib/avrxmega4/crtx64a4u.o
 *(.init9)
 *(.text)
 .text          0x00000eba        0x2 c:/program files/atmel/atmel toolchain/avr8 gcc/native/3.4.1056/avr8-gnu-toolchain/bin/../lib/gcc/avr/4.8.1/../../../../avr/lib/avrxmega4/crtx64a4u.o
                0x00000eba                __vector_38
                0x00000eba                __vector_104
                0x00000eba                __vector_22
                0x00000eba                __vector_63
                0x00000eba                __vector_28
                0x00000eba                __vector_1
                0x00000eba                __vector_119
                0x00000eba                __vector_32
                0x00000eba                __vector_75
                0x00000eba                __vector_71
                0x00000eba                __vector_91
                0x00000eba                __vector_62
                0x00000eba                __vector_77
                0x00000eba                __vector_102
                0x00000eba                __vector_24
                0x00000eba                __vector_12
                0x00000eba                __vector_55
                0x00000eba                __vector_69
                0x00000eba                __vector_81
                0x00000eba                __vector_90
                0x00000eba                __vector_46
                0x00000eba                __bad_interrupt
                0x00000eba                __vector_122
                0x00000eba                __vector_72
                0x00000eba                __vector_114
                0x00000eba                __vector_110
                0x00000eba                __vector_31
                0x00000eba                __vector_92
                0x00000eba                __vector_35
                0x00000eba                __vector_78
                0x00000eba                __vector_74
                0x00000eba                __vector_117
                0x00000eba                __vector_39
                0x00000eba                __vector_107
                0x00000eba                __vector_3
                0x00000eba                __vector_105
                0x00000eba                __vector_98
                0x00000eba                __vector_23
                0x00000eba                __vector_68
                0x00000eba                __vector_30
                0x00000eba                __vector_73
                0x00000eba                __vector_45
                0x00000eba                __vector_25
                0x00000eba                __vector_93
                0x00000eba                __vector_61
                0x00000eba                __vector_11
                0x00000eba                __vector_54
                0x00000eba                __vector_99
                0x00000eba                __vector_13
                0x00000eba                __vector_17
                0x00000eba                __vector_19
                0x00000eba                __vector_56
                0x00000eba                __vector_7
                0x00000eba                __vector_125
                0x00000eba                __vector_49
                0x00000eba                __vector_123
                0x00000eba                __vector_41
                0x00000eba                __vector_86
                0x00000eba                __vector_100
                0x00000eba                __vector_101
                0x00000eba                __vector_64
                0x00000eba                __vector_109
                0x00000eba                __vector_43
                0x00000eba                __vector_27
                0x00000eba                __vector_5
                0x00000eba                __vector_113
                0x00000eba                __vector_33
                0x00000eba                __vector_76
                0x00000eba                __vector_115
                0x00000eba                __vector_47
                0x00000eba                __vector_52
                0x00000eba                __vector_37
                0x00000eba                __vector_95
                0x00000eba                __vector_103
                0x00000eba                __vector_96
                0x00000eba                __vector_89
                0x00000eba                __vector_108
                0x00000eba                __vector_4
                0x00000eba                __vector_44
                0x00000eba                __vector_82
                0x00000eba                __vector_106
                0x00000eba                __vector_118
                0x00000eba                __vector_51
                0x00000eba                __vector_9
                0x00000eba                __vector_2
                0x00000eba                __vector_21
                0x00000eba                __vector_15
                0x00000eba                __vector_36
                0x00000eba                __vector_79
                0x00000eba                __vector_58
                0x00000eba                __vector_70
                0x00000eba                __vector_83
                0x00000eba                __vector_29
                0x00000eba                __vector_60
                0x00000eba                __vector_121
                0x00000eba                __vector_40
                0x00000eba                __vector_85
                0x00000eba                __vector_94
                0x00000eba                __vector_126
                0x00000eba                __vector_8
                0x00000eba                __vector_26
                0x00000eba                __vector_48
                0x00000eba                __vector_124
                0x00000eba                __vector_116
                0x00000eba                __vector_112
                0x00000eba                __vector_111
                0x00000eba                __vector_80
                0x00000eba                __vector_84
                0x00000eba                __vector_57
                0x00000eba                __vector_53
                0x00000eba                __vector_50
                0x00000eba                __vector_59
                0x00000eba                __vector_18
                0x00000eba                __vector_97
                0x00000eba                __vector_42
                0x00000eba                __vector_87
                0x00000eba                __vector_65
                0x00000eba                __vector_120
                0x00000ebc                . = ALIGN (0x2)
 *(.text.*)
 .text.clock_setup_32_mhz
                0x00000ebc       0x1c drivers/clock/clock.o
                0x00000ebc                clock_setup_32_mhz
 .text.__vector_6
                0x00000ed8       0x54 drivers/dma/dma_functions.o
                0x00000ed8                __vector_6
 .text.EEPROM_WaitForNVM
                0x00000f2c        0xc drivers/eeprom/eeprom.o
                0x00000f2c                EEPROM_WaitForNVM
 .text.EEPROM_FlushBuffer
                0x00000f38       0x2e drivers/eeprom/eeprom.o
                0x00000f38                EEPROM_FlushBuffer
 .text.EEPROM_WriteByte
                0x00000f66       0x56 drivers/eeprom/eeprom.o
                0x00000f66                EEPROM_WriteByte
 .text.EEPROM_EraseAll
                0x00000fbc       0x28 drivers/eeprom/eeprom.o
                0x00000fbc                EEPROM_EraseAll
 .text.EEPROM_WriteEnv
                0x00000fe4       0xa2 drivers/eeprom/eeprom.o
                0x00000fe4                EEPROM_WriteEnv
 .text.esp8266_on
                0x00001086       0x1e drivers/esp8266/esp8266.o
                0x00001086                esp8266_on
 .text.esp8266_off
                0x000010a4        0xa drivers/esp8266/esp8266.o
                0x000010a4                esp8266_off
 .text.esp8266_setup
                0x000010ae       0xa4 drivers/esp8266/esp8266.o
                0x000010ae                esp8266_setup
 .text.esp8266_join_ap
                0x00001152       0xd6 drivers/esp8266/esp8266.o
                0x00001152                esp8266_join_ap
 .text.esp8266_get_json
                0x00001228      0x22a drivers/esp8266/esp8266.o
                0x00001228                esp8266_get_json
 .text.esp8266_setup_webserver
                0x00001452      0x156 drivers/esp8266/esp8266.o
                0x00001452                esp8266_setup_webserver
 .text.esp8266_configure_ssid_and_password
                0x000015a8      0x35e drivers/esp8266/esp8266.o
                0x000015a8                esp8266_configure_ssid_and_password
 .text.__vector_88
                0x00001906      0x19a drivers/esp8266/esp8266.o
                0x00001906                __vector_88
 .text.ht1632c_set_pixel
                0x00001aa0       0x30 drivers/ht1632c/ht1632c.o
                0x00001aa0                ht1632c_set_pixel
 .text.ht1632c_clr_pixel
                0x00001ad0       0x32 drivers/ht1632c/ht1632c.o
                0x00001ad0                ht1632c_clr_pixel
 .text.ht1632c_clear_screen
                0x00001b02       0x16 drivers/ht1632c/ht1632c.o
                0x00001b02                ht1632c_clear_screen
 .text.ht1632c_write_data
                0x00001b18       0x4e drivers/ht1632c/ht1632c.o
                0x00001b18                ht1632c_write_data
 .text.ht1632c_refresh_screen
                0x00001b66       0x56 drivers/ht1632c/ht1632c.o
                0x00001b66                ht1632c_refresh_screen
 .text.ht1632c_write_command
                0x00001bbc       0x24 drivers/ht1632c/ht1632c.o
                0x00001bbc                ht1632c_write_command
 .text.ht1632c_setup
                0x00001be0       0x38 drivers/ht1632c/ht1632c.o
                0x00001be0                ht1632c_setup
 .text.ht1632c_set_brightness
                0x00001c18       0x12 drivers/ht1632c/ht1632c.o
                0x00001c18                ht1632c_set_brightness
 .text.ht1632c_blink
                0x00001c2a       0x10 drivers/ht1632c/ht1632c.o
                0x00001c2a                ht1632c_blink
 .text.ht1632c_shift_left
                0x00001c3a       0x92 drivers/ht1632c/ht1632c.o
                0x00001c3a                ht1632c_shift_left
 .text.ht1632c_shift_right
                0x00001ccc       0x88 drivers/ht1632c/ht1632c.o
                0x00001ccc                ht1632c_shift_right
 .text.ht1632c_shift_up
                0x00001d54       0x3e drivers/ht1632c/ht1632c.o
                0x00001d54                ht1632c_shift_up
 .text.ht1632c_shift_down
                0x00001d92       0x3e drivers/ht1632c/ht1632c.o
                0x00001d92                ht1632c_shift_down
 .text.ht1632c_slide_in_from_left
                0x00001dd0      0x104 drivers/ht1632c/ht1632c.o
                0x00001dd0                ht1632c_slide_in_from_left
 .text.ht1632c_slide_in_from_right
                0x00001ed4       0xf6 drivers/ht1632c/ht1632c.o
                0x00001ed4                ht1632c_slide_in_from_right
 .text.ht1632c_slide_in_from_bottom
                0x00001fca      0x166 drivers/ht1632c/ht1632c.o
                0x00001fca                ht1632c_slide_in_from_bottom
 .text.ht1632c_slide_in_from_top
                0x00002130      0x156 drivers/ht1632c/ht1632c.o
                0x00002130                ht1632c_slide_in_from_top
 .text.ht1632c_print_buffer
                0x00002286       0xd6 drivers/ht1632c/ht1632c.o
                0x00002286                ht1632c_print_buffer
 .text.btn_setup
                0x0000235c       0xb8 drivers/port/port.o
                0x0000235c                btn_setup
 .text.btn_si114x_enable_interrupt
                0x00002414       0x1e drivers/port/port.o
                0x00002414                btn_si114x_enable_interrupt
 .text.btn_si114x_disable_interrupt
                0x00002432       0x1e drivers/port/port.o
                0x00002432                btn_si114x_disable_interrupt
 .text.btn_check_press
                0x00002450       0x2e drivers/port/port.o
                0x00002450                btn_check_press
 .text.__vector_66
                0x0000247e       0x52 drivers/port/port.o
                0x0000247e                __vector_66
 .text.__vector_34
                0x000024d0       0x6e drivers/port/port.o
                0x000024d0                __vector_34
 .text.__vector_67
                0x0000253e       0x9c drivers/port/port.o
                0x0000253e                __vector_67
 .text.rtc_setup
                0x000025da       0x34 drivers/rtc/rtc.o
                0x000025da                rtc_setup
 .text.rtc_disable_time_render
                0x0000260e        0x6 drivers/rtc/rtc.o
                0x0000260e                rtc_disable_time_render
 .text.rtc_update_display
                0x00002614      0x13a drivers/rtc/rtc.o
                0x00002614                rtc_update_display
 .text.rtc_enable_time_render
                0x0000274e       0x1c drivers/rtc/rtc.o
                0x0000274e                rtc_enable_time_render
 .text.__vector_10
                0x0000276a      0x132 drivers/rtc/rtc.o
                0x0000276a                __vector_10
 .text._sendCmd
                0x0000289c       0xb0 drivers/sensors/si114x/Si114x_functions.o
 .text.si114x_get_data
                0x0000294c       0xe6 drivers/sensors/si114x/Si114x_functions.o
                0x0000294c                si114x_get_data
 .text.Si114xNop
                0x00002a32        0x6 drivers/sensors/si114x/Si114x_functions.o
                0x00002a32                Si114xNop
 .text.Si114xPsAuto
                0x00002a38        0x6 drivers/sensors/si114x/Si114x_functions.o
                0x00002a38                Si114xPsAuto
 .text.Si114xPsAlsAuto
                0x00002a3e        0x6 drivers/sensors/si114x/Si114x_functions.o
                0x00002a3e                Si114xPsAlsAuto
 .text.Si114xParamSet
                0x00002a44       0x80 drivers/sensors/si114x/Si114x_functions.o
                0x00002a44                Si114xParamSet
 .text.Si114xPauseAll
                0x00002ac4       0x3a drivers/sensors/si114x/Si114x_functions.o
                0x00002ac4                Si114xPauseAll
 .text.si114x_reset
                0x00002afe       0x86 drivers/sensors/si114x/Si114x_functions.o
                0x00002afe                si114x_reset
 .text.si114x_init_ps1
                0x00002b84       0xf8 drivers/sensors/si114x/Si114x_functions.o
                0x00002b84                si114x_init_ps1
 .text.si114x_setup_ps1_only
                0x00002c7c       0x22 drivers/sensors/si114x/Si114x_functions.o
                0x00002c7c                si114x_setup_ps1_only
 .text.si114x_init
                0x00002c9e      0x170 drivers/sensors/si114x/Si114x_functions.o
                0x00002c9e                si114x_init
 .text.si114x_setup
                0x00002e0e       0x32 drivers/sensors/si114x/Si114x_functions.o
                0x00002e0e                si114x_setup
 .text.si114x_baseline_calibration
                0x00002e40       0xc0 drivers/sensors/si114x/Si114x_functions.o
                0x00002e40                si114x_baseline_calibration
 .text.__vector_20
                0x00002f00       0x2e drivers/sensors/si114x/Si114x_functions.o
                0x00002f00                __vector_20
 .text.isIRStable
                0x00002f2e      0x104 drivers/sensors/si114x/Si114x_handler.o
                0x00002f2e                isIRStable
 .text.IRCompensation
                0x00003032       0xe0 drivers/sensors/si114x/Si114x_handler.o
                0x00003032                IRCompensation
 .text.calcBaseline
                0x00003112      0x204 drivers/sensors/si114x/Si114x_handler.o
                0x00003112                calcBaseline
 .text.si114x_process_samples
                0x00003316      0x1ea drivers/sensors/si114x/Si114x_handler.o
                0x00003316                si114x_process_samples
 .text.PortSet  0x00003500        0x2 drivers/sensors/si114x/Si114x_sys_out.o
                0x00003500                PortSet
 .text.Si114xWriteToRegister
                0x00003502       0x3a drivers/sensors/si114x/Si114x_sys_out.o
                0x00003502                Si114xWriteToRegister
 .text.Si114xReadFromRegister
                0x0000353c       0x38 drivers/sensors/si114x/Si114x_sys_out.o
                0x0000353c                Si114xReadFromRegister
 .text.Si114xBlockWrite
                0x00003574       0x20 drivers/sensors/si114x/Si114x_sys_out.o
                0x00003574                Si114xBlockWrite
 .text.delay_10ms
                0x00003594       0x14 drivers/sensors/si114x/Si114x_sys_out.o
                0x00003594                delay_10ms
 .text.QS_Counts_to_Distance
                0x000035a8      0x244 drivers/sensors/si114x/slider_algorithm.o
                0x000035a8                QS_Counts_to_Distance
 .text.SliderAlgorithm
                0x000037ec      0x414 drivers/sensors/si114x/slider_algorithm.o
                0x000037ec                SliderAlgorithm
 .text.twi_setup
                0x00003c00       0x14 drivers/sercom/twi.o
                0x00003c00                twi_setup
 .text.twi_start_transmission
                0x00003c14       0x5e drivers/sercom/twi.o
                0x00003c14                twi_start_transmission
 .text.twi_send_byte
                0x00003c72       0x46 drivers/sercom/twi.o
                0x00003c72                twi_send_byte
 .text.twi_receive_byte
                0x00003cb8       0x54 drivers/sercom/twi.o
                0x00003cb8                twi_receive_byte
 .text.twi_read_packet
                0x00003d0c       0x8c drivers/sercom/twi.o
                0x00003d0c                twi_read_packet
 .text.twi_write_packet
                0x00003d98       0x6e drivers/sercom/twi.o
                0x00003d98                twi_write_packet
 .text.uart_setup
                0x00003e06       0x26 drivers/sercom/uart.o
                0x00003e06                uart_setup
 .text.uart_put_char
                0x00003e2c       0x10 drivers/sercom/uart.o
                0x00003e2c                uart_put_char
 .text.uart_get_char
                0x00003e3c       0x10 drivers/sercom/uart.o
                0x00003e3c                uart_get_char
 .text.uart_write_str
                0x00003e4c       0x24 drivers/sercom/uart.o
                0x00003e4c                uart_write_str
 .text.__vector_14
                0x00003e70       0xf4 fatfs/sound.o
                0x00003e70                __vector_14
 .text.jsmn_parse
                0x00003f64      0x728 json/jsmn.o
                0x00003f64                jsmn_parse
 .text.jsmn_init
                0x0000468c       0x14 json/jsmn.o
                0x0000468c                jsmn_init
 .text.json_get_token
                0x000046a0       0x8a json/json_functions.o
                0x000046a0                json_get_token
 .text.main     0x0000472a      0x17c main.o
                0x0000472a                main
 .text.display_setup
                0x000048a6       0x18 modules/display/display.o
                0x000048a6                display_setup
 .text.display_clear_screen
                0x000048be        0x6 modules/display/display.o
                0x000048be                display_clear_screen
 .text.display_refresh_screen
                0x000048c4        0x6 modules/display/display.o
                0x000048c4                display_refresh_screen
 .text.display_fade
                0x000048ca       0x5a modules/display/display.o
                0x000048ca                display_fade
 .text.display_fade_blink
                0x00004924       0x12 modules/display/display.o
                0x00004924                display_fade_blink
 .text.display_draw_pixel
                0x00004936       0x86 modules/display/display.o
                0x00004936                display_draw_pixel
 .text.display_draw_filled_rect
                0x000049bc       0x7c modules/display/display.o
                0x000049bc                display_draw_filled_rect
 .text.display_show_loading_square
                0x00004a38       0x8c modules/display/display.o
                0x00004a38                display_show_loading_square
 .text.display_draw_char_to_buffer
                0x00004ac4       0x50 modules/display/display.o
                0x00004ac4                display_draw_char_to_buffer
 .text.display_draw_char
                0x00004b14       0xfa modules/display/display.o
                0x00004b14                display_draw_char
 .text.display_draw_small_char_to_buffer
                0x00004c0e       0x9e modules/display/display.o
                0x00004c0e                display_draw_small_char_to_buffer
 .text.display_print_scrolling_text
                0x00004cac       0xb6 modules/display/display.o
                0x00004cac                display_print_scrolling_text
 .text.display_draw_small_char
                0x00004d62      0x104 modules/display/display.o
                0x00004d62                display_draw_small_char
 .text.display_draw_four_letter_word
                0x00004e66       0x52 modules/display/display.o
                0x00004e66                display_draw_four_letter_word
 .text.display_draw_three_letter_word
                0x00004eb8       0x42 modules/display/display.o
                0x00004eb8                display_draw_three_letter_word
 .text.display_slide_in_from_left
                0x00004efa        0x6 modules/display/display.o
                0x00004efa                display_slide_in_from_left
 .text.display_slide_in_from_right
                0x00004f00        0x6 modules/display/display.o
                0x00004f00                display_slide_in_from_right
 .text.display_slide_in_from_bottom
                0x00004f06        0x6 modules/display/display.o
                0x00004f06                display_slide_in_from_bottom
 .text.display_slide_in_from_top
                0x00004f0c        0x6 modules/display/display.o
                0x00004f0c                display_slide_in_from_top
 .text.display_slide_out_to_right
                0x00004f12       0x10 modules/display/display.o
                0x00004f12                display_slide_out_to_right
 .text.display_slide_out_to_left
                0x00004f22       0x10 modules/display/display.o
                0x00004f22                display_slide_out_to_left
 .text.display_slide_out_to_top
                0x00004f32       0x10 modules/display/display.o
                0x00004f32                display_slide_out_to_top
 .text.display_slide_out_to_bottom
                0x00004f42       0x10 modules/display/display.o
                0x00004f42                display_slide_out_to_bottom
 .text.display_alarm_increment_minute
                0x00004f52       0x32 modules/display/display.o
                0x00004f52                display_alarm_increment_minute
 .text.display_alarm_decrement_minute
                0x00004f84       0x32 modules/display/display.o
                0x00004f84                display_alarm_decrement_minute
 .text.display_alarm_increment_hour
                0x00004fb6       0x32 modules/display/display.o
                0x00004fb6                display_alarm_increment_hour
 .text.display_alarm_decrement_hour
                0x00004fe8       0x32 modules/display/display.o
                0x00004fe8                display_alarm_decrement_hour
 .text.display_draw_and_increment_hour
                0x0000501a       0x30 modules/display/display.o
                0x0000501a                display_draw_and_increment_hour
 .text.display_draw_and_decrement_hour
                0x0000504a       0x32 modules/display/display.o
                0x0000504a                display_draw_and_decrement_hour
 .text.display_draw_and_increment_minute
                0x0000507c       0x30 modules/display/display.o
                0x0000507c                display_draw_and_increment_minute
 .text.display_draw_and_decrement_minute
                0x000050ac       0x32 modules/display/display.o
                0x000050ac                display_draw_and_decrement_minute
 .text.display_draw_and_increment_second
                0x000050de       0x30 modules/display/display.o
                0x000050de                display_draw_and_increment_second
 .text.display_draw_and_decrement_second
                0x0000510e       0x32 modules/display/display.o
                0x0000510e                display_draw_and_decrement_second
 .text.display_draw_and_increment_day
                0x00005140       0x30 modules/display/display.o
                0x00005140                display_draw_and_increment_day
 .text.display_draw_and_decrement_day
                0x00005170       0x30 modules/display/display.o
                0x00005170                display_draw_and_decrement_day
 .text.display_draw_and_increment_month
                0x000051a0       0x30 modules/display/display.o
                0x000051a0                display_draw_and_increment_month
 .text.display_draw_and_decrement_month
                0x000051d0       0x30 modules/display/display.o
                0x000051d0                display_draw_and_decrement_month
 .text.display_draw_and_increment_year
                0x00005200       0xbc modules/display/display.o
                0x00005200                display_draw_and_increment_year
 .text.display_draw_and_decrement_year
                0x000052bc       0xbc modules/display/display.o
                0x000052bc                display_draw_and_decrement_year
 .text.start_loading
                0x00005378       0x28 modules/menu/menu.o
                0x00005378                start_loading
 .text.stop_loading
                0x000053a0        0x8 modules/menu/menu.o
                0x000053a0                stop_loading
 .text.get_internet_variables
                0x000053a8      0x322 modules/menu/menu.o
                0x000053a8                get_internet_variables
 .text.menu_draw_temperature_frame
                0x000056ca       0xd0 modules/menu/menu.o
                0x000056ca                menu_draw_temperature_frame
 .text.menu_draw_date_frame
                0x0000579a      0x21a modules/menu/menu.o
                0x0000579a                menu_draw_date_frame
 .text.menu_draw_week_frame
                0x000059b4      0x14a modules/menu/menu.o
                0x000059b4                menu_draw_week_frame
 .text.menu_draw_weekday_frame
                0x00005afe       0xba modules/menu/menu.o
                0x00005afe                menu_draw_weekday_frame
 .text.menu_draw_battery_frame
                0x00005bb8       0x8c modules/menu/menu.o
                0x00005bb8                menu_draw_battery_frame
 .text.menu_draw_config_frame
                0x00005c44        0x8 modules/menu/menu.o
                0x00005c44                menu_draw_config_frame
 .text.menu_set_env_variables
                0x00005c4c       0xde modules/menu/menu.o
                0x00005c4c                menu_set_env_variables
 .text.menu_configure_brightnesss
                0x00005d2a      0x158 modules/menu/menu.o
                0x00005d2a                menu_configure_brightnesss
 .text.menu_set_time
                0x00005e82      0xbc6 modules/menu/menu.o
                0x00005e82                menu_set_time
 .text.menu_set_alarm
                0x00006a48      0x1b0 modules/menu/menu.o
                0x00006a48                menu_set_alarm
 .text.menu_configuration
                0x00006bf8      0x1c2 modules/menu/menu.o
                0x00006bf8                menu_configuration
 .text.menu_state_machine
                0x00006dba      0x1f2 modules/menu/menu.o
                0x00006dba                menu_state_machine
 .text.__vector_16
                0x00006fac       0x50 modules/menu/menu.o
                0x00006fac                __vector_16
 .text.time_get_day_name
                0x00006ffc       0x42 modules/time_functions/time_functions.o
                0x00006ffc                time_get_day_name
 .text.time_get_month_name
                0x0000703e       0x60 modules/time_functions/time_functions.o
                0x0000703e                time_get_month_name
 .text.time_is_leap_year
                0x0000709e       0x66 modules/time_functions/time_functions.o
                0x0000709e                time_is_leap_year
 .text.time_get_days_in_month
                0x00007104       0x2e modules/time_functions/time_functions.o
                0x00007104                time_get_days_in_month
 .text.time_get_weekday
                0x00007132       0xec modules/time_functions/time_functions.o
                0x00007132                time_get_weekday
 .text.time_get_weeknumber
                0x0000721e      0x16a modules/time_functions/time_functions.o
                0x0000721e                time_get_weeknumber
 .text.avr-libc.fplib
                0x00007388       0x7a c:/program files/atmel/atmel toolchain/avr8 gcc/native/3.4.1056/avr8-gnu-toolchain/bin/../lib/gcc/avr/4.8.1/../../../../avr/lib/avrxmega4\libm.a(floatsisf.o)
                0x00007388                __floatunsisf
                0x0000738c                __floatsisf
 .text.avr-libc.fplib
                0x00007402       0x44 c:/program files/atmel/atmel toolchain/avr8 gcc/native/3.4.1056/avr8-gnu-toolchain/bin/../lib/gcc/avr/4.8.1/../../../../avr/lib/avrxmega4\libm.a(fp_split3.o)
                0x00007402                __fp_split3
                0x00007412                __fp_splitA
 .text.avr-libc.fplib
                0x00007446        0xe c:/program files/atmel/atmel toolchain/avr8 gcc/native/3.4.1056/avr8-gnu-toolchain/bin/../lib/gcc/avr/4.8.1/../../../../avr/lib/avrxmega4\libm.a(fp_zero.o)
                0x00007446                __fp_zero
                0x00007448                __fp_szero
 .text.avr-libc.fplib
                0x00007454        0x4 c:/program files/atmel/atmel toolchain/avr8 gcc/native/3.4.1056/avr8-gnu-toolchain/bin/../lib/gcc/avr/4.8.1/../../../../avr/lib/avrxmega4\libm.a(mulsf3.o)
                0x00007454                __mulsf3
 .text.avr-libc.fplib
                0x00007458       0xc2 c:/program files/atmel/atmel toolchain/avr8 gcc/native/3.4.1056/avr8-gnu-toolchain/bin/../lib/gcc/avr/4.8.1/../../../../avr/lib/avrxmega4\libm.a(mulsf3x.o)
                0x0000746c                __mulsf3x
                0x00007470                __mulsf3_pse
 .text.avr-libc.fplib
                0x0000751a        0xc c:/program files/atmel/atmel toolchain/avr8 gcc/native/3.4.1056/avr8-gnu-toolchain/bin/../lib/gcc/avr/4.8.1/../../../../avr/lib/avrxmega4\libm.a(fp_inf.o)
                0x0000751a                __fp_inf
 .text.avr-libc.fplib
                0x00007526        0x6 c:/program files/atmel/atmel toolchain/avr8 gcc/native/3.4.1056/avr8-gnu-toolchain/bin/../lib/gcc/avr/4.8.1/../../../../avr/lib/avrxmega4\libm.a(fp_nan.o)
                0x00007526                __fp_nan
 .text.avr-libc.fplib
                0x0000752c        0xe c:/program files/atmel/atmel toolchain/avr8 gcc/native/3.4.1056/avr8-gnu-toolchain/bin/../lib/gcc/avr/4.8.1/../../../../avr/lib/avrxmega4\libm.a(fp_pscA.o)
                0x0000752c                __fp_pscA
 .text.avr-libc.fplib
                0x0000753a        0xe c:/program files/atmel/atmel toolchain/avr8 gcc/native/3.4.1056/avr8-gnu-toolchain/bin/../lib/gcc/avr/4.8.1/../../../../avr/lib/avrxmega4\libm.a(fp_pscB.o)
                0x0000753a                __fp_pscB
 .text.avr-libc.fplib
                0x00007548       0x22 c:/program files/atmel/atmel toolchain/avr8 gcc/native/3.4.1056/avr8-gnu-toolchain/bin/../lib/gcc/avr/4.8.1/../../../../avr/lib/avrxmega4\libm.a(fp_round.o)
                0x00007548                __fp_round
 .text.libgcc.div
                0x0000756a       0x26 c:/program files/atmel/atmel toolchain/avr8 gcc/native/3.4.1056/avr8-gnu-toolchain/bin/../lib/gcc/avr/4.8.1/avrxmega4\libgcc.a(_divmodhi4.o)
                0x0000756a                _div
                0x0000756a                __divmodhi4
 .text.libgcc.div
                0x00007590       0x44 c:/program files/atmel/atmel toolchain/avr8 gcc/native/3.4.1056/avr8-gnu-toolchain/bin/../lib/gcc/avr/4.8.1/avrxmega4\libgcc.a(_udivmodsi4.o)
                0x00007590                __udivmodsi4
 .text.libgcc   0x000075d4        0xc c:/program files/atmel/atmel toolchain/avr8 gcc/native/3.4.1056/avr8-gnu-toolchain/bin/../lib/gcc/avr/4.8.1/avrxmega4\libgcc.a(_tablejump.o)
                0x000075d4                __tablejump2__
                0x000075d8                __tablejump__
 .text.libgcc.mul
                0x000075e0       0x1e c:/program files/atmel/atmel toolchain/avr8 gcc/native/3.4.1056/avr8-gnu-toolchain/bin/../lib/gcc/avr/4.8.1/avrxmega4\libgcc.a(_umulhisi3.o)
                0x000075e0                __umulhisi3
 .text.libgcc.mul
                0x000075fe       0x14 c:/program files/atmel/atmel toolchain/avr8 gcc/native/3.4.1056/avr8-gnu-toolchain/bin/../lib/gcc/avr/4.8.1/avrxmega4\libgcc.a(_muluhisi3.o)
                0x000075fe                __muluhisi3
 .text.libgcc.div
                0x00007612       0x28 c:/program files/atmel/atmel toolchain/avr8 gcc/native/3.4.1056/avr8-gnu-toolchain/bin/../lib/gcc/avr/4.8.1/avrxmega4\libgcc.a(_udivmodhi4.o)
                0x00007612                __udivmodhi4
 .text.avr-libc
                0x0000763a       0x34 c:/program files/atmel/atmel toolchain/avr8 gcc/native/3.4.1056/avr8-gnu-toolchain/bin/../lib/gcc/avr/4.8.1/../../../../avr/lib/avrxmega4\libc.a(calloc.o)
                0x0000763a                calloc
 .text.avr-libc
                0x0000766e      0x24e c:/program files/atmel/atmel toolchain/avr8 gcc/native/3.4.1056/avr8-gnu-toolchain/bin/../lib/gcc/avr/4.8.1/../../../../avr/lib/avrxmega4\libc.a(malloc.o)
                0x0000766e                malloc
                0x0000779e                free
 .text.avr-libc
                0x000078bc      0x2d0 c:/program files/atmel/atmel toolchain/avr8 gcc/native/3.4.1056/avr8-gnu-toolchain/bin/../lib/gcc/avr/4.8.1/../../../../avr/lib/avrxmega4\libc.a(strtod.o)
                0x000078bc                strtod
 .text.avr-libc
                0x00007b8c       0x10 c:/program files/atmel/atmel toolchain/avr8 gcc/native/3.4.1056/avr8-gnu-toolchain/bin/../lib/gcc/avr/4.8.1/../../../../avr/lib/avrxmega4\libc.a(isspace.o)
                0x00007b8c                isspace
 .text.avr-libc
                0x00007b9c       0x10 c:/program files/atmel/atmel toolchain/avr8 gcc/native/3.4.1056/avr8-gnu-toolchain/bin/../lib/gcc/avr/4.8.1/../../../../avr/lib/avrxmega4\libc.a(toupper.o)
                0x00007b9c                toupper
 .text.avr-libc
                0x00007bac       0x30 c:/program files/atmel/atmel toolchain/avr8 gcc/native/3.4.1056/avr8-gnu-toolchain/bin/../lib/gcc/avr/4.8.1/../../../../avr/lib/avrxmega4\libc.a(strncasecmp_P.o)
                0x00007bac                strncasecmp_P
 .text.avr-libc
                0x00007bdc       0x12 c:/program files/atmel/atmel toolchain/avr8 gcc/native/3.4.1056/avr8-gnu-toolchain/bin/../lib/gcc/avr/4.8.1/../../../../avr/lib/avrxmega4\libc.a(memcpy.o)
                0x00007bdc                memcpy
 .text.avr-libc
                0x00007bee        0xe c:/program files/atmel/atmel toolchain/avr8 gcc/native/3.4.1056/avr8-gnu-toolchain/bin/../lib/gcc/avr/4.8.1/../../../../avr/lib/avrxmega4\libc.a(memset.o)
                0x00007bee                memset
 .text.avr-libc
                0x00007bfc       0x16 c:/program files/atmel/atmel toolchain/avr8 gcc/native/3.4.1056/avr8-gnu-toolchain/bin/../lib/gcc/avr/4.8.1/../../../../avr/lib/avrxmega4\libc.a(strcat.o)
                0x00007bfc                strcat
 .text.avr-libc
                0x00007c12       0x16 c:/program files/atmel/atmel toolchain/avr8 gcc/native/3.4.1056/avr8-gnu-toolchain/bin/../lib/gcc/avr/4.8.1/../../../../avr/lib/avrxmega4\libc.a(strchr.o)
                0x00007c12                strchr
 .text.avr-libc
                0x00007c28        0xe c:/program files/atmel/atmel toolchain/avr8 gcc/native/3.4.1056/avr8-gnu-toolchain/bin/../lib/gcc/avr/4.8.1/../../../../avr/lib/avrxmega4\libc.a(strcpy.o)
                0x00007c28                strcpy
 .text.avr-libc
                0x00007c36       0x1e c:/program files/atmel/atmel toolchain/avr8 gcc/native/3.4.1056/avr8-gnu-toolchain/bin/../lib/gcc/avr/4.8.1/../../../../avr/lib/avrxmega4\libc.a(strncpy.o)
                0x00007c36                strncpy
 .text.avr-libc
                0x00007c54       0x34 c:/program files/atmel/atmel toolchain/avr8 gcc/native/3.4.1056/avr8-gnu-toolchain/bin/../lib/gcc/avr/4.8.1/../../../../avr/lib/avrxmega4\libc.a(strstr.o)
                0x00007c54                strstr
 .text.avr-libc
                0x00007c88       0x14 c:/program files/atmel/atmel toolchain/avr8 gcc/native/3.4.1056/avr8-gnu-toolchain/bin/../lib/gcc/avr/4.8.1/../../../../avr/lib/avrxmega4\libc.a(itoa.o)
                0x00007c88                __itoa
                0x00007c88                itoa
 .text.avr-libc
                0x00007c9c       0x14 c:/program files/atmel/atmel toolchain/avr8 gcc/native/3.4.1056/avr8-gnu-toolchain/bin/../lib/gcc/avr/4.8.1/../../../../avr/lib/avrxmega4\libc.a(itoa_ncheck.o)
                0x00007c9c                __itoa_ncheck
 .text.avr-libc
                0x00007cb0       0x32 c:/program files/atmel/atmel toolchain/avr8 gcc/native/3.4.1056/avr8-gnu-toolchain/bin/../lib/gcc/avr/4.8.1/../../../../avr/lib/avrxmega4\libc.a(utoa_ncheck.o)
                0x00007cb0                __utoa_ncheck
                0x00007cb2                __utoa_common
 .text.avr-libc
                0x00007ce2       0x22 c:/program files/atmel/atmel toolchain/avr8 gcc/native/3.4.1056/avr8-gnu-toolchain/bin/../lib/gcc/avr/4.8.1/../../../../avr/lib/avrxmega4\libc.a(printf.o)
                0x00007ce2                printf
 .text.avr-libc
                0x00007d04       0x5a c:/program files/atmel/atmel toolchain/avr8 gcc/native/3.4.1056/avr8-gnu-toolchain/bin/../lib/gcc/avr/4.8.1/../../../../avr/lib/avrxmega4\libc.a(puts.o)
                0x00007d04                puts
 .text.avr-libc
                0x00007d5e       0x36 c:/program files/atmel/atmel toolchain/avr8 gcc/native/3.4.1056/avr8-gnu-toolchain/bin/../lib/gcc/avr/4.8.1/../../../../avr/lib/avrxmega4\libc.a(sscanf.o)
                0x00007d5e                sscanf
 .text.avr-libc.fplib
                0x00007d94        0x8 c:/program files/atmel/atmel toolchain/avr8 gcc/native/3.4.1056/avr8-gnu-toolchain/bin/../lib/gcc/avr/4.8.1/../../../../avr/lib/avrxmega4\libc.a(cmpsf2.o)
                0x00007d94                __nesf2
                0x00007d94                __eqsf2
                0x00007d94                __cmpsf2
                0x00007d94                __ltsf2
                0x00007d94                __lesf2
 .text.avr-libc.fplib
                0x00007d9c       0x48 c:/program files/atmel/atmel toolchain/avr8 gcc/native/3.4.1056/avr8-gnu-toolchain/bin/../lib/gcc/avr/4.8.1/../../../../avr/lib/avrxmega4\libc.a(fp_cmp.o)
                0x00007d9c                __fp_cmp
 .text.avr-libc
                0x00007de4      0x3d0 c:/program files/atmel/atmel toolchain/avr8 gcc/native/3.4.1056/avr8-gnu-toolchain/bin/../lib/gcc/avr/4.8.1/../../../../avr/lib/avrxmega4\libc.a(vfprintf_std.o)
                0x00007de4                vfprintf
 .text.avr-libc
                0x000081b4      0x566 c:/program files/atmel/atmel toolchain/avr8 gcc/native/3.4.1056/avr8-gnu-toolchain/bin/../lib/gcc/avr/4.8.1/../../../../avr/lib/avrxmega4\libc.a(vfscanf_std.o)
                0x000084c8                vfscanf
 .text.avr-libc
                0x0000871a        0x6 c:/program files/atmel/atmel toolchain/avr8 gcc/native/3.4.1056/avr8-gnu-toolchain/bin/../lib/gcc/avr/4.8.1/../../../../avr/lib/avrxmega4\libc.a(cty_isfalse.o)
                0x0000871a                __ctype_isfalse
                0x0000871e                __ctype_istrue
 .text.avr-libc
                0x00008720       0x16 c:/program files/atmel/atmel toolchain/avr8 gcc/native/3.4.1056/avr8-gnu-toolchain/bin/../lib/gcc/avr/4.8.1/../../../../avr/lib/avrxmega4\libc.a(strchr_P.o)
                0x00008720                strchr_P
 .text.avr-libc
                0x00008736       0x16 c:/program files/atmel/atmel toolchain/avr8 gcc/native/3.4.1056/avr8-gnu-toolchain/bin/../lib/gcc/avr/4.8.1/../../../../avr/lib/avrxmega4\libc.a(strnlen_P.o)
                0x00008736                strnlen_P
 .text.avr-libc
                0x0000874c       0x16 c:/program files/atmel/atmel toolchain/avr8 gcc/native/3.4.1056/avr8-gnu-toolchain/bin/../lib/gcc/avr/4.8.1/../../../../avr/lib/avrxmega4\libc.a(strnlen.o)
                0x0000874c                strnlen
 .text.avr-libc
                0x00008762       0x20 c:/program files/atmel/atmel toolchain/avr8 gcc/native/3.4.1056/avr8-gnu-toolchain/bin/../lib/gcc/avr/4.8.1/../../../../avr/lib/avrxmega4\libc.a(strrev.o)
                0x00008762                strrev
 .text.avr-libc
                0x00008782       0x7c c:/program files/atmel/atmel toolchain/avr8 gcc/native/3.4.1056/avr8-gnu-toolchain/bin/../lib/gcc/avr/4.8.1/../../../../avr/lib/avrxmega4\libc.a(fgetc.o)
                0x00008782                fgetc
 .text.avr-libc
                0x000087fe       0x64 c:/program files/atmel/atmel toolchain/avr8 gcc/native/3.4.1056/avr8-gnu-toolchain/bin/../lib/gcc/avr/4.8.1/../../../../avr/lib/avrxmega4\libc.a(fputc.o)
                0x000087fe                fputc
 .text.avr-libc
                0x00008862       0x32 c:/program files/atmel/atmel toolchain/avr8 gcc/native/3.4.1056/avr8-gnu-toolchain/bin/../lib/gcc/avr/4.8.1/../../../../avr/lib/avrxmega4\libc.a(ungetc.o)
                0x00008862                ungetc
 .text.avr-libc
                0x00008894       0xbc c:/program files/atmel/atmel toolchain/avr8 gcc/native/3.4.1056/avr8-gnu-toolchain/bin/../lib/gcc/avr/4.8.1/../../../../avr/lib/avrxmega4\libc.a(ultoa_invert.o)
                0x00008894                __ultoa_invert
                0x00008950                . = ALIGN (0x2)
 *(.fini9)
 .fini9         0x00008950        0x0 c:/program files/atmel/atmel toolchain/avr8 gcc/native/3.4.1056/avr8-gnu-toolchain/bin/../lib/gcc/avr/4.8.1/avrxmega4\libgcc.a(_exit.o)
                0x00008950                _exit
                0x00008950                exit
 *(.fini9)
 *(.fini8)
 *(.fini8)
 *(.fini7)
 *(.fini7)
 *(.fini6)
 *(.fini6)
 *(.fini5)
 *(.fini5)
 *(.fini4)
 *(.fini4)
 *(.fini3)
 *(.fini3)
 *(.fini2)
 *(.fini2)
 *(.fini1)
 *(.fini1)
 *(.fini0)
 .fini0         0x00008950        0x4 c:/program files/atmel/atmel toolchain/avr8 gcc/native/3.4.1056/avr8-gnu-toolchain/bin/../lib/gcc/avr/4.8.1/avrxmega4\libgcc.a(_exit.o)
 *(.fini0)
                0x00008954                _etext = .

.data           0x00802000      0x888 load address 0x00008954
                0x00802000                PROVIDE (__data_start, .)
 *(.data)
 .data          0x00802000        0x0 c:/program files/atmel/atmel toolchain/avr8 gcc/native/3.4.1056/avr8-gnu-toolchain/bin/../lib/gcc/avr/4.8.1/../../../../avr/lib/avrxmega4/crtx64a4u.o
 .data          0x00802000        0x0 4x6_font.o
 .data          0x00802000        0x0 drivers/adc/adc.o
 .data          0x00802000        0x0 drivers/clock/clock.o
 .data          0x00802000        0x0 drivers/dma/dma.o
 .data          0x00802000        0x0 drivers/dma/dma_functions.o
 .data          0x00802000        0x0 drivers/eeprom/eeprom.o
 .data          0x00802000        0x0 drivers/esp8266/esp8266.o
 .data          0x00802000        0x0 drivers/ht1632c/ht1632c.o
 .data          0x00802000        0x0 drivers/port/port.o
 .data          0x00802000        0x0 drivers/power/power.o
 .data          0x00802000        0x0 drivers/rtc/rtc.o
 .data          0x00802000        0x0 drivers/sensors/si114x/Si114x_functions.o
 .data          0x00802000        0x0 drivers/sensors/si114x/Si114x_handler.o
 .data          0x00802000        0x0 drivers/sensors/si114x/Si114x_sys_out.o
 .data          0x00802000        0x0 drivers/sensors/si114x/slider_algorithm.o
 .data          0x00802000        0x0 drivers/sercom/spi.o
 .data          0x00802000        0x0 drivers/sercom/twi.o
 .data          0x00802000        0x0 drivers/sercom/uart.o
 .data          0x00802000        0x0 fatfs/ff.o
 .data          0x00802000        0x0 fatfs/mmc_avr.o
 .data          0x00802000        0x0 fatfs/sound.o
 .data          0x00802000        0x0 json/jsmn.o
 .data          0x00802000        0x0 json/json_functions.o
 .data          0x00802000        0x0 main.o
 .data          0x00802000        0x0 modules/display/display.o
 .data          0x00802000        0x0 modules/menu/menu.o
 .data          0x00802000        0x0 modules/time_functions/time_functions.o
 .data          0x00802000        0x0 _StackInstrument.o
 .data          0x00802000        0x0 c:/program files/atmel/atmel toolchain/avr8 gcc/native/3.4.1056/avr8-gnu-toolchain/bin/../lib/gcc/avr/4.8.1/../../../../avr/lib/avrxmega4\libm.a(fixsfsi.o)
 .data          0x00802000        0x0 c:/program files/atmel/atmel toolchain/avr8 gcc/native/3.4.1056/avr8-gnu-toolchain/bin/../lib/gcc/avr/4.8.1/../../../../avr/lib/avrxmega4\libm.a(fixunssfsi.o)
 .data          0x00802000        0x0 c:/program files/atmel/atmel toolchain/avr8 gcc/native/3.4.1056/avr8-gnu-toolchain/bin/../lib/gcc/avr/4.8.1/../../../../avr/lib/avrxmega4\libm.a(floatsisf.o)
 .data          0x00802000        0x0 c:/program files/atmel/atmel toolchain/avr8 gcc/native/3.4.1056/avr8-gnu-toolchain/bin/../lib/gcc/avr/4.8.1/../../../../avr/lib/avrxmega4\libm.a(fp_split3.o)
 .data          0x00802000        0x0 c:/program files/atmel/atmel toolchain/avr8 gcc/native/3.4.1056/avr8-gnu-toolchain/bin/../lib/gcc/avr/4.8.1/../../../../avr/lib/avrxmega4\libm.a(fp_zero.o)
 .data          0x00802000        0x0 c:/program files/atmel/atmel toolchain/avr8 gcc/native/3.4.1056/avr8-gnu-toolchain/bin/../lib/gcc/avr/4.8.1/../../../../avr/lib/avrxmega4\libm.a(mulsf3.o)
 .data          0x00802000        0x0 c:/program files/atmel/atmel toolchain/avr8 gcc/native/3.4.1056/avr8-gnu-toolchain/bin/../lib/gcc/avr/4.8.1/../../../../avr/lib/avrxmega4\libm.a(mulsf3x.o)
 .data          0x00802000        0x0 c:/program files/atmel/atmel toolchain/avr8 gcc/native/3.4.1056/avr8-gnu-toolchain/bin/../lib/gcc/avr/4.8.1/../../../../avr/lib/avrxmega4\libm.a(fp_inf.o)
 .data          0x00802000        0x0 c:/program files/atmel/atmel toolchain/avr8 gcc/native/3.4.1056/avr8-gnu-toolchain/bin/../lib/gcc/avr/4.8.1/../../../../avr/lib/avrxmega4\libm.a(fp_nan.o)
 .data          0x00802000        0x0 c:/program files/atmel/atmel toolchain/avr8 gcc/native/3.4.1056/avr8-gnu-toolchain/bin/../lib/gcc/avr/4.8.1/../../../../avr/lib/avrxmega4\libm.a(fp_pscA.o)
 .data          0x00802000        0x0 c:/program files/atmel/atmel toolchain/avr8 gcc/native/3.4.1056/avr8-gnu-toolchain/bin/../lib/gcc/avr/4.8.1/../../../../avr/lib/avrxmega4\libm.a(fp_pscB.o)
 .data          0x00802000        0x0 c:/program files/atmel/atmel toolchain/avr8 gcc/native/3.4.1056/avr8-gnu-toolchain/bin/../lib/gcc/avr/4.8.1/../../../../avr/lib/avrxmega4\libm.a(fp_round.o)
 .data          0x00802000        0x0 c:/program files/atmel/atmel toolchain/avr8 gcc/native/3.4.1056/avr8-gnu-toolchain/bin/../lib/gcc/avr/4.8.1/avrxmega4\libgcc.a(_divmodhi4.o)
 .data          0x00802000        0x0 c:/program files/atmel/atmel toolchain/avr8 gcc/native/3.4.1056/avr8-gnu-toolchain/bin/../lib/gcc/avr/4.8.1/avrxmega4\libgcc.a(_udivmodsi4.o)
 .data          0x00802000        0x0 c:/program files/atmel/atmel toolchain/avr8 gcc/native/3.4.1056/avr8-gnu-toolchain/bin/../lib/gcc/avr/4.8.1/avrxmega4\libgcc.a(_exit.o)
 .data          0x00802000        0x0 c:/program files/atmel/atmel toolchain/avr8 gcc/native/3.4.1056/avr8-gnu-toolchain/bin/../lib/gcc/avr/4.8.1/avrxmega4\libgcc.a(_tablejump.o)
 .data          0x00802000        0x0 c:/program files/atmel/atmel toolchain/avr8 gcc/native/3.4.1056/avr8-gnu-toolchain/bin/../lib/gcc/avr/4.8.1/avrxmega4\libgcc.a(_copy_data.o)
 .data          0x00802000        0x0 c:/program files/atmel/atmel toolchain/avr8 gcc/native/3.4.1056/avr8-gnu-toolchain/bin/../lib/gcc/avr/4.8.1/avrxmega4\libgcc.a(_clear_bss.o)
 .data          0x00802000        0x0 c:/program files/atmel/atmel toolchain/avr8 gcc/native/3.4.1056/avr8-gnu-toolchain/bin/../lib/gcc/avr/4.8.1/avrxmega4\libgcc.a(_umulhisi3.o)
 .data          0x00802000        0x0 c:/program files/atmel/atmel toolchain/avr8 gcc/native/3.4.1056/avr8-gnu-toolchain/bin/../lib/gcc/avr/4.8.1/avrxmega4\libgcc.a(_muluhisi3.o)
 .data          0x00802000        0x0 c:/program files/atmel/atmel toolchain/avr8 gcc/native/3.4.1056/avr8-gnu-toolchain/bin/../lib/gcc/avr/4.8.1/avrxmega4\libgcc.a(_udivmodhi4.o)
 .data          0x00802000        0x0 c:/program files/atmel/atmel toolchain/avr8 gcc/native/3.4.1056/avr8-gnu-toolchain/bin/../lib/gcc/avr/4.8.1/../../../../avr/lib/avrxmega4\libc.a(calloc.o)
 .data          0x00802000        0x6 c:/program files/atmel/atmel toolchain/avr8 gcc/native/3.4.1056/avr8-gnu-toolchain/bin/../lib/gcc/avr/4.8.1/../../../../avr/lib/avrxmega4\libc.a(malloc.o)
                0x00802000                __malloc_heap_end
                0x00802002                __malloc_heap_start
                0x00802004                __malloc_margin
 .data          0x00802006        0x0 c:/program files/atmel/atmel toolchain/avr8 gcc/native/3.4.1056/avr8-gnu-toolchain/bin/../lib/gcc/avr/4.8.1/../../../../avr/lib/avrxmega4\libc.a(strtod.o)
 .data          0x00802006        0x0 c:/program files/atmel/atmel toolchain/avr8 gcc/native/3.4.1056/avr8-gnu-toolchain/bin/../lib/gcc/avr/4.8.1/../../../../avr/lib/avrxmega4\libc.a(isspace.o)
 .data          0x00802006        0x0 c:/program files/atmel/atmel toolchain/avr8 gcc/native/3.4.1056/avr8-gnu-toolchain/bin/../lib/gcc/avr/4.8.1/../../../../avr/lib/avrxmega4\libc.a(toupper.o)
 .data          0x00802006        0x0 c:/program files/atmel/atmel toolchain/avr8 gcc/native/3.4.1056/avr8-gnu-toolchain/bin/../lib/gcc/avr/4.8.1/../../../../avr/lib/avrxmega4\libc.a(strncasecmp_P.o)
 .data          0x00802006        0x0 c:/program files/atmel/atmel toolchain/avr8 gcc/native/3.4.1056/avr8-gnu-toolchain/bin/../lib/gcc/avr/4.8.1/../../../../avr/lib/avrxmega4\libc.a(memcpy.o)
 .data          0x00802006        0x0 c:/program files/atmel/atmel toolchain/avr8 gcc/native/3.4.1056/avr8-gnu-toolchain/bin/../lib/gcc/avr/4.8.1/../../../../avr/lib/avrxmega4\libc.a(memset.o)
 .data          0x00802006        0x0 c:/program files/atmel/atmel toolchain/avr8 gcc/native/3.4.1056/avr8-gnu-toolchain/bin/../lib/gcc/avr/4.8.1/../../../../avr/lib/avrxmega4\libc.a(strcat.o)
 .data          0x00802006        0x0 c:/program files/atmel/atmel toolchain/avr8 gcc/native/3.4.1056/avr8-gnu-toolchain/bin/../lib/gcc/avr/4.8.1/../../../../avr/lib/avrxmega4\libc.a(strchr.o)
 .data          0x00802006        0x0 c:/program files/atmel/atmel toolchain/avr8 gcc/native/3.4.1056/avr8-gnu-toolchain/bin/../lib/gcc/avr/4.8.1/../../../../avr/lib/avrxmega4\libc.a(strcpy.o)
 .data          0x00802006        0x0 c:/program files/atmel/atmel toolchain/avr8 gcc/native/3.4.1056/avr8-gnu-toolchain/bin/../lib/gcc/avr/4.8.1/../../../../avr/lib/avrxmega4\libc.a(strncpy.o)
 .data          0x00802006        0x0 c:/program files/atmel/atmel toolchain/avr8 gcc/native/3.4.1056/avr8-gnu-toolchain/bin/../lib/gcc/avr/4.8.1/../../../../avr/lib/avrxmega4\libc.a(strstr.o)
 .data          0x00802006        0x0 c:/program files/atmel/atmel toolchain/avr8 gcc/native/3.4.1056/avr8-gnu-toolchain/bin/../lib/gcc/avr/4.8.1/../../../../avr/lib/avrxmega4\libc.a(itoa.o)
 .data          0x00802006        0x0 c:/program files/atmel/atmel toolchain/avr8 gcc/native/3.4.1056/avr8-gnu-toolchain/bin/../lib/gcc/avr/4.8.1/../../../../avr/lib/avrxmega4\libc.a(itoa_ncheck.o)
 .data          0x00802006        0x0 c:/program files/atmel/atmel toolchain/avr8 gcc/native/3.4.1056/avr8-gnu-toolchain/bin/../lib/gcc/avr/4.8.1/../../../../avr/lib/avrxmega4\libc.a(utoa_ncheck.o)
 .data          0x00802006        0x0 c:/program files/atmel/atmel toolchain/avr8 gcc/native/3.4.1056/avr8-gnu-toolchain/bin/../lib/gcc/avr/4.8.1/../../../../avr/lib/avrxmega4\libc.a(iob.o)
 .data          0x00802006        0x0 c:/program files/atmel/atmel toolchain/avr8 gcc/native/3.4.1056/avr8-gnu-toolchain/bin/../lib/gcc/avr/4.8.1/../../../../avr/lib/avrxmega4\libc.a(printf.o)
 .data          0x00802006        0x0 c:/program files/atmel/atmel toolchain/avr8 gcc/native/3.4.1056/avr8-gnu-toolchain/bin/../lib/gcc/avr/4.8.1/../../../../avr/lib/avrxmega4\libc.a(puts.o)
 .data          0x00802006        0x0 c:/program files/atmel/atmel toolchain/avr8 gcc/native/3.4.1056/avr8-gnu-toolchain/bin/../lib/gcc/avr/4.8.1/../../../../avr/lib/avrxmega4\libc.a(sscanf.o)
 .data          0x00802006        0x0 c:/program files/atmel/atmel toolchain/avr8 gcc/native/3.4.1056/avr8-gnu-toolchain/bin/../lib/gcc/avr/4.8.1/../../../../avr/lib/avrxmega4\libc.a(cmpsf2.o)
 .data          0x00802006        0x0 c:/program files/atmel/atmel toolchain/avr8 gcc/native/3.4.1056/avr8-gnu-toolchain/bin/../lib/gcc/avr/4.8.1/../../../../avr/lib/avrxmega4\libc.a(fp_cmp.o)
 .data          0x00802006        0x0 c:/program files/atmel/atmel toolchain/avr8 gcc/native/3.4.1056/avr8-gnu-toolchain/bin/../lib/gcc/avr/4.8.1/../../../../avr/lib/avrxmega4\libc.a(vfprintf_std.o)
 .data          0x00802006        0x0 c:/program files/atmel/atmel toolchain/avr8 gcc/native/3.4.1056/avr8-gnu-toolchain/bin/../lib/gcc/avr/4.8.1/../../../../avr/lib/avrxmega4\libc.a(vfscanf_std.o)
 .data          0x00802006        0x0 c:/program files/atmel/atmel toolchain/avr8 gcc/native/3.4.1056/avr8-gnu-toolchain/bin/../lib/gcc/avr/4.8.1/../../../../avr/lib/avrxmega4\libc.a(errno.o)
 .data          0x00802006        0x0 c:/program files/atmel/atmel toolchain/avr8 gcc/native/3.4.1056/avr8-gnu-toolchain/bin/../lib/gcc/avr/4.8.1/../../../../avr/lib/avrxmega4\libc.a(cty_isfalse.o)
 .data          0x00802006        0x0 c:/program files/atmel/atmel toolchain/avr8 gcc/native/3.4.1056/avr8-gnu-toolchain/bin/../lib/gcc/avr/4.8.1/../../../../avr/lib/avrxmega4\libc.a(strchr_P.o)
 .data          0x00802006        0x0 c:/program files/atmel/atmel toolchain/avr8 gcc/native/3.4.1056/avr8-gnu-toolchain/bin/../lib/gcc/avr/4.8.1/../../../../avr/lib/avrxmega4\libc.a(strnlen_P.o)
 .data          0x00802006        0x0 c:/program files/atmel/atmel toolchain/avr8 gcc/native/3.4.1056/avr8-gnu-toolchain/bin/../lib/gcc/avr/4.8.1/../../../../avr/lib/avrxmega4\libc.a(strnlen.o)
 .data          0x00802006        0x0 c:/program files/atmel/atmel toolchain/avr8 gcc/native/3.4.1056/avr8-gnu-toolchain/bin/../lib/gcc/avr/4.8.1/../../../../avr/lib/avrxmega4\libc.a(strrev.o)
 .data          0x00802006        0x0 c:/program files/atmel/atmel toolchain/avr8 gcc/native/3.4.1056/avr8-gnu-toolchain/bin/../lib/gcc/avr/4.8.1/../../../../avr/lib/avrxmega4\libc.a(fgetc.o)
 .data          0x00802006        0x0 c:/program files/atmel/atmel toolchain/avr8 gcc/native/3.4.1056/avr8-gnu-toolchain/bin/../lib/gcc/avr/4.8.1/../../../../avr/lib/avrxmega4\libc.a(fputc.o)
 .data          0x00802006        0x0 c:/program files/atmel/atmel toolchain/avr8 gcc/native/3.4.1056/avr8-gnu-toolchain/bin/../lib/gcc/avr/4.8.1/../../../../avr/lib/avrxmega4\libc.a(ungetc.o)
 .data          0x00802006        0x0 c:/program files/atmel/atmel toolchain/avr8 gcc/native/3.4.1056/avr8-gnu-toolchain/bin/../lib/gcc/avr/4.8.1/../../../../avr/lib/avrxmega4\libc.a(ultoa_invert.o)
 *(.data*)
 .data.link_channel
                0x00802006        0x1 drivers/esp8266/esp8266.o
                0x00802006                link_channel
 .data.disp_time
                0x00802007        0x1 drivers/rtc/rtc.o
 .data.initial_baseline_counter
                0x00802008        0x1 drivers/sensors/si114x/Si114x_functions.o
 .data.ircorrection
                0x00802009        0x3 drivers/sensors/si114x/Si114x_handler.o
                0x00802009                ircorrection
 .data.scale    0x0080200c        0x2 drivers/sensors/si114x/Si114x_handler.o
                0x0080200c                scale
 .data.noise_margin
                0x0080200e        0x2 drivers/sensors/si114x/Si114x_handler.o
                0x0080200e                noise_margin
 .data.initial_baseline_counter
                0x00802010        0x1 drivers/sensors/si114x/Si114x_handler.o
 .data.out_of_range.1561
                0x00802011        0x1 drivers/sensors/si114x/slider_algorithm.o
 .data.mystdout
                0x00802012        0xe main.o
 .data.color.4500
                0x00802020        0x1 modules/display/display.o
 .data.x.4498   0x00802021        0x1 modules/display/display.o
 .data.y.4499   0x00802022        0x1 modules/display/display.o
 .data.prev_pwm.4481
                0x00802023        0x1 modules/display/display.o
 *(.rodata)
 .rodata        0x00802024       0x9a drivers/sensors/si114x/slider_algorithm.o
 .rodata        0x008020be       0x18 modules/time_functions/time_functions.o
 *(.rodata*)
 .rodata.str1.1
                0x008020d6      0x360 drivers/esp8266/esp8266.o
                                0x361 (size before relaxing)
 .rodata.str1.1
                0x00802436       0x1c drivers/port/port.o
 .rodata.str1.1
                0x00802452       0x25 drivers/sensors/si114x/Si114x_functions.o
                                 0x2a (size before relaxing)
 .rodata.str1.1
                0x00802477       0x96 drivers/sensors/si114x/Si114x_handler.o
 .rodata.str1.1
                0x0080250d       0x69 drivers/sensors/si114x/slider_algorithm.o
 .rodata.str1.1
                0x00802576       0xa0 main.o
                                 0xa1 (size before relaxing)
 .rodata.str1.1
                0x00802616      0x1f5 modules/menu/menu.o
                                0x207 (size before relaxing)
 .rodata.str1.1
                0x0080280b       0x7c modules/time_functions/time_functions.o
 *(.gnu.linkonce.d*)
                0x00802888                . = ALIGN (0x2)
 *fill*         0x00802887        0x1 
                0x00802888                _edata = .
                0x00802888                PROVIDE (__data_end, .)

.bss            0x00802888      0x344
                0x00802888                PROVIDE (__bss_start, .)
 *(.bss)
 *(.bss*)
 .bss.rx_buffer
                0x00802888       0xdc drivers/esp8266/esp8266.o
 .bss.rx_ptr    0x00802964        0x2 drivers/esp8266/esp8266.o
 .bss.json_found
                0x00802966        0x1 drivers/esp8266/esp8266.o
                0x00802966                json_found
 .bss.ledmatrix
                0x00802967       0x20 drivers/ht1632c/ht1632c.o
 .bss.counter   0x00802987        0x2 drivers/sensors/si114x/Si114x_functions.o
 .bss.Maxcount.1780
                0x00802989        0x3 drivers/sensors/si114x/Si114x_handler.o
 .bss.rollingMax.1779
                0x0080298c        0x6 drivers/sensors/si114x/Si114x_handler.o
 .bss.dynamic_baseline.1782
                0x00802992        0x6 drivers/sensors/si114x/Si114x_handler.o
 .bss.IRlast.1761
                0x00802998        0x4 drivers/sensors/si114x/Si114x_handler.o
 .bss.maxLeakage
                0x0080299c        0x6 drivers/sensors/si114x/Si114x_handler.o
                0x0080299c                maxLeakage
 .bss.LED_flash_timeout.1541
                0x008029a2        0x2 drivers/sensors/si114x/slider_algorithm.o
 .bss.last_xbucket.1560
                0x008029a4        0x1 drivers/sensors/si114x/slider_algorithm.o
 .bss.LED_flash_pattern.1551
                0x008029a5        0x8 drivers/sensors/si114x/slider_algorithm.o
 .bss.LED_State.1552
                0x008029ad        0x1 drivers/sensors/si114x/slider_algorithm.o
 .bss.Pause_gesture_timeout.1542
                0x008029ae        0x2 drivers/sensors/si114x/slider_algorithm.o
 .bss.xenter.1563
                0x008029b0        0x2 drivers/sensors/si114x/slider_algorithm.o
 .bss.SwipeStartTime.1543
                0x008029b2        0x2 drivers/sensors/si114x/slider_algorithm.o
 .bss.xexit.1564
                0x008029b4        0x2 drivers/sensors/si114x/slider_algorithm.o
 .bss.xlast.1565
                0x008029b6        0x2 drivers/sensors/si114x/slider_algorithm.o
 *(COMMON)
 COMMON         0x008029b8       0x85 drivers/adc/adc.o
                0x008029b8                env_var
 COMMON         0x00802a3d       0xca drivers/dma/dma_functions.o
                0x00802a3d                memoryBlockB
                0x00802aa1                gStatus
                0x00802aa2                gInterruptDone
                0x00802aa3                memoryBlockA
 COMMON         0x00802b07       0x70 drivers/esp8266/esp8266.o
                0x00802b07                password
                0x00802b1b                ssid
                0x00802b2f                ip_address
                0x00802b42                btn_status
                0x00802b43                telnet_cmd
                0x00802b75                si114x_status
                0x00802b76                status
 COMMON         0x00802b77        0x6 drivers/sensors/si114x/Si114x_handler.o
                0x00802b77                baseline
 COMMON         0x00802b7d       0x43 fatfs/sound.o
                0x00802b7d                full
                0x00802b7e                fht_array
                0x00802bbe                WavFifo
 COMMON         0x00802bc0        0x4 c:/program files/atmel/atmel toolchain/avr8 gcc/native/3.4.1056/avr8-gnu-toolchain/bin/../lib/gcc/avr/4.8.1/../../../../avr/lib/avrxmega4\libc.a(malloc.o)
                0x00802bc0                __brkval
                0x00802bc2                __flp
 COMMON         0x00802bc4        0x6 c:/program files/atmel/atmel toolchain/avr8 gcc/native/3.4.1056/avr8-gnu-toolchain/bin/../lib/gcc/avr/4.8.1/../../../../avr/lib/avrxmega4\libc.a(iob.o)
                0x00802bc4                __iob
 COMMON         0x00802bca        0x2 c:/program files/atmel/atmel toolchain/avr8 gcc/native/3.4.1056/avr8-gnu-toolchain/bin/../lib/gcc/avr/4.8.1/../../../../avr/lib/avrxmega4\libc.a(errno.o)
                0x00802bca                errno
                0x00802bcc                PROVIDE (__bss_end, .)
                0x00008954                __data_load_start = LOADADDR (.data)
                0x000091dc                __data_load_end = (__data_load_start + SIZEOF (.data))

.noinit         0x00802bcc        0x0
                0x00802bcc                PROVIDE (__noinit_start, .)
 *(.noinit*)
                0x00802bcc                PROVIDE (__noinit_end, .)
                0x00802bcc                _end = .
                0x00802bcc                PROVIDE (__heap_start, .)

.eeprom         0x00810000        0x0
 *(.eeprom*)
                0x00810000                __eeprom_end = .

.fuse
 *(.fuse)
 *(.lfuse)
 *(.hfuse)
 *(.efuse)

.lock
 *(.lock*)

.signature
 *(.signature*)

.user_signatures
 *(.user_signatures*)

.stab
 *(.stab)

.stabstr
 *(.stabstr)

.stab.excl
 *(.stab.excl)

.stab.exclstr
 *(.stab.exclstr)

.stab.index
 *(.stab.index)

.stab.indexstr
 *(.stab.indexstr)

.comment        0x00000000       0x5c
 *(.comment)
 .comment       0x00000000       0x30 4x6_font.o
                                 0x31 (size before relaxing)
 .comment       0x00000000       0x31 drivers/adc/adc.o
 .comment       0x00000000       0x31 drivers/clock/clock.o
 .comment       0x00000000       0x31 drivers/dma/dma.o
 .comment       0x00000000       0x31 drivers/dma/dma_functions.o
 .comment       0x00000000       0x31 drivers/eeprom/eeprom.o
 .comment       0x00000000       0x31 drivers/esp8266/esp8266.o
 .comment       0x00000000       0x31 drivers/ht1632c/ht1632c.o
 .comment       0x00000000       0x31 drivers/port/port.o
 .comment       0x00000000       0x31 drivers/power/power.o
 .comment       0x00000000       0x31 drivers/rtc/rtc.o
 .comment       0x00000000       0x31 drivers/sensors/si114x/Si114x_functions.o
 .comment       0x00000000       0x31 drivers/sensors/si114x/Si114x_handler.o
 .comment       0x00000000       0x31 drivers/sensors/si114x/Si114x_sys_out.o
 .comment       0x00000000       0x31 drivers/sensors/si114x/slider_algorithm.o
 .comment       0x00000000       0x31 drivers/sercom/spi.o
 .comment       0x00000000       0x31 drivers/sercom/twi.o
 .comment       0x00000000       0x31 drivers/sercom/uart.o
 .comment       0x00000000       0x31 fatfs/ff.o
 .comment       0x00000000       0x31 fatfs/mmc_avr.o
 .comment       0x00000000       0x31 fatfs/sound.o
 .comment       0x00000000       0x31 json/jsmn.o
 .comment       0x00000000       0x31 json/json_functions.o
 .comment       0x00000000       0x31 main.o
 .comment       0x00000000       0x31 modules/display/display.o
 .comment       0x00000000       0x31 modules/menu/menu.o
 .comment       0x00000000       0x31 modules/time_functions/time_functions.o
 .comment       0x00000000       0x31 _StackInstrument.o
 .comment       0x00000000       0x31 c:/program files/atmel/atmel toolchain/avr8 gcc/native/3.4.1056/avr8-gnu-toolchain/bin/../lib/gcc/avr/4.8.1/../../../../avr/lib/avrxmega4\libc.a(calloc.o)
 .comment       0x00000000       0x31 c:/program files/atmel/atmel toolchain/avr8 gcc/native/3.4.1056/avr8-gnu-toolchain/bin/../lib/gcc/avr/4.8.1/../../../../avr/lib/avrxmega4\libc.a(malloc.o)
 .comment       0x00000000       0x31 c:/program files/atmel/atmel toolchain/avr8 gcc/native/3.4.1056/avr8-gnu-toolchain/bin/../lib/gcc/avr/4.8.1/../../../../avr/lib/avrxmega4\libc.a(strtod.o)
 .comment       0x00000000       0x31 c:/program files/atmel/atmel toolchain/avr8 gcc/native/3.4.1056/avr8-gnu-toolchain/bin/../lib/gcc/avr/4.8.1/../../../../avr/lib/avrxmega4\libc.a(iob.o)
 .comment       0x00000000       0x31 c:/program files/atmel/atmel toolchain/avr8 gcc/native/3.4.1056/avr8-gnu-toolchain/bin/../lib/gcc/avr/4.8.1/../../../../avr/lib/avrxmega4\libc.a(printf.o)
 .comment       0x00000000       0x31 c:/program files/atmel/atmel toolchain/avr8 gcc/native/3.4.1056/avr8-gnu-toolchain/bin/../lib/gcc/avr/4.8.1/../../../../avr/lib/avrxmega4\libc.a(puts.o)
 .comment       0x00000000       0x31 c:/program files/atmel/atmel toolchain/avr8 gcc/native/3.4.1056/avr8-gnu-toolchain/bin/../lib/gcc/avr/4.8.1/../../../../avr/lib/avrxmega4\libc.a(sscanf.o)
 .comment       0x00000030       0x2c c:/program files/atmel/atmel toolchain/avr8 gcc/native/3.4.1056/avr8-gnu-toolchain/bin/../lib/gcc/avr/4.8.1/../../../../avr/lib/avrxmega4\libc.a(vfprintf_std.o)
                                 0x2d (size before relaxing)
 .comment       0x00000000       0x2d c:/program files/atmel/atmel toolchain/avr8 gcc/native/3.4.1056/avr8-gnu-toolchain/bin/../lib/gcc/avr/4.8.1/../../../../avr/lib/avrxmega4\libc.a(vfscanf_std.o)
 .comment       0x00000000       0x2d c:/program files/atmel/atmel toolchain/avr8 gcc/native/3.4.1056/avr8-gnu-toolchain/bin/../lib/gcc/avr/4.8.1/../../../../avr/lib/avrxmega4\libc.a(errno.o)
 .comment       0x00000000       0x31 c:/program files/atmel/atmel toolchain/avr8 gcc/native/3.4.1056/avr8-gnu-toolchain/bin/../lib/gcc/avr/4.8.1/../../../../avr/lib/avrxmega4\libc.a(fgetc.o)
 .comment       0x00000000       0x31 c:/program files/atmel/atmel toolchain/avr8 gcc/native/3.4.1056/avr8-gnu-toolchain/bin/../lib/gcc/avr/4.8.1/../../../../avr/lib/avrxmega4\libc.a(fputc.o)
 .comment       0x00000000       0x31 c:/program files/atmel/atmel toolchain/avr8 gcc/native/3.4.1056/avr8-gnu-toolchain/bin/../lib/gcc/avr/4.8.1/../../../../avr/lib/avrxmega4\libc.a(ungetc.o)

.note.gnu.build-id
 *(.note.gnu.build-id)

.debug
 *(.debug)

.line
 *(.line)

.debug_srcinfo
 *(.debug_srcinfo)

.debug_sfnames
 *(.debug_sfnames)

.debug_aranges  0x00000000      0xbd8
 *(.debug_aranges)
 .debug_aranges
                0x00000000       0x18 4x6_font.o
 .debug_aranges
                0x00000018       0x38 drivers/adc/adc.o
 .debug_aranges
                0x00000050       0x48 drivers/clock/clock.o
 .debug_aranges
                0x00000098       0xa8 drivers/dma/dma.o
 .debug_aranges
                0x00000140       0x30 drivers/dma/dma_functions.o
 .debug_aranges
                0x00000170       0x78 drivers/eeprom/eeprom.o
 .debug_aranges
                0x000001e8       0x70 drivers/esp8266/esp8266.o
 .debug_aranges
                0x00000258       0xc0 drivers/ht1632c/ht1632c.o
 .debug_aranges
                0x00000318       0x58 drivers/port/port.o
 .debug_aranges
                0x00000370       0x20 drivers/power/power.o
 .debug_aranges
                0x00000390       0x58 drivers/rtc/rtc.o
 .debug_aranges
                0x000003e8       0xc8 drivers/sensors/si114x/Si114x_functions.o
 .debug_aranges
                0x000004b0       0x38 drivers/sensors/si114x/Si114x_handler.o
 .debug_aranges
                0x000004e8       0x50 drivers/sensors/si114x/Si114x_sys_out.o
 .debug_aranges
                0x00000538       0x28 drivers/sensors/si114x/slider_algorithm.o
 .debug_aranges
                0x00000560       0x30 drivers/sercom/spi.o
 .debug_aranges
                0x00000590       0x60 drivers/sercom/twi.o
 .debug_aranges
                0x000005f0       0x40 drivers/sercom/uart.o
 .debug_aranges
                0x00000630      0x1b8 fatfs/ff.o
 .debug_aranges
                0x000007e8       0x78 fatfs/mmc_avr.o
 .debug_aranges
                0x00000860       0x40 fatfs/sound.o
 .debug_aranges
                0x000008a0       0x28 json/jsmn.o
 .debug_aranges
                0x000008c8       0x28 json/json_functions.o
 .debug_aranges
                0x000008f0       0x30 main.o
 .debug_aranges
                0x00000920      0x1a8 modules/display/display.o
 .debug_aranges
                0x00000ac8       0x98 modules/menu/menu.o
 .debug_aranges
                0x00000b60       0x58 modules/time_functions/time_functions.o
 .debug_aranges
                0x00000bb8       0x20 _StackInstrument.o

.debug_pubnames
 *(.debug_pubnames)

.debug_info     0x00000000    0x1df29
 *(.debug_info .gnu.linkonce.wi.*)
 .debug_info    0x00000000      0x130 4x6_font.o
 .debug_info    0x00000130      0xb43 drivers/adc/adc.o
 .debug_info    0x00000c73      0x4cf drivers/clock/clock.o
 .debug_info    0x00001142      0xbeb drivers/dma/dma.o
 .debug_info    0x00001d2d      0x9d7 drivers/dma/dma_functions.o
 .debug_info    0x00002704      0x876 drivers/eeprom/eeprom.o
 .debug_info    0x00002f7a     0x1f7c drivers/esp8266/esp8266.o
 .debug_info    0x00004ef6      0xf41 drivers/ht1632c/ht1632c.o
 .debug_info    0x00005e37      0x919 drivers/port/port.o
 .debug_info    0x00006750      0x5f6 drivers/power/power.o
 .debug_info    0x00006d46      0xad3 drivers/rtc/rtc.o
 .debug_info    0x00007819     0x279b drivers/sensors/si114x/Si114x_functions.o
 .debug_info    0x00009fb4      0x3c8 drivers/sensors/si114x/Si114x_handler.o
 .debug_info    0x0000a37c      0x847 drivers/sensors/si114x/Si114x_sys_out.o
 .debug_info    0x0000abc3      0x723 drivers/sensors/si114x/slider_algorithm.o
 .debug_info    0x0000b2e6      0x5b9 drivers/sercom/spi.o
 .debug_info    0x0000b89f      0xa4b drivers/sercom/twi.o
 .debug_info    0x0000c2ea      0x708 drivers/sercom/uart.o
 .debug_info    0x0000c9f2     0x3e8c fatfs/ff.o
 .debug_info    0x0001087e     0x1297 fatfs/mmc_avr.o
 .debug_info    0x00011b15     0x1693 fatfs/sound.o
 .debug_info    0x000131a8      0x585 json/jsmn.o
 .debug_info    0x0001372d      0x5b7 json/json_functions.o
 .debug_info    0x00013ce4     0x12a0 main.o
 .debug_info    0x00014f84     0x3329 modules/display/display.o
 .debug_info    0x000182ad     0x52bf modules/menu/menu.o
 .debug_info    0x0001d56c      0x8c0 modules/time_functions/time_functions.o
 .debug_info    0x0001de2c       0xfd _StackInstrument.o

.debug_abbrev   0x00000000     0x4148
 *(.debug_abbrev)
 .debug_abbrev  0x00000000       0x62 4x6_font.o
 .debug_abbrev  0x00000062      0x2d0 drivers/adc/adc.o
 .debug_abbrev  0x00000332      0x10e drivers/clock/clock.o
 .debug_abbrev  0x00000440      0x22d drivers/dma/dma.o
 .debug_abbrev  0x0000066d      0x1f4 drivers/dma/dma_functions.o
 .debug_abbrev  0x00000861      0x245 drivers/eeprom/eeprom.o
 .debug_abbrev  0x00000aa6      0x3ba drivers/esp8266/esp8266.o
 .debug_abbrev  0x00000e60      0x2f7 drivers/ht1632c/ht1632c.o
 .debug_abbrev  0x00001157      0x211 drivers/port/port.o
 .debug_abbrev  0x00001368      0x11d drivers/power/power.o
 .debug_abbrev  0x00001485      0x2b9 drivers/rtc/rtc.o
 .debug_abbrev  0x0000173e      0x481 drivers/sensors/si114x/Si114x_functions.o
 .debug_abbrev  0x00001bbf      0x169 drivers/sensors/si114x/Si114x_handler.o
 .debug_abbrev  0x00001d28      0x244 drivers/sensors/si114x/Si114x_sys_out.o
 .debug_abbrev  0x00001f6c      0x20c drivers/sensors/si114x/slider_algorithm.o
 .debug_abbrev  0x00002178      0x139 drivers/sercom/spi.o
 .debug_abbrev  0x000022b1      0x2a9 drivers/sercom/twi.o
 .debug_abbrev  0x0000255a      0x1b2 drivers/sercom/uart.o
 .debug_abbrev  0x0000270c      0x30a fatfs/ff.o
 .debug_abbrev  0x00002a16      0x321 fatfs/mmc_avr.o
 .debug_abbrev  0x00002d37      0x2b8 fatfs/sound.o
 .debug_abbrev  0x00002fef      0x1f4 json/jsmn.o
 .debug_abbrev  0x000031e3      0x1a2 json/json_functions.o
 .debug_abbrev  0x00003385      0x321 main.o
 .debug_abbrev  0x000036a6      0x3e5 modules/display/display.o
 .debug_abbrev  0x00003a8b      0x47f modules/menu/menu.o
 .debug_abbrev  0x00003f0a      0x1a3 modules/time_functions/time_functions.o
 .debug_abbrev  0x000040ad       0x9b _StackInstrument.o

.debug_line     0x00000000     0xb145
 *(.debug_line .debug_line.* .debug_line_end)
 .debug_line    0x00000000       0x2d 4x6_font.o
 .debug_line    0x0000002d      0x309 drivers/adc/adc.o
 .debug_line    0x00000336      0x251 drivers/clock/clock.o
 .debug_line    0x00000587      0x369 drivers/dma/dma.o
 .debug_line    0x000008f0      0x1f5 drivers/dma/dma_functions.o
 .debug_line    0x00000ae5      0x442 drivers/eeprom/eeprom.o
 .debug_line    0x00000f27      0x92e drivers/esp8266/esp8266.o
 .debug_line    0x00001855      0x8e3 drivers/ht1632c/ht1632c.o
 .debug_line    0x00002138      0x2ec drivers/port/port.o
 .debug_line    0x00002424      0x163 drivers/power/power.o
 .debug_line    0x00002587      0x385 drivers/rtc/rtc.o
 .debug_line    0x0000290c      0x848 drivers/sensors/si114x/Si114x_functions.o
 .debug_line    0x00003154      0x3a2 drivers/sensors/si114x/Si114x_handler.o
 .debug_line    0x000034f6      0x2c3 drivers/sensors/si114x/Si114x_sys_out.o
 .debug_line    0x000037b9      0x41b drivers/sensors/si114x/slider_algorithm.o
 .debug_line    0x00003bd4      0x1b7 drivers/sercom/spi.o
 .debug_line    0x00003d8b      0x409 drivers/sercom/twi.o
 .debug_line    0x00004194      0x240 drivers/sercom/uart.o
 .debug_line    0x000043d4     0x2b63 fatfs/ff.o
 .debug_line    0x00006f37      0x80c fatfs/mmc_avr.o
 .debug_line    0x00007743      0x522 fatfs/sound.o
 .debug_line    0x00007c65      0x412 json/jsmn.o
 .debug_line    0x00008077      0x15f json/json_functions.o
 .debug_line    0x000081d6      0x4df main.o
 .debug_line    0x000086b5     0x1037 modules/display/display.o
 .debug_line    0x000096ec     0x1561 modules/menu/menu.o
 .debug_line    0x0000ac4d      0x422 modules/time_functions/time_functions.o
 .debug_line    0x0000b06f       0xd6 _StackInstrument.o

.debug_frame    0x00000000     0x2f90
 *(.debug_frame)
 .debug_frame   0x00000000       0x68 drivers/adc/adc.o
 .debug_frame   0x00000068       0x74 drivers/clock/clock.o
 .debug_frame   0x000000dc      0x178 drivers/dma/dma.o
 .debug_frame   0x00000254       0xf0 drivers/dma/dma_functions.o
 .debug_frame   0x00000344      0x198 drivers/eeprom/eeprom.o
 .debug_frame   0x000004dc      0x1bc drivers/esp8266/esp8266.o
 .debug_frame   0x00000698      0x338 drivers/ht1632c/ht1632c.o
 .debug_frame   0x000009d0      0x1a0 drivers/port/port.o
 .debug_frame   0x00000b70       0x24 drivers/power/power.o
 .debug_frame   0x00000b94      0x12c drivers/rtc/rtc.o
 .debug_frame   0x00000cc0      0x2b0 drivers/sensors/si114x/Si114x_functions.o
 .debug_frame   0x00000f70       0xd8 drivers/sensors/si114x/Si114x_handler.o
 .debug_frame   0x00001048       0xe4 drivers/sensors/si114x/Si114x_sys_out.o
 .debug_frame   0x0000112c       0xb8 drivers/sensors/si114x/slider_algorithm.o
 .debug_frame   0x000011e4       0x44 drivers/sercom/spi.o
 .debug_frame   0x00001228       0xfc drivers/sercom/twi.o
 .debug_frame   0x00001324       0x78 drivers/sercom/uart.o
 .debug_frame   0x0000139c      0xc64 fatfs/ff.o
 .debug_frame   0x00002000      0x1b0 fatfs/mmc_avr.o
 .debug_frame   0x000021b0      0x10c fatfs/sound.o
 .debug_frame   0x000022bc       0x90 json/jsmn.o
 .debug_frame   0x0000234c       0x9c json/json_functions.o
 .debug_frame   0x000023e8       0x68 main.o
 .debug_frame   0x00002450      0x6dc modules/display/display.o
 .debug_frame   0x00002b2c      0x31c modules/menu/menu.o
 .debug_frame   0x00002e48      0x124 modules/time_functions/time_functions.o
 .debug_frame   0x00002f6c       0x24 _StackInstrument.o

.debug_str      0x00000000     0x46be
 *(.debug_str)
 .debug_str     0x00000000      0x19b 4x6_font.o
                                0x1cf (size before relaxing)
 .debug_str     0x0000019b      0xa80 drivers/adc/adc.o
                                0xc7c (size before relaxing)
 .debug_str     0x00000c1b      0x192 drivers/clock/clock.o
                                0x4ad (size before relaxing)
 .debug_str     0x00000dad      0x780 drivers/dma/dma.o
                                0xb43 (size before relaxing)
 .debug_str     0x0000152d       0x83 drivers/dma/dma_functions.o
                                0x80d (size before relaxing)
 .debug_str     0x000015b0      0x156 drivers/eeprom/eeprom.o
                                0x866 (size before relaxing)
 .debug_str     0x00001706      0x3f1 drivers/esp8266/esp8266.o
                                0x7e6 (size before relaxing)
 .debug_str     0x00001af7      0x2cc drivers/ht1632c/ht1632c.o
                                0x762 (size before relaxing)
 .debug_str     0x00001dc3      0x259 drivers/port/port.o
                                0x7a0 (size before relaxing)
 .debug_str     0x0000201c       0xa4 drivers/power/power.o
                                0x543 (size before relaxing)
 .debug_str     0x000020c0      0x2fc drivers/rtc/rtc.o
                                0x6d7 (size before relaxing)
 .debug_str     0x000023bc      0x70f drivers/sensors/si114x/Si114x_functions.o
                                0xcb2 (size before relaxing)
 .debug_str     0x00002acb       0xd0 drivers/sensors/si114x/Si114x_handler.o
                                0x2f6 (size before relaxing)
 .debug_str     0x00002b9b       0x63 drivers/sensors/si114x/Si114x_sys_out.o
                                0x4e1 (size before relaxing)
 .debug_str     0x00002bfe      0x219 drivers/sensors/si114x/slider_algorithm.o
                                0x443 (size before relaxing)
 .debug_str     0x00002e17       0xbd drivers/sercom/spi.o
                                0x55f (size before relaxing)
 .debug_str     0x00002ed4      0x26b drivers/sercom/twi.o
                                0x685 (size before relaxing)
 .debug_str     0x0000313f      0x139 drivers/sercom/uart.o
                                0x576 (size before relaxing)
 .debug_str     0x00003278      0x5bb fatfs/ff.o
                                0x77c (size before relaxing)
 .debug_str     0x00003833       0xaf fatfs/mmc_avr.o
                                0x617 (size before relaxing)
 .debug_str     0x000038e2      0x23f fatfs/sound.o
                                0xc80 (size before relaxing)
 .debug_str     0x00003b21      0x124 json/jsmn.o
                                0x27b (size before relaxing)
 .debug_str     0x00003c45       0x56 json/json_functions.o
                                0x3cc (size before relaxing)
 .debug_str     0x00003c9b      0x124 main.o
                                0xa5c (size before relaxing)
 .debug_str     0x00003dbf      0x548 modules/display/display.o
                                0xb71 (size before relaxing)
 .debug_str     0x00004307      0x2bf modules/menu/menu.o
                               0x1261 (size before relaxing)
 .debug_str     0x000045c6       0xa5 modules/time_functions/time_functions.o
                                0x42a (size before relaxing)
 .debug_str     0x0000466b       0x53 _StackInstrument.o
                                0x1d6 (size before relaxing)

.debug_loc      0x00000000    0x14942
 *(.debug_loc)
 .debug_loc     0x00000000      0x187 drivers/adc/adc.o
 .debug_loc     0x00000187      0x3bc drivers/dma/dma.o
 .debug_loc     0x00000543      0x402 drivers/dma/dma_functions.o
 .debug_loc     0x00000945      0x662 drivers/eeprom/eeprom.o
 .debug_loc     0x00000fa7     0x10c2 drivers/esp8266/esp8266.o
 .debug_loc     0x00002069      0xf24 drivers/ht1632c/ht1632c.o
 .debug_loc     0x00002f8d      0x362 drivers/port/port.o
 .debug_loc     0x000032ef      0x4d6 drivers/rtc/rtc.o
 .debug_loc     0x000037c5      0xe28 drivers/sensors/si114x/Si114x_functions.o
 .debug_loc     0x000045ed      0x570 drivers/sensors/si114x/Si114x_handler.o
 .debug_loc     0x00004b5d      0x3d6 drivers/sensors/si114x/Si114x_sys_out.o
 .debug_loc     0x00004f33      0x6c3 drivers/sensors/si114x/slider_algorithm.o
 .debug_loc     0x000055f6       0x1f drivers/sercom/spi.o
 .debug_loc     0x00005615      0x687 drivers/sercom/twi.o
 .debug_loc     0x00005c9c       0xc3 drivers/sercom/uart.o
 .debug_loc     0x00005d5f     0x746f fatfs/ff.o
 .debug_loc     0x0000d1ce      0xdf2 fatfs/mmc_avr.o
 .debug_loc     0x0000dfc0      0x7b5 fatfs/sound.o
 .debug_loc     0x0000e775      0x9d5 json/jsmn.o
 .debug_loc     0x0000f14a      0x328 json/json_functions.o
 .debug_loc     0x0000f472      0x157 main.o
 .debug_loc     0x0000f5c9     0x2151 modules/display/display.o
 .debug_loc     0x0001171a     0x2702 modules/menu/menu.o
 .debug_loc     0x00013e1c      0xb0e modules/time_functions/time_functions.o
 .debug_loc     0x0001492a       0x18 _StackInstrument.o

.debug_macinfo
 *(.debug_macinfo)

.debug_weaknames
 *(.debug_weaknames)

.debug_funcnames
 *(.debug_funcnames)

.debug_typenames
 *(.debug_typenames)

.debug_varnames
 *(.debug_varnames)

.debug_pubtypes
 *(.debug_pubtypes)

.debug_ranges   0x00000000      0xd60
 *(.debug_ranges)
 .debug_ranges  0x00000000       0x28 drivers/adc/adc.o
 .debug_ranges  0x00000028       0x38 drivers/clock/clock.o
 .debug_ranges  0x00000060       0x98 drivers/dma/dma.o
 .debug_ranges  0x000000f8       0x20 drivers/dma/dma_functions.o
 .debug_ranges  0x00000118       0x68 drivers/eeprom/eeprom.o
 .debug_ranges  0x00000180       0x90 drivers/esp8266/esp8266.o
 .debug_ranges  0x00000210       0xb0 drivers/ht1632c/ht1632c.o
 .debug_ranges  0x000002c0       0x48 drivers/port/port.o
 .debug_ranges  0x00000308       0x10 drivers/power/power.o
 .debug_ranges  0x00000318       0x48 drivers/rtc/rtc.o
 .debug_ranges  0x00000360       0xb8 drivers/sensors/si114x/Si114x_functions.o
 .debug_ranges  0x00000418       0x28 drivers/sensors/si114x/Si114x_handler.o
 .debug_ranges  0x00000440       0x40 drivers/sensors/si114x/Si114x_sys_out.o
 .debug_ranges  0x00000480       0x18 drivers/sensors/si114x/slider_algorithm.o
 .debug_ranges  0x00000498       0x20 drivers/sercom/spi.o
 .debug_ranges  0x000004b8       0x68 drivers/sercom/twi.o
 .debug_ranges  0x00000520       0x30 drivers/sercom/uart.o
 .debug_ranges  0x00000550      0x218 fatfs/ff.o
 .debug_ranges  0x00000768       0x68 fatfs/mmc_avr.o
 .debug_ranges  0x000007d0       0x30 fatfs/sound.o
 .debug_ranges  0x00000800       0xd8 json/jsmn.o
 .debug_ranges  0x000008d8       0x18 json/json_functions.o
 .debug_ranges  0x000008f0       0x38 main.o
 .debug_ranges  0x00000928      0x1e0 modules/display/display.o
 .debug_ranges  0x00000b08      0x1e8 modules/menu/menu.o
 .debug_ranges  0x00000cf0       0x60 modules/time_functions/time_functions.o
 .debug_ranges  0x00000d50       0x10 _StackInstrument.o

.debug_macro
 *(.debug_macro)
OUTPUT(matrix_clock.elf elf32-avr)
LOAD linker stubs
