Archive member included because of file (symbol)

c:/program files/atmel/atmel toolchain/avr8 gcc/native/3.4.1056/avr8-gnu-toolchain/bin/../lib/gcc/avr/4.8.1/../../../../avr/lib/avrxmega4\libm.a(addsf3.o)
                              fatfs/sound.o (__addsf3)
c:/program files/atmel/atmel toolchain/avr8 gcc/native/3.4.1056/avr8-gnu-toolchain/bin/../lib/gcc/avr/4.8.1/../../../../avr/lib/avrxmega4\libm.a(addsf3x.o)
                              c:/program files/atmel/atmel toolchain/avr8 gcc/native/3.4.1056/avr8-gnu-toolchain/bin/../lib/gcc/avr/4.8.1/../../../../avr/lib/avrxmega4\libm.a(addsf3.o) (__addsf3x)
c:/program files/atmel/atmel toolchain/avr8 gcc/native/3.4.1056/avr8-gnu-toolchain/bin/../lib/gcc/avr/4.8.1/../../../../avr/lib/avrxmega4\libm.a(fixsfsi.o)
                              drivers/adc/adc.o (__fixsfsi)
c:/program files/atmel/atmel toolchain/avr8 gcc/native/3.4.1056/avr8-gnu-toolchain/bin/../lib/gcc/avr/4.8.1/../../../../avr/lib/avrxmega4\libm.a(fixunssfsi.o)
                              c:/program files/atmel/atmel toolchain/avr8 gcc/native/3.4.1056/avr8-gnu-toolchain/bin/../lib/gcc/avr/4.8.1/../../../../avr/lib/avrxmega4\libm.a(fixsfsi.o) (__fixunssfsi)
c:/program files/atmel/atmel toolchain/avr8 gcc/native/3.4.1056/avr8-gnu-toolchain/bin/../lib/gcc/avr/4.8.1/../../../../avr/lib/avrxmega4\libm.a(floatsisf.o)
                              fatfs/sound.o (__floatunsisf)
c:/program files/atmel/atmel toolchain/avr8 gcc/native/3.4.1056/avr8-gnu-toolchain/bin/../lib/gcc/avr/4.8.1/../../../../avr/lib/avrxmega4\libm.a(fp_inf.o)
                              c:/program files/atmel/atmel toolchain/avr8 gcc/native/3.4.1056/avr8-gnu-toolchain/bin/../lib/gcc/avr/4.8.1/../../../../avr/lib/avrxmega4\libm.a(addsf3x.o) (__fp_inf)
c:/program files/atmel/atmel toolchain/avr8 gcc/native/3.4.1056/avr8-gnu-toolchain/bin/../lib/gcc/avr/4.8.1/../../../../avr/lib/avrxmega4\libm.a(fp_nan.o)
                              c:/program files/atmel/atmel toolchain/avr8 gcc/native/3.4.1056/avr8-gnu-toolchain/bin/../lib/gcc/avr/4.8.1/../../../../avr/lib/avrxmega4\libm.a(addsf3x.o) (__fp_nan)
c:/program files/atmel/atmel toolchain/avr8 gcc/native/3.4.1056/avr8-gnu-toolchain/bin/../lib/gcc/avr/4.8.1/../../../../avr/lib/avrxmega4\libm.a(fp_pscA.o)
                              c:/program files/atmel/atmel toolchain/avr8 gcc/native/3.4.1056/avr8-gnu-toolchain/bin/../lib/gcc/avr/4.8.1/../../../../avr/lib/avrxmega4\libm.a(addsf3x.o) (__fp_pscA)
c:/program files/atmel/atmel toolchain/avr8 gcc/native/3.4.1056/avr8-gnu-toolchain/bin/../lib/gcc/avr/4.8.1/../../../../avr/lib/avrxmega4\libm.a(fp_pscB.o)
                              c:/program files/atmel/atmel toolchain/avr8 gcc/native/3.4.1056/avr8-gnu-toolchain/bin/../lib/gcc/avr/4.8.1/../../../../avr/lib/avrxmega4\libm.a(addsf3x.o) (__fp_pscB)
c:/program files/atmel/atmel toolchain/avr8 gcc/native/3.4.1056/avr8-gnu-toolchain/bin/../lib/gcc/avr/4.8.1/../../../../avr/lib/avrxmega4\libm.a(fp_round.o)
                              c:/program files/atmel/atmel toolchain/avr8 gcc/native/3.4.1056/avr8-gnu-toolchain/bin/../lib/gcc/avr/4.8.1/../../../../avr/lib/avrxmega4\libm.a(addsf3.o) (__fp_round)
c:/program files/atmel/atmel toolchain/avr8 gcc/native/3.4.1056/avr8-gnu-toolchain/bin/../lib/gcc/avr/4.8.1/../../../../avr/lib/avrxmega4\libm.a(fp_split3.o)
                              c:/program files/atmel/atmel toolchain/avr8 gcc/native/3.4.1056/avr8-gnu-toolchain/bin/../lib/gcc/avr/4.8.1/../../../../avr/lib/avrxmega4\libm.a(addsf3x.o) (__fp_split3)
c:/program files/atmel/atmel toolchain/avr8 gcc/native/3.4.1056/avr8-gnu-toolchain/bin/../lib/gcc/avr/4.8.1/../../../../avr/lib/avrxmega4\libm.a(fp_zero.o)
                              c:/program files/atmel/atmel toolchain/avr8 gcc/native/3.4.1056/avr8-gnu-toolchain/bin/../lib/gcc/avr/4.8.1/../../../../avr/lib/avrxmega4\libm.a(addsf3x.o) (__fp_zero)
c:/program files/atmel/atmel toolchain/avr8 gcc/native/3.4.1056/avr8-gnu-toolchain/bin/../lib/gcc/avr/4.8.1/../../../../avr/lib/avrxmega4\libm.a(mulsf3.o)
                              drivers/adc/adc.o (__mulsf3)
c:/program files/atmel/atmel toolchain/avr8 gcc/native/3.4.1056/avr8-gnu-toolchain/bin/../lib/gcc/avr/4.8.1/../../../../avr/lib/avrxmega4\libm.a(mulsf3x.o)
                              c:/program files/atmel/atmel toolchain/avr8 gcc/native/3.4.1056/avr8-gnu-toolchain/bin/../lib/gcc/avr/4.8.1/../../../../avr/lib/avrxmega4\libm.a(mulsf3.o) (__mulsf3x)
c:/program files/atmel/atmel toolchain/avr8 gcc/native/3.4.1056/avr8-gnu-toolchain/bin/../lib/gcc/avr/4.8.1/avrxmega4\libgcc.a(_divmodhi4.o)
                              drivers/adc/adc.o (__divmodhi4)
c:/program files/atmel/atmel toolchain/avr8 gcc/native/3.4.1056/avr8-gnu-toolchain/bin/../lib/gcc/avr/4.8.1/avrxmega4\libgcc.a(_udivmodsi4.o)
                              drivers/sensors/si114x/Si114x_handler.o (__udivmodsi4)
[...]
Memory Configuration

Name             Origin             Length             Attributes
text             0x00000000         0x00100000         xr
data             0x00802000         0x0000ffa0         rw !x
eeprom           0x00810000         0x00010000         rw !x
fuse             0x00820000         0x00000400         rw !x
lock             0x00830000         0x00000400         rw !x
signature        0x00840000         0x00000400         rw !x
user_signatures  0x00850000         0x00000400         rw !x
*default*        0x00000000         0xffffffff

Linker script and memory map

LOAD c:/program files/atmel/atmel toolchain/avr8 gcc/native/3.4.1056/avr8-gnu-toolchain/bin/../lib/gcc/avr/4.8.1/../../../../avr/lib/avrxmega4/crtx64a4u.o
LOAD 4x6_font.o
LOAD drivers/adc/adc.o
LOAD drivers/clock/clock.o
LOAD drivers/dma/dma.o
LOAD drivers/eeprom/eeprom.o
LOAD drivers/esp8266/esp8266.o
LOAD drivers/ht1632c/ht1632c.o
LOAD drivers/port/port.o
LOAD drivers/power/power.o
LOAD drivers/rtc/rtc.o
LOAD drivers/sensors/si114x/Si114x_functions.o
LOAD drivers/sensors/si114x/Si114x_handler.o
LOAD drivers/sensors/si114x/Si114x_sys_out.o
LOAD drivers/sensors/si114x/slider_algorithm.o
LOAD drivers/sercom/sercom.o
LOAD fatfs/ff.o
LOAD fatfs/mmc_avr.o
LOAD fatfs/sound.o
LOAD json/jsmn.o
LOAD main.o
LOAD menu.o
LOAD uart.o
START GROUP
LOAD c:/program files/atmel/atmel toolchain/avr8 gcc/native/3.4.1056/avr8-gnu-toolchain/bin/../lib/gcc/avr/4.8.1/../../../../avr/lib/avrxmega4\libm.a
END GROUP
START GROUP
LOAD c:/program files/atmel/atmel toolchain/avr8 gcc/native/3.4.1056/avr8-gnu-toolchain/bin/../lib/gcc/avr/4.8.1/avrxmega4\libgcc.a
LOAD c:/program files/atmel/atmel toolchain/avr8 gcc/native/3.4.1056/avr8-gnu-toolchain/bin/../lib/gcc/avr/4.8.1/../../../../avr/lib/avrxmega4\libm.a
LOAD c:/program files/atmel/atmel toolchain/avr8 gcc/native/3.4.1056/avr8-gnu-toolchain/bin/../lib/gcc/avr/4.8.1/../../../../avr/lib/avrxmega4\libc.a
END GROUP

.hash
 *(.hash)

.dynsym
 *(.dynsym)

.dynstr
 *(.dynstr)

.gnu.version
 *(.gnu.version)

.gnu.version_d
 *(.gnu.version_d)

.gnu.version_r
 *(.gnu.version_r)

.rel.init
 *(.rel.init)

.rela.init
 *(.rela.init)

.rel.text
 *(.rel.text)
 *(.rel.text.*)
 *(.rel.gnu.linkonce.t*)

.rela.text
 *(.rela.text)
 *(.rela.text.*)
 *(.rela.gnu.linkonce.t*)

.rel.fini
 *(.rel.fini)

.rela.fini
 *(.rela.fini)

.rel.rodata
 *(.rel.rodata)
 *(.rel.rodata.*)
 *(.rel.gnu.linkonce.r*)

.rela.rodata
 *(.rela.rodata)
 *(.rela.rodata.*)
 *(.rela.gnu.linkonce.r*)

.rel.data
 *(.rel.data)
 *(.rel.data.*)
 *(.rel.gnu.linkonce.d*)

.rela.data
 *(.rela.data)
 *(.rela.data.*)
 *(.rela.gnu.linkonce.d*)

.rel.ctors
 *(.rel.ctors)

.rela.ctors
 *(.rela.ctors)

.rel.dtors
 *(.rel.dtors)

.rela.dtors
 *(.rela.dtors)

.rel.got
 *(.rel.got)

.rela.got
 *(.rela.got)

.rel.bss
 *(.rel.bss)

.rela.bss
 *(.rela.bss)

.rel.plt
 *(.rel.plt)

.rela.plt
 *(.rela.plt)

.text           0x00000000     0x382a
 *(.vectors)
 .vectors       0x00000000      0x1fc c:/program files/atmel/atmel toolchain/avr8 gcc/native/3.4.1056/avr8-gnu-toolchain/bin/../lib/gcc/avr/4.8.1/../../../../avr/lib/avrxmega4/crtx64a4u.o
                0x00000000                __vector_default
                0x00000000                __vectors
 *(.vectors)
 *(.progmem.gcc*)
                0x000001fc                . = ALIGN (0x2)
                0x000001fc                __trampolines_start = .
 *(.trampolines)
 .trampolines   0x000001fc        0x0 linker stubs
 *(.trampolines*)
                0x000001fc                __trampolines_end = .
 *(.progmem*)
 .progmem.data.font_5x7
                0x000001fc      0x4fb drivers/ht1632c/ht1632c.o
                0x000006f8                . = ALIGN (0x2)
 *fill*         0x000006f7        0x1 
 *(.jumptables)
 *(.jumptables*)
 *(.lowtext)
 *(.lowtext*)
                0x000006f8                __ctors_start = .
 *(.ctors)
                0x000006f8                __ctors_end = .
                0x000006f8                __dtors_start = .
 *(.dtors)
                0x000006f8                __dtors_end = .
 SORT(*)(.ctors)
 SORT(*)(.dtors)
 *(.init0)
 .init0         0x000006f8        0x0 c:/program files/atmel/atmel toolchain/avr8 gcc/native/3.4.1056/avr8-gnu-toolchain/bin/../lib/gcc/avr/4.8.1/../../../../avr/lib/avrxmega4/crtx64a4u.o
                0x000006f8                __init
 *(.init0)
 *(.init1)
 *(.init1)
 *(.init2)
 .init2         0x000006f8        0xc c:/program files/atmel/atmel toolchain/avr8 gcc/native/3.4.1056/avr8-gnu-toolchain/bin/../lib/gcc/avr/4.8.1/../../../../avr/lib/avrxmega4/crtx64a4u.o
 *(.init2)
 *(.init3)
 *(.init3)
 *(.init4)
 .init4         0x00000704       0x1a c:/program files/atmel/atmel toolchain/avr8 gcc/native/3.4.1056/avr8-gnu-toolchain/bin/../lib/gcc/avr/4.8.1/avrxmega4\libgcc.a(_copy_data.o)
                0x00000704                __do_copy_data
 .init4         0x0000071e       0x10 c:/program files/atmel/atmel toolchain/avr8 gcc/native/3.4.1056/avr8-gnu-toolchain/bin/../lib/gcc/avr/4.8.1/avrxmega4\libgcc.a(_clear_bss.o)
                0x0000071e                __do_clear_bss
 *(.init4)
 *(.init5)
 *(.init5)
 *(.init6)
 *(.init6)
 *(.init7)
 *(.init7)
 *(.init8)
 *(.init8)
 *(.init9)
 .init9         0x0000072e        0x8 c:/program files/atmel/atmel toolchain/avr8 gcc/native/3.4.1056/avr8-gnu-toolchain/bin/../lib/gcc/avr/4.8.1/../../../../avr/lib/avrxmega4/crtx64a4u.o
 *(.init9)
 *(.text)
 .text          0x00000736        0x2 c:/program files/atmel/atmel toolchain/avr8 gcc/native/3.4.1056/avr8-gnu-toolchain/bin/../lib/gcc/avr/4.8.1/../../../../avr/lib/avrxmega4/crtx64a4u.o
                0x00000736                __vector_38
                0x00000736                __vector_104
                0x00000736                __vector_22
                0x00000736                __vector_63
                0x00000736                __vector_28
                0x00000736                __vector_67
                0x00000736                __vector_1
                0x00000736                __vector_119
                0x00000736                __vector_32
                0x00000736                __vector_75
                0x00000736                __vector_71
                0x00000736                __vector_91
                0x00000736                __vector_62
                0x00000736                __vector_77
                0x00000736                __vector_102
                0x00000736                __vector_24
                0x00000736                __vector_12
                0x00000736                __vector_55
                0x00000736                __vector_69
                0x00000736                __vector_81
                0x00000736                __vector_90
                0x00000736                __vector_46
                0x00000736                __bad_interrupt
                0x00000736                __vector_122
                0x00000736                __vector_72
                0x00000736                __vector_114
                0x00000736                __vector_6
                0x00000736                __vector_110
                0x00000736                __vector_31
                0x00000736                __vector_92
                0x00000736                __vector_35
                0x00000736                __vector_78
                0x00000736                __vector_74
                0x00000736                __vector_117
                0x00000736                __vector_39
                0x00000736                __vector_107
                0x00000736                __vector_3
                0x00000736                __vector_105
                0x00000736                __vector_98
                0x00000736                __vector_23
                0x00000736                __vector_68
                0x00000736                __vector_30
                0x00000736                __vector_73
                0x00000736                __vector_45
                0x00000736                __vector_25
                0x00000736                __vector_93
                0x00000736                __vector_61
                0x00000736                __vector_11
                0x00000736                __vector_54
                0x00000736                __vector_99
                0x00000736                __vector_13
                0x00000736                __vector_17
                0x00000736                __vector_19
                0x00000736                __vector_56
                0x00000736                __vector_7
                0x00000736                __vector_125
                0x00000736                __vector_49
                0x00000736                __vector_123
                0x00000736                __vector_41
                0x00000736                __vector_86
                0x00000736                __vector_100
                0x00000736                __vector_101
                0x00000736                __vector_64
                0x00000736                __vector_109
                0x00000736                __vector_43
                0x00000736                __vector_27
                0x00000736                __vector_5
                0x00000736                __vector_113
                0x00000736                __vector_33
                0x00000736                __vector_76
                0x00000736                __vector_115
                0x00000736                __vector_47
                0x00000736                __vector_52
                0x00000736                __vector_37
                0x00000736                __vector_95
                0x00000736                __vector_103
                0x00000736                __vector_96
                0x00000736                __vector_89
                0x00000736                __vector_108
                0x00000736                __vector_4
                0x00000736                __vector_44
                0x00000736                __vector_82
                0x00000736                __vector_106
                0x00000736                __vector_118
                0x00000736                __vector_51
                0x00000736                __vector_9
                0x00000736                __vector_2
                0x00000736                __vector_21
                0x00000736                __vector_15
                0x00000736                __vector_36
                0x00000736                __vector_79
                0x00000736                __vector_58
                0x00000736                __vector_70
                0x00000736                __vector_83
                0x00000736                __vector_29
                0x00000736                __vector_60
                0x00000736                __vector_121
                0x00000736                __vector_40
                0x00000736                __vector_85
                0x00000736                __vector_94
                0x00000736                __vector_126
                0x00000736                __vector_8
                0x00000736                __vector_26
                0x00000736                __vector_48
                0x00000736                __vector_124
                0x00000736                __vector_116
                0x00000736                __vector_112
                0x00000736                __vector_111
                0x00000736                __vector_80
                0x00000736                __vector_84
                0x00000736                __vector_57
                0x00000736                __vector_53
                0x00000736                __vector_50
                0x00000736                __vector_16
                0x00000736                __vector_59
                0x00000736                __vector_18
                0x00000736                __vector_97
                0x00000736                __vector_42
                0x00000736                __vector_87
                0x00000736                __vector_65
                0x00000736                __vector_120
                0x00000738                . = ALIGN (0x2)
 *(.text.*)
 .text.clock_setup_32_mhz
                0x00000738       0x1e drivers/clock/clock.o
                0x00000738                clock_setup_32_mhz
 .text.at_cipsend
                0x00000756       0xc2 drivers/esp8266/esp8266.o
 .text.esp8266_on
                0x00000818       0x22 drivers/esp8266/esp8266.o
                0x00000818                esp8266_on
 .text.esp8266_join_ap
                0x0000083a       0xfe drivers/esp8266/esp8266.o
                0x0000083a                esp8266_join_ap
 .text.esp8266_setup_webserver
                0x00000938      0x10e drivers/esp8266/esp8266.o
                0x00000938                esp8266_setup_webserver
 .text.esp8266_telnet_server
                0x00000a46      0x8ec drivers/esp8266/esp8266.o
                0x00000a46                esp8266_telnet_server
 .text.__vector_88
                0x00001332      0x154 drivers/esp8266/esp8266.o
                0x00001332                __vector_88
 .text.ht1632c_setup
                0x00001486      0x55a drivers/ht1632c/ht1632c.o
                0x00001486                ht1632c_setup
 .text.ht1632c_set_brightness
                0x000019e0      0x11e drivers/ht1632c/ht1632c.o
                0x000019e0                ht1632c_set_brightness
 .text.ht1632c_fill_rect
                0x00001afe      0x1b8 drivers/ht1632c/ht1632c.o
                0x00001afe                ht1632c_fill_rect
 .text.ht1632c_refresh_screen
                0x00001cb6      0x2b4 drivers/ht1632c/ht1632c.o
                0x00001cb6                ht1632c_refresh_screen
 .text.ht1632c_fill_screen
                0x00001f6a       0x12 drivers/ht1632c/ht1632c.o
                0x00001f6a                ht1632c_fill_screen
 .text.ht1632c_clear_screen
                0x00001f7c       0x10 drivers/ht1632c/ht1632c.o
                0x00001f7c                ht1632c_clear_screen
 .text.ht1632c_draw_char
                0x00001f8c      0x388 drivers/ht1632c/ht1632c.o
                0x00001f8c                ht1632c_draw_char
 .text.btn_setup
                0x00002314       0x34 drivers/port/port.o
                0x00002314                btn_setup
 .text.__vector_66
                0x00002348       0xca drivers/port/port.o
                0x00002348                __vector_66
 .text.__vector_34
                0x00002412       0xca drivers/port/port.o
                0x00002412                __vector_34
 .text.rtc_set_time
                0x000024dc      0x116 drivers/rtc/rtc.o
                0x000024dc                rtc_set_time
 .text.__vector_10
                0x000025f2       0xd2 drivers/rtc/rtc.o
                0x000025f2                __vector_10
 .text.Si114xPauseAll
                0x000026c4       0xb4 drivers/sensors/si114x/Si114x_functions.o
                0x000026c4                Si114xPauseAll
 .text.si114x_reset
                0x00002778       0x86 drivers/sensors/si114x/Si114x_functions.o
                0x00002778                si114x_reset
 .text.Si114xWriteToRegister
                0x000027fe       0x3a drivers/sensors/si114x/Si114x_sys_out.o
                0x000027fe                Si114xWriteToRegister
 .text.Si114xReadFromRegister
                0x00002838       0x38 drivers/sensors/si114x/Si114x_sys_out.o
                0x00002838                Si114xReadFromRegister
 .text.delay_10ms
                0x00002870       0x14 drivers/sensors/si114x/Si114x_sys_out.o
                0x00002870                delay_10ms
 .text.twi_setup
                0x00002884       0x14 drivers/sercom/sercom.o
                0x00002884                twi_setup
 .text.twi_read_packet
                0x00002898      0x148 drivers/sercom/sercom.o
                0x00002898                twi_read_packet
 .text.twi_write_packet
                0x000029e0       0xa8 drivers/sercom/sercom.o
                0x000029e0                twi_write_packet
 .text.__vector_14
                0x00002a88      0x12a fatfs/sound.o
                0x00002a88                __vector_14
 .text.jsmn_init
                0x00002bb2       0x14 json/jsmn.o
                0x00002bb2                jsmn_init
 .text.startup.main
                0x00002bc6       0x68 main.o
                0x00002bc6                main
 .text.__vector_20
                0x00002c2e       0x2e main.o
                0x00002c2e                __vector_20
 .text.uart_setup
                0x00002c5c       0x26 uart.o
                0x00002c5c                uart_setup
 .text.uart_put_char
                0x00002c82        0xe uart.o
                0x00002c82                uart_put_char
 .text.uart_get_char
                0x00002c90        0xe uart.o
                0x00002c90                uart_get_char
 .text.uart_write_str
                0x00002c9e       0x3a uart.o
                0x00002c9e                uart_write_str
 .text.uwrite_hex
                0x00002cd8       0x72 uart.o
                0x00002cd8                uwrite_hex
 .text.avr-libc.fplib
                0x00002d4a        0xa c:/program files/atmel/atmel toolchain/avr8 gcc/native/3.4.1056/avr8-gnu-toolchain/bin/../lib/gcc/avr/4.8.1/../../../../avr/lib/avrxmega4\libm.a(addsf3.o)
                0x00002d4a                __subsf3
                0x00002d4c                __addsf3
 .text.avr-libc.fplib
                0x00002d54       0xc0 c:/program files/atmel/atmel toolchain/avr8 gcc/native/3.4.1056/avr8-gnu-toolchain/bin/../lib/gcc/avr/4.8.1/../../../../avr/lib/avrxmega4\libm.a(addsf3x.o)
                0x00002d6e                __addsf3x
 .text.avr-libc.fplib
                0x00002e14        0xa c:/program files/atmel/atmel toolchain/avr8 gcc/native/3.4.1056/avr8-gnu-toolchain/bin/../lib/gcc/avr/4.8.1/../../../../avr/lib/avrxmega4\libm.a(fixsfsi.o)
                0x00002e14                __fixsfsi
 .text.avr-libc.fplib
                0x00002e1e       0x58 c:/program files/atmel/atmel toolchain/avr8 gcc/native/3.4.1056/avr8-gnu-toolchain/bin/../lib/gcc/avr/4.8.1/../../../../avr/lib/avrxmega4\libm.a(fixunssfsi.o)
                0x00002e1e                __fixunssfsi
 .text.avr-libc.fplib
                0x00002e76       0x7a c:/program files/atmel/atmel toolchain/avr8 gcc/native/3.4.1056/avr8-gnu-toolchain/bin/../lib/gcc/avr/4.8.1/../../../../avr/lib/avrxmega4\libm.a(floatsisf.o)
                0x00002e76                __floatunsisf
                0x00002e7a                __floatsisf
 .text.avr-libc.fplib
                0x00002ef0        0xc c:/program files/atmel/atmel toolchain/avr8 gcc/native/3.4.1056/avr8-gnu-toolchain/bin/../lib/gcc/avr/4.8.1/../../../../avr/lib/avrxmega4\libm.a(fp_inf.o)
                0x00002ef0                __fp_inf
 .text.avr-libc.fplib
                0x00002efc        0x6 c:/program files/atmel/atmel toolchain/avr8 gcc/native/3.4.1056/avr8-gnu-toolchain/bin/../lib/gcc/avr/4.8.1/../../../../avr/lib/avrxmega4\libm.a(fp_nan.o)
                0x00002efc                __fp_nan
 .text.avr-libc.fplib
                0x00002f02        0xe c:/program files/atmel/atmel toolchain/avr8 gcc/native/3.4.1056/avr8-gnu-toolchain/bin/../lib/gcc/avr/4.8.1/../../../../avr/lib/avrxmega4\libm.a(fp_pscA.o)
                0x00002f02                __fp_pscA
 .text.avr-libc.fplib
                0x00002f10        0xe c:/program files/atmel/atmel toolchain/avr8 gcc/native/3.4.1056/avr8-gnu-toolchain/bin/../lib/gcc/avr/4.8.1/../../../../avr/lib/avrxmega4\libm.a(fp_pscB.o)
                0x00002f10                __fp_pscB
 .text.avr-libc.fplib
                0x00002f1e       0x22 c:/program files/atmel/atmel toolchain/avr8 gcc/native/3.4.1056/avr8-gnu-toolchain/bin/../lib/gcc/avr/4.8.1/../../../../avr/lib/avrxmega4\libm.a(fp_round.o)
                0x00002f1e                __fp_round
 .text.avr-libc.fplib
                0x00002f40       0x44 c:/program files/atmel/atmel toolchain/avr8 gcc/native/3.4.1056/avr8-gnu-toolchain/bin/../lib/gcc/avr/4.8.1/../../../../avr/lib/avrxmega4\libm.a(fp_split3.o)
                0x00002f40                __fp_split3
                0x00002f50                __fp_splitA
 .text.avr-libc.fplib
                0x00002f84        0xe c:/program files/atmel/atmel toolchain/avr8 gcc/native/3.4.1056/avr8-gnu-toolchain/bin/../lib/gcc/avr/4.8.1/../../../../avr/lib/avrxmega4\libm.a(fp_zero.o)
                0x00002f84                __fp_zero
                0x00002f86                __fp_szero
 .text.avr-libc.fplib
                0x00002f92        0x4 c:/program files/atmel/atmel toolchain/avr8 gcc/native/3.4.1056/avr8-gnu-toolchain/bin/../lib/gcc/avr/4.8.1/../../../../avr/lib/avrxmega4\libm.a(mulsf3.o)
                0x00002f92                __mulsf3
 .text.avr-libc.fplib
                0x00002f96       0xc2 c:/program files/atmel/atmel toolchain/avr8 gcc/native/3.4.1056/avr8-gnu-toolchain/bin/../lib/gcc/avr/4.8.1/../../../../avr/lib/avrxmega4\libm.a(mulsf3x.o)
                0x00002faa                __mulsf3x
                0x00002fae                __mulsf3_pse
 .text.libgcc.div
                0x00003058       0x26 c:/program files/atmel/atmel toolchain/avr8 gcc/native/3.4.1056/avr8-gnu-toolchain/bin/../lib/gcc/avr/4.8.1/avrxmega4\libgcc.a(_divmodhi4.o)
                0x00003058                _div
                0x00003058                __divmodhi4
 .text.libgcc.mul
                0x0000307e       0x1e c:/program files/atmel/atmel toolchain/avr8 gcc/native/3.4.1056/avr8-gnu-toolchain/bin/../lib/gcc/avr/4.8.1/avrxmega4\libgcc.a(_umulhisi3.o)
                0x0000307e                __umulhisi3
 .text.libgcc.div
                0x0000309c       0x28 c:/program files/atmel/atmel toolchain/avr8 gcc/native/3.4.1056/avr8-gnu-toolchain/bin/../lib/gcc/avr/4.8.1/avrxmega4\libgcc.a(_udivmodhi4.o)
                0x0000309c                __udivmodhi4
 .text.avr-libc
                0x000030c4       0x3a c:/program files/atmel/atmel toolchain/avr8 gcc/native/3.4.1056/avr8-gnu-toolchain/bin/../lib/gcc/avr/4.8.1/../../../../avr/lib/avrxmega4\libc.a(atoi.o)
                0x000030c4                atoi
 .text.avr-libc
                0x000030fe        0x6 c:/program files/atmel/atmel toolchain/avr8 gcc/native/3.4.1056/avr8-gnu-toolchain/bin/../lib/gcc/avr/4.8.1/../../../../avr/lib/avrxmega4\libc.a(strtok.o)
                0x000030fe                strtok
 .text.avr-libc
                0x00003104        0xe c:/program files/atmel/atmel toolchain/avr8 gcc/native/3.4.1056/avr8-gnu-toolchain/bin/../lib/gcc/avr/4.8.1/../../../../avr/lib/avrxmega4\libc.a(memset.o)
                0x00003104                memset
 .text.avr-libc
                0x00003112       0x16 c:/program files/atmel/atmel toolchain/avr8 gcc/native/3.4.1056/avr8-gnu-toolchain/bin/../lib/gcc/avr/4.8.1/../../../../avr/lib/avrxmega4\libc.a(strchr.o)
                0x00003112                strchr
 .text.avr-libc
                0x00003128        0xe c:/program files/atmel/atmel toolchain/avr8 gcc/native/3.4.1056/avr8-gnu-toolchain/bin/../lib/gcc/avr/4.8.1/../../../../avr/lib/avrxmega4\libc.a(strcpy.o)
                0x00003128                strcpy
 .text.avr-libc
                0x00003136       0x1e c:/program files/atmel/atmel toolchain/avr8 gcc/native/3.4.1056/avr8-gnu-toolchain/bin/../lib/gcc/avr/4.8.1/../../../../avr/lib/avrxmega4\libc.a(strncpy.o)
                0x00003136                strncpy
 .text.avr-libc
                0x00003154       0x34 c:/program files/atmel/atmel toolchain/avr8 gcc/native/3.4.1056/avr8-gnu-toolchain/bin/../lib/gcc/avr/4.8.1/../../../../avr/lib/avrxmega4\libc.a(strstr.o)
                0x00003154                strstr
 .text.avr-libc
                0x00003188       0x4e c:/program files/atmel/atmel toolchain/avr8 gcc/native/3.4.1056/avr8-gnu-toolchain/bin/../lib/gcc/avr/4.8.1/../../../../avr/lib/avrxmega4\libc.a(strtok_r.o)
                0x00003188                strtok_r
 .text.avr-libc
                0x000031d6       0x14 c:/program files/atmel/atmel toolchain/avr8 gcc/native/3.4.1056/avr8-gnu-toolchain/bin/../lib/gcc/avr/4.8.1/../../../../avr/lib/avrxmega4\libc.a(itoa.o)
                0x000031d6                __itoa
                0x000031d6                itoa
 .text.avr-libc
                0x000031ea       0x14 c:/program files/atmel/atmel toolchain/avr8 gcc/native/3.4.1056/avr8-gnu-toolchain/bin/../lib/gcc/avr/4.8.1/../../../../avr/lib/avrxmega4\libc.a(itoa_ncheck.o)
                0x000031ea                __itoa_ncheck
 .text.avr-libc
                0x000031fe       0x10 c:/program files/atmel/atmel toolchain/avr8 gcc/native/3.4.1056/avr8-gnu-toolchain/bin/../lib/gcc/avr/4.8.1/../../../../avr/lib/avrxmega4\libc.a(mul10.o)
                0x000031fe                __mulhi_const_10
 .text.avr-libc
                0x0000320e       0x32 c:/program files/atmel/atmel toolchain/avr8 gcc/native/3.4.1056/avr8-gnu-toolchain/bin/../lib/gcc/avr/4.8.1/../../../../avr/lib/avrxmega4\libc.a(utoa_ncheck.o)
                0x0000320e                __utoa_ncheck
                0x00003210                __utoa_common
 .text.avr-libc
                0x00003240       0x5a c:/program files/atmel/atmel toolchain/avr8 gcc/native/3.4.1056/avr8-gnu-toolchain/bin/../lib/gcc/avr/4.8.1/../../../../avr/lib/avrxmega4\libc.a(puts.o)
                0x00003240                puts
 .text.avr-libc
                0x0000329a       0x50 c:/program files/atmel/atmel toolchain/avr8 gcc/native/3.4.1056/avr8-gnu-toolchain/bin/../lib/gcc/avr/4.8.1/../../../../avr/lib/avrxmega4\libc.a(sprintf.o)
                0x0000329a                sprintf
 .text.avr-libc
                0x000032ea      0x3d0 c:/program files/atmel/atmel toolchain/avr8 gcc/native/3.4.1056/avr8-gnu-toolchain/bin/../lib/gcc/avr/4.8.1/../../../../avr/lib/avrxmega4\libc.a(vfprintf_std.o)
                0x000032ea                vfprintf
 .text.avr-libc
                0x000036ba       0x16 c:/program files/atmel/atmel toolchain/avr8 gcc/native/3.4.1056/avr8-gnu-toolchain/bin/../lib/gcc/avr/4.8.1/../../../../avr/lib/avrxmega4\libc.a(strnlen_P.o)
                0x000036ba                strnlen_P
 .text.avr-libc
                0x000036d0       0x16 c:/program files/atmel/atmel toolchain/avr8 gcc/native/3.4.1056/avr8-gnu-toolchain/bin/../lib/gcc/avr/4.8.1/../../../../avr/lib/avrxmega4\libc.a(strnlen.o)
                0x000036d0                strnlen
 .text.avr-libc
                0x000036e6       0x20 c:/program files/atmel/atmel toolchain/avr8 gcc/native/3.4.1056/avr8-gnu-toolchain/bin/../lib/gcc/avr/4.8.1/../../../../avr/lib/avrxmega4\libc.a(strrev.o)
                0x000036e6                strrev
 .text.avr-libc
                0x00003706       0x64 c:/program files/atmel/atmel toolchain/avr8 gcc/native/3.4.1056/avr8-gnu-toolchain/bin/../lib/gcc/avr/4.8.1/../../../../avr/lib/avrxmega4\libc.a(fputc.o)
                0x00003706                fputc
 .text.avr-libc
                0x0000376a       0xbc c:/program files/atmel/atmel toolchain/avr8 gcc/native/3.4.1056/avr8-gnu-toolchain/bin/../lib/gcc/avr/4.8.1/../../../../avr/lib/avrxmega4\libc.a(ultoa_invert.o)
                0x0000376a                __ultoa_invert
                0x00003826                . = ALIGN (0x2)
 *(.fini9)
 .fini9         0x00003826        0x0 c:/program files/atmel/atmel toolchain/avr8 gcc/native/3.4.1056/avr8-gnu-toolchain/bin/../lib/gcc/avr/4.8.1/avrxmega4\libgcc.a(_exit.o)
                0x00003826                _exit
                0x00003826                exit
 *(.fini9)
 *(.fini8)
 *(.fini8)
 *(.fini7)
 *(.fini7)
 *(.fini6)
 *(.fini6)
 *(.fini5)
 *(.fini5)
 *(.fini4)
 *(.fini4)
 *(.fini3)
 *(.fini3)
 *(.fini2)
 *(.fini2)
 *(.fini1)
 *(.fini1)
 *(.fini0)
 .fini0         0x00003826        0x4 c:/program files/atmel/atmel toolchain/avr8 gcc/native/3.4.1056/avr8-gnu-toolchain/bin/../lib/gcc/avr/4.8.1/avrxmega4\libgcc.a(_exit.o)
 *(.fini0)
                0x0000382a                _etext = .

.data           0x00802000      0x5c8 load address 0x0000382a
                0x00802000                PROVIDE (__data_start, .)
 *(.data)
 .data          0x00802000        0x0 c:/program files/atmel/atmel toolchain/avr8 gcc/native/3.4.1056/avr8-gnu-toolchain/bin/../lib/gcc/avr/4.8.1/../../../../avr/lib/avrxmega4/crtx64a4u.o
 .data          0x00802000        0x0 4x6_font.o
 .data          0x00802000        0x0 drivers/adc/adc.o
 .data          0x00802000        0x0 drivers/clock/clock.o
 .data          0x00802000        0x0 drivers/dma/dma.o
 .data          0x00802000        0x0 drivers/eeprom/eeprom.o
 .data          0x00802000        0x0 drivers/esp8266/esp8266.o
 .data          0x00802000        0x0 drivers/ht1632c/ht1632c.o
 .data          0x00802000        0x0 drivers/port/port.o
 .data          0x00802000        0x0 drivers/power/power.o
 .data          0x00802000        0x0 drivers/rtc/rtc.o
 .data          0x00802000        0x0 drivers/sensors/si114x/Si114x_functions.o
 .data          0x00802000        0x0 drivers/sensors/si114x/Si114x_handler.o
 .data          0x00802000        0x0 drivers/sensors/si114x/Si114x_sys_out.o
 .data          0x00802000        0x0 drivers/sensors/si114x/slider_algorithm.o
 .data          0x00802000        0x0 drivers/sercom/sercom.o
 .data          0x00802000        0x0 fatfs/ff.o
 .data          0x00802000        0x0 fatfs/mmc_avr.o
 .data          0x00802000        0x0 fatfs/sound.o
 .data          0x00802000        0x0 json/jsmn.o
 .data          0x00802000        0x0 main.o
 .data          0x00802000        0x0 menu.o
 .data          0x00802000        0x0 uart.o
 .data          0x00802000        0x0 c:/program files/atmel/atmel toolchain/avr8 gcc/native/3.4.1056/avr8-gnu-toolchain/bin/../lib/gcc/avr/4.8.1/../../../../avr/lib/avrxmega4\libm.a(addsf3.o)
 .data          0x00802000        0x0 c:/program files/atmel/atmel toolchain/avr8 gcc/native/3.4.1056/avr8-gnu-toolchain/bin/../lib/gcc/avr/4.8.1/../../../../avr/lib/avrxmega4\libm.a(addsf3x.o)
 .data          0x00802000        0x0 c:/program files/atmel/atmel toolchain/avr8 gcc/native/3.4.1056/avr8-gnu-toolchain/bin/../lib/gcc/avr/4.8.1/../../../../avr/lib/avrxmega4\libm.a(fixsfsi.o)
 .data          0x00802000        0x0 c:/program files/atmel/atmel toolchain/avr8 gcc/native/3.4.1056/avr8-gnu-toolchain/bin/../lib/gcc/avr/4.8.1/../../../../avr/lib/avrxmega4\libm.a(fixunssfsi.o)
 .data          0x00802000        0x0 c:/program files/atmel/atmel toolchain/avr8 gcc/native/3.4.1056/avr8-gnu-toolchain/bin/../lib/gcc/avr/4.8.1/../../../../avr/lib/avrxmega4\libm.a(floatsisf.o)
 .data          0x00802000        0x0 c:/program files/atmel/atmel toolchain/avr8 gcc/native/3.4.1056/avr8-gnu-toolchain/bin/../lib/gcc/avr/4.8.1/../../../../avr/lib/avrxmega4\libm.a(fp_inf.o)
 .data          0x00802000        0x0 c:/program files/atmel/atmel toolchain/avr8 gcc/native/3.4.1056/avr8-gnu-toolchain/bin/../lib/gcc/avr/4.8.1/../../../../avr/lib/avrxmega4\libm.a(fp_nan.o)
 .data          0x00802000        0x0 c:/program files/atmel/atmel toolchain/avr8 gcc/native/3.4.1056/avr8-gnu-toolchain/bin/../lib/gcc/avr/4.8.1/../../../../avr/lib/avrxmega4\libm.a(fp_pscA.o)
 .data          0x00802000        0x0 c:/program files/atmel/atmel toolchain/avr8 gcc/native/3.4.1056/avr8-gnu-toolchain/bin/../lib/gcc/avr/4.8.1/../../../../avr/lib/avrxmega4\libm.a(fp_pscB.o)
 .data          0x00802000        0x0 c:/program files/atmel/atmel toolchain/avr8 gcc/native/3.4.1056/avr8-gnu-toolchain/bin/../lib/gcc/avr/4.8.1/../../../../avr/lib/avrxmega4\libm.a(fp_round.o)
 .data          0x00802000        0x0 c:/program files/atmel/atmel toolchain/avr8 gcc/native/3.4.1056/avr8-gnu-toolchain/bin/../lib/gcc/avr/4.8.1/../../../../avr/lib/avrxmega4\libm.a(fp_split3.o)
 .data          0x00802000        0x0 c:/program files/atmel/atmel toolchain/avr8 gcc/native/3.4.1056/avr8-gnu-toolchain/bin/../lib/gcc/avr/4.8.1/../../../../avr/lib/avrxmega4\libm.a(fp_zero.o)
 .data          0x00802000        0x0 c:/program files/atmel/atmel toolchain/avr8 gcc/native/3.4.1056/avr8-gnu-toolchain/bin/../lib/gcc/avr/4.8.1/../../../../avr/lib/avrxmega4\libm.a(mulsf3.o)
 .data          0x00802000        0x0 c:/program files/atmel/atmel toolchain/avr8 gcc/native/3.4.1056/avr8-gnu-toolchain/bin/../lib/gcc/avr/4.8.1/../../../../avr/lib/avrxmega4\libm.a(mulsf3x.o)
 .data          0x00802000        0x0 c:/program files/atmel/atmel toolchain/avr8 gcc/native/3.4.1056/avr8-gnu-toolchain/bin/../lib/gcc/avr/4.8.1/avrxmega4\libgcc.a(_divmodhi4.o)
 .data          0x00802000        0x0 c:/program files/atmel/atmel toolchain/avr8 gcc/native/3.4.1056/avr8-gnu-toolchain/bin/../lib/gcc/avr/4.8.1/avrxmega4\libgcc.a(_udivmodsi4.o)
 .data          0x00802000        0x0 c:/program files/atmel/atmel toolchain/avr8 gcc/native/3.4.1056/avr8-gnu-toolchain/bin/../lib/gcc/avr/4.8.1/avrxmega4\libgcc.a(_exit.o)
 .data          0x00802000        0x0 c:/program files/atmel/atmel toolchain/avr8 gcc/native/3.4.1056/avr8-gnu-toolchain/bin/../lib/gcc/avr/4.8.1/avrxmega4\libgcc.a(_tablejump.o)
 .data          0x00802000        0x0 c:/program files/atmel/atmel toolchain/avr8 gcc/native/3.4.1056/avr8-gnu-toolchain/bin/../lib/gcc/avr/4.8.1/avrxmega4\libgcc.a(_copy_data.o)
 .data          0x00802000        0x0 c:/program files/atmel/atmel toolchain/avr8 gcc/native/3.4.1056/avr8-gnu-toolchain/bin/../lib/gcc/avr/4.8.1/avrxmega4\libgcc.a(_clear_bss.o)
 .data          0x00802000        0x0 c:/program files/atmel/atmel toolchain/avr8 gcc/native/3.4.1056/avr8-gnu-toolchain/bin/../lib/gcc/avr/4.8.1/avrxmega4\libgcc.a(_umulhisi3.o)
 .data          0x00802000        0x0 c:/program files/atmel/atmel toolchain/avr8 gcc/native/3.4.1056/avr8-gnu-toolchain/bin/../lib/gcc/avr/4.8.1/avrxmega4\libgcc.a(_muluhisi3.o)
 .data          0x00802000        0x0 c:/program files/atmel/atmel toolchain/avr8 gcc/native/3.4.1056/avr8-gnu-toolchain/bin/../lib/gcc/avr/4.8.1/avrxmega4\libgcc.a(_udivmodhi4.o)
 .data          0x00802000        0x4 c:/program files/atmel/atmel toolchain/avr8 gcc/native/3.4.1056/avr8-gnu-toolchain/bin/../lib/gcc/avr/4.8.1/../../../../avr/lib/avrxmega4\libc.a(rand.o)
 .data          0x00802004        0x0 c:/program files/atmel/atmel toolchain/avr8 gcc/native/3.4.1056/avr8-gnu-toolchain/bin/../lib/gcc/avr/4.8.1/../../../../avr/lib/avrxmega4\libc.a(atoi.o)
 .data          0x00802004        0x0 c:/program files/atmel/atmel toolchain/avr8 gcc/native/3.4.1056/avr8-gnu-toolchain/bin/../lib/gcc/avr/4.8.1/../../../../avr/lib/avrxmega4\libc.a(strtok.o)
 .data          0x00802004        0x0 c:/program files/atmel/atmel toolchain/avr8 gcc/native/3.4.1056/avr8-gnu-toolchain/bin/../lib/gcc/avr/4.8.1/../../../../avr/lib/avrxmega4\libc.a(memcpy.o)
 .data          0x00802004        0x0 c:/program files/atmel/atmel toolchain/avr8 gcc/native/3.4.1056/avr8-gnu-toolchain/bin/../lib/gcc/avr/4.8.1/../../../../avr/lib/avrxmega4\libc.a(memset.o)
 .data          0x00802004        0x0 c:/program files/atmel/atmel toolchain/avr8 gcc/native/3.4.1056/avr8-gnu-toolchain/bin/../lib/gcc/avr/4.8.1/../../../../avr/lib/avrxmega4\libc.a(strchr.o)
 .data          0x00802004        0x0 c:/program files/atmel/atmel toolchain/avr8 gcc/native/3.4.1056/avr8-gnu-toolchain/bin/../lib/gcc/avr/4.8.1/../../../../avr/lib/avrxmega4\libc.a(strcpy.o)
 .data          0x00802004        0x0 c:/program files/atmel/atmel toolchain/avr8 gcc/native/3.4.1056/avr8-gnu-toolchain/bin/../lib/gcc/avr/4.8.1/../../../../avr/lib/avrxmega4\libc.a(strncpy.o)
 .data          0x00802004        0x0 c:/program files/atmel/atmel toolchain/avr8 gcc/native/3.4.1056/avr8-gnu-toolchain/bin/../lib/gcc/avr/4.8.1/../../../../avr/lib/avrxmega4\libc.a(strstr.o)
 .data          0x00802004        0x0 c:/program files/atmel/atmel toolchain/avr8 gcc/native/3.4.1056/avr8-gnu-toolchain/bin/../lib/gcc/avr/4.8.1/../../../../avr/lib/avrxmega4\libc.a(strtok_r.o)
 .data          0x00802004        0x0 c:/program files/atmel/atmel toolchain/avr8 gcc/native/3.4.1056/avr8-gnu-toolchain/bin/../lib/gcc/avr/4.8.1/../../../../avr/lib/avrxmega4\libc.a(itoa.o)
 .data          0x00802004        0x0 c:/program files/atmel/atmel toolchain/avr8 gcc/native/3.4.1056/avr8-gnu-toolchain/bin/../lib/gcc/avr/4.8.1/../../../../avr/lib/avrxmega4\libc.a(itoa_ncheck.o)
 .data          0x00802004        0x0 c:/program files/atmel/atmel toolchain/avr8 gcc/native/3.4.1056/avr8-gnu-toolchain/bin/../lib/gcc/avr/4.8.1/../../../../avr/lib/avrxmega4\libc.a(mul10.o)
 .data          0x00802004        0x0 c:/program files/atmel/atmel toolchain/avr8 gcc/native/3.4.1056/avr8-gnu-toolchain/bin/../lib/gcc/avr/4.8.1/../../../../avr/lib/avrxmega4\libc.a(utoa_ncheck.o)
 .data          0x00802004        0x0 c:/program files/atmel/atmel toolchain/avr8 gcc/native/3.4.1056/avr8-gnu-toolchain/bin/../lib/gcc/avr/4.8.1/../../../../avr/lib/avrxmega4\libc.a(iob.o)
 .data          0x00802004        0x0 c:/program files/atmel/atmel toolchain/avr8 gcc/native/3.4.1056/avr8-gnu-toolchain/bin/../lib/gcc/avr/4.8.1/../../../../avr/lib/avrxmega4\libc.a(printf.o)
 .data          0x00802004        0x0 c:/program files/atmel/atmel toolchain/avr8 gcc/native/3.4.1056/avr8-gnu-toolchain/bin/../lib/gcc/avr/4.8.1/../../../../avr/lib/avrxmega4\libc.a(puts.o)
 .data          0x00802004        0x0 c:/program files/atmel/atmel toolchain/avr8 gcc/native/3.4.1056/avr8-gnu-toolchain/bin/../lib/gcc/avr/4.8.1/../../../../avr/lib/avrxmega4\libc.a(sprintf.o)
 .data          0x00802004        0x0 c:/program files/atmel/atmel toolchain/avr8 gcc/native/3.4.1056/avr8-gnu-toolchain/bin/../lib/gcc/avr/4.8.1/../../../../avr/lib/avrxmega4\libc.a(vfprintf_std.o)
 .data          0x00802004        0x0 c:/program files/atmel/atmel toolchain/avr8 gcc/native/3.4.1056/avr8-gnu-toolchain/bin/../lib/gcc/avr/4.8.1/../../../../avr/lib/avrxmega4\libc.a(strnlen_P.o)
 .data          0x00802004        0x0 c:/program files/atmel/atmel toolchain/avr8 gcc/native/3.4.1056/avr8-gnu-toolchain/bin/../lib/gcc/avr/4.8.1/../../../../avr/lib/avrxmega4\libc.a(strnlen.o)
 .data          0x00802004        0x0 c:/program files/atmel/atmel toolchain/avr8 gcc/native/3.4.1056/avr8-gnu-toolchain/bin/../lib/gcc/avr/4.8.1/../../../../avr/lib/avrxmega4\libc.a(strrev.o)
 .data          0x00802004        0x0 c:/program files/atmel/atmel toolchain/avr8 gcc/native/3.4.1056/avr8-gnu-toolchain/bin/../lib/gcc/avr/4.8.1/../../../../avr/lib/avrxmega4\libc.a(fputc.o)
 .data          0x00802004        0x0 c:/program files/atmel/atmel toolchain/avr8 gcc/native/3.4.1056/avr8-gnu-toolchain/bin/../lib/gcc/avr/4.8.1/../../../../avr/lib/avrxmega4\libc.a(ultoa_invert.o)
 .data          0x00802004        0x0 c:/program files/atmel/atmel toolchain/avr8 gcc/native/3.4.1056/avr8-gnu-toolchain/bin/../lib/gcc/avr/4.8.1/avrxmega4\libgcc.a(_divmodsi4.o)
 .data          0x00802004        0x0 c:/program files/atmel/atmel toolchain/avr8 gcc/native/3.4.1056/avr8-gnu-toolchain/bin/../lib/gcc/avr/4.8.1/avrxmega4\libgcc.a(_negsi2.o)
 .data          0x00802004        0x0 c:/program files/atmel/atmel toolchain/avr8 gcc/native/3.4.1056/avr8-gnu-toolchain/bin/../lib/gcc/avr/4.8.1/avrxmega4\libgcc.a(_mulshisi3.o)
 *(.data*)
 .data.mystdout
                0x00802004        0xe main.o
 *(.rodata)
 *(.rodata*)
 .rodata.str1.1
                0x00802012      0x565 drivers/esp8266/esp8266.o
                                0x56f (size before relaxing)
 .rodata.str1.1
                0x00802577        0x9 drivers/rtc/rtc.o
 .rodata.str1.1
                0x00802580       0x47 main.o
 *(.gnu.linkonce.d*)
                0x008025c8                . = ALIGN (0x2)
 *fill*         0x008025c7        0x1 
                0x008025c8                _edata = .
                0x008025c8                PROVIDE (__data_end, .)

.bss            0x008025c8      0x199
                0x008025c8                PROVIDE (__bss_start, .)
 *(.bss)
 .bss           0x008025c8        0x2 c:/program files/atmel/atmel toolchain/avr8 gcc/native/3.4.1056/avr8-gnu-toolchain/bin/../lib/gcc/avr/4.8.1/../../../../avr/lib/avrxmega4\libc.a(strtok.o)
 *(.bss*)
 .bss.rx_buffer
                0x008025ca       0xc8 drivers/esp8266/esp8266.o
 .bss.rx_ptr    0x00802692        0x2 drivers/esp8266/esp8266.o
 .bss.got_reply
                0x00802694        0x1 drivers/esp8266/esp8266.o
                0x00802694                got_reply
 .bss.json_found
                0x00802695        0x1 drivers/esp8266/esp8266.o
                0x00802695                json_found
 .bss.ledmatrix
                0x00802696       0x30 drivers/ht1632c/ht1632c.o
 .bss.counter   0x008026c6        0x2 main.o
 *(COMMON)
 COMMON         0x008026c8       0x47 drivers/esp8266/esp8266.o
                0x008026c8                ip_address
                0x008026dc                telnet_cmd
                0x0080270e                status
 COMMON         0x0080270f        0x1 drivers/port/port.o
                0x0080270f                btn_status
 COMMON         0x00802710        0x8 drivers/rtc/rtc.o
                0x00802710                time
 COMMON         0x00802718       0x43 fatfs/sound.o
                0x00802718                full
                0x00802719                fht_array
                0x00802759                WavFifo
 COMMON         0x0080275b        0x6 c:/program files/atmel/atmel toolchain/avr8 gcc/native/3.4.1056/avr8-gnu-toolchain/bin/../lib/gcc/avr/4.8.1/../../../../avr/lib/avrxmega4\libc.a(iob.o)
                0x0080275b                __iob
                0x00802761                PROVIDE (__bss_end, .)
                0x0000382a                __data_load_start = LOADADDR (.data)
                0x00003df2                __data_load_end = (__data_load_start + SIZEOF (.data))

.noinit         0x00802761        0x0
                0x00802761                PROVIDE (__noinit_start, .)
 *(.noinit*)
                0x00802761                PROVIDE (__noinit_end, .)
                0x00802761                _end = .
                0x00802761                PROVIDE (__heap_start, .)

.eeprom         0x00810000        0x0
 *(.eeprom*)
                0x00810000                __eeprom_end = .

.fuse
 *(.fuse)
 *(.lfuse)
 *(.hfuse)
 *(.efuse)

.lock
 *(.lock*)

.signature
 *(.signature*)

.user_signatures
 *(.user_signatures*)

.stab
 *(.stab)

.stabstr
 *(.stabstr)

.stab.excl
 *(.stab.excl)

.stab.exclstr
 *(.stab.exclstr)

.stab.index
 *(.stab.index)

.stab.indexstr
 *(.stab.indexstr)

.comment        0x00000000       0x5c
 *(.comment)
 .comment       0x00000000       0x30 4x6_font.o
                                 0x31 (size before relaxing)
 .comment       0x00000000       0x31 drivers/adc/adc.o
 .comment       0x00000000       0x31 drivers/clock/clock.o
 .comment       0x00000000       0x31 drivers/dma/dma.o
 .comment       0x00000000       0x31 drivers/eeprom/eeprom.o
 .comment       0x00000000       0x31 drivers/esp8266/esp8266.o
 .comment       0x00000000       0x31 drivers/ht1632c/ht1632c.o
 .comment       0x00000000       0x31 drivers/port/port.o
 .comment       0x00000000       0x31 drivers/power/power.o
 .comment       0x00000000       0x31 drivers/rtc/rtc.o
 .comment       0x00000000       0x31 drivers/sensors/si114x/Si114x_functions.o
 .comment       0x00000000       0x31 drivers/sensors/si114x/Si114x_handler.o
 .comment       0x00000000       0x31 drivers/sensors/si114x/Si114x_sys_out.o
 .comment       0x00000000       0x31 drivers/sensors/si114x/slider_algorithm.o
 .comment       0x00000000       0x31 drivers/sercom/sercom.o
 .comment       0x00000000       0x31 fatfs/ff.o
 .comment       0x00000000       0x31 fatfs/mmc_avr.o
 .comment       0x00000000       0x31 fatfs/sound.o
 .comment       0x00000000       0x31 json/jsmn.o
 .comment       0x00000000       0x31 main.o
 .comment       0x00000000       0x31 menu.o
 .comment       0x00000000       0x31 uart.o
 .comment       0x00000000       0x31 c:/program files/atmel/atmel toolchain/avr8 gcc/native/3.4.1056/avr8-gnu-toolchain/bin/../lib/gcc/avr/4.8.1/../../../../avr/lib/avrxmega4\libc.a(rand.o)
 .comment       0x00000000       0x31 c:/program files/atmel/atmel toolchain/avr8 gcc/native/3.4.1056/avr8-gnu-toolchain/bin/../lib/gcc/avr/4.8.1/../../../../avr/lib/avrxmega4\libc.a(strtok.o)
 .comment       0x00000000       0x31 c:/program files/atmel/atmel toolchain/avr8 gcc/native/3.4.1056/avr8-gnu-toolchain/bin/../lib/gcc/avr/4.8.1/../../../../avr/lib/avrxmega4\libc.a(iob.o)
 .comment       0x00000000       0x31 c:/program files/atmel/atmel toolchain/avr8 gcc/native/3.4.1056/avr8-gnu-toolchain/bin/../lib/gcc/avr/4.8.1/../../../../avr/lib/avrxmega4\libc.a(printf.o)
 .comment       0x00000000       0x31 c:/program files/atmel/atmel toolchain/avr8 gcc/native/3.4.1056/avr8-gnu-toolchain/bin/../lib/gcc/avr/4.8.1/../../../../avr/lib/avrxmega4\libc.a(puts.o)
 .comment       0x00000000       0x31 c:/program files/atmel/atmel toolchain/avr8 gcc/native/3.4.1056/avr8-gnu-toolchain/bin/../lib/gcc/avr/4.8.1/../../../../avr/lib/avrxmega4\libc.a(sprintf.o)
 .comment       0x00000030       0x2c c:/program files/atmel/atmel toolchain/avr8 gcc/native/3.4.1056/avr8-gnu-toolchain/bin/../lib/gcc/avr/4.8.1/../../../../avr/lib/avrxmega4\libc.a(vfprintf_std.o)
                                 0x2d (size before relaxing)
 .comment       0x00000000       0x31 c:/program files/atmel/atmel toolchain/avr8 gcc/native/3.4.1056/avr8-gnu-toolchain/bin/../lib/gcc/avr/4.8.1/../../../../avr/lib/avrxmega4\libc.a(fputc.o)

.note.gnu.build-id
 *(.note.gnu.build-id)

.debug
 *(.debug)

.line
 *(.line)

.debug_srcinfo
 *(.debug_srcinfo)

.debug_sfnames
 *(.debug_sfnames)

.debug_aranges  0x00000000      0x870
 *(.debug_aranges)
 .debug_aranges
                0x00000000       0x18 4x6_font.o
 .debug_aranges
                0x00000018       0x38 drivers/adc/adc.o
 .debug_aranges
                0x00000050       0x48 drivers/clock/clock.o
 .debug_aranges
                0x00000098       0xa8 drivers/dma/dma.o
 .debug_aranges
                0x00000140       0x68 drivers/eeprom/eeprom.o
 .debug_aranges
                0x000001a8       0x70 drivers/esp8266/esp8266.o
 .debug_aranges
                0x00000218      0x118 drivers/ht1632c/ht1632c.o
 .debug_aranges
                0x00000330       0x40 drivers/port/port.o
 .debug_aranges
                0x00000370       0x20 drivers/power/power.o
 .debug_aranges
                0x00000390       0x78 drivers/rtc/rtc.o
 .debug_aranges
                0x00000408       0x88 drivers/sensors/si114x/Si114x_functions.o
 .debug_aranges
                0x00000490       0x38 drivers/sensors/si114x/Si114x_handler.o
 .debug_aranges
                0x000004c8       0x50 drivers/sensors/si114x/Si114x_sys_out.o
 .debug_aranges
                0x00000518       0x30 drivers/sensors/si114x/slider_algorithm.o
 .debug_aranges
                0x00000548       0x68 drivers/sercom/sercom.o
 .debug_aranges
                0x000005b0      0x150 fatfs/ff.o
 .debug_aranges
                0x00000700       0x58 fatfs/mmc_avr.o
 .debug_aranges
                0x00000758       0x40 fatfs/sound.o
 .debug_aranges
                0x00000798       0x28 json/jsmn.o
 .debug_aranges
                0x000007c0       0x50 main.o
 .debug_aranges
                0x00000810       0x20 menu.o
 .debug_aranges
                0x00000830       0x40 uart.o

.debug_pubnames
 *(.debug_pubnames)

.debug_info     0x00000000    0x1d73a
 *(.debug_info .gnu.linkonce.wi.*)
 .debug_info    0x00000000      0x150 4x6_font.o
 .debug_info    0x00000150      0x8ef drivers/adc/adc.o
 .debug_info    0x00000a3f      0x236 drivers/clock/clock.o
 .debug_info    0x00000c75      0x94f drivers/dma/dma.o
 .debug_info    0x000015c4      0x550 drivers/eeprom/eeprom.o
 .debug_info    0x00001b14     0x2e3e drivers/esp8266/esp8266.o
 .debug_info    0x00004952     0x33c1 drivers/ht1632c/ht1632c.o
 .debug_info    0x00007d13      0x759 drivers/port/port.o
 .debug_info    0x0000846c      0x35d drivers/power/power.o
 .debug_info    0x000087c9     0x14b1 drivers/rtc/rtc.o
 .debug_info    0x00009c7a     0x2d37 drivers/sensors/si114x/Si114x_functions.o
 .debug_info    0x0000c9b1      0x63c drivers/sensors/si114x/Si114x_handler.o
 .debug_info    0x0000cfed      0x5ae drivers/sensors/si114x/Si114x_sys_out.o
 .debug_info    0x0000d59b      0x6c0 drivers/sensors/si114x/slider_algorithm.o
 .debug_info    0x0000dc5b      0xc1b drivers/sercom/sercom.o
 .debug_info    0x0000e876     0x9de4 fatfs/ff.o
 .debug_info    0x0001865a     0x1ac2 fatfs/mmc_avr.o
 .debug_info    0x0001a11c     0x149c fatfs/sound.o
 .debug_info    0x0001b5b8      0x575 json/jsmn.o
 .debug_info    0x0001bb2d     0x151c main.o
 .debug_info    0x0001d049      0x257 menu.o
 .debug_info    0x0001d2a0      0x49a uart.o

.debug_abbrev   0x00000000     0x336a
 *(.debug_abbrev)
 .debug_abbrev  0x00000000       0x62 4x6_font.o
 .debug_abbrev  0x00000062      0x254 drivers/adc/adc.o
 .debug_abbrev  0x000002b6       0xb9 drivers/clock/clock.o
 .debug_abbrev  0x0000036f      0x1e1 drivers/dma/dma.o
 .debug_abbrev  0x00000550      0x1cd drivers/eeprom/eeprom.o
 .debug_abbrev  0x0000071d      0x434 drivers/esp8266/esp8266.o
 .debug_abbrev  0x00000b51      0x4ff drivers/ht1632c/ht1632c.o
 .debug_abbrev  0x00001050      0x1ac drivers/port/port.o
 .debug_abbrev  0x000011fc       0xc8 drivers/power/power.o
 .debug_abbrev  0x000012c4      0x328 drivers/rtc/rtc.o
 .debug_abbrev  0x000015ec      0x3a0 drivers/sensors/si114x/Si114x_functions.o
 .debug_abbrev  0x0000198c      0x1bf drivers/sensors/si114x/Si114x_handler.o
 .debug_abbrev  0x00001b4b      0x1d7 drivers/sensors/si114x/Si114x_sys_out.o
 .debug_abbrev  0x00001d22      0x20f drivers/sensors/si114x/slider_algorithm.o
 .debug_abbrev  0x00001f31      0x254 drivers/sercom/sercom.o
 .debug_abbrev  0x00002185      0x321 fatfs/ff.o
 .debug_abbrev  0x000024a6      0x30d fatfs/mmc_avr.o
 .debug_abbrev  0x000027b3      0x32a fatfs/sound.o
 .debug_abbrev  0x00002add      0x1f3 json/jsmn.o
 .debug_abbrev  0x00002cd0      0x3e7 main.o
 .debug_abbrev  0x000030b7      0x120 menu.o
 .debug_abbrev  0x000031d7      0x193 uart.o

.debug_line     0x00000000     0xebce
 *(.debug_line .debug_line.* .debug_line_end)
 .debug_line    0x00000000       0x2d 4x6_font.o
 .debug_line    0x0000002d      0x2fd drivers/adc/adc.o
 .debug_line    0x0000032a      0x22e drivers/clock/clock.o
 .debug_line    0x00000558      0x348 drivers/dma/dma.o
 .debug_line    0x000008a0      0x378 drivers/eeprom/eeprom.o
 .debug_line    0x00000c18      0xcb1 drivers/esp8266/esp8266.o
 .debug_line    0x000018c9     0x3c4a drivers/ht1632c/ht1632c.o
 .debug_line    0x00005513      0x2fe drivers/port/port.o
 .debug_line    0x00005811      0x140 drivers/power/power.o
 .debug_line    0x00005951      0x634 drivers/rtc/rtc.o
 .debug_line    0x00005f85      0xa99 drivers/sensors/si114x/Si114x_functions.o
 .debug_line    0x00006a1e      0x57d drivers/sensors/si114x/Si114x_handler.o
 .debug_line    0x00006f9b      0x28d drivers/sensors/si114x/Si114x_sys_out.o
 .debug_line    0x00007228      0x302 drivers/sensors/si114x/slider_algorithm.o
 .debug_line    0x0000752a      0x554 drivers/sercom/sercom.o
 .debug_line    0x00007a7e     0x5762 fatfs/ff.o
 .debug_line    0x0000d1e0      0x8d4 fatfs/mmc_avr.o
 .debug_line    0x0000dab4      0x52e fatfs/sound.o
 .debug_line    0x0000dfe2      0x44d json/jsmn.o
 .debug_line    0x0000e42f      0x3c4 main.o
 .debug_line    0x0000e7f3      0x1a6 menu.o
 .debug_line    0x0000e999      0x235 uart.o

.debug_frame    0x00000000     0x272c
 *(.debug_frame)
 .debug_frame   0x00000000       0x54 drivers/adc/adc.o
 .debug_frame   0x00000054       0x74 drivers/clock/clock.o
 .debug_frame   0x000000c8      0x178 drivers/dma/dma.o
 .debug_frame   0x00000240       0xb4 drivers/eeprom/eeprom.o
 .debug_frame   0x000002f4      0x1e4 drivers/esp8266/esp8266.o
 .debug_frame   0x000004d8      0x5bc drivers/ht1632c/ht1632c.o
 .debug_frame   0x00000a94       0xf4 drivers/port/port.o
 .debug_frame   0x00000b88       0x24 drivers/power/power.o
 .debug_frame   0x00000bac      0x234 drivers/rtc/rtc.o
 .debug_frame   0x00000de0      0x230 drivers/sensors/si114x/Si114x_functions.o
 .debug_frame   0x00001010      0x120 drivers/sensors/si114x/Si114x_handler.o
 .debug_frame   0x00001130       0xe4 drivers/sensors/si114x/Si114x_sys_out.o
 .debug_frame   0x00001214       0x9c drivers/sensors/si114x/slider_algorithm.o
 .debug_frame   0x000012b0       0xd4 drivers/sercom/sercom.o
 .debug_frame   0x00001384      0xf10 fatfs/ff.o
 .debug_frame   0x00002294      0x184 fatfs/mmc_avr.o
 .debug_frame   0x00002418      0x120 fatfs/sound.o
 .debug_frame   0x00002538       0x90 json/jsmn.o
 .debug_frame   0x000025c8       0xdc main.o
 .debug_frame   0x000026a4       0x24 menu.o
 .debug_frame   0x000026c8       0x64 uart.o

.debug_str      0x00000000     0x3a2f
 *(.debug_str)
 .debug_str     0x00000000      0x1a5 4x6_font.o
                                0x1d9 (size before relaxing)
 .debug_str     0x000001a5      0x962 drivers/adc/adc.o
                                0xb04 (size before relaxing)
 .debug_str     0x00000b07      0x192 drivers/clock/clock.o
                                0x32c (size before relaxing)
 .debug_str     0x00000c99      0x788 drivers/dma/dma.o
                                0x9cb (size before relaxing)
 .debug_str     0x00001421      0x128 drivers/eeprom/eeprom.o
                                0x6c0 (size before relaxing)
 .debug_str     0x00001549      0x36c drivers/esp8266/esp8266.o
                                0x5dd (size before relaxing)
 .debug_str     0x000018b5      0x37a drivers/ht1632c/ht1632c.o
                                0x6f9 (size before relaxing)
 .debug_str     0x00001c2f      0x267 drivers/port/port.o
                                0x5dc (size before relaxing)
 .debug_str     0x00001e96       0xa4 drivers/power/power.o
                                0x3c2 (size before relaxing)
 .debug_str     0x00001f3a      0x2da drivers/rtc/rtc.o
                                0x5f8 (size before relaxing)
 .debug_str     0x00002214      0x38e drivers/sensors/si114x/Si114x_functions.o
                                0x57c (size before relaxing)
 .debug_str     0x000025a2      0x100 drivers/sensors/si114x/Si114x_handler.o
                                0x2e7 (size before relaxing)
 .debug_str     0x000026a2       0x63 drivers/sensors/si114x/Si114x_sys_out.o
                                0x360 (size before relaxing)
 .debug_str     0x00002705      0x219 drivers/sensors/si114x/slider_algorithm.o
                                0x43a (size before relaxing)
 .debug_str     0x0000291e      0x301 drivers/sercom/sercom.o
                                0x725 (size before relaxing)
 .debug_str     0x00002c1f      0x588 fatfs/ff.o
                                0x737 (size before relaxing)
 .debug_str     0x000031a7       0xaf fatfs/mmc_avr.o
                                0x493 (size before relaxing)
 .debug_str     0x00003256      0x458 fatfs/sound.o
                                0xb30 (size before relaxing)
 .debug_str     0x000036ae      0x124 json/jsmn.o
                                0x27b (size before relaxing)
 .debug_str     0x000037d2      0x12c main.o
                                0xce5 (size before relaxing)
 .debug_str     0x000038fe       0x1f menu.o
                                0x260 (size before relaxing)
 .debug_str     0x0000391d      0x112 uart.o
                                0x3e4 (size before relaxing)

.debug_loc      0x00000000    0x2cff5
 *(.debug_loc)
 .debug_loc     0x00000000      0x141 drivers/adc/adc.o
 .debug_loc     0x00000141      0x398 drivers/dma/dma.o
 .debug_loc     0x000004d9      0x215 drivers/eeprom/eeprom.o
 .debug_loc     0x000006ee     0x1539 drivers/esp8266/esp8266.o
 .debug_loc     0x00001c27     0xafb8 drivers/ht1632c/ht1632c.o
 .debug_loc     0x0000cbdf      0x196 drivers/port/port.o
 .debug_loc     0x0000cd75      0x793 drivers/rtc/rtc.o
 .debug_loc     0x0000d508     0x224a drivers/sensors/si114x/Si114x_functions.o
 .debug_loc     0x0000f752      0x773 drivers/sensors/si114x/Si114x_handler.o
 .debug_loc     0x0000fec5      0x3d6 drivers/sensors/si114x/Si114x_sys_out.o
 .debug_loc     0x0001029b      0x84d drivers/sensors/si114x/slider_algorithm.o
 .debug_loc     0x00010ae8      0xbee drivers/sercom/sercom.o
 .debug_loc     0x000116d6    0x18ba5 fatfs/ff.o
 .debug_loc     0x0002a27b     0x15fc fatfs/mmc_avr.o
 .debug_loc     0x0002b877      0x821 fatfs/sound.o
 .debug_loc     0x0002c098      0xb3e json/jsmn.o
 .debug_loc     0x0002cbd6      0x291 main.o
 .debug_loc     0x0002ce67       0xd8 menu.o
 .debug_loc     0x0002cf3f       0xb6 uart.o

.debug_macinfo
 *(.debug_macinfo)

.debug_weaknames
 *(.debug_weaknames)

.debug_funcnames
 *(.debug_funcnames)

.debug_typenames
 *(.debug_typenames)

.debug_varnames
 *(.debug_varnames)

.debug_pubtypes
 *(.debug_pubtypes)

.debug_ranges   0x00000000     0x43f8
 *(.debug_ranges)
 .debug_ranges  0x00000000       0x28 drivers/adc/adc.o
 .debug_ranges  0x00000028       0x38 drivers/clock/clock.o
 .debug_ranges  0x00000060       0x98 drivers/dma/dma.o
 .debug_ranges  0x000000f8       0x58 drivers/eeprom/eeprom.o
 .debug_ranges  0x00000150      0x100 drivers/esp8266/esp8266.o
 .debug_ranges  0x00000250     0x17c8 drivers/ht1632c/ht1632c.o
 .debug_ranges  0x00001a18       0x60 drivers/port/port.o
 .debug_ranges  0x00001a78       0x10 drivers/power/power.o
 .debug_ranges  0x00001a88       0x68 drivers/rtc/rtc.o
 .debug_ranges  0x00001af0      0x158 drivers/sensors/si114x/Si114x_functions.o
 .debug_ranges  0x00001c48       0xe0 drivers/sensors/si114x/Si114x_handler.o
 .debug_ranges  0x00001d28       0x40 drivers/sensors/si114x/Si114x_sys_out.o
 .debug_ranges  0x00001d68       0x20 drivers/sensors/si114x/slider_algorithm.o
 .debug_ranges  0x00001d88      0x138 drivers/sercom/sercom.o
 .debug_ranges  0x00001ec0     0x2168 fatfs/ff.o
 .debug_ranges  0x00004028      0x188 fatfs/mmc_avr.o
 .debug_ranges  0x000041b0       0x48 fatfs/sound.o
 .debug_ranges  0x000041f8      0x150 json/jsmn.o
 .debug_ranges  0x00004348       0x40 main.o
 .debug_ranges  0x00004388       0x10 menu.o
 .debug_ranges  0x00004398       0x60 uart.o

.debug_macro
 *(.debug_macro)
OUTPUT(matrix_clock.elf elf32-avr)
LOAD linker stubs
