Archive member included because of file (symbol)

c:/program files/atmel/atmel toolchain/avr8 gcc/native/3.4.1056/avr8-gnu-toolchain/bin/../lib/gcc/avr/4.8.1/../../../../avr/lib/avrxmega4\libm.a(divsf3.o)
                              drivers/adc/adc.o (__divsf3)
c:/program files/atmel/atmel toolchain/avr8 gcc/native/3.4.1056/avr8-gnu-toolchain/bin/../lib/gcc/avr/4.8.1/../../../../avr/lib/avrxmega4\libm.a(divsf3x.o)
                              c:/program files/atmel/atmel toolchain/avr8 gcc/native/3.4.1056/avr8-gnu-toolchain/bin/../lib/gcc/avr/4.8.1/../../../../avr/lib/avrxmega4\libm.a(divsf3.o) (__divsf3x)
c:/program files/atmel/atmel toolchain/avr8 gcc/native/3.4.1056/avr8-gnu-toolchain/bin/../lib/gcc/avr/4.8.1/../../../../avr/lib/avrxmega4\libm.a(fixsfsi.o)
                              drivers/sensors/si114x/slider_algorithm.o (__fixsfsi)
c:/program files/atmel/atmel toolchain/avr8 gcc/native/3.4.1056/avr8-gnu-toolchain/bin/../lib/gcc/avr/4.8.1/../../../../avr/lib/avrxmega4\libm.a(fixunssfsi.o)
                              c:/program files/atmel/atmel toolchain/avr8 gcc/native/3.4.1056/avr8-gnu-toolchain/bin/../lib/gcc/avr/4.8.1/../../../../avr/lib/avrxmega4\libm.a(fixsfsi.o) (__fixunssfsi)
c:/program files/atmel/atmel toolchain/avr8 gcc/native/3.4.1056/avr8-gnu-toolchain/bin/../lib/gcc/avr/4.8.1/../../../../avr/lib/avrxmega4\libm.a(floatsisf.o)
                              drivers/adc/adc.o (__floatunsisf)
c:/program files/atmel/atmel toolchain/avr8 gcc/native/3.4.1056/avr8-gnu-toolchain/bin/../lib/gcc/avr/4.8.1/../../../../avr/lib/avrxmega4\libm.a(fp_inf.o)
                              c:/program files/atmel/atmel toolchain/avr8 gcc/native/3.4.1056/avr8-gnu-toolchain/bin/../lib/gcc/avr/4.8.1/../../../../avr/lib/avrxmega4\libm.a(divsf3x.o) (__fp_inf)
c:/program files/atmel/atmel toolchain/avr8 gcc/native/3.4.1056/avr8-gnu-toolchain/bin/../lib/gcc/avr/4.8.1/../../../../avr/lib/avrxmega4\libm.a(fp_nan.o)
                              c:/program files/atmel/atmel toolchain/avr8 gcc/native/3.4.1056/avr8-gnu-toolchain/bin/../lib/gcc/avr/4.8.1/../../../../avr/lib/avrxmega4\libm.a(divsf3x.o) (__fp_nan)
c:/program files/atmel/atmel toolchain/avr8 gcc/native/3.4.1056/avr8-gnu-toolchain/bin/../lib/gcc/avr/4.8.1/../../../../avr/lib/avrxmega4\libm.a(fp_pscA.o)
                              c:/program files/atmel/atmel toolchain/avr8 gcc/native/3.4.1056/avr8-gnu-toolchain/bin/../lib/gcc/avr/4.8.1/../../../../avr/lib/avrxmega4\libm.a(divsf3x.o) (__fp_pscA)
c:/program files/atmel/atmel toolchain/avr8 gcc/native/3.4.1056/avr8-gnu-toolchain/bin/../lib/gcc/avr/4.8.1/../../../../avr/lib/avrxmega4\libm.a(fp_pscB.o)
                              c:/program files/atmel/atmel toolchain/avr8 gcc/native/3.4.1056/avr8-gnu-toolchain/bin/../lib/gcc/avr/4.8.1/../../../../avr/lib/avrxmega4\libm.a(divsf3x.o) (__fp_pscB)
c:/program files/atmel/atmel toolchain/avr8 gcc/native/3.4.1056/avr8-gnu-toolchain/bin/../lib/gcc/avr/4.8.1/../../../../avr/lib/avrxmega4\libm.a(fp_round.o)
                              c:/program files/atmel/atmel toolchain/avr8 gcc/native/3.4.1056/avr8-gnu-toolchain/bin/../lib/gcc/avr/4.8.1/../../../../avr/lib/avrxmega4\libm.a(divsf3.o) (__fp_round)
c:/program files/atmel/atmel toolchain/avr8 gcc/native/3.4.1056/avr8-gnu-toolchain/bin/../lib/gcc/avr/4.8.1/../../../../avr/lib/avrxmega4\libm.a(fp_split3.o)
                              c:/program files/atmel/atmel toolchain/avr8 gcc/native/3.4.1056/avr8-gnu-toolchain/bin/../lib/gcc/avr/4.8.1/../../../../avr/lib/avrxmega4\libm.a(divsf3x.o) (__fp_split3)
c:/program files/atmel/atmel toolchain/avr8 gcc/native/3.4.1056/avr8-gnu-toolchain/bin/../lib/gcc/avr/4.8.1/../../../../avr/lib/avrxmega4\libm.a(fp_zero.o)
                              c:/program files/atmel/atmel toolchain/avr8 gcc/native/3.4.1056/avr8-gnu-toolchain/bin/../lib/gcc/avr/4.8.1/../../../../avr/lib/avrxmega4\libm.a(fixunssfsi.o) (__fp_zero)
c:/program files/atmel/atmel toolchain/avr8 gcc/native/3.4.1056/avr8-gnu-toolchain/bin/../lib/gcc/avr/4.8.1/../../../../avr/lib/avrxmega4\libm.a(gesf2.o)
                              drivers/adc/adc.o (__gtsf2)
c:/program files/atmel/atmel toolchain/avr8 gcc/native/3.4.1056/avr8-gnu-toolchain/bin/../lib/gcc/avr/4.8.1/../../../../avr/lib/avrxmega4\libm.a(mulsf3.o)
                              drivers/sensors/si114x/slider_algorithm.o (__mulsf3)
c:/program files/atmel/atmel toolchain/avr8 gcc/native/3.4.1056/avr8-gnu-toolchain/bin/../lib/gcc/avr/4.8.1/../../../../avr/lib/avrxmega4\libm.a(mulsf3x.o)
                              c:/program files/atmel/atmel toolchain/avr8 gcc/native/3.4.1056/avr8-gnu-toolchain/bin/../lib/gcc/avr/4.8.1/../../../../avr/lib/avrxmega4\libm.a(mulsf3.o) (__mulsf3x)
c:/program files/atmel/atmel toolchain/avr8 gcc/native/3.4.1056/avr8-gnu-toolchain/bin/../lib/gcc/avr/4.8.1/../../../../avr/lib/avrxmega4\libm.a(pow.o)
                              drivers/sensors/si114x/slider_algorithm.o (pow)
[...]
Memory Configuration

Name             Origin             Length             Attributes
text             0x00000000         0x00100000         xr
data             0x00802000         0x0000ffa0         rw !x
eeprom           0x00810000         0x00010000         rw !x
fuse             0x00820000         0x00000400         rw !x
lock             0x00830000         0x00000400         rw !x
signature        0x00840000         0x00000400         rw !x
user_signatures  0x00850000         0x00000400         rw !x
*default*        0x00000000         0xffffffff

Linker script and memory map

LOAD c:/program files/atmel/atmel toolchain/avr8 gcc/native/3.4.1056/avr8-gnu-toolchain/bin/../lib/gcc/avr/4.8.1/../../../../avr/lib/avrxmega4/crtx64a4u.o
LOAD 4x6_font.o
LOAD drivers/adc/adc.o
LOAD drivers/clock/clock.o
LOAD drivers/dac/dac.o
LOAD drivers/dma/dma.o
LOAD drivers/dma/dma_functions.o
LOAD drivers/eeprom/eeprom.o
LOAD drivers/esp8266/esp8266.o
LOAD drivers/ht1632c/ht1632c.o
LOAD drivers/port/port.o
LOAD drivers/power/power.o
LOAD drivers/rtc/rtc.o
LOAD drivers/sensors/si114x/Si114x_functions.o
LOAD drivers/sensors/si114x/Si114x_handler.o
LOAD drivers/sensors/si114x/Si114x_sys_out.o
LOAD drivers/sensors/si114x/slider_algorithm.o
LOAD drivers/sercom/spi.o
LOAD drivers/sercom/twi.o
LOAD drivers/sercom/uart.o
LOAD drivers/timer/timer.o
LOAD main.o
LOAD modules/display/display.o
LOAD modules/fatfs/ff.o
LOAD modules/fatfs/mmc_avr.o
LOAD modules/fatfs/sound.o
LOAD modules/json/jsmn.o
LOAD modules/json/json_functions.o
LOAD modules/menu/menu.o
LOAD modules/time_functions/time_functions.o
LOAD _StackInstrument.o
START GROUP
LOAD c:/program files/atmel/atmel toolchain/avr8 gcc/native/3.4.1056/avr8-gnu-toolchain/bin/../lib/gcc/avr/4.8.1/../../../../avr/lib/avrxmega4\libm.a
END GROUP
START GROUP
LOAD c:/program files/atmel/atmel toolchain/avr8 gcc/native/3.4.1056/avr8-gnu-toolchain/bin/../lib/gcc/avr/4.8.1/avrxmega4\libgcc.a
LOAD c:/program files/atmel/atmel toolchain/avr8 gcc/native/3.4.1056/avr8-gnu-toolchain/bin/../lib/gcc/avr/4.8.1/../../../../avr/lib/avrxmega4\libm.a
LOAD c:/program files/atmel/atmel toolchain/avr8 gcc/native/3.4.1056/avr8-gnu-toolchain/bin/../lib/gcc/avr/4.8.1/../../../../avr/lib/avrxmega4\libc.a
END GROUP

.hash
 *(.hash)

.dynsym
 *(.dynsym)

.dynstr
 *(.dynstr)

.gnu.version
 *(.gnu.version)

.gnu.version_d
 *(.gnu.version_d)

.gnu.version_r
 *(.gnu.version_r)

.rel.init
 *(.rel.init)

.rela.init
 *(.rela.init)

.rel.text
 *(.rel.text)
 *(.rel.text.*)
 *(.rel.gnu.linkonce.t*)

.rela.text
 *(.rela.text)
 *(.rela.text.*)
 *(.rela.gnu.linkonce.t*)

.rel.fini
 *(.rel.fini)

.rela.fini
 *(.rela.fini)

.rel.rodata
 *(.rel.rodata)
 *(.rel.rodata.*)
 *(.rel.gnu.linkonce.r*)

.rela.rodata
 *(.rela.rodata)
 *(.rela.rodata.*)
 *(.rela.gnu.linkonce.r*)

.rel.data
 *(.rel.data)
 *(.rel.data.*)
 *(.rel.gnu.linkonce.d*)

.rela.data
 *(.rela.data)
 *(.rela.data.*)
 *(.rela.gnu.linkonce.d*)

.rel.ctors
 *(.rel.ctors)

.rela.ctors
 *(.rela.ctors)

.rel.dtors
 *(.rel.dtors)

.rela.dtors
 *(.rela.dtors)

.rel.got
 *(.rel.got)

.rela.got
 *(.rela.got)

.rel.bss
 *(.rel.bss)

.rela.bss
 *(.rela.bss)

.rel.plt
 *(.rel.plt)

.rela.plt
 *(.rela.plt)

.text           0x00000000     0xbc9e
 *(.vectors)
 .vectors       0x00000000      0x1fc c:/program files/atmel/atmel toolchain/avr8 gcc/native/3.4.1056/avr8-gnu-toolchain/bin/../lib/gcc/avr/4.8.1/../../../../avr/lib/avrxmega4/crtx64a4u.o
                0x00000000                __vector_default
                0x00000000                __vectors
 *(.vectors)
 *(.progmem.gcc*)
 .progmem.gcc_sw_table.disk_ioctl
                0x000001fc       0x6e modules/fatfs/mmc_avr.o
 .progmem.gcc_sw_table.jsmn_parse
                0x0000026a       0xa8 modules/json/jsmn.o
 .progmem.gcc_sw_table.menu_configuration
                0x00000312       0x20 modules/menu/menu.o
 .progmem.gcc_sw_table.menu_state_machine
                0x00000332        0xe modules/menu/menu.o
 .progmem.gcc_sw_table.time_get_day_name
                0x00000340       0x10 modules/time_functions/time_functions.o
 .progmem.gcc_sw_table.time_get_month_name
                0x00000350       0x18 modules/time_functions/time_functions.o
 .progmem.gcc_sw_table.time_get_days_in_month
                0x00000368       0x18 modules/time_functions/time_functions.o
                0x00000380                . = ALIGN (0x2)
                0x00000380                __trampolines_start = .
 *(.trampolines)
 .trampolines   0x00000380        0x0 linker stubs
 *(.trampolines*)
                0x00000380                __trampolines_end = .
 *(.progmem*)
 .progmem.data.font_4x6
                0x00000380      0x600 modules/display/display.o
 .progmem.data.font_5x7
                0x00000980      0x4fb modules/display/display.o
 .progmem.data  0x00000e7b        0xc c:/program files/atmel/atmel toolchain/avr8 gcc/native/3.4.1056/avr8-gnu-toolchain/bin/../lib/gcc/avr/4.8.1/../../../../avr/lib/avrxmega4\libc.a(vfscanf_std.o)
                0x00000e88                . = ALIGN (0x2)
 *fill*         0x00000e87        0x1 
 *(.jumptables)
 *(.jumptables*)
 *(.lowtext)
 *(.lowtext*)
                0x00000e88                __ctors_start = .
 *(.ctors)
                0x00000e88                __ctors_end = .
                0x00000e88                __dtors_start = .
 *(.dtors)
                0x00000e88                __dtors_end = .
 SORT(*)(.ctors)
 SORT(*)(.dtors)
 *(.init0)
 .init0         0x00000e88        0x0 c:/program files/atmel/atmel toolchain/avr8 gcc/native/3.4.1056/avr8-gnu-toolchain/bin/../lib/gcc/avr/4.8.1/../../../../avr/lib/avrxmega4/crtx64a4u.o
                0x00000e88                __init
 *(.init0)
 *(.init1)
 .init1         0x00000e88       0x2e _StackInstrument.o
                0x00000e88                _StackPaint
 *(.init1)
 *(.init2)
 .init2         0x00000eb6        0xc c:/program files/atmel/atmel toolchain/avr8 gcc/native/3.4.1056/avr8-gnu-toolchain/bin/../lib/gcc/avr/4.8.1/../../../../avr/lib/avrxmega4/crtx64a4u.o
 *(.init2)
 *(.init3)
 *(.init3)
 *(.init4)
 .init4         0x00000ec2       0x1a c:/program files/atmel/atmel toolchain/avr8 gcc/native/3.4.1056/avr8-gnu-toolchain/bin/../lib/gcc/avr/4.8.1/avrxmega4\libgcc.a(_copy_data.o)
                0x00000ec2                __do_copy_data
 .init4         0x00000edc       0x10 c:/program files/atmel/atmel toolchain/avr8 gcc/native/3.4.1056/avr8-gnu-toolchain/bin/../lib/gcc/avr/4.8.1/avrxmega4\libgcc.a(_clear_bss.o)
                0x00000edc                __do_clear_bss
 *(.init4)
 *(.init5)
 *(.init5)
 *(.init6)
 *(.init6)
 *(.init7)
 *(.init7)
 *(.init8)
 *(.init8)
 *(.init9)
 .init9         0x00000eec        0x8 c:/program files/atmel/atmel toolchain/avr8 gcc/native/3.4.1056/avr8-gnu-toolchain/bin/../lib/gcc/avr/4.8.1/../../../../avr/lib/avrxmega4/crtx64a4u.o
 *(.init9)
 *(.text)
 .text          0x00000ef4        0x2 c:/program files/atmel/atmel toolchain/avr8 gcc/native/3.4.1056/avr8-gnu-toolchain/bin/../lib/gcc/avr/4.8.1/../../../../avr/lib/avrxmega4/crtx64a4u.o
                0x00000ef4                __vector_38
                0x00000ef4                __vector_104
                0x00000ef4                __vector_22
                0x00000ef4                __vector_63
                0x00000ef4                __vector_28
                0x00000ef4                __vector_1
                0x00000ef4                __vector_119
                0x00000ef4                __vector_32
                0x00000ef4                __vector_75
                0x00000ef4                __vector_71
                0x00000ef4                __vector_91
                0x00000ef4                __vector_62
                0x00000ef4                __vector_77
                0x00000ef4                __vector_102
                0x00000ef4                __vector_24
                0x00000ef4                __vector_12
                0x00000ef4                __vector_55
                0x00000ef4                __vector_69
                0x00000ef4                __vector_81
                0x00000ef4                __vector_90
                0x00000ef4                __vector_46
                0x00000ef4                __bad_interrupt
                0x00000ef4                __vector_122
                0x00000ef4                __vector_72
                0x00000ef4                __vector_114
                0x00000ef4                __vector_110
                0x00000ef4                __vector_31
                0x00000ef4                __vector_92
                0x00000ef4                __vector_35
                0x00000ef4                __vector_78
                0x00000ef4                __vector_74
                0x00000ef4                __vector_117
                0x00000ef4                __vector_39
                0x00000ef4                __vector_107
                0x00000ef4                __vector_3
                0x00000ef4                __vector_105
                0x00000ef4                __vector_98
                0x00000ef4                __vector_23
                0x00000ef4                __vector_68
                0x00000ef4                __vector_30
                0x00000ef4                __vector_73
                0x00000ef4                __vector_45
                0x00000ef4                __vector_25
                0x00000ef4                __vector_93
                0x00000ef4                __vector_61
                0x00000ef4                __vector_11
                0x00000ef4                __vector_54
                0x00000ef4                __vector_99
                0x00000ef4                __vector_13
                0x00000ef4                __vector_19
                0x00000ef4                __vector_56
                0x00000ef4                __vector_7
                0x00000ef4                __vector_125
                0x00000ef4                __vector_49
                0x00000ef4                __vector_123
                0x00000ef4                __vector_41
                0x00000ef4                __vector_86
                0x00000ef4                __vector_100
                0x00000ef4                __vector_101
                0x00000ef4                __vector_64
                0x00000ef4                __vector_109
                0x00000ef4                __vector_43
                0x00000ef4                __vector_27
                0x00000ef4                __vector_5
                0x00000ef4                __vector_113
                0x00000ef4                __vector_33
                0x00000ef4                __vector_76
                0x00000ef4                __vector_115
                0x00000ef4                __vector_47
                0x00000ef4                __vector_52
                0x00000ef4                __vector_37
                0x00000ef4                __vector_95
                0x00000ef4                __vector_103
                0x00000ef4                __vector_96
                0x00000ef4                __vector_89
                0x00000ef4                __vector_108
                0x00000ef4                __vector_4
                0x00000ef4                __vector_44
                0x00000ef4                __vector_82
                0x00000ef4                __vector_106
                0x00000ef4                __vector_118
                0x00000ef4                __vector_51
                0x00000ef4                __vector_9
                0x00000ef4                __vector_2
                0x00000ef4                __vector_21
                0x00000ef4                __vector_15
                0x00000ef4                __vector_36
                0x00000ef4                __vector_79
                0x00000ef4                __vector_58
                0x00000ef4                __vector_70
                0x00000ef4                __vector_83
                0x00000ef4                __vector_29
                0x00000ef4                __vector_60
                0x00000ef4                __vector_121
                0x00000ef4                __vector_40
                0x00000ef4                __vector_85
                0x00000ef4                __vector_94
                0x00000ef4                __vector_126
                0x00000ef4                __vector_8
                0x00000ef4                __vector_26
                0x00000ef4                __vector_48
                0x00000ef4                __vector_124
                0x00000ef4                __vector_116
                0x00000ef4                __vector_112
                0x00000ef4                __vector_111
                0x00000ef4                __vector_80
                0x00000ef4                __vector_84
                0x00000ef4                __vector_57
                0x00000ef4                __vector_53
                0x00000ef4                __vector_50
                0x00000ef4                __vector_59
                0x00000ef4                __vector_97
                0x00000ef4                __vector_42
                0x00000ef4                __vector_87
                0x00000ef4                __vector_65
                0x00000ef4                __vector_120
                0x00000ef6                . = ALIGN (0x2)
 *(.text.*)
 .text.adc_init
                0x00000ef6       0x30 drivers/adc/adc.o
                0x00000ef6                adc_init
 .text.adc_disable
                0x00000f26       0x16 drivers/adc/adc.o
                0x00000f26                adc_disable
 .text.adc_enable_current_measurement
                0x00000f3c       0x12 drivers/adc/adc.o
                0x00000f3c                adc_enable_current_measurement
 .text.adc_disable_current_measurement
                0x00000f4e       0x12 drivers/adc/adc.o
                0x00000f4e                adc_disable_current_measurement
 .text.adc_read_voltage
                0x00000f60       0x4a drivers/adc/adc.o
                0x00000f60                adc_read_voltage
 .text.adc_get_battery_percentage
                0x00000faa      0x12e drivers/adc/adc.o
                0x00000faa                adc_get_battery_percentage
 .text.clock_setup_32_mhz
                0x000010d8       0x1c drivers/clock/clock.o
                0x000010d8                clock_setup_32_mhz
 .text.dac_speaker_on
                0x000010f4       0x12 drivers/dac/dac.o
                0x000010f4                dac_speaker_on
 .text.dac_speaker_off
                0x00001106       0x12 drivers/dac/dac.o
                0x00001106                dac_speaker_off
 .text.dac_setup
                0x00001118       0x62 drivers/dac/dac.o
                0x00001118                dac_setup
 .text.dac_off  0x0000117a       0x18 drivers/dac/dac.o
                0x0000117a                dac_off
 .text.__vector_6
                0x00001192       0x54 drivers/dma/dma_functions.o
                0x00001192                __vector_6
 .text.EEPROM_WaitForNVM
                0x000011e6        0xc drivers/eeprom/eeprom.o
                0x000011e6                EEPROM_WaitForNVM
 .text.EEPROM_FlushBuffer
                0x000011f2       0x2e drivers/eeprom/eeprom.o
                0x000011f2                EEPROM_FlushBuffer
 .text.EEPROM_WriteByte
                0x00001220       0x56 drivers/eeprom/eeprom.o
                0x00001220                EEPROM_WriteByte
 .text.EEPROM_EraseAll
                0x00001276       0x28 drivers/eeprom/eeprom.o
                0x00001276                EEPROM_EraseAll
 .text.EEPROM_WriteEnv
                0x0000129e       0xa2 drivers/eeprom/eeprom.o
                0x0000129e                EEPROM_WriteEnv
 .text.esp8266_on
                0x00001340       0x1e drivers/esp8266/esp8266.o
                0x00001340                esp8266_on
 .text.esp8266_off
                0x0000135e        0xa drivers/esp8266/esp8266.o
                0x0000135e                esp8266_off
 .text.esp8266_reset
                0x00001368       0x32 drivers/esp8266/esp8266.o
                0x00001368                esp8266_reset
 .text.esp8266_setup
                0x0000139a       0xa0 drivers/esp8266/esp8266.o
                0x0000139a                esp8266_setup
 .text.esp8266_join_ap
                0x0000143a       0xd6 drivers/esp8266/esp8266.o
                0x0000143a                esp8266_join_ap
 .text.esp8266_get_json
                0x00001510       0x7e drivers/esp8266/esp8266.o
                0x00001510                esp8266_get_json
 .text.esp8266_setup_webserver
                0x0000158e      0x12c drivers/esp8266/esp8266.o
                0x0000158e                esp8266_setup_webserver
 .text.esp8266_configure_ssid_and_password
                0x000016ba      0x364 drivers/esp8266/esp8266.o
                0x000016ba                esp8266_configure_ssid_and_password
 .text.__vector_88
                0x00001a1e      0x19a drivers/esp8266/esp8266.o
                0x00001a1e                __vector_88
 .text.ht1632c_set_pixel
                0x00001bb8       0x30 drivers/ht1632c/ht1632c.o
                0x00001bb8                ht1632c_set_pixel
 .text.ht1632c_clr_pixel
                0x00001be8       0x32 drivers/ht1632c/ht1632c.o
                0x00001be8                ht1632c_clr_pixel
 .text.ht1632c_clear_screen
                0x00001c1a       0x16 drivers/ht1632c/ht1632c.o
                0x00001c1a                ht1632c_clear_screen
 .text.ht1632c_write_data
                0x00001c30       0x4e drivers/ht1632c/ht1632c.o
                0x00001c30                ht1632c_write_data
 .text.ht1632c_refresh_screen
                0x00001c7e       0x56 drivers/ht1632c/ht1632c.o
                0x00001c7e                ht1632c_refresh_screen
 .text.ht1632c_write_command
                0x00001cd4       0x24 drivers/ht1632c/ht1632c.o
                0x00001cd4                ht1632c_write_command
 .text.ht1632c_setup
                0x00001cf8       0x38 drivers/ht1632c/ht1632c.o
                0x00001cf8                ht1632c_setup
 .text.ht1632c_set_brightness
                0x00001d30       0x12 drivers/ht1632c/ht1632c.o
                0x00001d30                ht1632c_set_brightness
 .text.ht1632c_shift_left
                0x00001d42       0x92 drivers/ht1632c/ht1632c.o
                0x00001d42                ht1632c_shift_left
 .text.ht1632c_shift_right
                0x00001dd4       0x88 drivers/ht1632c/ht1632c.o
                0x00001dd4                ht1632c_shift_right
 .text.ht1632c_shift_up
                0x00001e5c       0x3e drivers/ht1632c/ht1632c.o
                0x00001e5c                ht1632c_shift_up
 .text.ht1632c_shift_down
                0x00001e9a       0x3e drivers/ht1632c/ht1632c.o
                0x00001e9a                ht1632c_shift_down
 .text.ht1632c_slide_in_from_left
                0x00001ed8      0x104 drivers/ht1632c/ht1632c.o
                0x00001ed8                ht1632c_slide_in_from_left
 .text.ht1632c_slide_in_from_right
                0x00001fdc       0xf6 drivers/ht1632c/ht1632c.o
                0x00001fdc                ht1632c_slide_in_from_right
 .text.ht1632c_slide_in_from_bottom
                0x000020d2      0x166 drivers/ht1632c/ht1632c.o
                0x000020d2                ht1632c_slide_in_from_bottom
 .text.ht1632c_slide_in_from_top
                0x00002238      0x156 drivers/ht1632c/ht1632c.o
                0x00002238                ht1632c_slide_in_from_top
 .text.ht1632c_print_buffer
                0x0000238e       0xd6 drivers/ht1632c/ht1632c.o
                0x0000238e                ht1632c_print_buffer
 .text.btn_setup
                0x00002464       0xb8 drivers/port/port.o
                0x00002464                btn_setup
 .text.btn_si114x_enable_interrupt
                0x0000251c       0x1e drivers/port/port.o
                0x0000251c                btn_si114x_enable_interrupt
 .text.btn_si114x_disable_interrupt
                0x0000253a       0x1e drivers/port/port.o
                0x0000253a                btn_si114x_disable_interrupt
 .text.btn_check_press
                0x00002558       0x2e drivers/port/port.o
                0x00002558                btn_check_press
 .text.__vector_66
                0x00002586       0x6e drivers/port/port.o
                0x00002586                __vector_66
 .text.__vector_34
                0x000025f4       0x6e drivers/port/port.o
                0x000025f4                __vector_34
 .text.__vector_67
                0x00002662       0x9c drivers/port/port.o
                0x00002662                __vector_67
 .text.rtc_setup
                0x000026fe       0x34 drivers/rtc/rtc.o
                0x000026fe                rtc_setup
 .text.rtc_disable_time_render
                0x00002732        0x6 drivers/rtc/rtc.o
                0x00002732                rtc_disable_time_render
 .text.rtc_update_display
                0x00002738      0x120 drivers/rtc/rtc.o
                0x00002738                rtc_update_display
 .text.rtc_enable_time_render
                0x00002858       0x1c drivers/rtc/rtc.o
                0x00002858                rtc_enable_time_render
 .text.__vector_10
                0x00002874      0x14c drivers/rtc/rtc.o
                0x00002874                __vector_10
 .text._sendCmd
                0x000029c0       0xb0 drivers/sensors/si114x/Si114x_functions.o
 .text.si114x_get_data
                0x00002a70       0xe6 drivers/sensors/si114x/Si114x_functions.o
                0x00002a70                si114x_get_data
 .text.Si114xNop
                0x00002b56        0x6 drivers/sensors/si114x/Si114x_functions.o
                0x00002b56                Si114xNop
 .text.Si114xPsAuto
                0x00002b5c        0x6 drivers/sensors/si114x/Si114x_functions.o
                0x00002b5c                Si114xPsAuto
 .text.Si114xPsAlsAuto
                0x00002b62        0x6 drivers/sensors/si114x/Si114x_functions.o
                0x00002b62                Si114xPsAlsAuto
 .text.Si114xParamSet
                0x00002b68       0x80 drivers/sensors/si114x/Si114x_functions.o
                0x00002b68                Si114xParamSet
 .text.Si114xPauseAll
                0x00002be8       0x3a drivers/sensors/si114x/Si114x_functions.o
                0x00002be8                Si114xPauseAll
 .text.si114x_reset
                0x00002c22       0x86 drivers/sensors/si114x/Si114x_functions.o
                0x00002c22                si114x_reset
 .text.si114x_init_ps1
                0x00002ca8       0xf8 drivers/sensors/si114x/Si114x_functions.o
                0x00002ca8                si114x_init_ps1
 .text.si114x_setup_ps1_only
                0x00002da0       0x22 drivers/sensors/si114x/Si114x_functions.o
                0x00002da0                si114x_setup_ps1_only
 .text.si114x_init
                0x00002dc2      0x170 drivers/sensors/si114x/Si114x_functions.o
                0x00002dc2                si114x_init
 .text.si114x_setup
                0x00002f32       0x32 drivers/sensors/si114x/Si114x_functions.o
                0x00002f32                si114x_setup
 .text.si114x_baseline_calibration
                0x00002f64       0xd8 drivers/sensors/si114x/Si114x_functions.o
                0x00002f64                si114x_baseline_calibration
 .text.__vector_20
                0x0000303c       0x2e drivers/sensors/si114x/Si114x_functions.o
                0x0000303c                __vector_20
 .text.isIRStable
                0x0000306a      0x104 drivers/sensors/si114x/Si114x_handler.o
                0x0000306a                isIRStable
 .text.IRCompensation
                0x0000316e       0xe0 drivers/sensors/si114x/Si114x_handler.o
                0x0000316e                IRCompensation
 .text.calcBaseline
                0x0000324e      0x204 drivers/sensors/si114x/Si114x_handler.o
                0x0000324e                calcBaseline
 .text.si114x_process_samples
                0x00003452      0x1ee drivers/sensors/si114x/Si114x_handler.o
                0x00003452                si114x_process_samples
 .text.PortSet  0x00003640        0x2 drivers/sensors/si114x/Si114x_sys_out.o
                0x00003640                PortSet
 .text.Si114xWriteToRegister
                0x00003642       0x3a drivers/sensors/si114x/Si114x_sys_out.o
                0x00003642                Si114xWriteToRegister
 .text.Si114xReadFromRegister
                0x0000367c       0x38 drivers/sensors/si114x/Si114x_sys_out.o
                0x0000367c                Si114xReadFromRegister
 .text.Si114xBlockWrite
                0x000036b4       0x20 drivers/sensors/si114x/Si114x_sys_out.o
                0x000036b4                Si114xBlockWrite
 .text.delay_10ms
                0x000036d4       0x14 drivers/sensors/si114x/Si114x_sys_out.o
                0x000036d4                delay_10ms
 .text.QS_Counts_to_Distance
                0x000036e8      0x244 drivers/sensors/si114x/slider_algorithm.o
                0x000036e8                QS_Counts_to_Distance
 .text.SliderAlgorithm
                0x0000392c      0x414 drivers/sensors/si114x/slider_algorithm.o
                0x0000392c                SliderAlgorithm
 .text.spi_setup
                0x00003d40       0x14 drivers/sercom/spi.o
                0x00003d40                spi_setup
 .text.spi_off  0x00003d54       0x1e drivers/sercom/spi.o
                0x00003d54                spi_off
 .text.spi_wr_rd
                0x00003d72       0x14 drivers/sercom/spi.o
                0x00003d72                spi_wr_rd
 .text.twi_setup
                0x00003d86       0x14 drivers/sercom/twi.o
                0x00003d86                twi_setup
 .text.twi_start_transmission
                0x00003d9a       0x5e drivers/sercom/twi.o
                0x00003d9a                twi_start_transmission
 .text.twi_send_byte
                0x00003df8       0x46 drivers/sercom/twi.o
                0x00003df8                twi_send_byte
 .text.twi_receive_byte
                0x00003e3e       0x54 drivers/sercom/twi.o
                0x00003e3e                twi_receive_byte
 .text.twi_read_packet
                0x00003e92       0x8c drivers/sercom/twi.o
                0x00003e92                twi_read_packet
 .text.twi_write_packet
                0x00003f1e       0x6e drivers/sercom/twi.o
                0x00003f1e                twi_write_packet
 .text.uart_setup
                0x00003f8c       0x26 drivers/sercom/uart.o
                0x00003f8c                uart_setup
 .text.uart_put_char
                0x00003fb2       0x10 drivers/sercom/uart.o
                0x00003fb2                uart_put_char
 .text.uart_get_char
                0x00003fc2       0x10 drivers/sercom/uart.o
                0x00003fc2                uart_get_char
 .text.uart_write_str
                0x00003fd2       0x24 drivers/sercom/uart.o
                0x00003fd2                uart_write_str
 .text.__vector_18
                0x00003ff6       0x62 drivers/timer/timer.o
                0x00003ff6                __vector_18
 .text.main     0x00004058      0x1c0 main.o
                0x00004058                main
 .text.display_setup
                0x00004218       0x18 modules/display/display.o
                0x00004218                display_setup
 .text.display_on
                0x00004230       0x10 modules/display/display.o
                0x00004230                display_on
 .text.display_clear_screen
                0x00004240        0x6 modules/display/display.o
                0x00004240                display_clear_screen
 .text.display_refresh_screen
                0x00004246        0x6 modules/display/display.o
                0x00004246                display_refresh_screen
 .text.display_fade
                0x0000424c       0x5a modules/display/display.o
                0x0000424c                display_fade
 .text.display_fade_blink
                0x000042a6       0x12 modules/display/display.o
                0x000042a6                display_fade_blink
 .text.display_draw_pixel
                0x000042b8       0x86 modules/display/display.o
                0x000042b8                display_draw_pixel
 .text.display_draw_line
                0x0000433e      0x138 modules/display/display.o
                0x0000433e                display_draw_line
 .text.display_draw_filled_rect
                0x00004476       0x7c modules/display/display.o
                0x00004476                display_draw_filled_rect
 .text.display_show_loading_square
                0x000044f2       0x8c modules/display/display.o
                0x000044f2                display_show_loading_square
 .text.display_draw_char_to_buffer
                0x0000457e       0x50 modules/display/display.o
                0x0000457e                display_draw_char_to_buffer
 .text.display_draw_char
                0x000045ce       0xfa modules/display/display.o
                0x000045ce                display_draw_char
 .text.display_draw_small_char_to_buffer
                0x000046c8       0x9e modules/display/display.o
                0x000046c8                display_draw_small_char_to_buffer
 .text.display_print_scrolling_text
                0x00004766       0xb6 modules/display/display.o
                0x00004766                display_print_scrolling_text
 .text.display_draw_small_char
                0x0000481c      0x104 modules/display/display.o
                0x0000481c                display_draw_small_char
 .text.display_draw_four_letter_word
                0x00004920       0x52 modules/display/display.o
                0x00004920                display_draw_four_letter_word
 .text.display_draw_three_letter_word
                0x00004972       0x42 modules/display/display.o
                0x00004972                display_draw_three_letter_word
 .text.display_slide_in_from_left
                0x000049b4        0x6 modules/display/display.o
                0x000049b4                display_slide_in_from_left
 .text.display_slide_in_from_right
                0x000049ba        0x6 modules/display/display.o
                0x000049ba                display_slide_in_from_right
 .text.display_slide_in_from_bottom
                0x000049c0        0x6 modules/display/display.o
                0x000049c0                display_slide_in_from_bottom
 .text.display_slide_in_from_top
                0x000049c6        0x6 modules/display/display.o
                0x000049c6                display_slide_in_from_top
 .text.display_slide_out_to_right
                0x000049cc       0x10 modules/display/display.o
                0x000049cc                display_slide_out_to_right
 .text.display_slide_out_to_left
                0x000049dc       0x10 modules/display/display.o
                0x000049dc                display_slide_out_to_left
 .text.display_slide_out_to_top
                0x000049ec       0x10 modules/display/display.o
                0x000049ec                display_slide_out_to_top
 .text.display_off
                0x000049fc        0xa modules/display/display.o
                0x000049fc                display_off
 .text.display_slide_out_to_bottom
                0x00004a06       0x10 modules/display/display.o
                0x00004a06                display_slide_out_to_bottom
 .text.display_alarm_increment_minute
                0x00004a16       0x2a modules/display/display.o
                0x00004a16                display_alarm_increment_minute
 .text.display_alarm_decrement_minute
                0x00004a40       0x2a modules/display/display.o
                0x00004a40                display_alarm_decrement_minute
 .text.display_alarm_increment_hour
                0x00004a6a       0x2a modules/display/display.o
                0x00004a6a                display_alarm_increment_hour
 .text.display_alarm_decrement_hour
                0x00004a94       0x2a modules/display/display.o
                0x00004a94                display_alarm_decrement_hour
 .text.display_draw_and_increment_hour
                0x00004abe       0x28 modules/display/display.o
                0x00004abe                display_draw_and_increment_hour
 .text.display_draw_and_decrement_hour
                0x00004ae6       0x2a modules/display/display.o
                0x00004ae6                display_draw_and_decrement_hour
 .text.display_draw_and_increment_minute
                0x00004b10       0x28 modules/display/display.o
                0x00004b10                display_draw_and_increment_minute
 .text.display_draw_and_decrement_minute
                0x00004b38       0x2a modules/display/display.o
                0x00004b38                display_draw_and_decrement_minute
 .text.display_draw_and_increment_second
                0x00004b62       0x28 modules/display/display.o
                0x00004b62                display_draw_and_increment_second
 .text.display_draw_and_decrement_second
                0x00004b8a       0x2a modules/display/display.o
                0x00004b8a                display_draw_and_decrement_second
 .text.display_draw_and_increment_day
                0x00004bb4       0x2a modules/display/display.o
                0x00004bb4                display_draw_and_increment_day
 .text.display_draw_and_decrement_day
                0x00004bde       0x2a modules/display/display.o
                0x00004bde                display_draw_and_decrement_day
 .text.display_draw_and_increment_month
                0x00004c08       0x2a modules/display/display.o
                0x00004c08                display_draw_and_increment_month
 .text.display_draw_and_decrement_month
                0x00004c32       0x2a modules/display/display.o
                0x00004c32                display_draw_and_decrement_month
 .text.display_draw_and_increment_year
                0x00004c5c       0xa0 modules/display/display.o
                0x00004c5c                display_draw_and_increment_year
 .text.display_draw_and_decrement_year
                0x00004cfc       0xa0 modules/display/display.o
                0x00004cfc                display_draw_and_decrement_year
 .text.mem_cpy  0x00004d9c       0x60 modules/fatfs/ff.o
 .text.mem_set  0x00004dfc       0x16 modules/fatfs/ff.o
 .text.ld_clust
                0x00004e12       0x32 modules/fatfs/ff.o
 .text.get_ldnumber
                0x00004e44       0x74 modules/fatfs/ff.o
 .text.sync_window
                0x00004eb8       0xd6 modules/fatfs/ff.o
 .text.move_window
                0x00004f8e       0x7a modules/fatfs/ff.o
 .text.check_fs
                0x00005008       0x7a modules/fatfs/ff.o
 .text.validate
                0x00005082       0x4a modules/fatfs/ff.o
 .text.find_volume
                0x000050cc      0x568 modules/fatfs/ff.o
 .text.sync_fs  0x00005634       0xdc modules/fatfs/ff.o
 .text.clust2sect
                0x00005710       0x5c modules/fatfs/ff.o
                0x00005710                clust2sect
 .text.get_fat  0x0000576c      0x1cc modules/fatfs/ff.o
                0x0000576c                get_fat
 .text.dir_sdi  0x00005938      0x176 modules/fatfs/ff.o
 .text.put_fat  0x00005aae      0x210 modules/fatfs/ff.o
                0x00005aae                put_fat
 .text.create_chain
                0x00005cbe      0x208 modules/fatfs/ff.o
 .text.dir_next
                0x00005ec6      0x23c modules/fatfs/ff.o
 .text.follow_path
                0x00006102      0x334 modules/fatfs/ff.o
 .text.dir_alloc
                0x00006436       0x70 modules/fatfs/ff.o
 .text.dir_register
                0x000064a6       0x5c modules/fatfs/ff.o
 .text.remove_chain
                0x00006502       0xec modules/fatfs/ff.o
 .text.f_mount  0x000065ee       0xa0 modules/fatfs/ff.o
                0x000065ee                f_mount
 .text.f_open   0x0000668e      0x228 modules/fatfs/ff.o
                0x0000668e                f_open
 .text.f_read   0x000068b6      0x27a modules/fatfs/ff.o
                0x000068b6                f_read
 .text.f_write  0x00006b30      0x334 modules/fatfs/ff.o
                0x00006b30                f_write
 .text.f_sync   0x00006e64       0x82 modules/fatfs/ff.o
                0x00006e64                f_sync
 .text.f_close  0x00006ee6       0x20 modules/fatfs/ff.o
                0x00006ee6                f_close
 .text.f_lseek  0x00006f06      0x37e modules/fatfs/ff.o
                0x00006f06                f_lseek
 .text.xchg_spi
                0x00007284        0x6 modules/fatfs/mmc_avr.o
 .text.deselect
                0x0000728a       0x10 modules/fatfs/mmc_avr.o
 .text.select   0x0000729a       0x32 modules/fatfs/mmc_avr.o
 .text.send_cmd
                0x000072cc       0xa2 modules/fatfs/mmc_avr.o
 .text.rcvr_datablock
                0x0000736e       0x74 modules/fatfs/mmc_avr.o
 .text.power_off
                0x000073e2       0x26 modules/fatfs/mmc_avr.o
 .text.xmit_datablock
                0x00007408       0x74 modules/fatfs/mmc_avr.o
 .text.disk_initialize
                0x0000747c      0x1b8 modules/fatfs/mmc_avr.o
                0x0000747c                disk_initialize
 .text.disk_status
                0x00007634        0xe modules/fatfs/mmc_avr.o
                0x00007634                disk_status
 .text.disk_read
                0x00007642       0xa8 modules/fatfs/mmc_avr.o
                0x00007642                disk_read
 .text.disk_write
                0x000076ea       0xe0 modules/fatfs/mmc_avr.o
                0x000076ea                disk_write
 .text.disk_ioctl
                0x000077ca      0x33c modules/fatfs/mmc_avr.o
                0x000077ca                disk_ioctl
 .text.disk_timerproc
                0x00007b06       0x38 modules/fatfs/mmc_avr.o
                0x00007b06                disk_timerproc
 .text.__vector_17
                0x00007b3e       0x4e modules/fatfs/mmc_avr.o
                0x00007b3e                __vector_17
 .text.__vector_14
                0x00007b8c      0x102 modules/fatfs/sound.o
                0x00007b8c                __vector_14
 .text.sound_start
                0x00007c8e       0x5e modules/fatfs/sound.o
                0x00007c8e                sound_start
 .text.sound_stop
                0x00007cec       0x14 modules/fatfs/sound.o
                0x00007cec                sound_stop
 .text.load_wav
                0x00007d00      0x5e4 modules/fatfs/sound.o
                0x00007d00                load_wav
 .text.jsmn_parse
                0x000082e4      0x728 modules/json/jsmn.o
                0x000082e4                jsmn_parse
 .text.jsmn_init
                0x00008a0c       0x14 modules/json/jsmn.o
                0x00008a0c                jsmn_init
 .text.json_get_token
                0x00008a20       0x8a modules/json/json_functions.o
                0x00008a20                json_get_token
 .text.play_sound
                0x00008aaa       0x96 modules/menu/menu.o
                0x00008aaa                play_sound
 .text.start_loading
                0x00008b40       0x2a modules/menu/menu.o
                0x00008b40                start_loading
 .text.stop_loading
                0x00008b6a        0xa modules/menu/menu.o
                0x00008b6a                stop_loading
 .text.get_internet_variables
                0x00008b74      0x2ec modules/menu/menu.o
                0x00008b74                get_internet_variables
 .text.menu_draw_temperature_frame
                0x00008e60       0xc8 modules/menu/menu.o
                0x00008e60                menu_draw_temperature_frame
 .text.menu_draw_date_frame
                0x00008f28      0x214 modules/menu/menu.o
                0x00008f28                menu_draw_date_frame
 .text.menu_draw_week_frame
                0x0000913c      0x146 modules/menu/menu.o
                0x0000913c                menu_draw_week_frame
 .text.menu_draw_weekday_frame
                0x00009282       0xb2 modules/menu/menu.o
                0x00009282                menu_draw_weekday_frame
 .text.menu_draw_battery_frame
                0x00009334       0xb0 modules/menu/menu.o
                0x00009334                menu_draw_battery_frame
 .text.menu_draw_config_frame
                0x000093e4        0xa modules/menu/menu.o
                0x000093e4                menu_draw_config_frame
 .text.menu_set_env_variables
                0x000093ee       0xe2 modules/menu/menu.o
                0x000093ee                menu_set_env_variables
 .text.menu_configure_brightnesss
                0x000094d0      0x116 modules/menu/menu.o
                0x000094d0                menu_configure_brightnesss
 .text.menu_set_time
                0x000095e6      0xac8 modules/menu/menu.o
                0x000095e6                menu_set_time
 .text.menu_set_alarm
                0x0000a0ae      0x184 modules/menu/menu.o
                0x0000a0ae                menu_set_alarm
 .text.menu_configuration
                0x0000a232      0x1d8 modules/menu/menu.o
                0x0000a232                menu_configuration
 .text.menu_state_machine
                0x0000a40a      0x1ee modules/menu/menu.o
                0x0000a40a                menu_state_machine
 .text.__vector_16
                0x0000a5f8       0x50 modules/menu/menu.o
                0x0000a5f8                __vector_16
 .text.time_get_day_name
                0x0000a648       0x48 modules/time_functions/time_functions.o
                0x0000a648                time_get_day_name
 .text.time_get_month_name
                0x0000a690       0x60 modules/time_functions/time_functions.o
                0x0000a690                time_get_month_name
 .text.time_is_leap_year
                0x0000a6f0       0x66 modules/time_functions/time_functions.o
                0x0000a6f0                time_is_leap_year
 .text.time_get_days_in_month
                0x0000a756       0x30 modules/time_functions/time_functions.o
                0x0000a756                time_get_days_in_month
 .text.time_get_weekday
                0x0000a786       0xec modules/time_functions/time_functions.o
                0x0000a786                time_get_weekday
 .text.time_get_weeknumber
                0x0000a872      0x16a modules/time_functions/time_functions.o
                0x0000a872                time_get_weeknumber
 .text.avr-libc.fplib
                0x0000a9dc        0x4 c:/program files/atmel/atmel toolchain/avr8 gcc/native/3.4.1056/avr8-gnu-toolchain/bin/../lib/gcc/avr/4.8.1/../../../../avr/lib/avrxmega4\libm.a(divsf3.o)
                0x0000a9dc                __divsf3
 .text.avr-libc.fplib
                0x0000a9e0       0xcc c:/program files/atmel/atmel toolchain/avr8 gcc/native/3.4.1056/avr8-gnu-toolchain/bin/../lib/gcc/avr/4.8.1/../../../../avr/lib/avrxmega4\libm.a(divsf3x.o)
                0x0000a9f6                __divsf3x
                0x0000a9fa                __divsf3_pse
 .text.avr-libc.fplib
                0x0000aaac       0x7a c:/program files/atmel/atmel toolchain/avr8 gcc/native/3.4.1056/avr8-gnu-toolchain/bin/../lib/gcc/avr/4.8.1/../../../../avr/lib/avrxmega4\libm.a(floatsisf.o)
                0x0000aaac                __floatunsisf
                0x0000aab0                __floatsisf
 .text.avr-libc.fplib
                0x0000ab26        0xc c:/program files/atmel/atmel toolchain/avr8 gcc/native/3.4.1056/avr8-gnu-toolchain/bin/../lib/gcc/avr/4.8.1/../../../../avr/lib/avrxmega4\libm.a(fp_inf.o)
                0x0000ab26                __fp_inf
 .text.avr-libc.fplib
                0x0000ab32        0x6 c:/program files/atmel/atmel toolchain/avr8 gcc/native/3.4.1056/avr8-gnu-toolchain/bin/../lib/gcc/avr/4.8.1/../../../../avr/lib/avrxmega4\libm.a(fp_nan.o)
                0x0000ab32                __fp_nan
 .text.avr-libc.fplib
                0x0000ab38        0xe c:/program files/atmel/atmel toolchain/avr8 gcc/native/3.4.1056/avr8-gnu-toolchain/bin/../lib/gcc/avr/4.8.1/../../../../avr/lib/avrxmega4\libm.a(fp_pscA.o)
                0x0000ab38                __fp_pscA
 .text.avr-libc.fplib
                0x0000ab46        0xe c:/program files/atmel/atmel toolchain/avr8 gcc/native/3.4.1056/avr8-gnu-toolchain/bin/../lib/gcc/avr/4.8.1/../../../../avr/lib/avrxmega4\libm.a(fp_pscB.o)
                0x0000ab46                __fp_pscB
 .text.avr-libc.fplib
                0x0000ab54       0x22 c:/program files/atmel/atmel toolchain/avr8 gcc/native/3.4.1056/avr8-gnu-toolchain/bin/../lib/gcc/avr/4.8.1/../../../../avr/lib/avrxmega4\libm.a(fp_round.o)
                0x0000ab54                __fp_round
 .text.avr-libc.fplib
                0x0000ab76       0x44 c:/program files/atmel/atmel toolchain/avr8 gcc/native/3.4.1056/avr8-gnu-toolchain/bin/../lib/gcc/avr/4.8.1/../../../../avr/lib/avrxmega4\libm.a(fp_split3.o)
                0x0000ab76                __fp_split3
                0x0000ab86                __fp_splitA
 .text.avr-libc.fplib
                0x0000abba        0xe c:/program files/atmel/atmel toolchain/avr8 gcc/native/3.4.1056/avr8-gnu-toolchain/bin/../lib/gcc/avr/4.8.1/../../../../avr/lib/avrxmega4\libm.a(fp_zero.o)
                0x0000abba                __fp_zero
                0x0000abbc                __fp_szero
 .text.avr-libc.fplib
                0x0000abc8        0x8 c:/program files/atmel/atmel toolchain/avr8 gcc/native/3.4.1056/avr8-gnu-toolchain/bin/../lib/gcc/avr/4.8.1/../../../../avr/lib/avrxmega4\libm.a(gesf2.o)
                0x0000abc8                __gesf2
                0x0000abc8                __gtsf2
 .text.avr-libc.fplib
                0x0000abd0       0x48 c:/program files/atmel/atmel toolchain/avr8 gcc/native/3.4.1056/avr8-gnu-toolchain/bin/../lib/gcc/avr/4.8.1/../../../../avr/lib/avrxmega4\libm.a(fp_cmp.o)
                0x0000abd0                __fp_cmp
 .text.libgcc.div
                0x0000ac18       0x26 c:/program files/atmel/atmel toolchain/avr8 gcc/native/3.4.1056/avr8-gnu-toolchain/bin/../lib/gcc/avr/4.8.1/avrxmega4\libgcc.a(_divmodhi4.o)
                0x0000ac18                _div
                0x0000ac18                __divmodhi4
 .text.libgcc.div
                0x0000ac3e       0x44 c:/program files/atmel/atmel toolchain/avr8 gcc/native/3.4.1056/avr8-gnu-toolchain/bin/../lib/gcc/avr/4.8.1/avrxmega4\libgcc.a(_udivmodsi4.o)
                0x0000ac3e                __udivmodsi4
 .text.libgcc   0x0000ac82        0xc c:/program files/atmel/atmel toolchain/avr8 gcc/native/3.4.1056/avr8-gnu-toolchain/bin/../lib/gcc/avr/4.8.1/avrxmega4\libgcc.a(_tablejump.o)
                0x0000ac82                __tablejump2__
                0x0000ac86                __tablejump__
 .text.libgcc.mul
                0x0000ac8e       0x1e c:/program files/atmel/atmel toolchain/avr8 gcc/native/3.4.1056/avr8-gnu-toolchain/bin/../lib/gcc/avr/4.8.1/avrxmega4\libgcc.a(_umulhisi3.o)
                0x0000ac8e                __umulhisi3
 .text.libgcc.mul
                0x0000acac       0x14 c:/program files/atmel/atmel toolchain/avr8 gcc/native/3.4.1056/avr8-gnu-toolchain/bin/../lib/gcc/avr/4.8.1/avrxmega4\libgcc.a(_muluhisi3.o)
                0x0000acac                __muluhisi3
 .text.libgcc.div
                0x0000acc0       0x28 c:/program files/atmel/atmel toolchain/avr8 gcc/native/3.4.1056/avr8-gnu-toolchain/bin/../lib/gcc/avr/4.8.1/avrxmega4\libgcc.a(_udivmodhi4.o)
                0x0000acc0                __udivmodhi4
 .text.avr-libc
                0x0000ace8       0x34 c:/program files/atmel/atmel toolchain/avr8 gcc/native/3.4.1056/avr8-gnu-toolchain/bin/../lib/gcc/avr/4.8.1/../../../../avr/lib/avrxmega4\libc.a(calloc.o)
                0x0000ace8                calloc
 .text.avr-libc
                0x0000ad1c      0x24e c:/program files/atmel/atmel toolchain/avr8 gcc/native/3.4.1056/avr8-gnu-toolchain/bin/../lib/gcc/avr/4.8.1/../../../../avr/lib/avrxmega4\libc.a(malloc.o)
                0x0000ad1c                malloc
                0x0000ae4c                free
 .text.avr-libc
                0x0000af6a       0x10 c:/program files/atmel/atmel toolchain/avr8 gcc/native/3.4.1056/avr8-gnu-toolchain/bin/../lib/gcc/avr/4.8.1/../../../../avr/lib/avrxmega4\libc.a(toupper.o)
                0x0000af6a                toupper
 .text.avr-libc
                0x0000af7a       0x12 c:/program files/atmel/atmel toolchain/avr8 gcc/native/3.4.1056/avr8-gnu-toolchain/bin/../lib/gcc/avr/4.8.1/../../../../avr/lib/avrxmega4\libc.a(memcpy.o)
                0x0000af7a                memcpy
 .text.avr-libc
                0x0000af8c        0xe c:/program files/atmel/atmel toolchain/avr8 gcc/native/3.4.1056/avr8-gnu-toolchain/bin/../lib/gcc/avr/4.8.1/../../../../avr/lib/avrxmega4\libc.a(memset.o)
                0x0000af8c                memset
 .text.avr-libc
                0x0000af9a       0x16 c:/program files/atmel/atmel toolchain/avr8 gcc/native/3.4.1056/avr8-gnu-toolchain/bin/../lib/gcc/avr/4.8.1/../../../../avr/lib/avrxmega4\libc.a(strcat.o)
                0x0000af9a                strcat
 .text.avr-libc
                0x0000afb0       0x16 c:/program files/atmel/atmel toolchain/avr8 gcc/native/3.4.1056/avr8-gnu-toolchain/bin/../lib/gcc/avr/4.8.1/../../../../avr/lib/avrxmega4\libc.a(strchr.o)
                0x0000afb0                strchr
 .text.avr-libc
                0x0000afc6        0xe c:/program files/atmel/atmel toolchain/avr8 gcc/native/3.4.1056/avr8-gnu-toolchain/bin/../lib/gcc/avr/4.8.1/../../../../avr/lib/avrxmega4\libc.a(strcpy.o)
                0x0000afc6                strcpy
 .text.avr-libc
                0x0000afd4       0x1e c:/program files/atmel/atmel toolchain/avr8 gcc/native/3.4.1056/avr8-gnu-toolchain/bin/../lib/gcc/avr/4.8.1/../../../../avr/lib/avrxmega4\libc.a(strncpy.o)
                0x0000afd4                strncpy
 .text.avr-libc
                0x0000aff2       0x34 c:/program files/atmel/atmel toolchain/avr8 gcc/native/3.4.1056/avr8-gnu-toolchain/bin/../lib/gcc/avr/4.8.1/../../../../avr/lib/avrxmega4\libc.a(strstr.o)
                0x0000aff2                strstr
 .text.avr-libc
                0x0000b026       0x14 c:/program files/atmel/atmel toolchain/avr8 gcc/native/3.4.1056/avr8-gnu-toolchain/bin/../lib/gcc/avr/4.8.1/../../../../avr/lib/avrxmega4\libc.a(itoa_ncheck.o)
                0x0000b026                __itoa_ncheck
 .text.avr-libc
                0x0000b03a       0x32 c:/program files/atmel/atmel toolchain/avr8 gcc/native/3.4.1056/avr8-gnu-toolchain/bin/../lib/gcc/avr/4.8.1/../../../../avr/lib/avrxmega4\libc.a(utoa_ncheck.o)
                0x0000b03a                __utoa_ncheck
                0x0000b03c                __utoa_common
 .text.avr-libc
                0x0000b06c       0x22 c:/program files/atmel/atmel toolchain/avr8 gcc/native/3.4.1056/avr8-gnu-toolchain/bin/../lib/gcc/avr/4.8.1/../../../../avr/lib/avrxmega4\libc.a(printf.o)
                0x0000b06c                printf
 .text.avr-libc
                0x0000b08e       0x5a c:/program files/atmel/atmel toolchain/avr8 gcc/native/3.4.1056/avr8-gnu-toolchain/bin/../lib/gcc/avr/4.8.1/../../../../avr/lib/avrxmega4\libc.a(puts.o)
                0x0000b08e                puts
 .text.avr-libc
                0x0000b0e8       0x36 c:/program files/atmel/atmel toolchain/avr8 gcc/native/3.4.1056/avr8-gnu-toolchain/bin/../lib/gcc/avr/4.8.1/../../../../avr/lib/avrxmega4\libc.a(sscanf.o)
                0x0000b0e8                sscanf
 .text.avr-libc
                0x0000b11e      0x3d0 c:/program files/atmel/atmel toolchain/avr8 gcc/native/3.4.1056/avr8-gnu-toolchain/bin/../lib/gcc/avr/4.8.1/../../../../avr/lib/avrxmega4\libc.a(vfprintf_std.o)
                0x0000b11e                vfprintf
 .text.avr-libc
                0x0000b4ee      0x566 c:/program files/atmel/atmel toolchain/avr8 gcc/native/3.4.1056/avr8-gnu-toolchain/bin/../lib/gcc/avr/4.8.1/../../../../avr/lib/avrxmega4\libc.a(vfscanf_std.o)
                0x0000b802                vfscanf
 .text.avr-libc
                0x0000ba54       0x10 c:/program files/atmel/atmel toolchain/avr8 gcc/native/3.4.1056/avr8-gnu-toolchain/bin/../lib/gcc/avr/4.8.1/../../../../avr/lib/avrxmega4\libc.a(isspace.o)
                0x0000ba54                isspace
 .text.avr-libc
                0x0000ba64       0x16 c:/program files/atmel/atmel toolchain/avr8 gcc/native/3.4.1056/avr8-gnu-toolchain/bin/../lib/gcc/avr/4.8.1/../../../../avr/lib/avrxmega4\libc.a(strchr_P.o)
                0x0000ba64                strchr_P
 .text.avr-libc
                0x0000ba7a       0x16 c:/program files/atmel/atmel toolchain/avr8 gcc/native/3.4.1056/avr8-gnu-toolchain/bin/../lib/gcc/avr/4.8.1/../../../../avr/lib/avrxmega4\libc.a(strnlen_P.o)
                0x0000ba7a                strnlen_P
 .text.avr-libc
                0x0000ba90       0x16 c:/program files/atmel/atmel toolchain/avr8 gcc/native/3.4.1056/avr8-gnu-toolchain/bin/../lib/gcc/avr/4.8.1/../../../../avr/lib/avrxmega4\libc.a(strnlen.o)
                0x0000ba90                strnlen
 .text.avr-libc
                0x0000baa6       0x20 c:/program files/atmel/atmel toolchain/avr8 gcc/native/3.4.1056/avr8-gnu-toolchain/bin/../lib/gcc/avr/4.8.1/../../../../avr/lib/avrxmega4\libc.a(strrev.o)
                0x0000baa6                strrev
 .text.avr-libc
                0x0000bac6       0x7c c:/program files/atmel/atmel toolchain/avr8 gcc/native/3.4.1056/avr8-gnu-toolchain/bin/../lib/gcc/avr/4.8.1/../../../../avr/lib/avrxmega4\libc.a(fgetc.o)
                0x0000bac6                fgetc
 .text.avr-libc
                0x0000bb42       0x64 c:/program files/atmel/atmel toolchain/avr8 gcc/native/3.4.1056/avr8-gnu-toolchain/bin/../lib/gcc/avr/4.8.1/../../../../avr/lib/avrxmega4\libc.a(fputc.o)
                0x0000bb42                fputc
 .text.avr-libc
                0x0000bba6       0x32 c:/program files/atmel/atmel toolchain/avr8 gcc/native/3.4.1056/avr8-gnu-toolchain/bin/../lib/gcc/avr/4.8.1/../../../../avr/lib/avrxmega4\libc.a(ungetc.o)
                0x0000bba6                ungetc
 .text.avr-libc
                0x0000bbd8       0xbc c:/program files/atmel/atmel toolchain/avr8 gcc/native/3.4.1056/avr8-gnu-toolchain/bin/../lib/gcc/avr/4.8.1/../../../../avr/lib/avrxmega4\libc.a(ultoa_invert.o)
                0x0000bbd8                __ultoa_invert
 .text.avr-libc
                0x0000bc94        0x6 c:/program files/atmel/atmel toolchain/avr8 gcc/native/3.4.1056/avr8-gnu-toolchain/bin/../lib/gcc/avr/4.8.1/../../../../avr/lib/avrxmega4\libc.a(cty_isfalse.o)
                0x0000bc94                __ctype_isfalse
                0x0000bc98                __ctype_istrue
                0x0000bc9a                . = ALIGN (0x2)
 *(.fini9)
 .fini9         0x0000bc9a        0x0 c:/program files/atmel/atmel toolchain/avr8 gcc/native/3.4.1056/avr8-gnu-toolchain/bin/../lib/gcc/avr/4.8.1/avrxmega4\libgcc.a(_exit.o)
                0x0000bc9a                _exit
                0x0000bc9a                exit
 *(.fini9)
 *(.fini8)
 *(.fini8)
 *(.fini7)
 *(.fini7)
 *(.fini6)
 *(.fini6)
 *(.fini5)
 *(.fini5)
 *(.fini4)
 *(.fini4)
 *(.fini3)
 *(.fini3)
 *(.fini2)
 *(.fini2)
 *(.fini1)
 *(.fini1)
 *(.fini0)
 .fini0         0x0000bc9a        0x4 c:/program files/atmel/atmel toolchain/avr8 gcc/native/3.4.1056/avr8-gnu-toolchain/bin/../lib/gcc/avr/4.8.1/avrxmega4\libgcc.a(_exit.o)
 *(.fini0)
                0x0000bc9e                _etext = .

.data           0x00802000      0x928 load address 0x0000bc9e
                0x00802000                PROVIDE (__data_start, .)
 *(.data)
 .data          0x00802000        0x0 c:/program files/atmel/atmel toolchain/avr8 gcc/native/3.4.1056/avr8-gnu-toolchain/bin/../lib/gcc/avr/4.8.1/../../../../avr/lib/avrxmega4/crtx64a4u.o
 .data          0x00802000        0x0 4x6_font.o
 .data          0x00802000        0x0 drivers/adc/adc.o
 .data          0x00802000        0x0 drivers/clock/clock.o
 .data          0x00802000        0x0 drivers/dac/dac.o
 .data          0x00802000        0x0 drivers/dma/dma.o
 .data          0x00802000        0x0 drivers/dma/dma_functions.o
 .data          0x00802000        0x0 drivers/eeprom/eeprom.o
 .data          0x00802000        0x0 drivers/esp8266/esp8266.o
 .data          0x00802000        0x0 drivers/ht1632c/ht1632c.o
 .data          0x00802000        0x0 drivers/port/port.o
 .data          0x00802000        0x0 drivers/power/power.o
 .data          0x00802000        0x0 drivers/rtc/rtc.o
 .data          0x00802000        0x0 drivers/sensors/si114x/Si114x_functions.o
 .data          0x00802000        0x0 drivers/sensors/si114x/Si114x_handler.o
 .data          0x00802000        0x0 drivers/sensors/si114x/Si114x_sys_out.o
 .data          0x00802000        0x0 drivers/sensors/si114x/slider_algorithm.o
 .data          0x00802000        0x0 drivers/sercom/spi.o
 .data          0x00802000        0x0 drivers/sercom/twi.o
 .data          0x00802000        0x0 drivers/sercom/uart.o
 .data          0x00802000        0x0 drivers/timer/timer.o
 .data          0x00802000        0x0 main.o
 .data          0x00802000        0x0 modules/display/display.o
 .data          0x00802000        0x0 modules/fatfs/ff.o
 .data          0x00802000        0x0 modules/fatfs/mmc_avr.o
 .data          0x00802000        0x0 modules/fatfs/sound.o
 .data          0x00802000        0x0 modules/json/jsmn.o
 .data          0x00802000        0x0 modules/json/json_functions.o
 .data          0x00802000        0x0 modules/menu/menu.o
 .data          0x00802000        0x0 modules/time_functions/time_functions.o
 .data          0x00802000        0x0 _StackInstrument.o
 .data          0x00802000        0x0 c:/program files/atmel/atmel toolchain/avr8 gcc/native/3.4.1056/avr8-gnu-toolchain/bin/../lib/gcc/avr/4.8.1/../../../../avr/lib/avrxmega4\libm.a(divsf3.o)
 .data          0x00802000        0x0 c:/program files/atmel/atmel toolchain/avr8 gcc/native/3.4.1056/avr8-gnu-toolchain/bin/../lib/gcc/avr/4.8.1/../../../../avr/lib/avrxmega4\libm.a(divsf3x.o)
 .data          0x00802000        0x0 c:/program files/atmel/atmel toolchain/avr8 gcc/native/3.4.1056/avr8-gnu-toolchain/bin/../lib/gcc/avr/4.8.1/../../../../avr/lib/avrxmega4\libm.a(fixsfsi.o)
 .data          0x00802000        0x0 c:/program files/atmel/atmel toolchain/avr8 gcc/native/3.4.1056/avr8-gnu-toolchain/bin/../lib/gcc/avr/4.8.1/../../../../avr/lib/avrxmega4\libm.a(fixunssfsi.o)
 .data          0x00802000        0x0 c:/program files/atmel/atmel toolchain/avr8 gcc/native/3.4.1056/avr8-gnu-toolchain/bin/../lib/gcc/avr/4.8.1/../../../../avr/lib/avrxmega4\libm.a(floatsisf.o)
 .data          0x00802000        0x0 c:/program files/atmel/atmel toolchain/avr8 gcc/native/3.4.1056/avr8-gnu-toolchain/bin/../lib/gcc/avr/4.8.1/../../../../avr/lib/avrxmega4\libm.a(fp_inf.o)
 .data          0x00802000        0x0 c:/program files/atmel/atmel toolchain/avr8 gcc/native/3.4.1056/avr8-gnu-toolchain/bin/../lib/gcc/avr/4.8.1/../../../../avr/lib/avrxmega4\libm.a(fp_nan.o)
 .data          0x00802000        0x0 c:/program files/atmel/atmel toolchain/avr8 gcc/native/3.4.1056/avr8-gnu-toolchain/bin/../lib/gcc/avr/4.8.1/../../../../avr/lib/avrxmega4\libm.a(fp_pscA.o)
 .data          0x00802000        0x0 c:/program files/atmel/atmel toolchain/avr8 gcc/native/3.4.1056/avr8-gnu-toolchain/bin/../lib/gcc/avr/4.8.1/../../../../avr/lib/avrxmega4\libm.a(fp_pscB.o)
 .data          0x00802000        0x0 c:/program files/atmel/atmel toolchain/avr8 gcc/native/3.4.1056/avr8-gnu-toolchain/bin/../lib/gcc/avr/4.8.1/../../../../avr/lib/avrxmega4\libm.a(fp_round.o)
 .data          0x00802000        0x0 c:/program files/atmel/atmel toolchain/avr8 gcc/native/3.4.1056/avr8-gnu-toolchain/bin/../lib/gcc/avr/4.8.1/../../../../avr/lib/avrxmega4\libm.a(fp_split3.o)
 .data          0x00802000        0x0 c:/program files/atmel/atmel toolchain/avr8 gcc/native/3.4.1056/avr8-gnu-toolchain/bin/../lib/gcc/avr/4.8.1/../../../../avr/lib/avrxmega4\libm.a(fp_zero.o)
 .data          0x00802000        0x0 c:/program files/atmel/atmel toolchain/avr8 gcc/native/3.4.1056/avr8-gnu-toolchain/bin/../lib/gcc/avr/4.8.1/../../../../avr/lib/avrxmega4\libm.a(gesf2.o)
 .data          0x00802000        0x0 c:/program files/atmel/atmel toolchain/avr8 gcc/native/3.4.1056/avr8-gnu-toolchain/bin/../lib/gcc/avr/4.8.1/../../../../avr/lib/avrxmega4\libm.a(mulsf3.o)
 .data          0x00802000        0x0 c:/program files/atmel/atmel toolchain/avr8 gcc/native/3.4.1056/avr8-gnu-toolchain/bin/../lib/gcc/avr/4.8.1/../../../../avr/lib/avrxmega4\libm.a(mulsf3x.o)
 .data          0x00802000        0x0 c:/program files/atmel/atmel toolchain/avr8 gcc/native/3.4.1056/avr8-gnu-toolchain/bin/../lib/gcc/avr/4.8.1/../../../../avr/lib/avrxmega4\libm.a(pow.o)
 .data          0x00802000        0x0 c:/program files/atmel/atmel toolchain/avr8 gcc/native/3.4.1056/avr8-gnu-toolchain/bin/../lib/gcc/avr/4.8.1/../../../../avr/lib/avrxmega4\libm.a(exp.o)
 .data          0x00802000        0x0 c:/program files/atmel/atmel toolchain/avr8 gcc/native/3.4.1056/avr8-gnu-toolchain/bin/../lib/gcc/avr/4.8.1/../../../../avr/lib/avrxmega4\libm.a(fp_cmp.o)
 .data          0x00802000        0x0 c:/program files/atmel/atmel toolchain/avr8 gcc/native/3.4.1056/avr8-gnu-toolchain/bin/../lib/gcc/avr/4.8.1/../../../../avr/lib/avrxmega4\libm.a(fp_powser.o)
 .data          0x00802000        0x0 c:/program files/atmel/atmel toolchain/avr8 gcc/native/3.4.1056/avr8-gnu-toolchain/bin/../lib/gcc/avr/4.8.1/../../../../avr/lib/avrxmega4\libm.a(inverse.o)
 .data          0x00802000        0x0 c:/program files/atmel/atmel toolchain/avr8 gcc/native/3.4.1056/avr8-gnu-toolchain/bin/../lib/gcc/avr/4.8.1/../../../../avr/lib/avrxmega4\libm.a(ldexp.o)
 .data          0x00802000        0x0 c:/program files/atmel/atmel toolchain/avr8 gcc/native/3.4.1056/avr8-gnu-toolchain/bin/../lib/gcc/avr/4.8.1/../../../../avr/lib/avrxmega4\libm.a(log.o)
 .data          0x00802000        0x0 c:/program files/atmel/atmel toolchain/avr8 gcc/native/3.4.1056/avr8-gnu-toolchain/bin/../lib/gcc/avr/4.8.1/../../../../avr/lib/avrxmega4\libm.a(modf.o)
 .data          0x00802000        0x0 c:/program files/atmel/atmel toolchain/avr8 gcc/native/3.4.1056/avr8-gnu-toolchain/bin/../lib/gcc/avr/4.8.1/../../../../avr/lib/avrxmega4\libm.a(addsf3.o)
 .data          0x00802000        0x0 c:/program files/atmel/atmel toolchain/avr8 gcc/native/3.4.1056/avr8-gnu-toolchain/bin/../lib/gcc/avr/4.8.1/../../../../avr/lib/avrxmega4\libm.a(addsf3x.o)
 .data          0x00802000        0x0 c:/program files/atmel/atmel toolchain/avr8 gcc/native/3.4.1056/avr8-gnu-toolchain/bin/../lib/gcc/avr/4.8.1/../../../../avr/lib/avrxmega4\libm.a(fp_mpack.o)
 .data          0x00802000        0x0 c:/program files/atmel/atmel toolchain/avr8 gcc/native/3.4.1056/avr8-gnu-toolchain/bin/../lib/gcc/avr/4.8.1/avrxmega4\libgcc.a(_divmodhi4.o)
 .data          0x00802000        0x0 c:/program files/atmel/atmel toolchain/avr8 gcc/native/3.4.1056/avr8-gnu-toolchain/bin/../lib/gcc/avr/4.8.1/avrxmega4\libgcc.a(_udivmodsi4.o)
 .data          0x00802000        0x0 c:/program files/atmel/atmel toolchain/avr8 gcc/native/3.4.1056/avr8-gnu-toolchain/bin/../lib/gcc/avr/4.8.1/avrxmega4\libgcc.a(_exit.o)
 .data          0x00802000        0x0 c:/program files/atmel/atmel toolchain/avr8 gcc/native/3.4.1056/avr8-gnu-toolchain/bin/../lib/gcc/avr/4.8.1/avrxmega4\libgcc.a(_tablejump.o)
 .data          0x00802000        0x0 c:/program files/atmel/atmel toolchain/avr8 gcc/native/3.4.1056/avr8-gnu-toolchain/bin/../lib/gcc/avr/4.8.1/avrxmega4\libgcc.a(_copy_data.o)
 .data          0x00802000        0x0 c:/program files/atmel/atmel toolchain/avr8 gcc/native/3.4.1056/avr8-gnu-toolchain/bin/../lib/gcc/avr/4.8.1/avrxmega4\libgcc.a(_clear_bss.o)
 .data          0x00802000        0x0 c:/program files/atmel/atmel toolchain/avr8 gcc/native/3.4.1056/avr8-gnu-toolchain/bin/../lib/gcc/avr/4.8.1/avrxmega4\libgcc.a(_umulhisi3.o)
 .data          0x00802000        0x0 c:/program files/atmel/atmel toolchain/avr8 gcc/native/3.4.1056/avr8-gnu-toolchain/bin/../lib/gcc/avr/4.8.1/avrxmega4\libgcc.a(_muluhisi3.o)
 .data          0x00802000        0x0 c:/program files/atmel/atmel toolchain/avr8 gcc/native/3.4.1056/avr8-gnu-toolchain/bin/../lib/gcc/avr/4.8.1/avrxmega4\libgcc.a(_udivmodhi4.o)
 .data          0x00802000        0x0 c:/program files/atmel/atmel toolchain/avr8 gcc/native/3.4.1056/avr8-gnu-toolchain/bin/../lib/gcc/avr/4.8.1/../../../../avr/lib/avrxmega4\libc.a(calloc.o)
 .data          0x00802000        0x6 c:/program files/atmel/atmel toolchain/avr8 gcc/native/3.4.1056/avr8-gnu-toolchain/bin/../lib/gcc/avr/4.8.1/../../../../avr/lib/avrxmega4\libc.a(malloc.o)
                0x00802000                __malloc_heap_end
                0x00802002                __malloc_heap_start
                0x00802004                __malloc_margin
 .data          0x00802006        0x0 c:/program files/atmel/atmel toolchain/avr8 gcc/native/3.4.1056/avr8-gnu-toolchain/bin/../lib/gcc/avr/4.8.1/../../../../avr/lib/avrxmega4\libc.a(toupper.o)
 .data          0x00802006        0x0 c:/program files/atmel/atmel toolchain/avr8 gcc/native/3.4.1056/avr8-gnu-toolchain/bin/../lib/gcc/avr/4.8.1/../../../../avr/lib/avrxmega4\libc.a(memcpy.o)
 .data          0x00802006        0x0 c:/program files/atmel/atmel toolchain/avr8 gcc/native/3.4.1056/avr8-gnu-toolchain/bin/../lib/gcc/avr/4.8.1/../../../../avr/lib/avrxmega4\libc.a(memset.o)
 .data          0x00802006        0x0 c:/program files/atmel/atmel toolchain/avr8 gcc/native/3.4.1056/avr8-gnu-toolchain/bin/../lib/gcc/avr/4.8.1/../../../../avr/lib/avrxmega4\libc.a(strcat.o)
 .data          0x00802006        0x0 c:/program files/atmel/atmel toolchain/avr8 gcc/native/3.4.1056/avr8-gnu-toolchain/bin/../lib/gcc/avr/4.8.1/../../../../avr/lib/avrxmega4\libc.a(strchr.o)
 .data          0x00802006        0x0 c:/program files/atmel/atmel toolchain/avr8 gcc/native/3.4.1056/avr8-gnu-toolchain/bin/../lib/gcc/avr/4.8.1/../../../../avr/lib/avrxmega4\libc.a(strcpy.o)
 .data          0x00802006        0x0 c:/program files/atmel/atmel toolchain/avr8 gcc/native/3.4.1056/avr8-gnu-toolchain/bin/../lib/gcc/avr/4.8.1/../../../../avr/lib/avrxmega4\libc.a(strncpy.o)
 .data          0x00802006        0x0 c:/program files/atmel/atmel toolchain/avr8 gcc/native/3.4.1056/avr8-gnu-toolchain/bin/../lib/gcc/avr/4.8.1/../../../../avr/lib/avrxmega4\libc.a(strstr.o)
 .data          0x00802006        0x0 c:/program files/atmel/atmel toolchain/avr8 gcc/native/3.4.1056/avr8-gnu-toolchain/bin/../lib/gcc/avr/4.8.1/../../../../avr/lib/avrxmega4\libc.a(itoa_ncheck.o)
 .data          0x00802006        0x0 c:/program files/atmel/atmel toolchain/avr8 gcc/native/3.4.1056/avr8-gnu-toolchain/bin/../lib/gcc/avr/4.8.1/../../../../avr/lib/avrxmega4\libc.a(utoa_ncheck.o)
 .data          0x00802006        0x0 c:/program files/atmel/atmel toolchain/avr8 gcc/native/3.4.1056/avr8-gnu-toolchain/bin/../lib/gcc/avr/4.8.1/../../../../avr/lib/avrxmega4\libc.a(iob.o)
 .data          0x00802006        0x0 c:/program files/atmel/atmel toolchain/avr8 gcc/native/3.4.1056/avr8-gnu-toolchain/bin/../lib/gcc/avr/4.8.1/../../../../avr/lib/avrxmega4\libc.a(printf.o)
 .data          0x00802006        0x0 c:/program files/atmel/atmel toolchain/avr8 gcc/native/3.4.1056/avr8-gnu-toolchain/bin/../lib/gcc/avr/4.8.1/../../../../avr/lib/avrxmega4\libc.a(puts.o)
 .data          0x00802006        0x0 c:/program files/atmel/atmel toolchain/avr8 gcc/native/3.4.1056/avr8-gnu-toolchain/bin/../lib/gcc/avr/4.8.1/../../../../avr/lib/avrxmega4\libc.a(sscanf.o)
 .data          0x00802006        0x0 c:/program files/atmel/atmel toolchain/avr8 gcc/native/3.4.1056/avr8-gnu-toolchain/bin/../lib/gcc/avr/4.8.1/../../../../avr/lib/avrxmega4\libc.a(vfprintf_std.o)
 .data          0x00802006        0x0 c:/program files/atmel/atmel toolchain/avr8 gcc/native/3.4.1056/avr8-gnu-toolchain/bin/../lib/gcc/avr/4.8.1/../../../../avr/lib/avrxmega4\libc.a(vfscanf_std.o)
 .data          0x00802006        0x0 c:/program files/atmel/atmel toolchain/avr8 gcc/native/3.4.1056/avr8-gnu-toolchain/bin/../lib/gcc/avr/4.8.1/../../../../avr/lib/avrxmega4\libc.a(isspace.o)
 .data          0x00802006        0x0 c:/program files/atmel/atmel toolchain/avr8 gcc/native/3.4.1056/avr8-gnu-toolchain/bin/../lib/gcc/avr/4.8.1/../../../../avr/lib/avrxmega4\libc.a(strchr_P.o)
 .data          0x00802006        0x0 c:/program files/atmel/atmel toolchain/avr8 gcc/native/3.4.1056/avr8-gnu-toolchain/bin/../lib/gcc/avr/4.8.1/../../../../avr/lib/avrxmega4\libc.a(strnlen_P.o)
 .data          0x00802006        0x0 c:/program files/atmel/atmel toolchain/avr8 gcc/native/3.4.1056/avr8-gnu-toolchain/bin/../lib/gcc/avr/4.8.1/../../../../avr/lib/avrxmega4\libc.a(strnlen.o)
 .data          0x00802006        0x0 c:/program files/atmel/atmel toolchain/avr8 gcc/native/3.4.1056/avr8-gnu-toolchain/bin/../lib/gcc/avr/4.8.1/../../../../avr/lib/avrxmega4\libc.a(strrev.o)
 .data          0x00802006        0x0 c:/program files/atmel/atmel toolchain/avr8 gcc/native/3.4.1056/avr8-gnu-toolchain/bin/../lib/gcc/avr/4.8.1/../../../../avr/lib/avrxmega4\libc.a(fgetc.o)
 .data          0x00802006        0x0 c:/program files/atmel/atmel toolchain/avr8 gcc/native/3.4.1056/avr8-gnu-toolchain/bin/../lib/gcc/avr/4.8.1/../../../../avr/lib/avrxmega4\libc.a(fputc.o)
 .data          0x00802006        0x0 c:/program files/atmel/atmel toolchain/avr8 gcc/native/3.4.1056/avr8-gnu-toolchain/bin/../lib/gcc/avr/4.8.1/../../../../avr/lib/avrxmega4\libc.a(ungetc.o)
 .data          0x00802006        0x0 c:/program files/atmel/atmel toolchain/avr8 gcc/native/3.4.1056/avr8-gnu-toolchain/bin/../lib/gcc/avr/4.8.1/../../../../avr/lib/avrxmega4\libc.a(ultoa_invert.o)
 .data          0x00802006        0x0 c:/program files/atmel/atmel toolchain/avr8 gcc/native/3.4.1056/avr8-gnu-toolchain/bin/../lib/gcc/avr/4.8.1/../../../../avr/lib/avrxmega4\libc.a(cty_isfalse.o)
 *(.data*)
 .data.link_channel
                0x00802006        0x1 drivers/esp8266/esp8266.o
                0x00802006                link_channel
 .data.disp_time
                0x00802007        0x1 drivers/rtc/rtc.o
 .data.initial_baseline_counter
                0x00802008        0x1 drivers/sensors/si114x/Si114x_functions.o
 .data.ircorrection
                0x00802009        0x3 drivers/sensors/si114x/Si114x_handler.o
                0x00802009                ircorrection
 .data.scale    0x0080200c        0x2 drivers/sensors/si114x/Si114x_handler.o
                0x0080200c                scale
 .data.noise_margin
                0x0080200e        0x2 drivers/sensors/si114x/Si114x_handler.o
                0x0080200e                noise_margin
 .data.initial_baseline_counter
                0x00802010        0x1 drivers/sensors/si114x/Si114x_handler.o
 .data.out_of_range.1726
                0x00802011        0x1 drivers/sensors/si114x/slider_algorithm.o
 .data.mystdout
                0x00802012        0xe main.o
 .data.color.4690
                0x00802020        0x1 modules/display/display.o
 .data.x.4688   0x00802021        0x1 modules/display/display.o
 .data.y.4689   0x00802022        0x1 modules/display/display.o
 .data.Stat     0x00802023        0x1 modules/fatfs/mmc_avr.o
 *(.rodata)
 .rodata        0x00802024       0x9a drivers/sensors/si114x/slider_algorithm.o
 .rodata        0x008020be       0x18 modules/time_functions/time_functions.o
 *(.rodata*)
 .rodata.str1.1
                0x008020d6      0x329 drivers/esp8266/esp8266.o
                                0x32f (size before relaxing)
 .rodata.str1.1
                0x008023ff       0x1c drivers/port/port.o
 .rodata.str1.1
                0x0080241b       0x3c drivers/sensors/si114x/Si114x_functions.o
 .rodata.str1.1
                0x00802457       0xab drivers/sensors/si114x/Si114x_handler.o
 .rodata.str1.1
                0x00802502       0x69 drivers/sensors/si114x/slider_algorithm.o
 .rodata.str1.1
                0x0080256b       0x8d main.o
 .rodata.str1.1
                0x008025f8       0x53 modules/fatfs/ff.o
 .rodata.str1.1
                0x0080264b      0x25f modules/menu/menu.o
                                0x277 (size before relaxing)
 .rodata.str1.1
                0x008028aa       0x7e modules/time_functions/time_functions.o
 *(.gnu.linkonce.d*)
                0x00802928                . = ALIGN (0x2)
                0x00802928                _edata = .
                0x00802928                PROVIDE (__data_end, .)

.bss            0x00802928      0x2fa
                0x00802928                PROVIDE (__bss_start, .)
 *(.bss)
 *(.bss*)
 .bss.rx_buffer
                0x00802928       0xfa drivers/esp8266/esp8266.o
 .bss.rx_ptr    0x00802a22        0x2 drivers/esp8266/esp8266.o
 .bss.json_found
                0x00802a24        0x1 drivers/esp8266/esp8266.o
                0x00802a24                json_found
 .bss.counter   0x00802a25        0x2 drivers/sensors/si114x/Si114x_functions.o
 .bss.Maxcount.4570
                0x00802a27        0x3 drivers/sensors/si114x/Si114x_handler.o
 .bss.rollingMax.4569
                0x00802a2a        0x6 drivers/sensors/si114x/Si114x_handler.o
 .bss.dynamic_baseline.4572
                0x00802a30        0x6 drivers/sensors/si114x/Si114x_handler.o
 .bss.IRlast.4551
                0x00802a36        0x4 drivers/sensors/si114x/Si114x_handler.o
 .bss.maxLeakage
                0x00802a3a        0x6 drivers/sensors/si114x/Si114x_handler.o
                0x00802a3a                maxLeakage
 .bss.LED_flash_timeout.1706
                0x00802a40        0x2 drivers/sensors/si114x/slider_algorithm.o
 .bss.last_xbucket.1725
                0x00802a42        0x1 drivers/sensors/si114x/slider_algorithm.o
 .bss.LED_flash_pattern.1716
                0x00802a43        0x8 drivers/sensors/si114x/slider_algorithm.o
 .bss.LED_State.1717
                0x00802a4b        0x1 drivers/sensors/si114x/slider_algorithm.o
 .bss.Pause_gesture_timeout.1707
                0x00802a4c        0x2 drivers/sensors/si114x/slider_algorithm.o
 .bss.xenter.1728
                0x00802a4e        0x2 drivers/sensors/si114x/slider_algorithm.o
 .bss.SwipeStartTime.1708
                0x00802a50        0x2 drivers/sensors/si114x/slider_algorithm.o
 .bss.xexit.1729
                0x00802a52        0x2 drivers/sensors/si114x/slider_algorithm.o
 .bss.xlast.1730
                0x00802a54        0x2 drivers/sensors/si114x/slider_algorithm.o
 .bss.test_val  0x00802a56        0x2 drivers/timer/timer.o
 .bss.prev_pwm.4671
                0x00802a58        0x1 modules/display/display.o
 .bss.CurrVol   0x00802a59        0x1 modules/fatfs/ff.o
 .bss.Fsid      0x00802a5a        0x2 modules/fatfs/ff.o
 .bss.FatFs     0x00802a5c        0x4 modules/fatfs/ff.o
 .bss.CardType  0x00802a60        0x1 modules/fatfs/mmc_avr.o
 .bss.Timer2    0x00802a61        0x1 modules/fatfs/mmc_avr.o
 .bss.Timer1    0x00802a62        0x1 modules/fatfs/mmc_avr.o
 .bss.WavFifo   0x00802a63        0x2 modules/fatfs/sound.o
 *(COMMON)
 COMMON         0x00802a65       0xad drivers/adc/adc.o
                0x00802a65                env_var
 COMMON         0x00802b12       0xca drivers/dma/dma_functions.o
                0x00802b12                memoryBlockB
                0x00802b76                gStatus
                0x00802b77                gInterruptDone
                0x00802b78                memoryBlockA
 COMMON         0x00802bdc       0x36 drivers/esp8266/esp8266.o
                0x00802bdc                ip_address
                0x00802bef                btn_status
                0x00802bf0                si114x_status
                0x00802bf1                ledmatrix
                0x00802c11                status
 COMMON         0x00802c12        0x6 drivers/sensors/si114x/Si114x_handler.o
                0x00802c12                baseline
 COMMON         0x00802c18        0x4 c:/program files/atmel/atmel toolchain/avr8 gcc/native/3.4.1056/avr8-gnu-toolchain/bin/../lib/gcc/avr/4.8.1/../../../../avr/lib/avrxmega4\libc.a(malloc.o)
                0x00802c18                __brkval
                0x00802c1a                __flp
 COMMON         0x00802c1c        0x6 c:/program files/atmel/atmel toolchain/avr8 gcc/native/3.4.1056/avr8-gnu-toolchain/bin/../lib/gcc/avr/4.8.1/../../../../avr/lib/avrxmega4\libc.a(iob.o)
                0x00802c1c                __iob
                0x00802c22                PROVIDE (__bss_end, .)
                0x0000bc9e                __data_load_start = LOADADDR (.data)
                0x0000c5c6                __data_load_end = (__data_load_start + SIZEOF (.data))

.noinit         0x00802c22        0x0
                0x00802c22                PROVIDE (__noinit_start, .)
 *(.noinit*)
                0x00802c22                PROVIDE (__noinit_end, .)
                0x00802c22                _end = .
                0x00802c22                PROVIDE (__heap_start, .)

.eeprom         0x00810000        0x0
 *(.eeprom*)
                0x00810000                __eeprom_end = .

.fuse
 *(.fuse)
 *(.lfuse)
 *(.hfuse)
 *(.efuse)

.lock
 *(.lock*)

.signature
 *(.signature*)

.user_signatures
 *(.user_signatures*)

.stab
 *(.stab)

.stabstr
 *(.stabstr)

.stab.excl
 *(.stab.excl)

.stab.exclstr
 *(.stab.exclstr)

.stab.index
 *(.stab.index)

.stab.indexstr
 *(.stab.indexstr)

.comment        0x00000000       0x5c
 *(.comment)
 .comment       0x00000000       0x30 4x6_font.o
                                 0x31 (size before relaxing)
 .comment       0x00000000       0x31 drivers/adc/adc.o
 .comment       0x00000000       0x31 drivers/clock/clock.o
 .comment       0x00000000       0x31 drivers/dac/dac.o
 .comment       0x00000000       0x31 drivers/dma/dma.o
 .comment       0x00000000       0x31 drivers/dma/dma_functions.o
 .comment       0x00000000       0x31 drivers/eeprom/eeprom.o
 .comment       0x00000000       0x31 drivers/esp8266/esp8266.o
 .comment       0x00000000       0x31 drivers/ht1632c/ht1632c.o
 .comment       0x00000000       0x31 drivers/port/port.o
 .comment       0x00000000       0x31 drivers/power/power.o
 .comment       0x00000000       0x31 drivers/rtc/rtc.o
 .comment       0x00000000       0x31 drivers/sensors/si114x/Si114x_functions.o
 .comment       0x00000000       0x31 drivers/sensors/si114x/Si114x_handler.o
 .comment       0x00000000       0x31 drivers/sensors/si114x/Si114x_sys_out.o
 .comment       0x00000000       0x31 drivers/sensors/si114x/slider_algorithm.o
 .comment       0x00000000       0x31 drivers/sercom/spi.o
 .comment       0x00000000       0x31 drivers/sercom/twi.o
 .comment       0x00000000       0x31 drivers/sercom/uart.o
 .comment       0x00000000       0x31 drivers/timer/timer.o
 .comment       0x00000000       0x31 main.o
 .comment       0x00000000       0x31 modules/display/display.o
 .comment       0x00000000       0x31 modules/fatfs/ff.o
 .comment       0x00000000       0x31 modules/fatfs/mmc_avr.o
 .comment       0x00000000       0x31 modules/fatfs/sound.o
 .comment       0x00000000       0x31 modules/json/jsmn.o
 .comment       0x00000000       0x31 modules/json/json_functions.o
 .comment       0x00000000       0x31 modules/menu/menu.o
 .comment       0x00000000       0x31 modules/time_functions/time_functions.o
 .comment       0x00000000       0x31 _StackInstrument.o
 .comment       0x00000000       0x31 c:/program files/atmel/atmel toolchain/avr8 gcc/native/3.4.1056/avr8-gnu-toolchain/bin/../lib/gcc/avr/4.8.1/../../../../avr/lib/avrxmega4\libc.a(calloc.o)
 .comment       0x00000000       0x31 c:/program files/atmel/atmel toolchain/avr8 gcc/native/3.4.1056/avr8-gnu-toolchain/bin/../lib/gcc/avr/4.8.1/../../../../avr/lib/avrxmega4\libc.a(malloc.o)
 .comment       0x00000000       0x31 c:/program files/atmel/atmel toolchain/avr8 gcc/native/3.4.1056/avr8-gnu-toolchain/bin/../lib/gcc/avr/4.8.1/../../../../avr/lib/avrxmega4\libc.a(iob.o)
 .comment       0x00000000       0x31 c:/program files/atmel/atmel toolchain/avr8 gcc/native/3.4.1056/avr8-gnu-toolchain/bin/../lib/gcc/avr/4.8.1/../../../../avr/lib/avrxmega4\libc.a(printf.o)
 .comment       0x00000000       0x31 c:/program files/atmel/atmel toolchain/avr8 gcc/native/3.4.1056/avr8-gnu-toolchain/bin/../lib/gcc/avr/4.8.1/../../../../avr/lib/avrxmega4\libc.a(puts.o)
 .comment       0x00000000       0x31 c:/program files/atmel/atmel toolchain/avr8 gcc/native/3.4.1056/avr8-gnu-toolchain/bin/../lib/gcc/avr/4.8.1/../../../../avr/lib/avrxmega4\libc.a(sscanf.o)
 .comment       0x00000030       0x2c c:/program files/atmel/atmel toolchain/avr8 gcc/native/3.4.1056/avr8-gnu-toolchain/bin/../lib/gcc/avr/4.8.1/../../../../avr/lib/avrxmega4\libc.a(vfprintf_std.o)
                                 0x2d (size before relaxing)
 .comment       0x00000000       0x2d c:/program files/atmel/atmel toolchain/avr8 gcc/native/3.4.1056/avr8-gnu-toolchain/bin/../lib/gcc/avr/4.8.1/../../../../avr/lib/avrxmega4\libc.a(vfscanf_std.o)
 .comment       0x00000000       0x31 c:/program files/atmel/atmel toolchain/avr8 gcc/native/3.4.1056/avr8-gnu-toolchain/bin/../lib/gcc/avr/4.8.1/../../../../avr/lib/avrxmega4\libc.a(fgetc.o)
 .comment       0x00000000       0x31 c:/program files/atmel/atmel toolchain/avr8 gcc/native/3.4.1056/avr8-gnu-toolchain/bin/../lib/gcc/avr/4.8.1/../../../../avr/lib/avrxmega4\libc.a(fputc.o)
 .comment       0x00000000       0x31 c:/program files/atmel/atmel toolchain/avr8 gcc/native/3.4.1056/avr8-gnu-toolchain/bin/../lib/gcc/avr/4.8.1/../../../../avr/lib/avrxmega4\libc.a(ungetc.o)

.note.gnu.build-id
 *(.note.gnu.build-id)

.debug
 *(.debug)

.line
 *(.line)

.debug_srcinfo
 *(.debug_srcinfo)

.debug_sfnames
 *(.debug_sfnames)

.debug_aranges  0x00000000      0xc58
 *(.debug_aranges)
 .debug_aranges
                0x00000000       0x18 4x6_font.o
 .debug_aranges
                0x00000018       0x50 drivers/adc/adc.o
 .debug_aranges
                0x00000068       0x48 drivers/clock/clock.o
 .debug_aranges
                0x000000b0       0x38 drivers/dac/dac.o
 .debug_aranges
                0x000000e8       0xa8 drivers/dma/dma.o
 .debug_aranges
                0x00000190       0x30 drivers/dma/dma_functions.o
 .debug_aranges
                0x000001c0       0x78 drivers/eeprom/eeprom.o
 .debug_aranges
                0x00000238       0x70 drivers/esp8266/esp8266.o
 .debug_aranges
                0x000002a8       0xc0 drivers/ht1632c/ht1632c.o
 .debug_aranges
                0x00000368       0x58 drivers/port/port.o
 .debug_aranges
                0x000003c0       0x20 drivers/power/power.o
 .debug_aranges
                0x000003e0       0x58 drivers/rtc/rtc.o
 .debug_aranges
                0x00000438       0xc8 drivers/sensors/si114x/Si114x_functions.o
 .debug_aranges
                0x00000500       0x38 drivers/sensors/si114x/Si114x_handler.o
 .debug_aranges
                0x00000538       0x50 drivers/sensors/si114x/Si114x_sys_out.o
 .debug_aranges
                0x00000588       0x30 drivers/sensors/si114x/slider_algorithm.o
 .debug_aranges
                0x000005b8       0x30 drivers/sercom/spi.o
 .debug_aranges
                0x000005e8       0x60 drivers/sercom/twi.o
 .debug_aranges
                0x00000648       0x40 drivers/sercom/uart.o
 .debug_aranges
                0x00000688       0x30 drivers/timer/timer.o
 .debug_aranges
                0x000006b8       0x28 main.o
 .debug_aranges
                0x000006e0      0x1b8 modules/display/display.o
 .debug_aranges
                0x00000898      0x190 modules/fatfs/ff.o
 .debug_aranges
                0x00000a28       0x88 modules/fatfs/mmc_avr.o
 .debug_aranges
                0x00000ab0       0x40 modules/fatfs/sound.o
 .debug_aranges
                0x00000af0       0x28 modules/json/jsmn.o
 .debug_aranges
                0x00000b18       0x28 modules/json/json_functions.o
 .debug_aranges
                0x00000b40       0xa0 modules/menu/menu.o
 .debug_aranges
                0x00000be0       0x58 modules/time_functions/time_functions.o
 .debug_aranges
                0x00000c38       0x20 _StackInstrument.o

.debug_pubnames
 *(.debug_pubnames)

.debug_info     0x00000000    0x1e548
 *(.debug_info .gnu.linkonce.wi.*)
 .debug_info    0x00000000      0x150 4x6_font.o
 .debug_info    0x00000150      0xd33 drivers/adc/adc.o
 .debug_info    0x00000e83      0x508 drivers/clock/clock.o
 .debug_info    0x0000138b      0x7d7 drivers/dac/dac.o
 .debug_info    0x00001b62      0xc19 drivers/dma/dma.o
 .debug_info    0x0000277b      0xa10 drivers/dma/dma_functions.o
 .debug_info    0x0000318b      0x8b1 drivers/eeprom/eeprom.o
 .debug_info    0x00003a3c     0x1bbc drivers/esp8266/esp8266.o
 .debug_info    0x000055f8      0xeb0 drivers/ht1632c/ht1632c.o
 .debug_info    0x000064a8      0x97d drivers/port/port.o
 .debug_info    0x00006e25      0x62f drivers/power/power.o
 .debug_info    0x00007454      0xa4f drivers/rtc/rtc.o
 .debug_info    0x00007ea3     0x283d drivers/sensors/si114x/Si114x_functions.o
 .debug_info    0x0000a6e0      0x64e drivers/sensors/si114x/Si114x_handler.o
 .debug_info    0x0000ad2e      0x875 drivers/sensors/si114x/Si114x_sys_out.o
 .debug_info    0x0000b5a3      0x7d0 drivers/sensors/si114x/slider_algorithm.o
 .debug_info    0x0000bd73      0x5f2 drivers/sercom/spi.o
 .debug_info    0x0000c365      0xa79 drivers/sercom/twi.o
 .debug_info    0x0000cdde      0x741 drivers/sercom/uart.o
 .debug_info    0x0000d51f      0xc71 drivers/timer/timer.o
 .debug_info    0x0000e190      0xdc1 main.o
 .debug_info    0x0000ef51     0x300e modules/display/display.o
 .debug_info    0x00011f5f     0x3904 modules/fatfs/ff.o
 .debug_info    0x00015863     0x19bb modules/fatfs/mmc_avr.o
 .debug_info    0x0001721e     0x15b9 modules/fatfs/sound.o
 .debug_info    0x000187d7      0x57f modules/json/jsmn.o
 .debug_info    0x00018d56      0x5f0 modules/json/json_functions.o
 .debug_info    0x00019346     0x47f3 modules/menu/menu.o
 .debug_info    0x0001db39      0x912 modules/time_functions/time_functions.o
 .debug_info    0x0001e44b       0xfd _StackInstrument.o

.debug_abbrev   0x00000000     0x4526
 *(.debug_abbrev)
 .debug_abbrev  0x00000000       0x62 4x6_font.o
 .debug_abbrev  0x00000062      0x210 drivers/adc/adc.o
 .debug_abbrev  0x00000272      0x10e drivers/clock/clock.o
 .debug_abbrev  0x00000380      0x179 drivers/dac/dac.o
 .debug_abbrev  0x000004f9      0x22d drivers/dma/dma.o
 .debug_abbrev  0x00000726      0x1f4 drivers/dma/dma_functions.o
 .debug_abbrev  0x0000091a      0x254 drivers/eeprom/eeprom.o
 .debug_abbrev  0x00000b6e      0x444 drivers/esp8266/esp8266.o
 .debug_abbrev  0x00000fb2      0x302 drivers/ht1632c/ht1632c.o
 .debug_abbrev  0x000012b4      0x211 drivers/port/port.o
 .debug_abbrev  0x000014c5      0x11d drivers/power/power.o
 .debug_abbrev  0x000015e2      0x2cd drivers/rtc/rtc.o
 .debug_abbrev  0x000018af      0x492 drivers/sensors/si114x/Si114x_functions.o
 .debug_abbrev  0x00001d41      0x15e drivers/sensors/si114x/Si114x_handler.o
 .debug_abbrev  0x00001e9f      0x244 drivers/sensors/si114x/Si114x_sys_out.o
 .debug_abbrev  0x000020e3      0x235 drivers/sensors/si114x/slider_algorithm.o
 .debug_abbrev  0x00002318      0x139 drivers/sercom/spi.o
 .debug_abbrev  0x00002451      0x2a9 drivers/sercom/twi.o
 .debug_abbrev  0x000026fa      0x1b2 drivers/sercom/uart.o
 .debug_abbrev  0x000028ac      0x1c2 drivers/timer/timer.o
 .debug_abbrev  0x00002a6e      0x2a0 main.o
 .debug_abbrev  0x00002d0e      0x3fe modules/display/display.o
 .debug_abbrev  0x0000310c      0x2b0 modules/fatfs/ff.o
 .debug_abbrev  0x000033bc      0x3df modules/fatfs/mmc_avr.o
 .debug_abbrev  0x0000379b      0x301 modules/fatfs/sound.o
 .debug_abbrev  0x00003a9c      0x1f4 modules/json/jsmn.o
 .debug_abbrev  0x00003c90      0x1a2 modules/json/json_functions.o
 .debug_abbrev  0x00003e32      0x4b6 modules/menu/menu.o
 .debug_abbrev  0x000042e8      0x1a3 modules/time_functions/time_functions.o
 .debug_abbrev  0x0000448b       0x9b _StackInstrument.o

.debug_line     0x00000000     0xb619
 *(.debug_line .debug_line.* .debug_line_end)
 .debug_line    0x00000000       0x2d 4x6_font.o
 .debug_line    0x0000002d      0x30c drivers/adc/adc.o
 .debug_line    0x00000339      0x251 drivers/clock/clock.o
 .debug_line    0x0000058a      0x1f3 drivers/dac/dac.o
 .debug_line    0x0000077d      0x369 drivers/dma/dma.o
 .debug_line    0x00000ae6      0x1f5 drivers/dma/dma_functions.o
 .debug_line    0x00000cdb      0x442 drivers/eeprom/eeprom.o
 .debug_line    0x0000111d      0x8c6 drivers/esp8266/esp8266.o
 .debug_line    0x000019e3      0x921 drivers/ht1632c/ht1632c.o
 .debug_line    0x00002304      0x31a drivers/port/port.o
 .debug_line    0x0000261e      0x163 drivers/power/power.o
 .debug_line    0x00002781      0x3e4 drivers/rtc/rtc.o
 .debug_line    0x00002b65      0x90a drivers/sensors/si114x/Si114x_functions.o
 .debug_line    0x0000346f      0x3d7 drivers/sensors/si114x/Si114x_handler.o
 .debug_line    0x00003846      0x2c3 drivers/sensors/si114x/Si114x_sys_out.o
 .debug_line    0x00003b09      0x461 drivers/sensors/si114x/slider_algorithm.o
 .debug_line    0x00003f6a      0x1b7 drivers/sercom/spi.o
 .debug_line    0x00004121      0x409 drivers/sercom/twi.o
 .debug_line    0x0000452a      0x240 drivers/sercom/uart.o
 .debug_line    0x0000476a      0x1da drivers/timer/timer.o
 .debug_line    0x00004944      0x4fb main.o
 .debug_line    0x00004e3f     0x1149 modules/display/display.o
 .debug_line    0x00005f88     0x270e modules/fatfs/ff.o
 .debug_line    0x00008696      0x912 modules/fatfs/mmc_avr.o
 .debug_line    0x00008fa8      0x567 modules/fatfs/sound.o
 .debug_line    0x0000950f      0x41a modules/json/jsmn.o
 .debug_line    0x00009929      0x172 modules/json/json_functions.o
 .debug_line    0x00009a9b     0x166e modules/menu/menu.o
 .debug_line    0x0000b109      0x43a modules/time_functions/time_functions.o
 .debug_line    0x0000b543       0xd6 _StackInstrument.o

.debug_frame    0x00000000     0x2fac
 *(.debug_frame)
 .debug_frame   0x00000000       0xa4 drivers/adc/adc.o
 .debug_frame   0x000000a4       0x74 drivers/clock/clock.o
 .debug_frame   0x00000118       0x54 drivers/dac/dac.o
 .debug_frame   0x0000016c      0x178 drivers/dma/dma.o
 .debug_frame   0x000002e4       0xf0 drivers/dma/dma_functions.o
 .debug_frame   0x000003d4      0x198 drivers/eeprom/eeprom.o
 .debug_frame   0x0000056c      0x190 drivers/esp8266/esp8266.o
 .debug_frame   0x000006fc      0x338 drivers/ht1632c/ht1632c.o
 .debug_frame   0x00000a34      0x1b0 drivers/port/port.o
 .debug_frame   0x00000be4       0x24 drivers/power/power.o
 .debug_frame   0x00000c08      0x12c drivers/rtc/rtc.o
 .debug_frame   0x00000d34      0x2b0 drivers/sensors/si114x/Si114x_functions.o
 .debug_frame   0x00000fe4       0xd8 drivers/sensors/si114x/Si114x_handler.o
 .debug_frame   0x000010bc       0xe4 drivers/sensors/si114x/Si114x_sys_out.o
 .debug_frame   0x000011a0       0xc8 drivers/sensors/si114x/slider_algorithm.o
 .debug_frame   0x00001268       0x44 drivers/sercom/spi.o
 .debug_frame   0x000012ac       0xfc drivers/sercom/twi.o
 .debug_frame   0x000013a8       0x78 drivers/sercom/uart.o
 .debug_frame   0x00001420       0x64 drivers/timer/timer.o
 .debug_frame   0x00001484       0x44 main.o
 .debug_frame   0x000014c8      0x6ec modules/display/display.o
 .debug_frame   0x00001bb4      0xb20 modules/fatfs/ff.o
 .debug_frame   0x000026d4      0x218 modules/fatfs/mmc_avr.o
 .debug_frame   0x000028ec      0x10c modules/fatfs/sound.o
 .debug_frame   0x000029f8       0x90 modules/json/jsmn.o
 .debug_frame   0x00002a88       0x9c modules/json/json_functions.o
 .debug_frame   0x00002b24      0x340 modules/menu/menu.o
 .debug_frame   0x00002e64      0x124 modules/time_functions/time_functions.o
 .debug_frame   0x00002f88       0x24 _StackInstrument.o

.debug_str      0x00000000     0x49d4
 *(.debug_str)
 .debug_str     0x00000000      0x1a5 4x6_font.o
                                0x1d9 (size before relaxing)
 .debug_str     0x000001a5      0xccb drivers/adc/adc.o
                                0xed2 (size before relaxing)
 .debug_str     0x00000e70      0x192 drivers/clock/clock.o
                                0x4c7 (size before relaxing)
 .debug_str     0x00001002      0x217 drivers/dac/dac.o
                                0x64d (size before relaxing)
 .debug_str     0x00001219      0x75e drivers/dma/dma.o
                                0xb54 (size before relaxing)
 .debug_str     0x00001977       0x83 drivers/dma/dma_functions.o
                                0x827 (size before relaxing)
 .debug_str     0x000019fa      0x156 drivers/eeprom/eeprom.o
                                0x885 (size before relaxing)
 .debug_str     0x00001b50      0x3b4 drivers/esp8266/esp8266.o
                                0x810 (size before relaxing)
 .debug_str     0x00001f04      0x2c2 drivers/ht1632c/ht1632c.o
                                0x77d (size before relaxing)
 .debug_str     0x000021c6      0x25e drivers/port/port.o
                                0x7c4 (size before relaxing)
 .debug_str     0x00002424       0x71 drivers/power/power.o
                                0x55d (size before relaxing)
 .debug_str     0x00002495      0x2ee drivers/rtc/rtc.o
                                0x703 (size before relaxing)
 .debug_str     0x00002783      0x6b1 drivers/sensors/si114x/Si114x_functions.o
                                0xd3e (size before relaxing)
 .debug_str     0x00002e34       0xc8 drivers/sensors/si114x/Si114x_handler.o
                                0x46e (size before relaxing)
 .debug_str     0x00002efc       0x6b drivers/sensors/si114x/Si114x_sys_out.o
                                0x4f2 (size before relaxing)
 .debug_str     0x00002f67      0x231 drivers/sensors/si114x/slider_algorithm.o
                                0x468 (size before relaxing)
 .debug_str     0x00003198       0xb4 drivers/sercom/spi.o
                                0x575 (size before relaxing)
 .debug_str     0x0000324c      0x26b drivers/sercom/twi.o
                                0x696 (size before relaxing)
 .debug_str     0x000034b7      0x139 drivers/sercom/uart.o
                                0x590 (size before relaxing)
 .debug_str     0x000035f0       0xfe drivers/timer/timer.o
                                0x8ae (size before relaxing)
 .debug_str     0x000036ee      0x12b main.o
                                0x851 (size before relaxing)
 .debug_str     0x00003819      0x524 modules/display/display.o
                                0xbcb (size before relaxing)
 .debug_str     0x00003d3d      0x573 modules/fatfs/ff.o
                                0x72c (size before relaxing)
 .debug_str     0x000042b0      0x123 modules/fatfs/mmc_avr.o
                                0xad1 (size before relaxing)