Archive member included because of file (symbol)

c:/program files/atmel/atmel toolchain/avr8 gcc/native/3.4.1056/avr8-gnu-toolchain/bin/../lib/gcc/avr/4.8.1/../../../../avr/lib/avrxmega4\libm.a(addsf3.o)
                              fft/sampling.o (__addsf3)
c:/program files/atmel/atmel toolchain/avr8 gcc/native/3.4.1056/avr8-gnu-toolchain/bin/../lib/gcc/avr/4.8.1/../../../../avr/lib/avrxmega4\libm.a(addsf3x.o)
                              c:/program files/atmel/atmel toolchain/avr8 gcc/native/3.4.1056/avr8-gnu-toolchain/bin/../lib/gcc/avr/4.8.1/../../../../avr/lib/avrxmega4\libm.a(addsf3.o) (__addsf3x)
c:/program files/atmel/atmel toolchain/avr8 gcc/native/3.4.1056/avr8-gnu-toolchain/bin/../lib/gcc/avr/4.8.1/../../../../avr/lib/avrxmega4\libm.a(fixsfsi.o)
                              adc.o (__fixsfsi)
c:/program files/atmel/atmel toolchain/avr8 gcc/native/3.4.1056/avr8-gnu-toolchain/bin/../lib/gcc/avr/4.8.1/../../../../avr/lib/avrxmega4\libm.a(fixunssfsi.o)
                              c:/program files/atmel/atmel toolchain/avr8 gcc/native/3.4.1056/avr8-gnu-toolchain/bin/../lib/gcc/avr/4.8.1/../../../../avr/lib/avrxmega4\libm.a(fixsfsi.o) (__fixunssfsi)
c:/program files/atmel/atmel toolchain/avr8 gcc/native/3.4.1056/avr8-gnu-toolchain/bin/../lib/gcc/avr/4.8.1/../../../../avr/lib/avrxmega4\libm.a(floatsisf.o)
                              fft/sampling.o (__floatunsisf)
c:/program files/atmel/atmel toolchain/avr8 gcc/native/3.4.1056/avr8-gnu-toolchain/bin/../lib/gcc/avr/4.8.1/../../../../avr/lib/avrxmega4\libm.a(fp_inf.o)
                              c:/program files/atmel/atmel toolchain/avr8 gcc/native/3.4.1056/avr8-gnu-toolchain/bin/../lib/gcc/avr/4.8.1/../../../../avr/lib/avrxmega4\libm.a(addsf3x.o) (__fp_inf)
c:/program files/atmel/atmel toolchain/avr8 gcc/native/3.4.1056/avr8-gnu-toolchain/bin/../lib/gcc/avr/4.8.1/../../../../avr/lib/avrxmega4\libm.a(fp_nan.o)
                              c:/program files/atmel/atmel toolchain/avr8 gcc/native/3.4.1056/avr8-gnu-toolchain/bin/../lib/gcc/avr/4.8.1/../../../../avr/lib/avrxmega4\libm.a(addsf3x.o) (__fp_nan)
c:/program files/atmel/atmel toolchain/avr8 gcc/native/3.4.1056/avr8-gnu-toolchain/bin/../lib/gcc/avr/4.8.1/../../../../avr/lib/avrxmega4\libm.a(fp_pscA.o)
                              c:/program files/atmel/atmel toolchain/avr8 gcc/native/3.4.1056/avr8-gnu-toolchain/bin/../lib/gcc/avr/4.8.1/../../../../avr/lib/avrxmega4\libm.a(addsf3x.o) (__fp_pscA)
c:/program files/atmel/atmel toolchain/avr8 gcc/native/3.4.1056/avr8-gnu-toolchain/bin/../lib/gcc/avr/4.8.1/../../../../avr/lib/avrxmega4\libm.a(fp_pscB.o)
                              c:/program files/atmel/atmel toolchain/avr8 gcc/native/3.4.1056/avr8-gnu-toolchain/bin/../lib/gcc/avr/4.8.1/../../../../avr/lib/avrxmega4\libm.a(addsf3x.o) (__fp_pscB)
c:/program files/atmel/atmel toolchain/avr8 gcc/native/3.4.1056/avr8-gnu-toolchain/bin/../lib/gcc/avr/4.8.1/../../../../avr/lib/avrxmega4\libm.a(fp_round.o)
                              c:/program files/atmel/atmel toolchain/avr8 gcc/native/3.4.1056/avr8-gnu-toolchain/bin/../lib/gcc/avr/4.8.1/../../../../avr/lib/avrxmega4\libm.a(addsf3.o) (__fp_round)
c:/program files/atmel/atmel toolchain/avr8 gcc/native/3.4.1056/avr8-gnu-toolchain/bin/../lib/gcc/avr/4.8.1/../../../../avr/lib/avrxmega4\libm.a(fp_split3.o)
                              c:/program files/atmel/atmel toolchain/avr8 gcc/native/3.4.1056/avr8-gnu-toolchain/bin/../lib/gcc/avr/4.8.1/../../../../avr/lib/avrxmega4\libm.a(addsf3x.o) (__fp_split3)
c:/program files/atmel/atmel toolchain/avr8 gcc/native/3.4.1056/avr8-gnu-toolchain/bin/../lib/gcc/avr/4.8.1/../../../../avr/lib/avrxmega4\libm.a(fp_zero.o)
                              c:/program files/atmel/atmel toolchain/avr8 gcc/native/3.4.1056/avr8-gnu-toolchain/bin/../lib/gcc/avr/4.8.1/../../../../avr/lib/avrxmega4\libm.a(addsf3x.o) (__fp_zero)
c:/program files/atmel/atmel toolchain/avr8 gcc/native/3.4.1056/avr8-gnu-toolchain/bin/../lib/gcc/avr/4.8.1/../../../../avr/lib/avrxmega4\libm.a(mulsf3.o)
                              adc.o (__mulsf3)
c:/program files/atmel/atmel toolchain/avr8 gcc/native/3.4.1056/avr8-gnu-toolchain/bin/../lib/gcc/avr/4.8.1/../../../../avr/lib/avrxmega4\libm.a(mulsf3x.o)
                              c:/program files/atmel/atmel toolchain/avr8 gcc/native/3.4.1056/avr8-gnu-toolchain/bin/../lib/gcc/avr/4.8.1/../../../../avr/lib/avrxmega4\libm.a(mulsf3.o) (__mulsf3x)
c:/program files/atmel/atmel toolchain/avr8 gcc/native/3.4.1056/avr8-gnu-toolchain/bin/../lib/gcc/avr/4.8.1/../../../../avr/lib/avrxmega4\libm.a(round.o)
                              fft/sampling.o (round)
c:/program files/atmel/atmel toolchain/avr8 gcc/native/3.4.1056/avr8-gnu-toolchain/bin/../lib/gcc/avr/4.8.1/../../../../avr/lib/avrxmega4\libm.a(sin.o)
                              fft/sampling.o (sin)
c:/program files/atmel/atmel toolchain/avr8 gcc/native/3.4.1056/avr8-gnu-toolchain/bin/../lib/gcc/avr/4.8.1/../../../../avr/lib/avrxmega4\libm.a(fp_mintl.o)
[...]
Memory Configuration

Name             Origin             Length             Attributes
text             0x00000000         0x00100000         xr
data             0x00802000         0x0000ffa0         rw !x
eeprom           0x00810000         0x00010000         rw !x
fuse             0x00820000         0x00000400         rw !x
lock             0x00830000         0x00000400         rw !x
signature        0x00840000         0x00000400         rw !x
user_signatures  0x00850000         0x00000400         rw !x
*default*        0x00000000         0xffffffff

Linker script and memory map

LOAD c:/program files/atmel/atmel toolchain/avr8 gcc/native/3.4.1056/avr8-gnu-toolchain/bin/../lib/gcc/avr/4.8.1/../../../../avr/lib/avrxmega4/crtx64a4u.o
LOAD 4x6_font.o
LOAD adc.o
LOAD clock.o
LOAD esp8266.o
LOAD fatfs/ff.o
LOAD fatfs/mmc_avr.o
LOAD fatfs/sound.o
LOAD fft/fft.o
LOAD fft/sampling.o
LOAD fft/wff_fht/complexToDecibel.o
LOAD fft/wff_fht/complexToReal.o
LOAD fft/wff_fht/fht.o
LOAD fft/wff_fht/fhtDebug.o
LOAD fft/wff_fht/generateTables.o
LOAD fft/wff_fht/windowing.o
LOAD ht1632c.o
LOAD json/jsmn.o
LOAD main.o
LOAD port.o
LOAD power.o
LOAD rtc.o
LOAD sercom.o
LOAD si114x/Si114x_functions.o
LOAD si114x/Si114x_handler.o
LOAD si114x/Si114x_init.o
LOAD si114x/Si114x_sys_out.o
LOAD si114x/slider_algorithm.o
LOAD uart.o
LOAD usb.o
START GROUP
LOAD c:/program files/atmel/atmel toolchain/avr8 gcc/native/3.4.1056/avr8-gnu-toolchain/bin/../lib/gcc/avr/4.8.1/../../../../avr/lib/avrxmega4\libm.a
END GROUP
START GROUP
LOAD c:/program files/atmel/atmel toolchain/avr8 gcc/native/3.4.1056/avr8-gnu-toolchain/bin/../lib/gcc/avr/4.8.1/avrxmega4\libgcc.a
LOAD c:/program files/atmel/atmel toolchain/avr8 gcc/native/3.4.1056/avr8-gnu-toolchain/bin/../lib/gcc/avr/4.8.1/../../../../avr/lib/avrxmega4\libm.a
LOAD c:/program files/atmel/atmel toolchain/avr8 gcc/native/3.4.1056/avr8-gnu-toolchain/bin/../lib/gcc/avr/4.8.1/../../../../avr/lib/avrxmega4\libc.a
END GROUP

.hash
 *(.hash)

.dynsym
 *(.dynsym)

.dynstr
 *(.dynstr)

.gnu.version
 *(.gnu.version)

.gnu.version_d
 *(.gnu.version_d)

.gnu.version_r
 *(.gnu.version_r)

.rel.init
 *(.rel.init)

.rela.init
 *(.rela.init)

.rel.text
 *(.rel.text)
 *(.rel.text.*)
 *(.rel.gnu.linkonce.t*)

.rela.text
 *(.rela.text)
 *(.rela.text.*)
 *(.rela.gnu.linkonce.t*)

.rel.fini
 *(.rel.fini)

.rela.fini
 *(.rela.fini)

.rel.rodata
 *(.rel.rodata)
 *(.rel.rodata.*)
 *(.rel.gnu.linkonce.r*)

.rela.rodata
 *(.rela.rodata)
 *(.rela.rodata.*)
 *(.rela.gnu.linkonce.r*)

.rel.data
 *(.rel.data)
 *(.rel.data.*)
 *(.rel.gnu.linkonce.d*)

.rela.data
 *(.rela.data)
 *(.rela.data.*)
 *(.rela.gnu.linkonce.d*)

.rel.ctors
 *(.rel.ctors)

.rela.ctors
 *(.rela.ctors)

.rel.dtors
 *(.rel.dtors)

.rela.dtors
 *(.rela.dtors)

.rel.got
 *(.rel.got)

.rela.got
 *(.rela.got)

.rel.bss
 *(.rel.bss)

.rela.bss
 *(.rela.bss)

.rel.plt
 *(.rel.plt)

.rela.plt
 *(.rela.plt)

.text           0x00000000     0x157e
 *(.vectors)
 .vectors       0x00000000      0x1fc c:/program files/atmel/atmel toolchain/avr8 gcc/native/3.4.1056/avr8-gnu-toolchain/bin/../lib/gcc/avr/4.8.1/../../../../avr/lib/avrxmega4/crtx64a4u.o
                0x00000000                __vector_default
                0x00000000                __vectors
 *(.vectors)
 *(.progmem.gcc*)
                0x000001fc                . = ALIGN (0x2)
                0x000001fc                __trampolines_start = .
 *(.trampolines)
 .trampolines   0x000001fc        0x0 linker stubs
 *(.trampolines*)
                0x000001fc                __trampolines_end = .
 *(.progmem*)
                0x000001fc                . = ALIGN (0x2)
 *(.jumptables)
 *(.jumptables*)
 *(.lowtext)
 *(.lowtext*)
                0x000001fc                __ctors_start = .
 *(.ctors)
                0x000001fc                __ctors_end = .
                0x000001fc                __dtors_start = .
 *(.dtors)
                0x000001fc                __dtors_end = .
 SORT(*)(.ctors)
 SORT(*)(.dtors)
 *(.init0)
 .init0         0x000001fc        0x0 c:/program files/atmel/atmel toolchain/avr8 gcc/native/3.4.1056/avr8-gnu-toolchain/bin/../lib/gcc/avr/4.8.1/../../../../avr/lib/avrxmega4/crtx64a4u.o
                0x000001fc                __init
 *(.init0)
 *(.init1)
 *(.init1)
 *(.init2)
 .init2         0x000001fc        0xc c:/program files/atmel/atmel toolchain/avr8 gcc/native/3.4.1056/avr8-gnu-toolchain/bin/../lib/gcc/avr/4.8.1/../../../../avr/lib/avrxmega4/crtx64a4u.o
 *(.init2)
 *(.init3)
 *(.init3)
 *(.init4)
 .init4         0x00000208       0x1a c:/program files/atmel/atmel toolchain/avr8 gcc/native/3.4.1056/avr8-gnu-toolchain/bin/../lib/gcc/avr/4.8.1/avrxmega4\libgcc.a(_copy_data.o)
                0x00000208                __do_copy_data
 .init4         0x00000222       0x10 c:/program files/atmel/atmel toolchain/avr8 gcc/native/3.4.1056/avr8-gnu-toolchain/bin/../lib/gcc/avr/4.8.1/avrxmega4\libgcc.a(_clear_bss.o)
                0x00000222                __do_clear_bss
 *(.init4)
 *(.init5)
 *(.init5)
 *(.init6)
 *(.init6)
 *(.init7)
 *(.init7)
 *(.init8)
 *(.init8)
 *(.init9)
 .init9         0x00000232        0x6 c:/program files/atmel/atmel toolchain/avr8 gcc/native/3.4.1056/avr8-gnu-toolchain/bin/../lib/gcc/avr/4.8.1/../../../../avr/lib/avrxmega4/crtx64a4u.o
 *(.init9)
 *(.text)
 .text          0x00000238        0x2 c:/program files/atmel/atmel toolchain/avr8 gcc/native/3.4.1056/avr8-gnu-toolchain/bin/../lib/gcc/avr/4.8.1/../../../../avr/lib/avrxmega4/crtx64a4u.o
                0x00000238                __vector_38
                0x00000238                __vector_104
                0x00000238                __vector_22
                0x00000238                __vector_63
                0x00000238                __vector_28
                0x00000238                __vector_67
                0x00000238                __vector_1
                0x00000238                __vector_119
                0x00000238                __vector_32
                0x00000238                __vector_75
                0x00000238                __vector_71
                0x00000238                __vector_91
                0x00000238                __vector_34
                0x00000238                __vector_62
                0x00000238                __vector_77
                0x00000238                __vector_102
                0x00000238                __vector_24
                0x00000238                __vector_12
                0x00000238                __vector_55
                0x00000238                __vector_69
                0x00000238                __vector_81
                0x00000238                __vector_90
                0x00000238                __vector_46
                0x00000238                __bad_interrupt
                0x00000238                __vector_122
                0x00000238                __vector_72
                0x00000238                __vector_114
                0x00000238                __vector_6
                0x00000238                __vector_110
                0x00000238                __vector_31
                0x00000238                __vector_92
                0x00000238                __vector_35
                0x00000238                __vector_78
                0x00000238                __vector_74
                0x00000238                __vector_117
                0x00000238                __vector_39
                0x00000238                __vector_107
                0x00000238                __vector_3
                0x00000238                __vector_105
                0x00000238                __vector_98
                0x00000238                __vector_23
                0x00000238                __vector_68
                0x00000238                __vector_30
                0x00000238                __vector_73
                0x00000238                __vector_45
                0x00000238                __vector_25
                0x00000238                __vector_93
                0x00000238                __vector_61
                0x00000238                __vector_11
                0x00000238                __vector_54
                0x00000238                __vector_99
                0x00000238                __vector_13
                0x00000238                __vector_17
                0x00000238                __vector_19
                0x00000238                __vector_56
                0x00000238                __vector_7
                0x00000238                __vector_125
                0x00000238                __vector_49
                0x00000238                __vector_123
                0x00000238                __vector_41
                0x00000238                __vector_86
                0x00000238                __vector_100
                0x00000238                __vector_101
                0x00000238                __vector_64
                0x00000238                __vector_109
                0x00000238                __vector_43
                0x00000238                __vector_27
                0x00000238                __vector_5
                0x00000238                __vector_113
                0x00000238                __vector_33
                0x00000238                __vector_76
                0x00000238                __vector_115
                0x00000238                __vector_47
                0x00000238                __vector_52
                0x00000238                __vector_37
                0x00000238                __vector_95
                0x00000238                __vector_103
                0x00000238                __vector_96
                0x00000238                __vector_89
                0x00000238                __vector_108
                0x00000238                __vector_4
                0x00000238                __vector_44
                0x00000238                __vector_82
                0x00000238                __vector_106
                0x00000238                __vector_118
                0x00000238                __vector_51
                0x00000238                __vector_9
                0x00000238                __vector_2
                0x00000238                __vector_21
                0x00000238                __vector_15
                0x00000238                __vector_36
                0x00000238                __vector_79
                0x00000238                __vector_58
                0x00000238                __vector_70
                0x00000238                __vector_83
                0x00000238                __vector_29
                0x00000238                __vector_60
                0x00000238                __vector_121
                0x00000238                __vector_40
                0x00000238                __vector_85
                0x00000238                __vector_94
                0x00000238                __vector_126
                0x00000238                __vector_8
                0x00000238                __vector_26
                0x00000238                __vector_48
                0x00000238                __vector_124
                0x00000238                __vector_116
                0x00000238                __vector_112
                0x00000238                __vector_111
                0x00000238                __vector_80
                0x00000238                __vector_84
                0x00000238                __vector_57
                0x00000238                __vector_53
                0x00000238                __vector_50
                0x00000238                __vector_16
                0x00000238                __vector_59
                0x00000238                __vector_18
                0x00000238                __vector_97
                0x00000238                __vector_42
                0x00000238                __vector_87
                0x00000238                __vector_65
                0x00000238                __vector_120
                0x0000023a                . = ALIGN (0x2)
 *(.text.*)
 .text.clock_setup_32_mhz
                0x0000023a       0x1e clock.o
                0x0000023a                clock_setup_32_mhz
 .text.esp8266_on
                0x00000258       0x22 esp8266.o
                0x00000258                esp8266_on
 .text.esp8266_setup_webserver
                0x0000027a      0x150 esp8266.o
                0x0000027a                esp8266_setup_webserver
 .text.__vector_88
                0x000003ca       0x56 esp8266.o
                0x000003ca                __vector_88
 .text.__vector_14
                0x00000420       0xe8 fatfs/sound.o
                0x00000420                __vector_14
 .text.ht1632c_begin
                0x00000508      0x55a ht1632c.o
                0x00000508                ht1632c_begin
 .text.ht1632c_setBrightness
                0x00000a62      0x11e ht1632c.o
                0x00000a62                ht1632c_setBrightness
 .text.ht1632c_writeScreen
                0x00000b80      0x2b4 ht1632c.o
                0x00000b80                ht1632c_writeScreen
 .text.ht1632c_clearScreen
                0x00000e34       0x10 ht1632c.o
                0x00000e34                ht1632c_clearScreen
 .text.jsmn_init
                0x00000e44       0x14 json/jsmn.o
                0x00000e44                jsmn_init
 .text.startup.main
                0x00000e58       0x4a main.o
                0x00000e58                main
 .text.__vector_20
                0x00000ea2       0x2e main.o
                0x00000ea2                __vector_20
 .text.__vector_66
                0x00000ed0       0x4e port.o
                0x00000ed0                __vector_66
 .text.__vector_10
                0x00000f1e       0x86 rtc.o
                0x00000f1e                __vector_10
 .text.uart_setup
                0x00000fa4       0x22 uart.o
                0x00000fa4                uart_setup
 .text.uart_put_char
                0x00000fc6        0xe uart.o
                0x00000fc6                uart_put_char
 .text.uart_get_char
                0x00000fd4        0xe uart.o
                0x00000fd4                uart_get_char
 .text.avr-libc
                0x00000fe2       0x22 c:/program files/atmel/atmel toolchain/avr8 gcc/native/3.4.1056/avr8-gnu-toolchain/bin/../lib/gcc/avr/4.8.1/../../../../avr/lib/avrxmega4\libc.a(printf.o)
                0x00000fe2                printf
 .text.avr-libc
                0x00001004       0x5a c:/program files/atmel/atmel toolchain/avr8 gcc/native/3.4.1056/avr8-gnu-toolchain/bin/../lib/gcc/avr/4.8.1/../../../../avr/lib/avrxmega4\libc.a(puts.o)
                0x00001004                puts
 .text.avr-libc
                0x0000105e      0x3d0 c:/program files/atmel/atmel toolchain/avr8 gcc/native/3.4.1056/avr8-gnu-toolchain/bin/../lib/gcc/avr/4.8.1/../../../../avr/lib/avrxmega4\libc.a(vfprintf_std.o)
                0x0000105e                vfprintf
 .text.avr-libc
                0x0000142e       0x16 c:/program files/atmel/atmel toolchain/avr8 gcc/native/3.4.1056/avr8-gnu-toolchain/bin/../lib/gcc/avr/4.8.1/../../../../avr/lib/avrxmega4\libc.a(strnlen_P.o)
                0x0000142e                strnlen_P
 .text.avr-libc
                0x00001444       0x16 c:/program files/atmel/atmel toolchain/avr8 gcc/native/3.4.1056/avr8-gnu-toolchain/bin/../lib/gcc/avr/4.8.1/../../../../avr/lib/avrxmega4\libc.a(strnlen.o)
                0x00001444                strnlen
 .text.avr-libc
                0x0000145a       0x64 c:/program files/atmel/atmel toolchain/avr8 gcc/native/3.4.1056/avr8-gnu-toolchain/bin/../lib/gcc/avr/4.8.1/../../../../avr/lib/avrxmega4\libc.a(fputc.o)
                0x0000145a                fputc
 .text.avr-libc
                0x000014be       0xbc c:/program files/atmel/atmel toolchain/avr8 gcc/native/3.4.1056/avr8-gnu-toolchain/bin/../lib/gcc/avr/4.8.1/../../../../avr/lib/avrxmega4\libc.a(ultoa_invert.o)
                0x000014be                __ultoa_invert
                0x0000157a                . = ALIGN (0x2)
 *(.fini9)
 .fini9         0x0000157a        0x0 c:/program files/atmel/atmel toolchain/avr8 gcc/native/3.4.1056/avr8-gnu-toolchain/bin/../lib/gcc/avr/4.8.1/avrxmega4\libgcc.a(_exit.o)
                0x0000157a                _exit
                0x0000157a                exit
 *(.fini9)
 *(.fini8)
 *(.fini8)
 *(.fini7)
 *(.fini7)
 *(.fini6)
 *(.fini6)
 *(.fini5)
 *(.fini5)
 *(.fini4)
 *(.fini4)
 *(.fini3)
 *(.fini3)
 *(.fini2)
 *(.fini2)
 *(.fini1)
 *(.fini1)
 *(.fini0)
 .fini0         0x0000157a        0x4 c:/program files/atmel/atmel toolchain/avr8 gcc/native/3.4.1056/avr8-gnu-toolchain/bin/../lib/gcc/avr/4.8.1/avrxmega4\libgcc.a(_exit.o)
 *(.fini0)
                0x0000157e                _etext = .

.data           0x00802000      0x128 load address 0x0000157e
                0x00802000                PROVIDE (__data_start, .)
 *(.data)
 .data          0x00802000        0x0 c:/program files/atmel/atmel toolchain/avr8 gcc/native/3.4.1056/avr8-gnu-toolchain/bin/../lib/gcc/avr/4.8.1/../../../../avr/lib/avrxmega4/crtx64a4u.o
 .data          0x00802000        0x0 4x6_font.o
 .data          0x00802000        0x0 adc.o
 .data          0x00802000        0x0 clock.o
 .data          0x00802000        0x0 esp8266.o
 .data          0x00802000        0x0 fatfs/ff.o
 .data          0x00802000        0x0 fatfs/mmc_avr.o
 .data          0x00802000        0x0 fatfs/sound.o
 .data          0x00802000        0x0 fft/fft.o
 .data          0x00802000        0x0 fft/sampling.o
 .data          0x00802000        0x0 fft/wff_fht/complexToDecibel.o
 .data          0x00802000        0x0 fft/wff_fht/complexToReal.o
 .data          0x00802000        0x0 fft/wff_fht/fht.o
 .data          0x00802000        0x0 fft/wff_fht/fhtDebug.o
 .data          0x00802000        0x0 fft/wff_fht/generateTables.o
 .data          0x00802000        0x0 fft/wff_fht/windowing.o
 .data          0x00802000        0x0 ht1632c.o
 .data          0x00802000        0x0 json/jsmn.o
 .data          0x00802000        0x0 main.o
 .data          0x00802000        0x0 port.o
 .data          0x00802000        0x0 power.o
 .data          0x00802000        0x0 rtc.o
 .data          0x00802000        0x0 sercom.o
 .data          0x00802000        0x0 si114x/Si114x_functions.o
 .data          0x00802000        0x0 si114x/Si114x_handler.o
 .data          0x00802000        0x0 si114x/Si114x_init.o
 .data          0x00802000        0x0 si114x/Si114x_sys_out.o
 .data          0x00802000        0x0 si114x/slider_algorithm.o
 .data          0x00802000        0x0 uart.o
 .data          0x00802000        0x0 usb.o
 .data          0x00802000        0x0 c:/program files/atmel/atmel toolchain/avr8 gcc/native/3.4.1056/avr8-gnu-toolchain/bin/../lib/gcc/avr/4.8.1/../../../../avr/lib/avrxmega4\libm.a(addsf3.o)
 .data          0x00802000        0x0 c:/program files/atmel/atmel toolchain/avr8 gcc/native/3.4.1056/avr8-gnu-toolchain/bin/../lib/gcc/avr/4.8.1/../../../../avr/lib/avrxmega4\libm.a(addsf3x.o)
 .data          0x00802000        0x0 c:/program files/atmel/atmel toolchain/avr8 gcc/native/3.4.1056/avr8-gnu-toolchain/bin/../lib/gcc/avr/4.8.1/../../../../avr/lib/avrxmega4\libm.a(fixsfsi.o)
 .data          0x00802000        0x0 c:/program files/atmel/atmel toolchain/avr8 gcc/native/3.4.1056/avr8-gnu-toolchain/bin/../lib/gcc/avr/4.8.1/../../../../avr/lib/avrxmega4\libm.a(fixunssfsi.o)
 .data          0x00802000        0x0 c:/program files/atmel/atmel toolchain/avr8 gcc/native/3.4.1056/avr8-gnu-toolchain/bin/../lib/gcc/avr/4.8.1/../../../../avr/lib/avrxmega4\libm.a(floatsisf.o)
 .data          0x00802000        0x0 c:/program files/atmel/atmel toolchain/avr8 gcc/native/3.4.1056/avr8-gnu-toolchain/bin/../lib/gcc/avr/4.8.1/../../../../avr/lib/avrxmega4\libm.a(fp_inf.o)
 .data          0x00802000        0x0 c:/program files/atmel/atmel toolchain/avr8 gcc/native/3.4.1056/avr8-gnu-toolchain/bin/../lib/gcc/avr/4.8.1/../../../../avr/lib/avrxmega4\libm.a(fp_nan.o)
 .data          0x00802000        0x0 c:/program files/atmel/atmel toolchain/avr8 gcc/native/3.4.1056/avr8-gnu-toolchain/bin/../lib/gcc/avr/4.8.1/../../../../avr/lib/avrxmega4\libm.a(fp_pscA.o)
 .data          0x00802000        0x0 c:/program files/atmel/atmel toolchain/avr8 gcc/native/3.4.1056/avr8-gnu-toolchain/bin/../lib/gcc/avr/4.8.1/../../../../avr/lib/avrxmega4\libm.a(fp_pscB.o)
 .data          0x00802000        0x0 c:/program files/atmel/atmel toolchain/avr8 gcc/native/3.4.1056/avr8-gnu-toolchain/bin/../lib/gcc/avr/4.8.1/../../../../avr/lib/avrxmega4\libm.a(fp_round.o)
 .data          0x00802000        0x0 c:/program files/atmel/atmel toolchain/avr8 gcc/native/3.4.1056/avr8-gnu-toolchain/bin/../lib/gcc/avr/4.8.1/../../../../avr/lib/avrxmega4\libm.a(fp_split3.o)
 .data          0x00802000        0x0 c:/program files/atmel/atmel toolchain/avr8 gcc/native/3.4.1056/avr8-gnu-toolchain/bin/../lib/gcc/avr/4.8.1/../../../../avr/lib/avrxmega4\libm.a(fp_zero.o)
 .data          0x00802000        0x0 c:/program files/atmel/atmel toolchain/avr8 gcc/native/3.4.1056/avr8-gnu-toolchain/bin/../lib/gcc/avr/4.8.1/../../../../avr/lib/avrxmega4\libm.a(mulsf3.o)
 .data          0x00802000        0x0 c:/program files/atmel/atmel toolchain/avr8 gcc/native/3.4.1056/avr8-gnu-toolchain/bin/../lib/gcc/avr/4.8.1/../../../../avr/lib/avrxmega4\libm.a(mulsf3x.o)
 .data          0x00802000        0x0 c:/program files/atmel/atmel toolchain/avr8 gcc/native/3.4.1056/avr8-gnu-toolchain/bin/../lib/gcc/avr/4.8.1/../../../../avr/lib/avrxmega4\libm.a(round.o)
 .data          0x00802000        0x0 c:/program files/atmel/atmel toolchain/avr8 gcc/native/3.4.1056/avr8-gnu-toolchain/bin/../lib/gcc/avr/4.8.1/../../../../avr/lib/avrxmega4\libm.a(sin.o)
 .data          0x00802000        0x0 c:/program files/atmel/atmel toolchain/avr8 gcc/native/3.4.1056/avr8-gnu-toolchain/bin/../lib/gcc/avr/4.8.1/../../../../avr/lib/avrxmega4\libm.a(fp_mintl.o)
 .data          0x00802000        0x0 c:/program files/atmel/atmel toolchain/avr8 gcc/native/3.4.1056/avr8-gnu-toolchain/bin/../lib/gcc/avr/4.8.1/../../../../avr/lib/avrxmega4\libm.a(fp_mpack.o)
 .data          0x00802000        0x0 c:/program files/atmel/atmel toolchain/avr8 gcc/native/3.4.1056/avr8-gnu-toolchain/bin/../lib/gcc/avr/4.8.1/../../../../avr/lib/avrxmega4\libm.a(fp_rempio2.o)
 .data          0x00802000        0x0 c:/program files/atmel/atmel toolchain/avr8 gcc/native/3.4.1056/avr8-gnu-toolchain/bin/../lib/gcc/avr/4.8.1/../../../../avr/lib/avrxmega4\libm.a(fp_sinus.o)
 .data          0x00802000        0x0 c:/program files/atmel/atmel toolchain/avr8 gcc/native/3.4.1056/avr8-gnu-toolchain/bin/../lib/gcc/avr/4.8.1/../../../../avr/lib/avrxmega4\libm.a(fp_powsodd.o)
 .data          0x00802000        0x0 c:/program files/atmel/atmel toolchain/avr8 gcc/native/3.4.1056/avr8-gnu-toolchain/bin/../lib/gcc/avr/4.8.1/../../../../avr/lib/avrxmega4\libm.a(fp_powser.o)
 .data          0x00802000        0x0 c:/program files/atmel/atmel toolchain/avr8 gcc/native/3.4.1056/avr8-gnu-toolchain/bin/../lib/gcc/avr/4.8.1/avrxmega4\libgcc.a(_mulsi3.o)
 .data          0x00802000        0x0 c:/program files/atmel/atmel toolchain/avr8 gcc/native/3.4.1056/avr8-gnu-toolchain/bin/../lib/gcc/avr/4.8.1/avrxmega4\libgcc.a(_divmodhi4.o)
 .data          0x00802000        0x0 c:/program files/atmel/atmel toolchain/avr8 gcc/native/3.4.1056/avr8-gnu-toolchain/bin/../lib/gcc/avr/4.8.1/avrxmega4\libgcc.a(_udivmodsi4.o)
 .data          0x00802000        0x0 c:/program files/atmel/atmel toolchain/avr8 gcc/native/3.4.1056/avr8-gnu-toolchain/bin/../lib/gcc/avr/4.8.1/avrxmega4\libgcc.a(_exit.o)
 .data          0x00802000        0x0 c:/program files/atmel/atmel toolchain/avr8 gcc/native/3.4.1056/avr8-gnu-toolchain/bin/../lib/gcc/avr/4.8.1/avrxmega4\libgcc.a(_tablejump.o)
 .data          0x00802000        0x0 c:/program files/atmel/atmel toolchain/avr8 gcc/native/3.4.1056/avr8-gnu-toolchain/bin/../lib/gcc/avr/4.8.1/avrxmega4\libgcc.a(_copy_data.o)
 .data          0x00802000        0x0 c:/program files/atmel/atmel toolchain/avr8 gcc/native/3.4.1056/avr8-gnu-toolchain/bin/../lib/gcc/avr/4.8.1/avrxmega4\libgcc.a(_clear_bss.o)
 .data          0x00802000        0x0 c:/program files/atmel/atmel toolchain/avr8 gcc/native/3.4.1056/avr8-gnu-toolchain/bin/../lib/gcc/avr/4.8.1/avrxmega4\libgcc.a(_mulhisi3.o)
 .data          0x00802000        0x0 c:/program files/atmel/atmel toolchain/avr8 gcc/native/3.4.1056/avr8-gnu-toolchain/bin/../lib/gcc/avr/4.8.1/avrxmega4\libgcc.a(_umulhisi3.o)
 .data          0x00802000        0x0 c:/program files/atmel/atmel toolchain/avr8 gcc/native/3.4.1056/avr8-gnu-toolchain/bin/../lib/gcc/avr/4.8.1/avrxmega4\libgcc.a(_usmulhisi3.o)
 .data          0x00802000        0x0 c:/program files/atmel/atmel toolchain/avr8 gcc/native/3.4.1056/avr8-gnu-toolchain/bin/../lib/gcc/avr/4.8.1/avrxmega4\libgcc.a(_muluhisi3.o)
 .data          0x00802000        0x0 c:/program files/atmel/atmel toolchain/avr8 gcc/native/3.4.1056/avr8-gnu-toolchain/bin/../lib/gcc/avr/4.8.1/avrxmega4\libgcc.a(_udivmodhi4.o)
 .data          0x00802000        0x4 c:/program files/atmel/atmel toolchain/avr8 gcc/native/3.4.1056/avr8-gnu-toolchain/bin/../lib/gcc/avr/4.8.1/../../../../avr/lib/avrxmega4\libc.a(rand.o)
 .data          0x00802004        0x0 c:/program files/atmel/atmel toolchain/avr8 gcc/native/3.4.1056/avr8-gnu-toolchain/bin/../lib/gcc/avr/4.8.1/../../../../avr/lib/avrxmega4\libc.a(memcpy.o)
 .data          0x00802004        0x0 c:/program files/atmel/atmel toolchain/avr8 gcc/native/3.4.1056/avr8-gnu-toolchain/bin/../lib/gcc/avr/4.8.1/../../../../avr/lib/avrxmega4\libc.a(memmove.o)
 .data          0x00802004        0x0 c:/program files/atmel/atmel toolchain/avr8 gcc/native/3.4.1056/avr8-gnu-toolchain/bin/../lib/gcc/avr/4.8.1/../../../../avr/lib/avrxmega4\libc.a(memset.o)
 .data          0x00802004        0x0 c:/program files/atmel/atmel toolchain/avr8 gcc/native/3.4.1056/avr8-gnu-toolchain/bin/../lib/gcc/avr/4.8.1/../../../../avr/lib/avrxmega4\libc.a(strchr.o)
 .data          0x00802004        0x0 c:/program files/atmel/atmel toolchain/avr8 gcc/native/3.4.1056/avr8-gnu-toolchain/bin/../lib/gcc/avr/4.8.1/../../../../avr/lib/avrxmega4\libc.a(strcpy.o)
 .data          0x00802004        0x0 c:/program files/atmel/atmel toolchain/avr8 gcc/native/3.4.1056/avr8-gnu-toolchain/bin/../lib/gcc/avr/4.8.1/../../../../avr/lib/avrxmega4\libc.a(strncpy.o)
 .data          0x00802004        0x0 c:/program files/atmel/atmel toolchain/avr8 gcc/native/3.4.1056/avr8-gnu-toolchain/bin/../lib/gcc/avr/4.8.1/../../../../avr/lib/avrxmega4\libc.a(strrchr.o)
 .data          0x00802004        0x0 c:/program files/atmel/atmel toolchain/avr8 gcc/native/3.4.1056/avr8-gnu-toolchain/bin/../lib/gcc/avr/4.8.1/../../../../avr/lib/avrxmega4\libc.a(strstr.o)
 .data          0x00802004        0x0 c:/program files/atmel/atmel toolchain/avr8 gcc/native/3.4.1056/avr8-gnu-toolchain/bin/../lib/gcc/avr/4.8.1/../../../../avr/lib/avrxmega4\libc.a(iob.o)
 .data          0x00802004        0x0 c:/program files/atmel/atmel toolchain/avr8 gcc/native/3.4.1056/avr8-gnu-toolchain/bin/../lib/gcc/avr/4.8.1/../../../../avr/lib/avrxmega4\libc.a(printf.o)
 .data          0x00802004        0x0 c:/program files/atmel/atmel toolchain/avr8 gcc/native/3.4.1056/avr8-gnu-toolchain/bin/../lib/gcc/avr/4.8.1/../../../../avr/lib/avrxmega4\libc.a(putchar.o)
 .data          0x00802004        0x0 c:/program files/atmel/atmel toolchain/avr8 gcc/native/3.4.1056/avr8-gnu-toolchain/bin/../lib/gcc/avr/4.8.1/../../../../avr/lib/avrxmega4\libc.a(puts.o)
 .data          0x00802004        0x0 c:/program files/atmel/atmel toolchain/avr8 gcc/native/3.4.1056/avr8-gnu-toolchain/bin/../lib/gcc/avr/4.8.1/../../../../avr/lib/avrxmega4\libc.a(sprintf.o)
 .data          0x00802004        0x0 c:/program files/atmel/atmel toolchain/avr8 gcc/native/3.4.1056/avr8-gnu-toolchain/bin/../lib/gcc/avr/4.8.1/../../../../avr/lib/avrxmega4\libc.a(vfprintf_std.o)
 .data          0x00802004        0x0 c:/program files/atmel/atmel toolchain/avr8 gcc/native/3.4.1056/avr8-gnu-toolchain/bin/../lib/gcc/avr/4.8.1/../../../../avr/lib/avrxmega4\libc.a(strnlen_P.o)
 .data          0x00802004        0x0 c:/program files/atmel/atmel toolchain/avr8 gcc/native/3.4.1056/avr8-gnu-toolchain/bin/../lib/gcc/avr/4.8.1/../../../../avr/lib/avrxmega4\libc.a(strnlen.o)
 .data          0x00802004        0x0 c:/program files/atmel/atmel toolchain/avr8 gcc/native/3.4.1056/avr8-gnu-toolchain/bin/../lib/gcc/avr/4.8.1/../../../../avr/lib/avrxmega4\libc.a(fputc.o)
 .data          0x00802004        0x0 c:/program files/atmel/atmel toolchain/avr8 gcc/native/3.4.1056/avr8-gnu-toolchain/bin/../lib/gcc/avr/4.8.1/../../../../avr/lib/avrxmega4\libc.a(ultoa_invert.o)
 .data          0x00802004        0x0 c:/program files/atmel/atmel toolchain/avr8 gcc/native/3.4.1056/avr8-gnu-toolchain/bin/../lib/gcc/avr/4.8.1/avrxmega4\libgcc.a(_divmodsi4.o)
 .data          0x00802004        0x0 c:/program files/atmel/atmel toolchain/avr8 gcc/native/3.4.1056/avr8-gnu-toolchain/bin/../lib/gcc/avr/4.8.1/avrxmega4\libgcc.a(_negsi2.o)
 .data          0x00802004        0x0 c:/program files/atmel/atmel toolchain/avr8 gcc/native/3.4.1056/avr8-gnu-toolchain/bin/../lib/gcc/avr/4.8.1/avrxmega4\libgcc.a(_mulshisi3.o)
 *(.data*)
 .data.mystdout
                0x00802004        0xe main.o
 *(.rodata)
 *(.rodata*)
 .rodata.str1.1
                0x00802012       0xb7 esp8266.o
                                 0xb8 (size before relaxing)
 .rodata.str1.1
                0x008020c9       0x5e main.o
                                 0x5f (size before relaxing)
 *(.gnu.linkonce.d*)
                0x00802128                . = ALIGN (0x2)
 *fill*         0x00802127        0x1 
                0x00802128                _edata = .
                0x00802128                PROVIDE (__data_end, .)

.bss            0x00802128      0x4ae
                0x00802128                PROVIDE (__bss_start, .)
 *(.bss)
 *(.bss*)
 .bss.rx_buffer
                0x00802128      0x3e8 esp8266.o
 .bss.rx_ptr    0x00802510        0x2 esp8266.o
 .bss.counter   0x00802512        0x2 main.o
 *(COMMON)
 COMMON         0x00802514       0x83 fatfs/sound.o
                0x00802514                full
                0x00802515                fht_array
                0x00802555                fx
                0x00802595                WavFifo
 COMMON         0x00802597       0x32 ht1632c.o
                0x00802597                cursor_y
                0x00802598                cursor_x
                0x00802599                ledmatrix
 COMMON         0x008025c9        0x7 rtc.o
                0x008025c9                time
 COMMON         0x008025d0        0x6 c:/program files/atmel/atmel toolchain/avr8 gcc/native/3.4.1056/avr8-gnu-toolchain/bin/../lib/gcc/avr/4.8.1/../../../../avr/lib/avrxmega4\libc.a(iob.o)
                0x008025d0                __iob
                0x008025d6                PROVIDE (__bss_end, .)
                0x0000157e                __data_load_start = LOADADDR (.data)
                0x000016a6                __data_load_end = (__data_load_start + SIZEOF (.data))

.noinit         0x008025d6        0x0
                0x008025d6                PROVIDE (__noinit_start, .)
 *(.noinit*)
                0x008025d6                PROVIDE (__noinit_end, .)
                0x008025d6                _end = .
                0x008025d6                PROVIDE (__heap_start, .)

.eeprom         0x00810000        0x0
 *(.eeprom*)
                0x00810000                __eeprom_end = .

.fuse
 *(.fuse)
 *(.lfuse)
 *(.hfuse)
 *(.efuse)

.lock
 *(.lock*)

.signature
 *(.signature*)

.user_signatures
 *(.user_signatures*)

.stab
 *(.stab)

.stabstr
 *(.stabstr)

.stab.excl
 *(.stab.excl)

.stab.exclstr
 *(.stab.exclstr)

.stab.index
 *(.stab.index)

.stab.indexstr
 *(.stab.indexstr)

.comment        0x00000000       0x5c
 *(.comment)
 .comment       0x00000000       0x30 4x6_font.o
                                 0x31 (size before relaxing)
 .comment       0x00000000       0x31 adc.o
 .comment       0x00000000       0x31 clock.o
 .comment       0x00000000       0x31 esp8266.o
 .comment       0x00000000       0x31 fatfs/ff.o
 .comment       0x00000000       0x31 fatfs/mmc_avr.o
 .comment       0x00000000       0x31 fatfs/sound.o
 .comment       0x00000000       0x31 fft/fft.o
 .comment       0x00000000       0x31 fft/sampling.o
 .comment       0x00000000       0x31 fft/wff_fht/complexToDecibel.o
 .comment       0x00000000       0x31 fft/wff_fht/complexToReal.o
 .comment       0x00000000       0x31 fft/wff_fht/fht.o
 .comment       0x00000000       0x31 fft/wff_fht/fhtDebug.o
 .comment       0x00000000       0x31 fft/wff_fht/generateTables.o
 .comment       0x00000000       0x31 fft/wff_fht/windowing.o
 .comment       0x00000000       0x31 ht1632c.o
 .comment       0x00000000       0x31 json/jsmn.o
 .comment       0x00000000       0x31 main.o
 .comment       0x00000000       0x31 port.o
 .comment       0x00000000       0x31 power.o
 .comment       0x00000000       0x31 rtc.o
 .comment       0x00000000       0x31 sercom.o
 .comment       0x00000000       0x31 si114x/Si114x_functions.o
 .comment       0x00000000       0x31 si114x/Si114x_handler.o
 .comment       0x00000000       0x31 si114x/Si114x_init.o
 .comment       0x00000000       0x31 si114x/Si114x_sys_out.o
 .comment       0x00000000       0x31 si114x/slider_algorithm.o
 .comment       0x00000000       0x31 uart.o
 .comment       0x00000000       0x31 usb.o
 .comment       0x00000000       0x31 c:/program files/atmel/atmel toolchain/avr8 gcc/native/3.4.1056/avr8-gnu-toolchain/bin/../lib/gcc/avr/4.8.1/../../../../avr/lib/avrxmega4\libc.a(rand.o)
 .comment       0x00000000       0x31 c:/program files/atmel/atmel toolchain/avr8 gcc/native/3.4.1056/avr8-gnu-toolchain/bin/../lib/gcc/avr/4.8.1/../../../../avr/lib/avrxmega4\libc.a(iob.o)
 .comment       0x00000000       0x31 c:/program files/atmel/atmel toolchain/avr8 gcc/native/3.4.1056/avr8-gnu-toolchain/bin/../lib/gcc/avr/4.8.1/../../../../avr/lib/avrxmega4\libc.a(printf.o)
 .comment       0x00000000       0x31 c:/program files/atmel/atmel toolchain/avr8 gcc/native/3.4.1056/avr8-gnu-toolchain/bin/../lib/gcc/avr/4.8.1/../../../../avr/lib/avrxmega4\libc.a(putchar.o)
 .comment       0x00000000       0x31 c:/program files/atmel/atmel toolchain/avr8 gcc/native/3.4.1056/avr8-gnu-toolchain/bin/../lib/gcc/avr/4.8.1/../../../../avr/lib/avrxmega4\libc.a(puts.o)
 .comment       0x00000000       0x31 c:/program files/atmel/atmel toolchain/avr8 gcc/native/3.4.1056/avr8-gnu-toolchain/bin/../lib/gcc/avr/4.8.1/../../../../avr/lib/avrxmega4\libc.a(sprintf.o)
 .comment       0x00000030       0x2c c:/program files/atmel/atmel toolchain/avr8 gcc/native/3.4.1056/avr8-gnu-toolchain/bin/../lib/gcc/avr/4.8.1/../../../../avr/lib/avrxmega4\libc.a(vfprintf_std.o)
                                 0x2d (size before relaxing)
 .comment       0x00000000       0x31 c:/program files/atmel/atmel toolchain/avr8 gcc/native/3.4.1056/avr8-gnu-toolchain/bin/../lib/gcc/avr/4.8.1/../../../../avr/lib/avrxmega4\libc.a(fputc.o)

.note.gnu.build-id
 *(.note.gnu.build-id)

.debug
 *(.debug)

.line
 *(.line)

.debug_srcinfo
 *(.debug_srcinfo)

.debug_sfnames
 *(.debug_sfnames)

.debug_aranges  0x00000000      0x7e8
 *(.debug_aranges)
 .debug_aranges
                0x00000000       0x18 4x6_font.o
 .debug_aranges
                0x00000018       0x38 adc.o
 .debug_aranges
                0x00000050       0x38 clock.o
 .debug_aranges
                0x00000088       0x68 esp8266.o
 .debug_aranges
                0x000000f0      0x150 fatfs/ff.o
 .debug_aranges
                0x00000240       0x58 fatfs/mmc_avr.o
 .debug_aranges
                0x00000298       0x40 fatfs/sound.o
 .debug_aranges
                0x000002d8       0x28 fft/fft.o
 .debug_aranges
                0x00000300       0x20 fft/sampling.o
 .debug_aranges
                0x00000320       0x28 fft/wff_fht/complexToDecibel.o
 .debug_aranges
                0x00000348       0x20 fft/wff_fht/complexToReal.o
 .debug_aranges
                0x00000368       0x20 fft/wff_fht/fht.o
 .debug_aranges
                0x00000388       0x18 fft/wff_fht/fhtDebug.o
 .debug_aranges
                0x000003a0       0x18 fft/wff_fht/generateTables.o
 .debug_aranges
                0x000003b8       0x28 fft/wff_fht/windowing.o
 .debug_aranges
                0x000003e0      0x108 ht1632c.o
 .debug_aranges
                0x000004e8       0x28 json/jsmn.o
 .debug_aranges
                0x00000510       0x50 main.o
 .debug_aranges
                0x00000560       0x38 port.o
 .debug_aranges
                0x00000598       0x20 power.o
 .debug_aranges
                0x000005b8       0x48 rtc.o
 .debug_aranges
                0x00000600       0x58 sercom.o
 .debug_aranges
                0x00000658       0x80 si114x/Si114x_functions.o
 .debug_aranges
                0x000006d8       0x38 si114x/Si114x_handler.o
 .debug_aranges
                0x00000710       0x50 si114x/Si114x_sys_out.o
 .debug_aranges
                0x00000760       0x28 si114x/slider_algorithm.o
 .debug_aranges
                0x00000788       0x40 uart.o
 .debug_aranges
                0x000007c8       0x20 usb.o

.debug_pubnames
 *(.debug_pubnames)

.debug_info     0x00000000    0x198e0
 *(.debug_info .gnu.linkonce.wi.*)
 .debug_info    0x00000000       0x7e 4x6_font.o
 .debug_info    0x0000007e      0x8f8 adc.o
 .debug_info    0x00000976      0x203 clock.o
 .debug_info    0x00000b79     0x10fd esp8266.o
 .debug_info    0x00001c76     0x9de4 fatfs/ff.o
 .debug_info    0x0000ba5a     0x1abc fatfs/mmc_avr.o
 .debug_info    0x0000d516     0x143f fatfs/sound.o
 .debug_info    0x0000e955      0x35a fft/fft.o
 .debug_info    0x0000ecaf      0x210 fft/sampling.o
 .debug_info    0x0000eebf      0x1c2 fft/wff_fht/complexToDecibel.o
 .debug_info    0x0000f081       0xf7 fft/wff_fht/complexToReal.o
 .debug_info    0x0000f178      0x1b9 fft/wff_fht/fht.o
 .debug_info    0x0000f331       0x5d fft/wff_fht/fhtDebug.o
 .debug_info    0x0000f38e       0x5d fft/wff_fht/generateTables.o
 .debug_info    0x0000f3eb      0x20a fft/wff_fht/windowing.o
 .debug_info    0x0000f5f5     0x28e7 ht1632c.o
 .debug_info    0x00011edc      0x575 json/jsmn.o
 .debug_info    0x00012451     0x13a3 main.o
 .debug_info    0x000137f4      0x342 port.o
 .debug_info    0x00013b36      0x356 power.o
 .debug_info    0x00013e8c      0xc6e rtc.o
 .debug_info    0x00014afa      0x6b5 sercom.o
 .debug_info    0x000151af     0x2bc0 si114x/Si114x_functions.o
 .debug_info    0x00017d6f      0x787 si114x/Si114x_handler.o
 .debug_info    0x000184f6      0x402 si114x/Si114x_sys_out.o
 .debug_info    0x000188f8      0x73b si114x/slider_algorithm.o
 .debug_info    0x00019033      0x42d uart.o
 .debug_info    0x00019460      0x480 usb.o

.debug_abbrev   0x00000000     0x3204
 *(.debug_abbrev)
 .debug_abbrev  0x00000000       0x4c 4x6_font.o
 .debug_abbrev  0x0000004c      0x247 adc.o
 .debug_abbrev  0x00000293       0xb9 clock.o
 .debug_abbrev  0x0000034c      0x333 esp8266.o
 .debug_abbrev  0x0000067f      0x321 fatfs/ff.o
 .debug_abbrev  0x000009a0      0x30d fatfs/mmc_avr.o
 .debug_abbrev  0x00000cad      0x30e fatfs/sound.o
 .debug_abbrev  0x00000fbb      0x1c1 fft/fft.o
 .debug_abbrev  0x0000117c      0x134 fft/sampling.o
 .debug_abbrev  0x000012b0       0xbc fft/wff_fht/complexToDecibel.o
 .debug_abbrev  0x0000136c       0x98 fft/wff_fht/complexToReal.o
 .debug_abbrev  0x00001404       0xc0 fft/wff_fht/fht.o
 .debug_abbrev  0x000014c4       0x26 fft/wff_fht/fhtDebug.o
 .debug_abbrev  0x000014ea       0x26 fft/wff_fht/generateTables.o
 .debug_abbrev  0x00001510       0xc3 fft/wff_fht/windowing.o
 .debug_abbrev  0x000015d3      0x4b6 ht1632c.o
 .debug_abbrev  0x00001a89      0x1f3 json/jsmn.o
 .debug_abbrev  0x00001c7c      0x3ca main.o
 .debug_abbrev  0x00002046      0x10a port.o
 .debug_abbrev  0x00002150       0xc8 power.o
 .debug_abbrev  0x00002218      0x2c2 rtc.o
 .debug_abbrev  0x000024da      0x1a1 sercom.o
 .debug_abbrev  0x0000267b      0x354 si114x/Si114x_functions.o
 .debug_abbrev  0x000029cf      0x249 si114x/Si114x_handler.o
 .debug_abbrev  0x00002c18      0x177 si114x/Si114x_sys_out.o
 .debug_abbrev  0x00002d8f      0x222 si114x/slider_algorithm.o
 .debug_abbrev  0x00002fb1      0x199 uart.o
 .debug_abbrev  0x0000314a       0xba usb.o

.debug_line     0x00000000     0xdad9
 *(.debug_line .debug_line.* .debug_line_end)
 .debug_line    0x00000000       0x2d 4x6_font.o
 .debug_line    0x0000002d      0x2e0 adc.o
 .debug_line    0x0000030d      0x1be clock.o
 .debug_line    0x000004cb      0x612 esp8266.o
 .debug_line    0x00000add     0x5762 fatfs/ff.o
 .debug_line    0x0000623f      0x8c5 fatfs/mmc_avr.o
 .debug_line    0x00006b04      0x50b fatfs/sound.o
 .debug_line    0x0000700f      0x16b fft/fft.o
 .debug_line    0x0000717a      0x14f fft/sampling.o
 .debug_line    0x000072c9      0x180 fft/wff_fht/complexToDecibel.o
 .debug_line    0x00007449      0x143 fft/wff_fht/complexToReal.o
 .debug_line    0x0000758c      0x286 fft/wff_fht/fht.o
 .debug_line    0x00007812       0x1a fft/wff_fht/fhtDebug.o
 .debug_line    0x0000782c       0x1a fft/wff_fht/generateTables.o
 .debug_line    0x00007846      0x3d1 fft/wff_fht/windowing.o
 .debug_line    0x00007c17     0x36ce ht1632c.o
 .debug_line    0x0000b2e5      0x44d json/jsmn.o
 .debug_line    0x0000b732      0x2f6 main.o
 .debug_line    0x0000ba28      0x1c8 port.o
 .debug_line    0x0000bbf0      0x134 power.o
 .debug_line    0x0000bd24      0x31f rtc.o
 .debug_line    0x0000c043      0x3a0 sercom.o
 .debug_line    0x0000c3e3      0x9e7 si114x/Si114x_functions.o
 .debug_line    0x0000cdca      0x4af si114x/Si114x_handler.o
 .debug_line    0x0000d279        0x0 si114x/Si114x_init.o
 .debug_line    0x0000d279      0x1ec si114x/Si114x_sys_out.o
 .debug_line    0x0000d465      0x355 si114x/slider_algorithm.o
 .debug_line    0x0000d7ba      0x205 uart.o
 .debug_line    0x0000d9bf      0x11a usb.o

.debug_frame    0x00000000     0x2524
 *(.debug_frame)
 .debug_frame   0x00000000       0x54 adc.o
 .debug_frame   0x00000054       0x54 clock.o
 .debug_frame   0x000000a8      0x1f8 esp8266.o
 .debug_frame   0x000002a0      0xf10 fatfs/ff.o
 .debug_frame   0x000011b0      0x184 fatfs/mmc_avr.o
 .debug_frame   0x00001334      0x108 fatfs/sound.o
 .debug_frame   0x0000143c       0xb0 fft/fft.o
 .debug_frame   0x000014ec       0x80 fft/sampling.o
 .debug_frame   0x0000156c       0x9c fft/wff_fht/complexToDecibel.o
 .debug_frame   0x00001608       0x84 fft/wff_fht/complexToReal.o
 .debug_frame   0x0000168c       0x84 fft/wff_fht/fht.o
 .debug_frame   0x00001710       0xec fft/wff_fht/windowing.o
 .debug_frame   0x000017fc      0x440 ht1632c.o
 .debug_frame   0x00001c3c       0x90 json/jsmn.o
 .debug_frame   0x00001ccc       0xe4 main.o
 .debug_frame   0x00001db0       0x9c port.o
 .debug_frame   0x00001e4c       0x24 power.o
 .debug_frame   0x00001e70      0x15c rtc.o
 .debug_frame   0x00001fcc       0x94 sercom.o
 .debug_frame   0x00002060      0x204 si114x/Si114x_functions.o
 .debug_frame   0x00002264      0x110 si114x/Si114x_handler.o
 .debug_frame   0x00002374       0x84 si114x/Si114x_sys_out.o
 .debug_frame   0x000023f8       0xa4 si114x/slider_algorithm.o
 .debug_frame   0x0000249c       0x64 uart.o
 .debug_frame   0x00002500       0x24 usb.o

.debug_str      0x00000000     0x30ca
 *(.debug_str)
 .debug_str     0x00000000      0x156 4x6_font.o
                                0x18a (size before relaxing)
 .debug_str     0x00000156      0x96d adc.o
                                0xb0a (size before relaxing)
 .debug_str     0x00000ac3      0x158 clock.o
                                0x2ed (size before relaxing)
 .debug_str     0x00000c1b      0x269 esp8266.o
                                0x4bd (size before relaxing)
 .debug_str     0x00000e84      0x59f fatfs/ff.o
                                0x737 (size before relaxing)
 .debug_str     0x00001423      0x148 fatfs/mmc_avr.o
                                0x48e (size before relaxing)
 .debug_str     0x0000156b      0x559 fatfs/sound.o
                                0xb08 (size before relaxing)
 .debug_str     0x00001ac4       0x74 fft/fft.o
                                0x21d (size before relaxing)
 .debug_str     0x00001b38       0x5d fft/sampling.o
                                0x238 (size before relaxing)
 .debug_str     0x00001b95       0x77 fft/wff_fht/complexToDecibel.o
                                0x205 (size before relaxing)
 .debug_str     0x00001c0c       0x30 fft/wff_fht/complexToReal.o
                                0x1c8 (size before relaxing)
 .debug_str     0x00001c3c       0x7d fft/wff_fht/fht.o
                                0x21d (size before relaxing)
 .debug_str     0x00001cb9       0x1a fft/wff_fht/fhtDebug.o
                                0x18f (size before relaxing)
 .debug_str     0x00001cd3       0x20 fft/wff_fht/generateTables.o
                                0x195 (size before relaxing)
 .debug_str     0x00001cf3       0x55 fft/wff_fht/windowing.o
                                0x1fa (size before relaxing)
 .debug_str     0x00001d48      0x31a ht1632c.o
                                0x61d (size before relaxing)
 .debug_str     0x00002062      0x12a json/jsmn.o
                                0x27b (size before relaxing)
 .debug_str     0x0000218c      0x178 main.o
                                0xba1 (size before relaxing)
 .debug_str     0x00002304      0x13e port.o
                                0x45d (size before relaxing)
 .debug_str     0x00002442       0xa6 power.o
                                0x3b1 (size before relaxing)
 .debug_str     0x000024e8      0x227 rtc.o
                                0x504 (size before relaxing)
 .debug_str     0x0000270f      0x181 sercom.o
                                0x598 (size before relaxing)
 .debug_str     0x00002890      0x2c4 si114x/Si114x_functions.o
                                0x4c2 (size before relaxing)
 .debug_str     0x00002b54       0xfa si114x/Si114x_handler.o
                                0x302 (size before relaxing)
 .debug_str     0x00002c4e        0x0 si114x/Si114x_init.o
 .debug_str     0x00002c4e       0x49 si114x/Si114x_sys_out.o
                                0x2df (size before relaxing)
 .debug_str     0x00002c97      0x1d9 si114x/slider_algorithm.o
                                0x41b (size before relaxing)
 .debug_str     0x00002e70      0x12c uart.o
                                0x3e4 (size before relaxing)
 .debug_str     0x00002f9c      0x12e usb.o
                                0x4b7 (size before relaxing)

.debug_loc      0x00000000    0x2a3af
 *(.debug_loc)
 .debug_loc     0x00000000       0xc1 adc.o
 .debug_loc     0x000000c1      0xa1f esp8266.o
 .debug_loc     0x00000ae0    0x18ba5 fatfs/ff.o
 .debug_loc     0x00019685     0x15fc fatfs/mmc_avr.o
 .debug_loc     0x0001ac81      0x7b0 fatfs/sound.o
 .debug_loc     0x0001b431      0x2ee fft/fft.o
 .debug_loc     0x0001b71f      0x279 fft/sampling.o
 .debug_loc     0x0001b998      0x312 fft/wff_fht/complexToDecibel.o
 .debug_loc     0x0001bcaa      0x2c0 fft/wff_fht/complexToReal.o
 .debug_loc     0x0001bf6a      0x6f4 fft/wff_fht/fht.o
 .debug_loc     0x0001c65e     0x19a6 fft/wff_fht/windowing.o
 .debug_loc     0x0001e004     0x7412 ht1632c.o
 .debug_loc     0x00025416      0xb3e json/jsmn.o
 .debug_loc     0x00025f54      0x253 main.o
 .debug_loc     0x000261a7       0xcb port.o
 .debug_loc     0x00026272      0x3e8 rtc.o
 .debug_loc     0x0002665a      0x12b sercom.o
 .debug_loc     0x00026785     0x2117 si114x/Si114x_functions.o
 .debug_loc     0x0002889c      0xc6a si114x/Si114x_handler.o
 .debug_loc     0x00029506      0x242 si114x/Si114x_sys_out.o
 .debug_loc     0x00029748      0xbd9 si114x/slider_algorithm.o
 .debug_loc     0x0002a321       0x8e uart.o

.debug_macinfo
 *(.debug_macinfo)

.debug_weaknames
 *(.debug_weaknames)

.debug_funcnames
 *(.debug_funcnames)

.debug_typenames
 *(.debug_typenames)

.debug_varnames
 *(.debug_varnames)

.debug_pubtypes
 *(.debug_pubtypes)

.debug_ranges   0x00000000     0x3c10
 *(.debug_ranges)
 .debug_ranges  0x00000000       0x28 adc.o
 .debug_ranges  0x00000028       0x28 clock.o
 .debug_ranges  0x00000050       0x70 esp8266.o
 .debug_ranges  0x000000c0     0x2168 fatfs/ff.o
 .debug_ranges  0x00002228      0x188 fatfs/mmc_avr.o
 .debug_ranges  0x000023b0       0x30 fatfs/sound.o
 .debug_ranges  0x000023e0       0x18 fft/fft.o
 .debug_ranges  0x000023f8       0x10 fft/sampling.o
 .debug_ranges  0x00002408       0x18 fft/wff_fht/complexToDecibel.o
 .debug_ranges  0x00002420       0x10 fft/wff_fht/complexToReal.o
 .debug_ranges  0x00002430       0x10 fft/wff_fht/fht.o
 .debug_ranges  0x00002440      0x238 fft/wff_fht/windowing.o
 .debug_ranges  0x00002678     0x1010 ht1632c.o
 .debug_ranges  0x00003688      0x150 json/jsmn.o
 .debug_ranges  0x000037d8       0x40 main.o
 .debug_ranges  0x00003818       0x28 port.o
 .debug_ranges  0x00003840       0x10 power.o
 .debug_ranges  0x00003850       0x38 rtc.o
 .debug_ranges  0x00003888       0x48 sercom.o
 .debug_ranges  0x000038d0      0x150 si114x/Si114x_functions.o
 .debug_ranges  0x00003a20       0x88 si114x/Si114x_handler.o
 .debug_ranges  0x00003aa8       0x40 si114x/Si114x_sys_out.o
 .debug_ranges  0x00003ae8       0xb8 si114x/slider_algorithm.o
 .debug_ranges  0x00003ba0       0x60 uart.o
 .debug_ranges  0x00003c00       0x10 usb.o

.debug_macro
 *(.debug_macro)
OUTPUT(matrix_clock.elf elf32-avr)
LOAD linker stubs
