Archive member included because of file (symbol)

c:/program files/atmel/atmel toolchain/avr8 gcc/native/3.4.1056/avr8-gnu-toolchain/bin/../lib/gcc/avr/4.8.1/../../../../avr/lib/avrxmega4\libm.a(addsf3.o)
                              fatfs/sound.o (__addsf3)
c:/program files/atmel/atmel toolchain/avr8 gcc/native/3.4.1056/avr8-gnu-toolchain/bin/../lib/gcc/avr/4.8.1/../../../../avr/lib/avrxmega4\libm.a(addsf3x.o)
                              c:/program files/atmel/atmel toolchain/avr8 gcc/native/3.4.1056/avr8-gnu-toolchain/bin/../lib/gcc/avr/4.8.1/../../../../avr/lib/avrxmega4\libm.a(addsf3.o) (__addsf3x)
c:/program files/atmel/atmel toolchain/avr8 gcc/native/3.4.1056/avr8-gnu-toolchain/bin/../lib/gcc/avr/4.8.1/../../../../avr/lib/avrxmega4\libm.a(fixsfsi.o)
                              fatfs/sound.o (__fixsfsi)
c:/program files/atmel/atmel toolchain/avr8 gcc/native/3.4.1056/avr8-gnu-toolchain/bin/../lib/gcc/avr/4.8.1/../../../../avr/lib/avrxmega4\libm.a(fixunssfsi.o)
                              c:/program files/atmel/atmel toolchain/avr8 gcc/native/3.4.1056/avr8-gnu-toolchain/bin/../lib/gcc/avr/4.8.1/../../../../avr/lib/avrxmega4\libm.a(fixsfsi.o) (__fixunssfsi)
c:/program files/atmel/atmel toolchain/avr8 gcc/native/3.4.1056/avr8-gnu-toolchain/bin/../lib/gcc/avr/4.8.1/../../../../avr/lib/avrxmega4\libm.a(floatsisf.o)
                              fatfs/sound.o (__floatunsisf)
c:/program files/atmel/atmel toolchain/avr8 gcc/native/3.4.1056/avr8-gnu-toolchain/bin/../lib/gcc/avr/4.8.1/../../../../avr/lib/avrxmega4\libm.a(fp_inf.o)
                              c:/program files/atmel/atmel toolchain/avr8 gcc/native/3.4.1056/avr8-gnu-toolchain/bin/../lib/gcc/avr/4.8.1/../../../../avr/lib/avrxmega4\libm.a(addsf3x.o) (__fp_inf)
c:/program files/atmel/atmel toolchain/avr8 gcc/native/3.4.1056/avr8-gnu-toolchain/bin/../lib/gcc/avr/4.8.1/../../../../avr/lib/avrxmega4\libm.a(fp_nan.o)
                              c:/program files/atmel/atmel toolchain/avr8 gcc/native/3.4.1056/avr8-gnu-toolchain/bin/../lib/gcc/avr/4.8.1/../../../../avr/lib/avrxmega4\libm.a(addsf3x.o) (__fp_nan)
c:/program files/atmel/atmel toolchain/avr8 gcc/native/3.4.1056/avr8-gnu-toolchain/bin/../lib/gcc/avr/4.8.1/../../../../avr/lib/avrxmega4\libm.a(fp_pscA.o)
                              c:/program files/atmel/atmel toolchain/avr8 gcc/native/3.4.1056/avr8-gnu-toolchain/bin/../lib/gcc/avr/4.8.1/../../../../avr/lib/avrxmega4\libm.a(addsf3x.o) (__fp_pscA)
c:/program files/atmel/atmel toolchain/avr8 gcc/native/3.4.1056/avr8-gnu-toolchain/bin/../lib/gcc/avr/4.8.1/../../../../avr/lib/avrxmega4\libm.a(fp_pscB.o)
                              c:/program files/atmel/atmel toolchain/avr8 gcc/native/3.4.1056/avr8-gnu-toolchain/bin/../lib/gcc/avr/4.8.1/../../../../avr/lib/avrxmega4\libm.a(addsf3x.o) (__fp_pscB)
c:/program files/atmel/atmel toolchain/avr8 gcc/native/3.4.1056/avr8-gnu-toolchain/bin/../lib/gcc/avr/4.8.1/../../../../avr/lib/avrxmega4\libm.a(fp_round.o)
                              c:/program files/atmel/atmel toolchain/avr8 gcc/native/3.4.1056/avr8-gnu-toolchain/bin/../lib/gcc/avr/4.8.1/../../../../avr/lib/avrxmega4\libm.a(addsf3.o) (__fp_round)
c:/program files/atmel/atmel toolchain/avr8 gcc/native/3.4.1056/avr8-gnu-toolchain/bin/../lib/gcc/avr/4.8.1/../../../../avr/lib/avrxmega4\libm.a(fp_split3.o)
                              c:/program files/atmel/atmel toolchain/avr8 gcc/native/3.4.1056/avr8-gnu-toolchain/bin/../lib/gcc/avr/4.8.1/../../../../avr/lib/avrxmega4\libm.a(addsf3x.o) (__fp_split3)
c:/program files/atmel/atmel toolchain/avr8 gcc/native/3.4.1056/avr8-gnu-toolchain/bin/../lib/gcc/avr/4.8.1/../../../../avr/lib/avrxmega4\libm.a(fp_zero.o)
                              c:/program files/atmel/atmel toolchain/avr8 gcc/native/3.4.1056/avr8-gnu-toolchain/bin/../lib/gcc/avr/4.8.1/../../../../avr/lib/avrxmega4\libm.a(addsf3x.o) (__fp_zero)
c:/program files/atmel/atmel toolchain/avr8 gcc/native/3.4.1056/avr8-gnu-toolchain/bin/../lib/gcc/avr/4.8.1/../../../../avr/lib/avrxmega4\libm.a(mulsf3.o)
                              fatfs/sound.o (__mulsf3)
c:/program files/atmel/atmel toolchain/avr8 gcc/native/3.4.1056/avr8-gnu-toolchain/bin/../lib/gcc/avr/4.8.1/../../../../avr/lib/avrxmega4\libm.a(mulsf3x.o)
                              c:/program files/atmel/atmel toolchain/avr8 gcc/native/3.4.1056/avr8-gnu-toolchain/bin/../lib/gcc/avr/4.8.1/../../../../avr/lib/avrxmega4\libm.a(mulsf3.o) (__mulsf3x)
c:/program files/atmel/atmel toolchain/avr8 gcc/native/3.4.1056/avr8-gnu-toolchain/bin/../lib/gcc/avr/4.8.1/../../../../avr/lib/avrxmega4\libm.a(round.o)
                              fft/sampling.o (round)
c:/program files/atmel/atmel toolchain/avr8 gcc/native/3.4.1056/avr8-gnu-toolchain/bin/../lib/gcc/avr/4.8.1/../../../../avr/lib/avrxmega4\libm.a(sin.o)
                              fft/sampling.o (sin)
[...]
Memory Configuration

Name             Origin             Length             Attributes
text             0x00000000         0x00100000         xr
data             0x00802000         0x0000ffa0         rw !x
eeprom           0x00810000         0x00010000         rw !x
fuse             0x00820000         0x00000400         rw !x
lock             0x00830000         0x00000400         rw !x
signature        0x00840000         0x00000400         rw !x
user_signatures  0x00850000         0x00000400         rw !x
*default*        0x00000000         0xffffffff

Linker script and memory map

LOAD c:/program files/atmel/atmel toolchain/avr8 gcc/native/3.4.1056/avr8-gnu-toolchain/bin/../lib/gcc/avr/4.8.1/../../../../avr/lib/avrxmega4/crtx64a4u.o
LOAD 4x6_font.o
LOAD adc.o
LOAD clock.o
LOAD esp8266.o
LOAD fatfs/ff.o
LOAD fatfs/mmc_avr.o
LOAD fatfs/sound.o
LOAD fft/fft.o
LOAD fft/sampling.o
LOAD fft/wff_fht/complexToDecibel.o
LOAD fft/wff_fht/complexToReal.o
LOAD fft/wff_fht/fht.o
LOAD fft/wff_fht/fhtDebug.o
LOAD fft/wff_fht/generateTables.o
LOAD fft/wff_fht/windowing.o
LOAD ht1632c.o
LOAD json/jsmn.o
LOAD main.o
LOAD port.o
LOAD power.o
LOAD rtc.o
LOAD sercom.o
LOAD si114x.o
LOAD si114x/Si114x_functions.o
LOAD si114x/Si114x_handler.o
LOAD si114x/Si114x_init.o
LOAD si114x/Si114x_sys_out.o
LOAD si114x/slider_algorithm.o
LOAD uart.o
LOAD usb.o
START GROUP
LOAD c:/program files/atmel/atmel toolchain/avr8 gcc/native/3.4.1056/avr8-gnu-toolchain/bin/../lib/gcc/avr/4.8.1/../../../../avr/lib/avrxmega4\libm.a
END GROUP
START GROUP
LOAD c:/program files/atmel/atmel toolchain/avr8 gcc/native/3.4.1056/avr8-gnu-toolchain/bin/../lib/gcc/avr/4.8.1/avrxmega4\libgcc.a
LOAD c:/program files/atmel/atmel toolchain/avr8 gcc/native/3.4.1056/avr8-gnu-toolchain/bin/../lib/gcc/avr/4.8.1/../../../../avr/lib/avrxmega4\libm.a
LOAD c:/program files/atmel/atmel toolchain/avr8 gcc/native/3.4.1056/avr8-gnu-toolchain/bin/../lib/gcc/avr/4.8.1/../../../../avr/lib/avrxmega4\libc.a
END GROUP

.hash
 *(.hash)

.dynsym
 *(.dynsym)

.dynstr
 *(.dynstr)

.gnu.version
 *(.gnu.version)

.gnu.version_d
 *(.gnu.version_d)

.gnu.version_r
 *(.gnu.version_r)

.rel.init
 *(.rel.init)

.rela.init
 *(.rela.init)

.rel.text
 *(.rel.text)
 *(.rel.text.*)
 *(.rel.gnu.linkonce.t*)

.rela.text
 *(.rela.text)
 *(.rela.text.*)
 *(.rela.gnu.linkonce.t*)

.rel.fini
 *(.rel.fini)

.rela.fini
 *(.rela.fini)

.rel.rodata
 *(.rel.rodata)
 *(.rel.rodata.*)
 *(.rel.gnu.linkonce.r*)

.rela.rodata
 *(.rela.rodata)
 *(.rela.rodata.*)
 *(.rela.gnu.linkonce.r*)

.rel.data
 *(.rel.data)
 *(.rel.data.*)
 *(.rel.gnu.linkonce.d*)

.rela.data
 *(.rela.data)
 *(.rela.data.*)
 *(.rela.gnu.linkonce.d*)

.rel.ctors
 *(.rel.ctors)

.rela.ctors
 *(.rela.ctors)

.rel.dtors
 *(.rel.dtors)

.rela.dtors
 *(.rela.dtors)

.rel.got
 *(.rel.got)

.rela.got
 *(.rela.got)

.rel.bss
 *(.rel.bss)

.rela.bss
 *(.rela.bss)

.rel.plt
 *(.rel.plt)

.rela.plt
 *(.rela.plt)

.text           0x00000000     0x23b4
 *(.vectors)
 .vectors       0x00000000      0x1fc c:/program files/atmel/atmel toolchain/avr8 gcc/native/3.4.1056/avr8-gnu-toolchain/bin/../lib/gcc/avr/4.8.1/../../../../avr/lib/avrxmega4/crtx64a4u.o
                0x00000000                __vector_default
                0x00000000                __vectors
 *(.vectors)
 *(.progmem.gcc*)
                0x000001fc                . = ALIGN (0x2)
                0x000001fc                __trampolines_start = .
 *(.trampolines)
 .trampolines   0x000001fc        0x0 linker stubs
 *(.trampolines*)
                0x000001fc                __trampolines_end = .
 *(.progmem*)
 .progmem.data.font
                0x000001fc      0x4fb ht1632c.o
                0x000006f8                . = ALIGN (0x2)
 *fill*         0x000006f7        0x1 
 *(.jumptables)
 *(.jumptables*)
 *(.lowtext)
 *(.lowtext*)
                0x000006f8                __ctors_start = .
 *(.ctors)
                0x000006f8                __ctors_end = .
                0x000006f8                __dtors_start = .
 *(.dtors)
                0x000006f8                __dtors_end = .
 SORT(*)(.ctors)
 SORT(*)(.dtors)
 *(.init0)
 .init0         0x000006f8        0x0 c:/program files/atmel/atmel toolchain/avr8 gcc/native/3.4.1056/avr8-gnu-toolchain/bin/../lib/gcc/avr/4.8.1/../../../../avr/lib/avrxmega4/crtx64a4u.o
                0x000006f8                __init
 *(.init0)
 *(.init1)
 *(.init1)
 *(.init2)
 .init2         0x000006f8        0xc c:/program files/atmel/atmel toolchain/avr8 gcc/native/3.4.1056/avr8-gnu-toolchain/bin/../lib/gcc/avr/4.8.1/../../../../avr/lib/avrxmega4/crtx64a4u.o
 *(.init2)
 *(.init3)
 *(.init3)
 *(.init4)
 .init4         0x00000704       0x1a c:/program files/atmel/atmel toolchain/avr8 gcc/native/3.4.1056/avr8-gnu-toolchain/bin/../lib/gcc/avr/4.8.1/avrxmega4\libgcc.a(_copy_data.o)
                0x00000704                __do_copy_data
 .init4         0x0000071e       0x10 c:/program files/atmel/atmel toolchain/avr8 gcc/native/3.4.1056/avr8-gnu-toolchain/bin/../lib/gcc/avr/4.8.1/avrxmega4\libgcc.a(_clear_bss.o)
                0x0000071e                __do_clear_bss
 *(.init4)
 *(.init5)
 *(.init5)
 *(.init6)
 *(.init6)
 *(.init7)
 *(.init7)
 *(.init8)
 *(.init8)
 *(.init9)
 .init9         0x0000072e        0x6 c:/program files/atmel/atmel toolchain/avr8 gcc/native/3.4.1056/avr8-gnu-toolchain/bin/../lib/gcc/avr/4.8.1/../../../../avr/lib/avrxmega4/crtx64a4u.o
 *(.init9)
 *(.text)
 .text          0x00000734        0x2 c:/program files/atmel/atmel toolchain/avr8 gcc/native/3.4.1056/avr8-gnu-toolchain/bin/../lib/gcc/avr/4.8.1/../../../../avr/lib/avrxmega4/crtx64a4u.o
                0x00000734                __vector_38
                0x00000734                __vector_104
                0x00000734                __vector_22
                0x00000734                __vector_63
                0x00000734                __vector_28
                0x00000734                __vector_67
                0x00000734                __vector_1
                0x00000734                __vector_119
                0x00000734                __vector_32
                0x00000734                __vector_75
                0x00000734                __vector_71
                0x00000734                __vector_91
                0x00000734                __vector_34
                0x00000734                __vector_62
                0x00000734                __vector_77
                0x00000734                __vector_102
                0x00000734                __vector_24
                0x00000734                __vector_12
                0x00000734                __vector_55
                0x00000734                __vector_69
                0x00000734                __vector_81
                0x00000734                __vector_90
                0x00000734                __vector_46
                0x00000734                __bad_interrupt
                0x00000734                __vector_122
                0x00000734                __vector_72
                0x00000734                __vector_114
                0x00000734                __vector_6
                0x00000734                __vector_110
                0x00000734                __vector_31
                0x00000734                __vector_92
                0x00000734                __vector_35
                0x00000734                __vector_78
                0x00000734                __vector_74
                0x00000734                __vector_117
                0x00000734                __vector_39
                0x00000734                __vector_107
                0x00000734                __vector_3
                0x00000734                __vector_105
                0x00000734                __vector_98
                0x00000734                __vector_23
                0x00000734                __vector_68
                0x00000734                __vector_30
                0x00000734                __vector_73
                0x00000734                __vector_45
                0x00000734                __vector_25
                0x00000734                __vector_93
                0x00000734                __vector_61
                0x00000734                __vector_11
                0x00000734                __vector_54
                0x00000734                __vector_99
                0x00000734                __vector_13
                0x00000734                __vector_17
                0x00000734                __vector_19
                0x00000734                __vector_56
                0x00000734                __vector_7
                0x00000734                __vector_125
                0x00000734                __vector_49
                0x00000734                __vector_123
                0x00000734                __vector_41
                0x00000734                __vector_86
                0x00000734                __vector_100
                0x00000734                __vector_101
                0x00000734                __vector_64
                0x00000734                __vector_109
                0x00000734                __vector_43
                0x00000734                __vector_27
                0x00000734                __vector_5
                0x00000734                __vector_113
                0x00000734                __vector_33
                0x00000734                __vector_76
                0x00000734                __vector_115
                0x00000734                __vector_47
                0x00000734                __vector_52
                0x00000734                __vector_37
                0x00000734                __vector_95
                0x00000734                __vector_103
                0x00000734                __vector_96
                0x00000734                __vector_89
                0x00000734                __vector_108
                0x00000734                __vector_4
                0x00000734                __vector_44
                0x00000734                __vector_82
                0x00000734                __vector_106
                0x00000734                __vector_118
                0x00000734                __vector_51
                0x00000734                __vector_9
                0x00000734                __vector_2
                0x00000734                __vector_21
                0x00000734                __vector_15
                0x00000734                __vector_66
                0x00000734                __vector_36
                0x00000734                __vector_79
                0x00000734                __vector_58
                0x00000734                __vector_70
                0x00000734                __vector_83
                0x00000734                __vector_29
                0x00000734                __vector_60
                0x00000734                __vector_121
                0x00000734                __vector_40
                0x00000734                __vector_85
                0x00000734                __vector_94
                0x00000734                __vector_126
                0x00000734                __vector_8
                0x00000734                __vector_26
                0x00000734                __vector_48
                0x00000734                __vector_124
                0x00000734                __vector_116
                0x00000734                __vector_112
                0x00000734                __vector_111
                0x00000734                __vector_80
                0x00000734                __vector_84
                0x00000734                __vector_57
                0x00000734                __vector_53
                0x00000734                __vector_50
                0x00000734                __vector_16
                0x00000734                __vector_59
                0x00000734                __vector_18
                0x00000734                __vector_97
                0x00000734                __vector_20
                0x00000734                __vector_42
                0x00000734                __vector_87
                0x00000734                __vector_65
                0x00000734                __vector_120
                0x00000736                . = ALIGN (0x2)
 *(.text.*)
 .text.clock_setup_32_mhz
                0x00000736       0x1c clock.o
                0x00000736                clock_setup_32_mhz
 .text.__vector_88
                0x00000752       0x56 esp8266.o
                0x00000752                __vector_88
 .text.__vector_14
                0x000007a8      0x140 fatfs/sound.o
                0x000007a8                __vector_14
 .text.ht1632c_setPixel
                0x000008e8       0x30 ht1632c.o
                0x000008e8                ht1632c_setPixel
 .text.ht1632c_clrPixel
                0x00000918       0x32 ht1632c.o
                0x00000918                ht1632c_clrPixel
 .text.ht1632c_drawPixel
                0x0000094a       0x5e ht1632c.o
                0x0000094a                ht1632c_drawPixel
 .text.ht1632c_fillRect
                0x000009a8       0x74 ht1632c.o
                0x000009a8                ht1632c_fillRect
 .text.ht1632c_drawChar
                0x00000a1c       0xae ht1632c.o
                0x00000a1c                ht1632c_drawChar
 .text.ht1632c_writedata
                0x00000aca       0x4e ht1632c.o
                0x00000aca                ht1632c_writedata
 .text.ht1632c_writeScreen
                0x00000b18       0x56 ht1632c.o
                0x00000b18                ht1632c_writeScreen
 .text.ht1632c_clearScreen
                0x00000b6e       0x14 ht1632c.o
                0x00000b6e                ht1632c_clearScreen
 .text.ht1632c_sendcommand
                0x00000b82       0x24 ht1632c.o
                0x00000b82                ht1632c_sendcommand
 .text.ht1632c_begin
                0x00000ba6       0x38 ht1632c.o
                0x00000ba6                ht1632c_begin
 .text.ht1632c_setBrightness
                0x00000bde        0xc ht1632c.o
                0x00000bde                ht1632c_setBrightness
 .text.si114x_init
                0x00000bea      0x170 main.o
                0x00000bea                si114x_init
 .text.main     0x00000d5a       0xde main.o
                0x00000d5a                main
 .text.__vector_10
                0x00000e38       0x9a rtc.o
                0x00000e38                __vector_10
 .text.i2c_setup
                0x00000ed2       0x14 sercom.o
                0x00000ed2                i2c_setup
 .text.i2c_write_data
                0x00000ee6       0x32 sercom.o
                0x00000ee6                i2c_write_data
 .text.i2c_read_data
                0x00000f18       0x4e sercom.o
                0x00000f18                i2c_read_data
 .text.i2c_write_data_block
                0x00000f66       0x46 sercom.o
                0x00000f66                i2c_write_data_block
 .text._sendCmd
                0x00000fac       0xb0 si114x/Si114x_functions.o
 .text.Si114xNop
                0x0000105c        0x6 si114x/Si114x_functions.o
                0x0000105c                Si114xNop
 .text.Si114xPsAlsAuto
                0x00001062        0x6 si114x/Si114x_functions.o
                0x00001062                Si114xPsAlsAuto
 .text.Si114xParamSet
                0x00001068       0x80 si114x/Si114x_functions.o
                0x00001068                Si114xParamSet
 .text.Si114xPauseAll
                0x000010e8       0x3a si114x/Si114x_functions.o
                0x000010e8                Si114xPauseAll
 .text.Si114xReset
                0x00001122       0x86 si114x/Si114x_functions.o
                0x00001122                Si114xReset
 .text.isIRStable
                0x000011a8       0x86 si114x/Si114x_handler.o
                0x000011a8                isIRStable
 .text.IRCompensation
                0x0000122e       0x9e si114x/Si114x_handler.o
                0x0000122e                IRCompensation
 .text.calcBaseline
                0x000012cc      0x1ce si114x/Si114x_handler.o
                0x000012cc                calcBaseline
 .text.ProcessSi114xSamples
                0x0000149a      0x16a si114x/Si114x_handler.o
                0x0000149a                ProcessSi114xSamples
 .text.PortSet  0x00001604        0x2 si114x/Si114x_sys_out.o
                0x00001604                PortSet
 .text.Si114xWriteToRegister
                0x00001606        0x8 si114x/Si114x_sys_out.o
                0x00001606                Si114xWriteToRegister
 .text.Si114xReadFromRegister
                0x0000160e        0x8 si114x/Si114x_sys_out.o
                0x0000160e                Si114xReadFromRegister
 .text.Si114xBlockWrite
                0x00001616        0xe si114x/Si114x_sys_out.o
                0x00001616                Si114xBlockWrite
 .text.delay_10ms
                0x00001624        0xe si114x/Si114x_sys_out.o
                0x00001624                delay_10ms
 .text.QS_Counts_to_Distance
                0x00001632       0xba si114x/slider_algorithm.o
                0x00001632                QS_Counts_to_Distance
 .text.SliderAlgorithm
                0x000016ec      0x3a2 si114x/slider_algorithm.o
                0x000016ec                SliderAlgorithm
 .text.uart_setup
                0x00001a8e       0x22 uart.o
                0x00001a8e                uart_setup
 .text.uart_put_char
                0x00001ab0       0x10 uart.o
                0x00001ab0                uart_put_char
 .text.uart_get_char
                0x00001ac0       0x2c uart.o
                0x00001ac0                uart_get_char
 .text.avr-libc.fplib
                0x00001aec        0xa c:/program files/atmel/atmel toolchain/avr8 gcc/native/3.4.1056/avr8-gnu-toolchain/bin/../lib/gcc/avr/4.8.1/../../../../avr/lib/avrxmega4\libm.a(addsf3.o)
                0x00001aec                __subsf3
                0x00001aee                __addsf3
 .text.avr-libc.fplib
                0x00001af6       0xc0 c:/program files/atmel/atmel toolchain/avr8 gcc/native/3.4.1056/avr8-gnu-toolchain/bin/../lib/gcc/avr/4.8.1/../../../../avr/lib/avrxmega4\libm.a(addsf3x.o)
                0x00001b10                __addsf3x
 .text.avr-libc.fplib
                0x00001bb6        0xa c:/program files/atmel/atmel toolchain/avr8 gcc/native/3.4.1056/avr8-gnu-toolchain/bin/../lib/gcc/avr/4.8.1/../../../../avr/lib/avrxmega4\libm.a(fixsfsi.o)
                0x00001bb6                __fixsfsi
 .text.avr-libc.fplib
                0x00001bc0       0x58 c:/program files/atmel/atmel toolchain/avr8 gcc/native/3.4.1056/avr8-gnu-toolchain/bin/../lib/gcc/avr/4.8.1/../../../../avr/lib/avrxmega4\libm.a(fixunssfsi.o)
                0x00001bc0                __fixunssfsi
 .text.avr-libc.fplib
                0x00001c18       0x7a c:/program files/atmel/atmel toolchain/avr8 gcc/native/3.4.1056/avr8-gnu-toolchain/bin/../lib/gcc/avr/4.8.1/../../../../avr/lib/avrxmega4\libm.a(floatsisf.o)
                0x00001c18                __floatunsisf
                0x00001c1c                __floatsisf
 .text.avr-libc.fplib
                0x00001c92        0xc c:/program files/atmel/atmel toolchain/avr8 gcc/native/3.4.1056/avr8-gnu-toolchain/bin/../lib/gcc/avr/4.8.1/../../../../avr/lib/avrxmega4\libm.a(fp_inf.o)
                0x00001c92                __fp_inf
 .text.avr-libc.fplib
                0x00001c9e        0x6 c:/program files/atmel/atmel toolchain/avr8 gcc/native/3.4.1056/avr8-gnu-toolchain/bin/../lib/gcc/avr/4.8.1/../../../../avr/lib/avrxmega4\libm.a(fp_nan.o)
                0x00001c9e                __fp_nan
 .text.avr-libc.fplib
                0x00001ca4        0xe c:/program files/atmel/atmel toolchain/avr8 gcc/native/3.4.1056/avr8-gnu-toolchain/bin/../lib/gcc/avr/4.8.1/../../../../avr/lib/avrxmega4\libm.a(fp_pscA.o)
                0x00001ca4                __fp_pscA
 .text.avr-libc.fplib
                0x00001cb2        0xe c:/program files/atmel/atmel toolchain/avr8 gcc/native/3.4.1056/avr8-gnu-toolchain/bin/../lib/gcc/avr/4.8.1/../../../../avr/lib/avrxmega4\libm.a(fp_pscB.o)
                0x00001cb2                __fp_pscB
 .text.avr-libc.fplib
                0x00001cc0       0x22 c:/program files/atmel/atmel toolchain/avr8 gcc/native/3.4.1056/avr8-gnu-toolchain/bin/../lib/gcc/avr/4.8.1/../../../../avr/lib/avrxmega4\libm.a(fp_round.o)
                0x00001cc0                __fp_round
 .text.avr-libc.fplib
                0x00001ce2       0x44 c:/program files/atmel/atmel toolchain/avr8 gcc/native/3.4.1056/avr8-gnu-toolchain/bin/../lib/gcc/avr/4.8.1/../../../../avr/lib/avrxmega4\libm.a(fp_split3.o)
                0x00001ce2                __fp_split3
                0x00001cf2                __fp_splitA
 .text.avr-libc.fplib
                0x00001d26        0xe c:/program files/atmel/atmel toolchain/avr8 gcc/native/3.4.1056/avr8-gnu-toolchain/bin/../lib/gcc/avr/4.8.1/../../../../avr/lib/avrxmega4\libm.a(fp_zero.o)
                0x00001d26                __fp_zero
                0x00001d28                __fp_szero
 .text.avr-libc.fplib
                0x00001d34        0x4 c:/program files/atmel/atmel toolchain/avr8 gcc/native/3.4.1056/avr8-gnu-toolchain/bin/../lib/gcc/avr/4.8.1/../../../../avr/lib/avrxmega4\libm.a(mulsf3.o)
                0x00001d34                __mulsf3
 .text.avr-libc.fplib
                0x00001d38       0xc2 c:/program files/atmel/atmel toolchain/avr8 gcc/native/3.4.1056/avr8-gnu-toolchain/bin/../lib/gcc/avr/4.8.1/../../../../avr/lib/avrxmega4\libm.a(mulsf3x.o)
                0x00001d4c                __mulsf3x
                0x00001d50                __mulsf3_pse
 .text.libgcc.mul
                0x00001dfa       0x1e c:/program files/atmel/atmel toolchain/avr8 gcc/native/3.4.1056/avr8-gnu-toolchain/bin/../lib/gcc/avr/4.8.1/avrxmega4\libgcc.a(_umulhisi3.o)
                0x00001dfa                __umulhisi3
 .text.avr-libc
                0x00001e18       0x22 c:/program files/atmel/atmel toolchain/avr8 gcc/native/3.4.1056/avr8-gnu-toolchain/bin/../lib/gcc/avr/4.8.1/../../../../avr/lib/avrxmega4\libc.a(printf.o)
                0x00001e18                printf
 .text.avr-libc
                0x00001e3a       0x5a c:/program files/atmel/atmel toolchain/avr8 gcc/native/3.4.1056/avr8-gnu-toolchain/bin/../lib/gcc/avr/4.8.1/../../../../avr/lib/avrxmega4\libc.a(puts.o)
                0x00001e3a                puts
 .text.avr-libc
                0x00001e94      0x3d0 c:/program files/atmel/atmel toolchain/avr8 gcc/native/3.4.1056/avr8-gnu-toolchain/bin/../lib/gcc/avr/4.8.1/../../../../avr/lib/avrxmega4\libc.a(vfprintf_std.o)
                0x00001e94                vfprintf
 .text.avr-libc
                0x00002264       0x16 c:/program files/atmel/atmel toolchain/avr8 gcc/native/3.4.1056/avr8-gnu-toolchain/bin/../lib/gcc/avr/4.8.1/../../../../avr/lib/avrxmega4\libc.a(strnlen_P.o)
                0x00002264                strnlen_P
 .text.avr-libc
                0x0000227a       0x16 c:/program files/atmel/atmel toolchain/avr8 gcc/native/3.4.1056/avr8-gnu-toolchain/bin/../lib/gcc/avr/4.8.1/../../../../avr/lib/avrxmega4\libc.a(strnlen.o)
                0x0000227a                strnlen
 .text.avr-libc
                0x00002290       0x64 c:/program files/atmel/atmel toolchain/avr8 gcc/native/3.4.1056/avr8-gnu-toolchain/bin/../lib/gcc/avr/4.8.1/../../../../avr/lib/avrxmega4\libc.a(fputc.o)
                0x00002290                fputc
 .text.avr-libc
                0x000022f4       0xbc c:/program files/atmel/atmel toolchain/avr8 gcc/native/3.4.1056/avr8-gnu-toolchain/bin/../lib/gcc/avr/4.8.1/../../../../avr/lib/avrxmega4\libc.a(ultoa_invert.o)
                0x000022f4                __ultoa_invert
                0x000023b0                . = ALIGN (0x2)
 *(.fini9)
 .fini9         0x000023b0        0x0 c:/program files/atmel/atmel toolchain/avr8 gcc/native/3.4.1056/avr8-gnu-toolchain/bin/../lib/gcc/avr/4.8.1/avrxmega4\libgcc.a(_exit.o)
                0x000023b0                _exit
                0x000023b0                exit
 *(.fini9)
 *(.fini8)
 *(.fini8)
 *(.fini7)
 *(.fini7)
 *(.fini6)
 *(.fini6)
 *(.fini5)
 *(.fini5)
 *(.fini4)
 *(.fini4)
 *(.fini3)
 *(.fini3)
 *(.fini2)
 *(.fini2)
 *(.fini1)
 *(.fini1)
 *(.fini0)
 .fini0         0x000023b0        0x4 c:/program files/atmel/atmel toolchain/avr8 gcc/native/3.4.1056/avr8-gnu-toolchain/bin/../lib/gcc/avr/4.8.1/avrxmega4\libgcc.a(_exit.o)
 *(.fini0)
                0x000023b4                _etext = .

.data           0x00802000      0x17c load address 0x000023b4
                0x00802000                PROVIDE (__data_start, .)
 *(.data)
 .data          0x00802000        0x0 c:/program files/atmel/atmel toolchain/avr8 gcc/native/3.4.1056/avr8-gnu-toolchain/bin/../lib/gcc/avr/4.8.1/../../../../avr/lib/avrxmega4/crtx64a4u.o
 .data          0x00802000        0x0 4x6_font.o
 .data          0x00802000        0x0 adc.o
 .data          0x00802000        0x0 clock.o
 .data          0x00802000        0x0 esp8266.o
 .data          0x00802000        0x0 fatfs/ff.o
 .data          0x00802000        0x0 fatfs/mmc_avr.o
 .data          0x00802000        0x0 fatfs/sound.o
 .data          0x00802000        0x0 fft/fft.o
 .data          0x00802000        0x0 fft/sampling.o
 .data          0x00802000        0x0 fft/wff_fht/complexToDecibel.o
 .data          0x00802000        0x0 fft/wff_fht/complexToReal.o
 .data          0x00802000        0x0 fft/wff_fht/fht.o
 .data          0x00802000        0x0 fft/wff_fht/fhtDebug.o
 .data          0x00802000        0x0 fft/wff_fht/generateTables.o
 .data          0x00802000        0x0 fft/wff_fht/windowing.o
 .data          0x00802000        0x0 ht1632c.o
 .data          0x00802000        0x0 json/jsmn.o
 .data          0x00802000        0x0 main.o
 .data          0x00802000        0x0 port.o
 .data          0x00802000        0x0 power.o
 .data          0x00802000        0x0 rtc.o
 .data          0x00802000        0x0 sercom.o
 .data          0x00802000        0x0 si114x.o
 .data          0x00802000        0x0 si114x/Si114x_functions.o
 .data          0x00802000        0x0 si114x/Si114x_handler.o
 .data          0x00802000        0x0 si114x/Si114x_init.o
 .data          0x00802000        0x0 si114x/Si114x_sys_out.o
 .data          0x00802000        0x0 si114x/slider_algorithm.o
 .data          0x00802000        0x0 uart.o
 .data          0x00802000        0x0 usb.o
 .data          0x00802000        0x0 c:/program files/atmel/atmel toolchain/avr8 gcc/native/3.4.1056/avr8-gnu-toolchain/bin/../lib/gcc/avr/4.8.1/../../../../avr/lib/avrxmega4\libm.a(addsf3.o)
 .data          0x00802000        0x0 c:/program files/atmel/atmel toolchain/avr8 gcc/native/3.4.1056/avr8-gnu-toolchain/bin/../lib/gcc/avr/4.8.1/../../../../avr/lib/avrxmega4\libm.a(addsf3x.o)
 .data          0x00802000        0x0 c:/program files/atmel/atmel toolchain/avr8 gcc/native/3.4.1056/avr8-gnu-toolchain/bin/../lib/gcc/avr/4.8.1/../../../../avr/lib/avrxmega4\libm.a(fixsfsi.o)
 .data          0x00802000        0x0 c:/program files/atmel/atmel toolchain/avr8 gcc/native/3.4.1056/avr8-gnu-toolchain/bin/../lib/gcc/avr/4.8.1/../../../../avr/lib/avrxmega4\libm.a(fixunssfsi.o)
 .data          0x00802000        0x0 c:/program files/atmel/atmel toolchain/avr8 gcc/native/3.4.1056/avr8-gnu-toolchain/bin/../lib/gcc/avr/4.8.1/../../../../avr/lib/avrxmega4\libm.a(floatsisf.o)
 .data          0x00802000        0x0 c:/program files/atmel/atmel toolchain/avr8 gcc/native/3.4.1056/avr8-gnu-toolchain/bin/../lib/gcc/avr/4.8.1/../../../../avr/lib/avrxmega4\libm.a(fp_inf.o)
 .data          0x00802000        0x0 c:/program files/atmel/atmel toolchain/avr8 gcc/native/3.4.1056/avr8-gnu-toolchain/bin/../lib/gcc/avr/4.8.1/../../../../avr/lib/avrxmega4\libm.a(fp_nan.o)
 .data          0x00802000        0x0 c:/program files/atmel/atmel toolchain/avr8 gcc/native/3.4.1056/avr8-gnu-toolchain/bin/../lib/gcc/avr/4.8.1/../../../../avr/lib/avrxmega4\libm.a(fp_pscA.o)
 .data          0x00802000        0x0 c:/program files/atmel/atmel toolchain/avr8 gcc/native/3.4.1056/avr8-gnu-toolchain/bin/../lib/gcc/avr/4.8.1/../../../../avr/lib/avrxmega4\libm.a(fp_pscB.o)
 .data          0x00802000        0x0 c:/program files/atmel/atmel toolchain/avr8 gcc/native/3.4.1056/avr8-gnu-toolchain/bin/../lib/gcc/avr/4.8.1/../../../../avr/lib/avrxmega4\libm.a(fp_round.o)
 .data          0x00802000        0x0 c:/program files/atmel/atmel toolchain/avr8 gcc/native/3.4.1056/avr8-gnu-toolchain/bin/../lib/gcc/avr/4.8.1/../../../../avr/lib/avrxmega4\libm.a(fp_split3.o)
 .data          0x00802000        0x0 c:/program files/atmel/atmel toolchain/avr8 gcc/native/3.4.1056/avr8-gnu-toolchain/bin/../lib/gcc/avr/4.8.1/../../../../avr/lib/avrxmega4\libm.a(fp_zero.o)
 .data          0x00802000        0x0 c:/program files/atmel/atmel toolchain/avr8 gcc/native/3.4.1056/avr8-gnu-toolchain/bin/../lib/gcc/avr/4.8.1/../../../../avr/lib/avrxmega4\libm.a(mulsf3.o)
 .data          0x00802000        0x0 c:/program files/atmel/atmel toolchain/avr8 gcc/native/3.4.1056/avr8-gnu-toolchain/bin/../lib/gcc/avr/4.8.1/../../../../avr/lib/avrxmega4\libm.a(mulsf3x.o)
 .data          0x00802000        0x0 c:/program files/atmel/atmel toolchain/avr8 gcc/native/3.4.1056/avr8-gnu-toolchain/bin/../lib/gcc/avr/4.8.1/../../../../avr/lib/avrxmega4\libm.a(round.o)
 .data          0x00802000        0x0 c:/program files/atmel/atmel toolchain/avr8 gcc/native/3.4.1056/avr8-gnu-toolchain/bin/../lib/gcc/avr/4.8.1/../../../../avr/lib/avrxmega4\libm.a(sin.o)
 .data          0x00802000        0x0 c:/program files/atmel/atmel toolchain/avr8 gcc/native/3.4.1056/avr8-gnu-toolchain/bin/../lib/gcc/avr/4.8.1/../../../../avr/lib/avrxmega4\libm.a(fp_mintl.o)
 .data          0x00802000        0x0 c:/program files/atmel/atmel toolchain/avr8 gcc/native/3.4.1056/avr8-gnu-toolchain/bin/../lib/gcc/avr/4.8.1/../../../../avr/lib/avrxmega4\libm.a(fp_mpack.o)
 .data          0x00802000        0x0 c:/program files/atmel/atmel toolchain/avr8 gcc/native/3.4.1056/avr8-gnu-toolchain/bin/../lib/gcc/avr/4.8.1/../../../../avr/lib/avrxmega4\libm.a(fp_rempio2.o)
 .data          0x00802000        0x0 c:/program files/atmel/atmel toolchain/avr8 gcc/native/3.4.1056/avr8-gnu-toolchain/bin/../lib/gcc/avr/4.8.1/../../../../avr/lib/avrxmega4\libm.a(fp_sinus.o)
 .data          0x00802000        0x0 c:/program files/atmel/atmel toolchain/avr8 gcc/native/3.4.1056/avr8-gnu-toolchain/bin/../lib/gcc/avr/4.8.1/../../../../avr/lib/avrxmega4\libm.a(fp_powsodd.o)
 .data          0x00802000        0x0 c:/program files/atmel/atmel toolchain/avr8 gcc/native/3.4.1056/avr8-gnu-toolchain/bin/../lib/gcc/avr/4.8.1/../../../../avr/lib/avrxmega4\libm.a(fp_powser.o)
 .data          0x00802000        0x0 c:/program files/atmel/atmel toolchain/avr8 gcc/native/3.4.1056/avr8-gnu-toolchain/bin/../lib/gcc/avr/4.8.1/avrxmega4\libgcc.a(_mulsi3.o)
 .data          0x00802000        0x0 c:/program files/atmel/atmel toolchain/avr8 gcc/native/3.4.1056/avr8-gnu-toolchain/bin/../lib/gcc/avr/4.8.1/avrxmega4\libgcc.a(_udivmodsi4.o)
 .data          0x00802000        0x0 c:/program files/atmel/atmel toolchain/avr8 gcc/native/3.4.1056/avr8-gnu-toolchain/bin/../lib/gcc/avr/4.8.1/avrxmega4\libgcc.a(_exit.o)
 .data          0x00802000        0x0 c:/program files/atmel/atmel toolchain/avr8 gcc/native/3.4.1056/avr8-gnu-toolchain/bin/../lib/gcc/avr/4.8.1/avrxmega4\libgcc.a(_tablejump.o)
 .data          0x00802000        0x0 c:/program files/atmel/atmel toolchain/avr8 gcc/native/3.4.1056/avr8-gnu-toolchain/bin/../lib/gcc/avr/4.8.1/avrxmega4\libgcc.a(_copy_data.o)
 .data          0x00802000        0x0 c:/program files/atmel/atmel toolchain/avr8 gcc/native/3.4.1056/avr8-gnu-toolchain/bin/../lib/gcc/avr/4.8.1/avrxmega4\libgcc.a(_clear_bss.o)
 .data          0x00802000        0x0 c:/program files/atmel/atmel toolchain/avr8 gcc/native/3.4.1056/avr8-gnu-toolchain/bin/../lib/gcc/avr/4.8.1/avrxmega4\libgcc.a(_mulhisi3.o)
 .data          0x00802000        0x0 c:/program files/atmel/atmel toolchain/avr8 gcc/native/3.4.1056/avr8-gnu-toolchain/bin/../lib/gcc/avr/4.8.1/avrxmega4\libgcc.a(_umulhisi3.o)
 .data          0x00802000        0x0 c:/program files/atmel/atmel toolchain/avr8 gcc/native/3.4.1056/avr8-gnu-toolchain/bin/../lib/gcc/avr/4.8.1/avrxmega4\libgcc.a(_usmulhisi3.o)
 .data          0x00802000        0x0 c:/program files/atmel/atmel toolchain/avr8 gcc/native/3.4.1056/avr8-gnu-toolchain/bin/../lib/gcc/avr/4.8.1/avrxmega4\libgcc.a(_muluhisi3.o)
 .data          0x00802000        0x4 c:/program files/atmel/atmel toolchain/avr8 gcc/native/3.4.1056/avr8-gnu-toolchain/bin/../lib/gcc/avr/4.8.1/../../../../avr/lib/avrxmega4\libc.a(rand.o)
 .data          0x00802004        0x0 c:/program files/atmel/atmel toolchain/avr8 gcc/native/3.4.1056/avr8-gnu-toolchain/bin/../lib/gcc/avr/4.8.1/../../../../avr/lib/avrxmega4\libc.a(strcat.o)
 .data          0x00802004        0x0 c:/program files/atmel/atmel toolchain/avr8 gcc/native/3.4.1056/avr8-gnu-toolchain/bin/../lib/gcc/avr/4.8.1/../../../../avr/lib/avrxmega4\libc.a(strstr.o)
 .data          0x00802004        0x0 c:/program files/atmel/atmel toolchain/avr8 gcc/native/3.4.1056/avr8-gnu-toolchain/bin/../lib/gcc/avr/4.8.1/../../../../avr/lib/avrxmega4\libc.a(iob.o)
 .data          0x00802004        0x0 c:/program files/atmel/atmel toolchain/avr8 gcc/native/3.4.1056/avr8-gnu-toolchain/bin/../lib/gcc/avr/4.8.1/../../../../avr/lib/avrxmega4\libc.a(printf.o)
 .data          0x00802004        0x0 c:/program files/atmel/atmel toolchain/avr8 gcc/native/3.4.1056/avr8-gnu-toolchain/bin/../lib/gcc/avr/4.8.1/../../../../avr/lib/avrxmega4\libc.a(putchar.o)
 .data          0x00802004        0x0 c:/program files/atmel/atmel toolchain/avr8 gcc/native/3.4.1056/avr8-gnu-toolchain/bin/../lib/gcc/avr/4.8.1/../../../../avr/lib/avrxmega4\libc.a(puts.o)
 .data          0x00802004        0x0 c:/program files/atmel/atmel toolchain/avr8 gcc/native/3.4.1056/avr8-gnu-toolchain/bin/../lib/gcc/avr/4.8.1/../../../../avr/lib/avrxmega4\libc.a(sprintf.o)
 .data          0x00802004        0x0 c:/program files/atmel/atmel toolchain/avr8 gcc/native/3.4.1056/avr8-gnu-toolchain/bin/../lib/gcc/avr/4.8.1/../../../../avr/lib/avrxmega4\libc.a(vfprintf_std.o)
 .data          0x00802004        0x0 c:/program files/atmel/atmel toolchain/avr8 gcc/native/3.4.1056/avr8-gnu-toolchain/bin/../lib/gcc/avr/4.8.1/../../../../avr/lib/avrxmega4\libc.a(strnlen_P.o)
 .data          0x00802004        0x0 c:/program files/atmel/atmel toolchain/avr8 gcc/native/3.4.1056/avr8-gnu-toolchain/bin/../lib/gcc/avr/4.8.1/../../../../avr/lib/avrxmega4\libc.a(strnlen.o)
 .data          0x00802004        0x0 c:/program files/atmel/atmel toolchain/avr8 gcc/native/3.4.1056/avr8-gnu-toolchain/bin/../lib/gcc/avr/4.8.1/../../../../avr/lib/avrxmega4\libc.a(fputc.o)
 .data          0x00802004        0x0 c:/program files/atmel/atmel toolchain/avr8 gcc/native/3.4.1056/avr8-gnu-toolchain/bin/../lib/gcc/avr/4.8.1/../../../../avr/lib/avrxmega4\libc.a(ultoa_invert.o)
 .data          0x00802004        0x0 c:/program files/atmel/atmel toolchain/avr8 gcc/native/3.4.1056/avr8-gnu-toolchain/bin/../lib/gcc/avr/4.8.1/avrxmega4\libgcc.a(_divmodsi4.o)
 .data          0x00802004        0x0 c:/program files/atmel/atmel toolchain/avr8 gcc/native/3.4.1056/avr8-gnu-toolchain/bin/../lib/gcc/avr/4.8.1/avrxmega4\libgcc.a(_negsi2.o)
 .data          0x00802004        0x0 c:/program files/atmel/atmel toolchain/avr8 gcc/native/3.4.1056/avr8-gnu-toolchain/bin/../lib/gcc/avr/4.8.1/avrxmega4\libgcc.a(_mulshisi3.o)
 *(.data*)
 .data.mystdout
                0x00802004        0xe main.o
 .data.ircorrection
                0x00802012        0x3 si114x/Si114x_handler.o
                0x00802012                ircorrection
 .data.scale    0x00802015        0x2 si114x/Si114x_handler.o
                0x00802015                scale
 .data.noise_margin
                0x00802017        0x2 si114x/Si114x_handler.o
                0x00802017                noise_margin
 .data.initial_baseline_counter
                0x00802019        0x1 si114x/Si114x_handler.o
                0x00802019                initial_baseline_counter
 .data.out_of_range.1521
                0x0080201a        0x1 si114x/slider_algorithm.o
 *(.rodata)
 .rodata        0x0080201b       0x52 si114x/slider_algorithm.o
 *(.rodata*)
 .rodata.str1.1
                0x0080206d       0x8c si114x/Si114x_handler.o
 .rodata.str1.1
                0x008020f9       0x83 si114x/slider_algorithm.o
 *(.gnu.linkonce.d*)
                0x0080217c                . = ALIGN (0x2)
                0x0080217c                _edata = .
                0x0080217c                PROVIDE (__data_end, .)

.bss            0x0080217c      0x27c
                0x0080217c                PROVIDE (__bss_start, .)
 *(.bss)
 *(.bss*)
 .bss.rx_ptr    0x0080217c        0x2 esp8266.o
                0x0080217c                rx_ptr
 .bss.hours     0x0080217e        0x1 rtc.o
                0x0080217e                hours
 .bss.minutes   0x0080217f        0x1 rtc.o
                0x0080217f                minutes
 .bss.seconds   0x00802180        0x1 rtc.o
                0x00802180                seconds
 .bss.Maxcount.1580
                0x00802181        0x2 si114x/Si114x_handler.o
 .bss.rollingMax.1579
                0x00802183        0x4 si114x/Si114x_handler.o
 .bss.dynamic_baseline.1582
                0x00802187        0x4 si114x/Si114x_handler.o
 .bss.IRlast.1562
                0x0080218b        0x2 si114x/Si114x_handler.o
 .bss.maxLeakage
                0x0080218d        0x4 si114x/Si114x_handler.o
                0x0080218d                maxLeakage
 .bss.LED_flash_timeout.1505
                0x00802191        0x2 si114x/slider_algorithm.o
 .bss.last_xbucket.1520
                0x00802193        0x1 si114x/slider_algorithm.o
 .bss.LED_flash_pattern.1513
                0x00802194        0x8 si114x/slider_algorithm.o
 .bss.LED_State.1514
                0x0080219c        0x1 si114x/slider_algorithm.o
 .bss.Pause_gesture_timeout.1506
                0x0080219d        0x2 si114x/slider_algorithm.o
 .bss.xenter.1523
                0x0080219f        0x2 si114x/slider_algorithm.o
 .bss.SwipeStartTime.1507
                0x008021a1        0x2 si114x/slider_algorithm.o
 .bss.xexit.1524
                0x008021a3        0x2 si114x/slider_algorithm.o
 .bss.xlast.1525
                0x008021a5        0x2 si114x/slider_algorithm.o
 *(COMMON)
 COMMON         0x008021a7      0x192 esp8266.o
                0x008021a7                rx_buffer
                0x0080226f                buffer
                0x008022d3                str
                0x008022d5                cmd
 COMMON         0x00802339       0x83 fatfs/sound.o
                0x00802339                full
                0x0080233a                fht_array
                0x0080237a                fx
                0x008023ba                WavFifo
 COMMON         0x008023bc       0x32 ht1632c.o
                0x008023bc                cursor_y
                0x008023bd                cursor_x
                0x008023be                ledmatrix
 COMMON         0x008023ee        0x4 si114x/Si114x_handler.o
                0x008023ee                baseline
 COMMON         0x008023f2        0x6 c:/program files/atmel/atmel toolchain/avr8 gcc/native/3.4.1056/avr8-gnu-toolchain/bin/../lib/gcc/avr/4.8.1/../../../../avr/lib/avrxmega4\libc.a(iob.o)
                0x008023f2                __iob
                0x008023f8                PROVIDE (__bss_end, .)
                0x000023b4                __data_load_start = LOADADDR (.data)
                0x00002530                __data_load_end = (__data_load_start + SIZEOF (.data))

.noinit         0x008023f8        0x0
                0x008023f8                PROVIDE (__noinit_start, .)
 *(.noinit*)
                0x008023f8                PROVIDE (__noinit_end, .)
                0x008023f8                _end = .
                0x008023f8                PROVIDE (__heap_start, .)

.eeprom         0x00810000        0x0
 *(.eeprom*)
                0x00810000                __eeprom_end = .

.fuse
 *(.fuse)
 *(.lfuse)
 *(.hfuse)
 *(.efuse)

.lock
 *(.lock*)

.signature
 *(.signature*)

.user_signatures
 *(.user_signatures*)

.stab
 *(.stab)

.stabstr
 *(.stabstr)

.stab.excl
 *(.stab.excl)

.stab.exclstr
 *(.stab.exclstr)

.stab.index
 *(.stab.index)

.stab.indexstr
 *(.stab.indexstr)

.comment        0x00000000       0x5c
 *(.comment)
 .comment       0x00000000       0x30 4x6_font.o
                                 0x31 (size before relaxing)
 .comment       0x00000000       0x31 adc.o
 .comment       0x00000000       0x31 clock.o
 .comment       0x00000000       0x31 esp8266.o
 .comment       0x00000000       0x31 fatfs/ff.o
 .comment       0x00000000       0x31 fatfs/mmc_avr.o
 .comment       0x00000000       0x31 fatfs/sound.o
 .comment       0x00000000       0x31 fft/fft.o
 .comment       0x00000000       0x31 fft/sampling.o
 .comment       0x00000000       0x31 fft/wff_fht/complexToDecibel.o
 .comment       0x00000000       0x31 fft/wff_fht/complexToReal.o
 .comment       0x00000000       0x31 fft/wff_fht/fht.o
 .comment       0x00000000       0x31 fft/wff_fht/fhtDebug.o
 .comment       0x00000000       0x31 fft/wff_fht/generateTables.o
 .comment       0x00000000       0x31 fft/wff_fht/windowing.o
 .comment       0x00000000       0x31 ht1632c.o
 .comment       0x00000000       0x31 json/jsmn.o
 .comment       0x00000000       0x31 main.o
 .comment       0x00000000       0x31 port.o
 .comment       0x00000000       0x31 power.o
 .comment       0x00000000       0x31 rtc.o
 .comment       0x00000000       0x31 sercom.o
 .comment       0x00000000       0x31 si114x.o
 .comment       0x00000000       0x31 si114x/Si114x_functions.o
 .comment       0x00000000       0x31 si114x/Si114x_handler.o
 .comment       0x00000000       0x31 si114x/Si114x_init.o
 .comment       0x00000000       0x31 si114x/Si114x_sys_out.o
 .comment       0x00000000       0x31 si114x/slider_algorithm.o
 .comment       0x00000000       0x31 uart.o
 .comment       0x00000000       0x31 usb.o
 .comment       0x00000000       0x31 c:/program files/atmel/atmel toolchain/avr8 gcc/native/3.4.1056/avr8-gnu-toolchain/bin/../lib/gcc/avr/4.8.1/../../../../avr/lib/avrxmega4\libc.a(rand.o)
 .comment       0x00000000       0x31 c:/program files/atmel/atmel toolchain/avr8 gcc/native/3.4.1056/avr8-gnu-toolchain/bin/../lib/gcc/avr/4.8.1/../../../../avr/lib/avrxmega4\libc.a(iob.o)
 .comment       0x00000000       0x31 c:/program files/atmel/atmel toolchain/avr8 gcc/native/3.4.1056/avr8-gnu-toolchain/bin/../lib/gcc/avr/4.8.1/../../../../avr/lib/avrxmega4\libc.a(printf.o)
 .comment       0x00000000       0x31 c:/program files/atmel/atmel toolchain/avr8 gcc/native/3.4.1056/avr8-gnu-toolchain/bin/../lib/gcc/avr/4.8.1/../../../../avr/lib/avrxmega4\libc.a(putchar.o)
 .comment       0x00000000       0x31 c:/program files/atmel/atmel toolchain/avr8 gcc/native/3.4.1056/avr8-gnu-toolchain/bin/../lib/gcc/avr/4.8.1/../../../../avr/lib/avrxmega4\libc.a(puts.o)
 .comment       0x00000000       0x31 c:/program files/atmel/atmel toolchain/avr8 gcc/native/3.4.1056/avr8-gnu-toolchain/bin/../lib/gcc/avr/4.8.1/../../../../avr/lib/avrxmega4\libc.a(sprintf.o)
 .comment       0x00000030       0x2c c:/program files/atmel/atmel toolchain/avr8 gcc/native/3.4.1056/avr8-gnu-toolchain/bin/../lib/gcc/avr/4.8.1/../../../../avr/lib/avrxmega4\libc.a(vfprintf_std.o)
                                 0x2d (size before relaxing)
 .comment       0x00000000       0x31 c:/program files/atmel/atmel toolchain/avr8 gcc/native/3.4.1056/avr8-gnu-toolchain/bin/../lib/gcc/avr/4.8.1/../../../../avr/lib/avrxmega4\libc.a(fputc.o)

.note.gnu.build-id
 *(.note.gnu.build-id)

.debug
 *(.debug)

.line
 *(.line)

.debug_srcinfo
 *(.debug_srcinfo)

.debug_sfnames
 *(.debug_sfnames)

.debug_aranges  0x00000000      0x848
 *(.debug_aranges)
 .debug_aranges
                0x00000000       0x18 4x6_font.o
 .debug_aranges
                0x00000018       0x20 adc.o
 .debug_aranges
                0x00000038       0x38 clock.o
 .debug_aranges
                0x00000070       0x50 esp8266.o
 .debug_aranges
                0x000000c0      0x190 fatfs/ff.o
 .debug_aranges
                0x00000250       0x78 fatfs/mmc_avr.o
 .debug_aranges
                0x000002c8       0x40 fatfs/sound.o
 .debug_aranges
                0x00000308       0x28 fft/fft.o
 .debug_aranges
                0x00000330       0x20 fft/sampling.o
 .debug_aranges
                0x00000350       0x28 fft/wff_fht/complexToDecibel.o
 .debug_aranges
                0x00000378       0x20 fft/wff_fht/complexToReal.o
 .debug_aranges
                0x00000398       0x20 fft/wff_fht/fht.o
 .debug_aranges
                0x000003b8       0x18 fft/wff_fht/fhtDebug.o
 .debug_aranges
                0x000003d0       0x18 fft/wff_fht/generateTables.o
 .debug_aranges
                0x000003e8       0x28 fft/wff_fht/windowing.o
 .debug_aranges
                0x00000410      0x100 ht1632c.o
 .debug_aranges
                0x00000510       0x28 json/jsmn.o
 .debug_aranges
                0x00000538       0x38 main.o
 .debug_aranges
                0x00000570       0x30 port.o
 .debug_aranges
                0x000005a0       0x20 power.o
 .debug_aranges
                0x000005c0       0x38 rtc.o
 .debug_aranges
                0x000005f8       0x58 sercom.o
 .debug_aranges
                0x00000650       0x70 si114x.o
 .debug_aranges
                0x000006c0       0x78 si114x/Si114x_functions.o
 .debug_aranges
                0x00000738       0x38 si114x/Si114x_handler.o
 .debug_aranges
                0x00000770       0x50 si114x/Si114x_sys_out.o
 .debug_aranges
                0x000007c0       0x28 si114x/slider_algorithm.o
 .debug_aranges
                0x000007e8       0x40 uart.o
 .debug_aranges
                0x00000828       0x20 usb.o

.debug_pubnames
 *(.debug_pubnames)

.debug_info     0x00000000     0xed41
 *(.debug_info .gnu.linkonce.wi.*)
 .debug_info    0x00000000       0x7e 4x6_font.o
 .debug_info    0x0000007e      0x5cd adc.o
 .debug_info    0x0000064b      0x203 clock.o
 .debug_info    0x0000084e     0x12ed esp8266.o
 .debug_info    0x00001b3b     0x392e fatfs/ff.o
 .debug_info    0x00005469      0xff8 fatfs/mmc_avr.o
 .debug_info    0x00006461     0x147a fatfs/sound.o
 .debug_info    0x000078db      0x2d0 fft/fft.o
 .debug_info    0x00007bab      0x210 fft/sampling.o
 .debug_info    0x00007dbb      0x1ba fft/wff_fht/complexToDecibel.o
 .debug_info    0x00007f75       0xf7 fft/wff_fht/complexToReal.o
 .debug_info    0x0000806c      0x1bd fft/wff_fht/fht.o
 .debug_info    0x00008229       0x5d fft/wff_fht/fhtDebug.o
 .debug_info    0x00008286       0x5d fft/wff_fht/generateTables.o
 .debug_info    0x000082e3      0x220 fft/wff_fht/windowing.o
 .debug_info    0x00008503     0x12cc ht1632c.o
 .debug_info    0x000097cf      0x57f json/jsmn.o
 .debug_info    0x00009d4e     0x12d7 main.o
 .debug_info    0x0000b025      0x313 port.o
 .debug_info    0x0000b338      0x356 power.o
 .debug_info    0x0000b68e      0x88c rtc.o
 .debug_info    0x0000bf1a      0x6b3 sercom.o
 .debug_info    0x0000c5cd      0x397 si114x.o
 .debug_info    0x0000c964      0x9c0 si114x/Si114x_functions.o
 .debug_info    0x0000d324      0x5a1 si114x/Si114x_handler.o
 .debug_info    0x0000d8c5      0x405 si114x/Si114x_sys_out.o
 .debug_info    0x0000dcca      0x70f si114x/slider_algorithm.o
 .debug_info    0x0000e3d9      0x4e8 uart.o
 .debug_info    0x0000e8c1      0x480 usb.o

.debug_abbrev   0x00000000     0x2c3c
 *(.debug_abbrev)
 .debug_abbrev  0x00000000       0x4c 4x6_font.o
 .debug_abbrev  0x0000004c       0xee adc.o
 .debug_abbrev  0x0000013a       0xb9 clock.o
 .debug_abbrev  0x000001f3      0x306 esp8266.o
 .debug_abbrev  0x000004f9      0x2c4 fatfs/ff.o
 .debug_abbrev  0x000007bd      0x2dc fatfs/mmc_avr.o
 .debug_abbrev  0x00000a99      0x2f6 fatfs/sound.o
 .debug_abbrev  0x00000d8f      0x162 fft/fft.o
 .debug_abbrev  0x00000ef1      0x134 fft/sampling.o
 .debug_abbrev  0x00001025       0xba fft/wff_fht/complexToDecibel.o
 .debug_abbrev  0x000010df       0x98 fft/wff_fht/complexToReal.o
 .debug_abbrev  0x00001177       0xc0 fft/wff_fht/fht.o
 .debug_abbrev  0x00001237       0x26 fft/wff_fht/fhtDebug.o
 .debug_abbrev  0x0000125d       0x26 fft/wff_fht/generateTables.o
 .debug_abbrev  0x00001283       0xd6 fft/wff_fht/windowing.o
 .debug_abbrev  0x00001359      0x30f ht1632c.o
 .debug_abbrev  0x00001668      0x1f4 json/jsmn.o
 .debug_abbrev  0x0000185c      0x35a main.o
 .debug_abbrev  0x00001bb6       0xd1 port.o
 .debug_abbrev  0x00001c87       0xc8 power.o
 .debug_abbrev  0x00001d4f      0x1ff rtc.o
 .debug_abbrev  0x00001f4e      0x1a1 sercom.o
 .debug_abbrev  0x000020ef      0x152 si114x.o
 .debug_abbrev  0x00002241      0x239 si114x/Si114x_functions.o
 .debug_abbrev  0x0000247a      0x1b4 si114x/Si114x_handler.o
 .debug_abbrev  0x0000262e      0x177 si114x/Si114x_sys_out.o
 .debug_abbrev  0x000027a5      0x1f5 si114x/slider_algorithm.o
 .debug_abbrev  0x0000299a      0x1e8 uart.o
 .debug_abbrev  0x00002b82       0xba usb.o

.debug_line     0x00000000     0x7045
 *(.debug_line .debug_line.* .debug_line_end)
 .debug_line    0x00000000       0x2d 4x6_font.o
 .debug_line    0x0000002d      0x13e adc.o
 .debug_line    0x0000016b      0x1be clock.o
 .debug_line    0x00000329      0x568 esp8266.o
 .debug_line    0x00000891     0x26f7 fatfs/ff.o
 .debug_line    0x00002f88      0x7d3 fatfs/mmc_avr.o
 .debug_line    0x0000375b      0x517 fatfs/sound.o
 .debug_line    0x00003c72      0x14d fft/fft.o
 .debug_line    0x00003dbf      0x145 fft/sampling.o
 .debug_line    0x00003f04      0x1a4 fft/wff_fht/complexToDecibel.o
 .debug_line    0x000040a8      0x15d fft/wff_fht/complexToReal.o
 .debug_line    0x00004205      0x26a fft/wff_fht/fht.o
 .debug_line    0x0000446f       0x1a fft/wff_fht/fhtDebug.o
 .debug_line    0x00004489       0x1a fft/wff_fht/generateTables.o
 .debug_line    0x000044a3      0x155 fft/wff_fht/windowing.o
 .debug_line    0x000045f8      0x960 ht1632c.o
 .debug_line    0x00004f58      0x412 json/jsmn.o
 .debug_line    0x0000536a      0x410 main.o
 .debug_line    0x0000577a      0x19f port.o
 .debug_line    0x00005919      0x134 power.o
 .debug_line    0x00005a4d      0x2a3 rtc.o
 .debug_line    0x00005cf0      0x3a6 sercom.o
 .debug_line    0x00006096      0x1c5 si114x.o
 .debug_line    0x0000625b      0x2b4 si114x/Si114x_functions.o
 .debug_line    0x0000650f      0x2e7 si114x/Si114x_handler.o
 .debug_line    0x000067f6        0x0 si114x/Si114x_init.o
 .debug_line    0x000067f6      0x1ec si114x/Si114x_sys_out.o
 .debug_line    0x000069e2      0x2d3 si114x/slider_algorithm.o
 .debug_line    0x00006cb5      0x276 uart.o
 .debug_line    0x00006f2b      0x11a usb.o

.debug_frame    0x00000000     0x1e50
 *(.debug_frame)
 .debug_frame   0x00000000       0x24 adc.o
 .debug_frame   0x00000024       0x54 clock.o
 .debug_frame   0x00000078       0xec esp8266.o
 .debug_frame   0x00000164      0xb18 fatfs/ff.o
 .debug_frame   0x00000c7c      0x1b0 fatfs/mmc_avr.o
 .debug_frame   0x00000e2c      0x12c fatfs/sound.o
 .debug_frame   0x00000f58       0x80 fft/fft.o
 .debug_frame   0x00000fd8       0x80 fft/sampling.o
 .debug_frame   0x00001058       0xec fft/wff_fht/complexToDecibel.o
 .debug_frame   0x00001144       0x84 fft/wff_fht/complexToReal.o
 .debug_frame   0x000011c8       0x84 fft/wff_fht/fht.o
 .debug_frame   0x0000124c       0x74 fft/wff_fht/windowing.o
 .debug_frame   0x000012c0      0x440 ht1632c.o
 .debug_frame   0x00001700       0x90 json/jsmn.o
 .debug_frame   0x00001790       0x78 main.o
 .debug_frame   0x00001808       0x44 port.o
 .debug_frame   0x0000184c       0x24 power.o
 .debug_frame   0x00001870       0xe0 rtc.o
 .debug_frame   0x00001950       0x94 sercom.o
 .debug_frame   0x000019e4       0xc4 si114x.o
 .debug_frame   0x00001aa8      0x164 si114x/Si114x_functions.o
 .debug_frame   0x00001c0c       0x98 si114x/Si114x_handler.o
 .debug_frame   0x00001ca4       0x84 si114x/Si114x_sys_out.o
 .debug_frame   0x00001d28       0x8c si114x/slider_algorithm.o
 .debug_frame   0x00001db4       0x78 uart.o
 .debug_frame   0x00001e2c       0x24 usb.o

.debug_str      0x00000000     0x2ca2
 *(.debug_str)
 .debug_str     0x00000000      0x156 4x6_font.o
                                0x18a (size before relaxing)
 .debug_str     0x00000156      0x51a adc.o
                                0x6aa (size before relaxing)
 .debug_str     0x00000670      0x158 clock.o
                                0x2ed (size before relaxing)
 .debug_str     0x000007c8      0x22b esp8266.o
                                0x415 (size before relaxing)
 .debug_str     0x000009f3      0x58e fatfs/ff.o
                                0x71f (size before relaxing)
 .debug_str     0x00000f81      0x148 fatfs/mmc_avr.o
                                0x48e (size before relaxing)
 .debug_str     0x000010c9      0x57c fatfs/sound.o
                                0xb2b (size before relaxing)
 .debug_str     0x00001645       0x74 fft/fft.o
                                0x21d (size before relaxing)
 .debug_str     0x000016b9       0x5d fft/sampling.o
                                0x238 (size before relaxing)
 .debug_str     0x00001716       0x77 fft/wff_fht/complexToDecibel.o
                                0x205 (size before relaxing)
 .debug_str     0x0000178d       0x30 fft/wff_fht/complexToReal.o
                                0x1c8 (size before relaxing)
 .debug_str     0x000017bd       0x7d fft/wff_fht/fht.o
                                0x21d (size before relaxing)
 .debug_str     0x0000183a       0x1a fft/wff_fht/fhtDebug.o
                                0x18f (size before relaxing)
 .debug_str     0x00001854       0x20 fft/wff_fht/generateTables.o
                                0x195 (size before relaxing)
 .debug_str     0x00001874       0x55 fft/wff_fht/windowing.o
                                0x1fa (size before relaxing)
 .debug_str     0x000018c9      0x2fe ht1632c.o
                                0x5e9 (size before relaxing)
 .debug_str     0x00001bc7      0x124 json/jsmn.o
                                0x26e (size before relaxing)
 .debug_str     0x00001ceb      0x2a8 main.o
                                0x826 (size before relaxing)
 .debug_str     0x00001f93      0x132 port.o
                                0x43d (size before relaxing)
 .debug_str     0x000020c5       0xa6 power.o
                                0x3b1 (size before relaxing)
 .debug_str     0x0000216b      0x257 rtc.o
                                0x4ea (size before relaxing)
 .debug_str     0x000023c2      0x169 sercom.o
                                0x598 (size before relaxing)
 .debug_str     0x0000252b       0xf4 si114x.o
                                0x2b9 (size before relaxing)
 .debug_str     0x0000261f      0x109 si114x/Si114x_functions.o
                                0x351 (size before relaxing)
 .debug_str     0x00002728       0xeb si114x/Si114x_handler.o
                                0x2c3 (size before relaxing)
 .debug_str     0x00002813        0x0 si114x/Si114x_init.o
 .debug_str     0x00002813       0x42 si114x/Si114x_sys_out.o
                                0x2f4 (size before relaxing)
 .debug_str     0x00002855      0x1af si114x/slider_algorithm.o
                                0x39a (size before relaxing)
 .debug_str     0x00002a04      0x138 uart.o
                                0x444 (size before relaxing)
 .debug_str     0x00002b3c      0x166 usb.o
                                0x4b7 (size before relaxing)

.debug_loc      0x00000000     0xd115
 *(.debug_loc)
 .debug_loc     0x00000000      0x503 esp8266.o
 .debug_loc     0x00000503     0x67c2 fatfs/ff.o
 .debug_loc     0x00006cc5      0xdf2 fatfs/mmc_avr.o
 .debug_loc     0x00007ab7      0x83b fatfs/sound.o
 .debug_loc     0x000082f2      0x202 fft/fft.o
 .debug_loc     0x000084f4      0x299 fft/sampling.o
 .debug_loc     0x0000878d      0x47a fft/wff_fht/complexToDecibel.o
 .debug_loc     0x00008c07      0x278 fft/wff_fht/complexToReal.o
 .debug_loc     0x00008e7f      0x545 fft/wff_fht/fht.o
 .debug_loc     0x000093c4      0x2c2 fft/wff_fht/windowing.o
 .debug_loc     0x00009686     0x1421 ht1632c.o
 .debug_loc     0x0000aaa7      0x9d5 json/jsmn.o
 .debug_loc     0x0000b47c      0x1bc main.o
 .debug_loc     0x0000b638      0x205 rtc.o
 .debug_loc     0x0000b83d      0x10c sercom.o
 .debug_loc     0x0000b949      0x15a si114x.o
 .debug_loc     0x0000baa3      0x819 si114x/Si114x_functions.o
 .debug_loc     0x0000c2bc      0x505 si114x/Si114x_handler.o
 .debug_loc     0x0000c7c1      0x242 si114x/Si114x_sys_out.o
 .debug_loc     0x0000ca03      0x583 si114x/slider_algorithm.o
 .debug_loc     0x0000cf86      0x18f uart.o

.debug_macinfo
 *(.debug_macinfo)

.debug_weaknames
 *(.debug_weaknames)

.debug_funcnames
 *(.debug_funcnames)

.debug_typenames
 *(.debug_typenames)

.debug_varnames
 *(.debug_varnames)

.debug_pubtypes
 *(.debug_pubtypes)

.debug_ranges   0x00000000      0x838
 *(.debug_ranges)
 .debug_ranges  0x00000000       0x10 adc.o
 .debug_ranges  0x00000010       0x28 clock.o
 .debug_ranges  0x00000038       0x40 esp8266.o
 .debug_ranges  0x00000078      0x1f0 fatfs/ff.o
 .debug_ranges  0x00000268       0x68 fatfs/mmc_avr.o
 .debug_ranges  0x000002d0       0x48 fatfs/sound.o
 .debug_ranges  0x00000318       0x18 fft/fft.o
 .debug_ranges  0x00000330       0x10 fft/sampling.o
 .debug_ranges  0x00000340       0x58 fft/wff_fht/complexToDecibel.o
 .debug_ranges  0x00000398       0x10 fft/wff_fht/complexToReal.o
 .debug_ranges  0x000003a8       0x10 fft/wff_fht/fht.o
 .debug_ranges  0x000003b8       0x18 fft/wff_fht/windowing.o
 .debug_ranges  0x000003d0      0x140 ht1632c.o
 .debug_ranges  0x00000510       0xd8 json/jsmn.o
 .debug_ranges  0x000005e8       0x28 main.o
 .debug_ranges  0x00000610       0x20 port.o
 .debug_ranges  0x00000630       0x10 power.o
 .debug_ranges  0x00000640       0x28 rtc.o
 .debug_ranges  0x00000668       0x48 sercom.o
 .debug_ranges  0x000006b0       0x60 si114x.o
 .debug_ranges  0x00000710       0x68 si114x/Si114x_functions.o
 .debug_ranges  0x00000778       0x28 si114x/Si114x_handler.o
 .debug_ranges  0x000007a0       0x40 si114x/Si114x_sys_out.o
 .debug_ranges  0x000007e0       0x18 si114x/slider_algorithm.o
 .debug_ranges  0x000007f8       0x30 uart.o
 .debug_ranges  0x00000828       0x10 usb.o

.debug_macro
 *(.debug_macro)
OUTPUT(matrix_clock.elf elf32-avr)
LOAD linker stubs
