Archive member included because of file (symbol)

c:/program files/atmel/atmel toolchain/avr8 gcc/native/3.4.1056/avr8-gnu-toolchain/bin/../lib/gcc/avr/4.8.1/../../../../avr/lib/avrxmega4\libm.a(divsf3.o)
                              drivers/adc/adc.o (__divsf3)
c:/program files/atmel/atmel toolchain/avr8 gcc/native/3.4.1056/avr8-gnu-toolchain/bin/../lib/gcc/avr/4.8.1/../../../../avr/lib/avrxmega4\libm.a(divsf3x.o)
                              c:/program files/atmel/atmel toolchain/avr8 gcc/native/3.4.1056/avr8-gnu-toolchain/bin/../lib/gcc/avr/4.8.1/../../../../avr/lib/avrxmega4\libm.a(divsf3.o) (__divsf3x)
c:/program files/atmel/atmel toolchain/avr8 gcc/native/3.4.1056/avr8-gnu-toolchain/bin/../lib/gcc/avr/4.8.1/../../../../avr/lib/avrxmega4\libm.a(fixsfsi.o)
                              drivers/sensors/si114x/slider_algorithm.o (__fixsfsi)
c:/program files/atmel/atmel toolchain/avr8 gcc/native/3.4.1056/avr8-gnu-toolchain/bin/../lib/gcc/avr/4.8.1/../../../../avr/lib/avrxmega4\libm.a(fixunssfsi.o)
                              c:/program files/atmel/atmel toolchain/avr8 gcc/native/3.4.1056/avr8-gnu-toolchain/bin/../lib/gcc/avr/4.8.1/../../../../avr/lib/avrxmega4\libm.a(fixsfsi.o) (__fixunssfsi)
c:/program files/atmel/atmel toolchain/avr8 gcc/native/3.4.1056/avr8-gnu-toolchain/bin/../lib/gcc/avr/4.8.1/../../../../avr/lib/avrxmega4\libm.a(floatsisf.o)
                              drivers/adc/adc.o (__floatunsisf)
c:/program files/atmel/atmel toolchain/avr8 gcc/native/3.4.1056/avr8-gnu-toolchain/bin/../lib/gcc/avr/4.8.1/../../../../avr/lib/avrxmega4\libm.a(fp_inf.o)
                              c:/program files/atmel/atmel toolchain/avr8 gcc/native/3.4.1056/avr8-gnu-toolchain/bin/../lib/gcc/avr/4.8.1/../../../../avr/lib/avrxmega4\libm.a(divsf3x.o) (__fp_inf)
c:/program files/atmel/atmel toolchain/avr8 gcc/native/3.4.1056/avr8-gnu-toolchain/bin/../lib/gcc/avr/4.8.1/../../../../avr/lib/avrxmega4\libm.a(fp_nan.o)
                              c:/program files/atmel/atmel toolchain/avr8 gcc/native/3.4.1056/avr8-gnu-toolchain/bin/../lib/gcc/avr/4.8.1/../../../../avr/lib/avrxmega4\libm.a(divsf3x.o) (__fp_nan)
c:/program files/atmel/atmel toolchain/avr8 gcc/native/3.4.1056/avr8-gnu-toolchain/bin/../lib/gcc/avr/4.8.1/../../../../avr/lib/avrxmega4\libm.a(fp_pscA.o)
                              c:/program files/atmel/atmel toolchain/avr8 gcc/native/3.4.1056/avr8-gnu-toolchain/bin/../lib/gcc/avr/4.8.1/../../../../avr/lib/avrxmega4\libm.a(divsf3x.o) (__fp_pscA)
c:/program files/atmel/atmel toolchain/avr8 gcc/native/3.4.1056/avr8-gnu-toolchain/bin/../lib/gcc/avr/4.8.1/../../../../avr/lib/avrxmega4\libm.a(fp_pscB.o)
                              c:/program files/atmel/atmel toolchain/avr8 gcc/native/3.4.1056/avr8-gnu-toolchain/bin/../lib/gcc/avr/4.8.1/../../../../avr/lib/avrxmega4\libm.a(divsf3x.o) (__fp_pscB)
c:/program files/atmel/atmel toolchain/avr8 gcc/native/3.4.1056/avr8-gnu-toolchain/bin/../lib/gcc/avr/4.8.1/../../../../avr/lib/avrxmega4\libm.a(fp_round.o)
                              c:/program files/atmel/atmel toolchain/avr8 gcc/native/3.4.1056/avr8-gnu-toolchain/bin/../lib/gcc/avr/4.8.1/../../../../avr/lib/avrxmega4\libm.a(divsf3.o) (__fp_round)
c:/program files/atmel/atmel toolchain/avr8 gcc/native/3.4.1056/avr8-gnu-toolchain/bin/../lib/gcc/avr/4.8.1/../../../../avr/lib/avrxmega4\libm.a(fp_split3.o)
                              c:/program files/atmel/atmel toolchain/avr8 gcc/native/3.4.1056/avr8-gnu-toolchain/bin/../lib/gcc/avr/4.8.1/../../../../avr/lib/avrxmega4\libm.a(divsf3x.o) (__fp_split3)
c:/program files/atmel/atmel toolchain/avr8 gcc/native/3.4.1056/avr8-gnu-toolchain/bin/../lib/gcc/avr/4.8.1/../../../../avr/lib/avrxmega4\libm.a(fp_zero.o)
                              c:/program files/atmel/atmel toolchain/avr8 gcc/native/3.4.1056/avr8-gnu-toolchain/bin/../lib/gcc/avr/4.8.1/../../../../avr/lib/avrxmega4\libm.a(fixunssfsi.o) (__fp_zero)
c:/program files/atmel/atmel toolchain/avr8 gcc/native/3.4.1056/avr8-gnu-toolchain/bin/../lib/gcc/avr/4.8.1/../../../../avr/lib/avrxmega4\libm.a(gesf2.o)
                              drivers/adc/adc.o (__gtsf2)
c:/program files/atmel/atmel toolchain/avr8 gcc/native/3.4.1056/avr8-gnu-toolchain/bin/../lib/gcc/avr/4.8.1/../../../../avr/lib/avrxmega4\libm.a(mulsf3.o)
                              drivers/sensors/si114x/slider_algorithm.o (__mulsf3)
c:/program files/atmel/atmel toolchain/avr8 gcc/native/3.4.1056/avr8-gnu-toolchain/bin/../lib/gcc/avr/4.8.1/../../../../avr/lib/avrxmega4\libm.a(mulsf3x.o)
                              c:/program files/atmel/atmel toolchain/avr8 gcc/native/3.4.1056/avr8-gnu-toolchain/bin/../lib/gcc/avr/4.8.1/../../../../avr/lib/avrxmega4\libm.a(mulsf3.o) (__mulsf3x)
c:/program files/atmel/atmel toolchain/avr8 gcc/native/3.4.1056/avr8-gnu-toolchain/bin/../lib/gcc/avr/4.8.1/../../../../avr/lib/avrxmega4\libm.a(pow.o)
                              drivers/sensors/si114x/slider_algorithm.o (pow)
[...]
Memory Configuration

Name             Origin             Length             Attributes
text             0x00000000         0x00100000         xr
data             0x00802000         0x0000ffa0         rw !x
eeprom           0x00810000         0x00010000         rw !x
fuse             0x00820000         0x00000400         rw !x
lock             0x00830000         0x00000400         rw !x
signature        0x00840000         0x00000400         rw !x
user_signatures  0x00850000         0x00000400         rw !x
*default*        0x00000000         0xffffffff

Linker script and memory map

LOAD c:/program files/atmel/atmel toolchain/avr8 gcc/native/3.4.1056/avr8-gnu-toolchain/bin/../lib/gcc/avr/4.8.1/../../../../avr/lib/avrxmega4/crtx64a4u.o
LOAD 4x6_font.o
LOAD drivers/adc/adc.o
LOAD drivers/clock/clock.o
LOAD drivers/dac/dac.o
LOAD drivers/dma/dma.o
LOAD drivers/dma/dma_functions.o
LOAD drivers/eeprom/eeprom.o
LOAD drivers/esp8266/esp8266.o
LOAD drivers/ht1632c/ht1632c.o
LOAD drivers/port/port.o
LOAD drivers/power/power.o
LOAD drivers/rtc/rtc.o
LOAD drivers/sensors/si114x/Si114x_functions.o
LOAD drivers/sensors/si114x/Si114x_handler.o
LOAD drivers/sensors/si114x/Si114x_sys_out.o
LOAD drivers/sensors/si114x/slider_algorithm.o
LOAD drivers/sercom/spi.o
LOAD drivers/sercom/twi.o
LOAD drivers/sercom/uart.o
LOAD drivers/timer/timer.o
LOAD main.o
LOAD modules/display/display.o
LOAD modules/fatfs/ff.o
LOAD modules/fatfs/mmc_avr.o
LOAD modules/fatfs/sound.o
LOAD modules/json/jsmn.o
LOAD modules/json/json_functions.o
LOAD modules/menu/menu.o
LOAD modules/time_functions/time_functions.o
LOAD _StackInstrument.o
START GROUP
LOAD c:/program files/atmel/atmel toolchain/avr8 gcc/native/3.4.1056/avr8-gnu-toolchain/bin/../lib/gcc/avr/4.8.1/../../../../avr/lib/avrxmega4\libm.a
END GROUP
START GROUP
LOAD c:/program files/atmel/atmel toolchain/avr8 gcc/native/3.4.1056/avr8-gnu-toolchain/bin/../lib/gcc/avr/4.8.1/avrxmega4\libgcc.a
LOAD c:/program files/atmel/atmel toolchain/avr8 gcc/native/3.4.1056/avr8-gnu-toolchain/bin/../lib/gcc/avr/4.8.1/../../../../avr/lib/avrxmega4\libm.a
LOAD c:/program files/atmel/atmel toolchain/avr8 gcc/native/3.4.1056/avr8-gnu-toolchain/bin/../lib/gcc/avr/4.8.1/../../../../avr/lib/avrxmega4\libc.a
END GROUP

.hash
 *(.hash)

.dynsym
 *(.dynsym)

.dynstr
 *(.dynstr)

.gnu.version
 *(.gnu.version)

.gnu.version_d
 *(.gnu.version_d)

.gnu.version_r
 *(.gnu.version_r)

.rel.init
 *(.rel.init)

.rela.init
 *(.rela.init)

.rel.text
 *(.rel.text)
 *(.rel.text.*)
 *(.rel.gnu.linkonce.t*)

.rela.text
 *(.rela.text)
 *(.rela.text.*)
 *(.rela.gnu.linkonce.t*)

.rel.fini
 *(.rel.fini)

.rela.fini
 *(.rela.fini)

.rel.rodata
 *(.rel.rodata)
 *(.rel.rodata.*)
 *(.rel.gnu.linkonce.r*)

.rela.rodata
 *(.rela.rodata)
 *(.rela.rodata.*)
 *(.rela.gnu.linkonce.r*)

.rel.data
 *(.rel.data)
 *(.rel.data.*)
 *(.rel.gnu.linkonce.d*)

.rela.data
 *(.rela.data)
 *(.rela.data.*)
 *(.rela.gnu.linkonce.d*)

.rel.ctors
 *(.rel.ctors)

.rela.ctors
 *(.rela.ctors)

.rel.dtors
 *(.rel.dtors)

.rela.dtors
 *(.rela.dtors)

.rel.got
 *(.rel.got)

.rela.got
 *(.rela.got)

.rel.bss
 *(.rel.bss)

.rela.bss
 *(.rela.bss)

.rel.plt
 *(.rel.plt)

.rela.plt
 *(.rela.plt)

.text           0x00000000     0xad64
 *(.vectors)
 .vectors       0x00000000      0x1fc c:/program files/atmel/atmel toolchain/avr8 gcc/native/3.4.1056/avr8-gnu-toolchain/bin/../lib/gcc/avr/4.8.1/../../../../avr/lib/avrxmega4/crtx64a4u.o
                0x00000000                __vector_default
                0x00000000                __vectors
 *(.vectors)
 *(.progmem.gcc*)
 .progmem.gcc_sw_table.menu_configuration
                0x000001fc       0x20 modules/menu/menu.o
 .progmem.gcc_sw_table.menu_state_machine
                0x0000021c        0xe modules/menu/menu.o
 .progmem.gcc_sw_table.time_get_days_in_month
                0x0000022a       0x18 modules/time_functions/time_functions.o
                0x00000242                . = ALIGN (0x2)
                0x00000242                __trampolines_start = .
 *(.trampolines)
 .trampolines   0x00000242        0x0 linker stubs
 *(.trampolines*)
                0x00000242                __trampolines_end = .
 *(.progmem*)
 .progmem.data.font_4x6
                0x00000242      0x600 modules/display/display.o
 .progmem.data.font_5x7
                0x00000842      0x4fb modules/display/display.o
 .progmem.data.IMG_SPEAKER_A
                0x00000d3d        0x6 modules/menu/menu.o
 .progmem.data  0x00000d43        0xc c:/program files/atmel/atmel toolchain/avr8 gcc/native/3.4.1056/avr8-gnu-toolchain/bin/../lib/gcc/avr/4.8.1/../../../../avr/lib/avrxmega4\libc.a(vfscanf_std.o)
                0x00000d50                . = ALIGN (0x2)
 *fill*         0x00000d4f        0x1 
 *(.jumptables)
 *(.jumptables*)
 *(.lowtext)
 *(.lowtext*)
                0x00000d50                __ctors_start = .
 *(.ctors)
                0x00000d50                __ctors_end = .
                0x00000d50                __dtors_start = .
 *(.dtors)
                0x00000d50                __dtors_end = .
 SORT(*)(.ctors)
 SORT(*)(.dtors)
 *(.init0)
 .init0         0x00000d50        0x0 c:/program files/atmel/atmel toolchain/avr8 gcc/native/3.4.1056/avr8-gnu-toolchain/bin/../lib/gcc/avr/4.8.1/../../../../avr/lib/avrxmega4/crtx64a4u.o
                0x00000d50                __init
 *(.init0)
 *(.init1)
 .init1         0x00000d50       0x2e _StackInstrument.o
                0x00000d50                _StackPaint
 *(.init1)
 *(.init2)
 .init2         0x00000d7e        0xc c:/program files/atmel/atmel toolchain/avr8 gcc/native/3.4.1056/avr8-gnu-toolchain/bin/../lib/gcc/avr/4.8.1/../../../../avr/lib/avrxmega4/crtx64a4u.o
 *(.init2)
 *(.init3)
 *(.init3)
 *(.init4)
 .init4         0x00000d8a       0x1a c:/program files/atmel/atmel toolchain/avr8 gcc/native/3.4.1056/avr8-gnu-toolchain/bin/../lib/gcc/avr/4.8.1/avrxmega4\libgcc.a(_copy_data.o)
                0x00000d8a                __do_copy_data
 .init4         0x00000da4       0x10 c:/program files/atmel/atmel toolchain/avr8 gcc/native/3.4.1056/avr8-gnu-toolchain/bin/../lib/gcc/avr/4.8.1/avrxmega4\libgcc.a(_clear_bss.o)
                0x00000da4                __do_clear_bss
 *(.init4)
 *(.init5)
 *(.init5)
 *(.init6)
 *(.init6)
 *(.init7)
 *(.init7)
 *(.init8)
 *(.init8)
 *(.init9)
 .init9         0x00000db4        0x8 c:/program files/atmel/atmel toolchain/avr8 gcc/native/3.4.1056/avr8-gnu-toolchain/bin/../lib/gcc/avr/4.8.1/../../../../avr/lib/avrxmega4/crtx64a4u.o
 *(.init9)
 *(.text)
 .text          0x00000dbc        0x2 c:/program files/atmel/atmel toolchain/avr8 gcc/native/3.4.1056/avr8-gnu-toolchain/bin/../lib/gcc/avr/4.8.1/../../../../avr/lib/avrxmega4/crtx64a4u.o
                0x00000dbc                __vector_38
                0x00000dbc                __vector_104
                0x00000dbc                __vector_22
                0x00000dbc                __vector_63
                0x00000dbc                __vector_28
                0x00000dbc                __vector_1
                0x00000dbc                __vector_119
                0x00000dbc                __vector_32
                0x00000dbc                __vector_75
                0x00000dbc                __vector_71
                0x00000dbc                __vector_91
                0x00000dbc                __vector_62
                0x00000dbc                __vector_77
                0x00000dbc                __vector_102
                0x00000dbc                __vector_24
                0x00000dbc                __vector_12
                0x00000dbc                __vector_55
                0x00000dbc                __vector_69
                0x00000dbc                __vector_81
                0x00000dbc                __vector_90
                0x00000dbc                __vector_46
                0x00000dbc                __bad_interrupt
                0x00000dbc                __vector_122
                0x00000dbc                __vector_72
                0x00000dbc                __vector_114
                0x00000dbc                __vector_110
                0x00000dbc                __vector_31
                0x00000dbc                __vector_92
                0x00000dbc                __vector_35
                0x00000dbc                __vector_78
                0x00000dbc                __vector_74
                0x00000dbc                __vector_117
                0x00000dbc                __vector_39
                0x00000dbc                __vector_107
                0x00000dbc                __vector_3
                0x00000dbc                __vector_105
                0x00000dbc                __vector_98
                0x00000dbc                __vector_23
                0x00000dbc                __vector_68
                0x00000dbc                __vector_30
                0x00000dbc                __vector_73
                0x00000dbc                __vector_45
                0x00000dbc                __vector_25
                0x00000dbc                __vector_93
                0x00000dbc                __vector_61
                0x00000dbc                __vector_11
                0x00000dbc                __vector_54
                0x00000dbc                __vector_99
                0x00000dbc                __vector_13
                0x00000dbc                __vector_56
                0x00000dbc                __vector_7
                0x00000dbc                __vector_125
                0x00000dbc                __vector_49
                0x00000dbc                __vector_123
                0x00000dbc                __vector_41
                0x00000dbc                __vector_86
                0x00000dbc                __vector_100
                0x00000dbc                __vector_101
                0x00000dbc                __vector_64
                0x00000dbc                __vector_109
                0x00000dbc                __vector_43
                0x00000dbc                __vector_27
                0x00000dbc                __vector_5
                0x00000dbc                __vector_113
                0x00000dbc                __vector_33
                0x00000dbc                __vector_76
                0x00000dbc                __vector_115
                0x00000dbc                __vector_47
                0x00000dbc                __vector_52
                0x00000dbc                __vector_37
                0x00000dbc                __vector_95
                0x00000dbc                __vector_103
                0x00000dbc                __vector_96
                0x00000dbc                __vector_89
                0x00000dbc                __vector_108
                0x00000dbc                __vector_4
                0x00000dbc                __vector_44
                0x00000dbc                __vector_82
                0x00000dbc                __vector_106
                0x00000dbc                __vector_118
                0x00000dbc                __vector_51
                0x00000dbc                __vector_9
                0x00000dbc                __vector_2
                0x00000dbc                __vector_21
                0x00000dbc                __vector_15
                0x00000dbc                __vector_36
                0x00000dbc                __vector_79
                0x00000dbc                __vector_58
                0x00000dbc                __vector_70
                0x00000dbc                __vector_83
                0x00000dbc                __vector_29
                0x00000dbc                __vector_60
                0x00000dbc                __vector_121
                0x00000dbc                __vector_40
                0x00000dbc                __vector_85
                0x00000dbc                __vector_94
                0x00000dbc                __vector_126
                0x00000dbc                __vector_8
                0x00000dbc                __vector_26
                0x00000dbc                __vector_48
                0x00000dbc                __vector_124
                0x00000dbc                __vector_116
                0x00000dbc                __vector_112
                0x00000dbc                __vector_111
                0x00000dbc                __vector_80
                0x00000dbc                __vector_84
                0x00000dbc                __vector_57
                0x00000dbc                __vector_53
                0x00000dbc                __vector_50
                0x00000dbc                __vector_59
                0x00000dbc                __vector_97
                0x00000dbc                __vector_42
                0x00000dbc                __vector_87
                0x00000dbc                __vector_65
                0x00000dbc                __vector_120
                0x00000dbe                . = ALIGN (0x2)
 *(.text.*)
 .text.adc_setup
                0x00000dbe       0x30 drivers/adc/adc.o
                0x00000dbe                adc_setup
 .text.adc_disable
                0x00000dee       0x16 drivers/adc/adc.o
                0x00000dee                adc_disable
 .text.adc_enable_current_measurement
                0x00000e04        0xc drivers/adc/adc.o
                0x00000e04                adc_enable_current_measurement
 .text.adc_disable_current_measurement
                0x00000e10        0xc drivers/adc/adc.o
                0x00000e10                adc_disable_current_measurement
 .text.adc_read_voltage
                0x00000e1c       0x48 drivers/adc/adc.o
                0x00000e1c                adc_read_voltage
 .text.adc_get_battery_percentage
                0x00000e64      0x15e drivers/adc/adc.o
                0x00000e64                adc_get_battery_percentage
 .text.clock_setup_32_mhz_pll
                0x00000fc2       0x2a drivers/clock/clock.o
                0x00000fc2                clock_setup_32_mhz_pll
 .text.dac_speaker_on
                0x00000fec        0xc drivers/dac/dac.o
                0x00000fec                dac_speaker_on
 .text.dac_speaker_off
                0x00000ff8        0xc drivers/dac/dac.o
                0x00000ff8                dac_speaker_off
 .text.dac_setup
                0x00001004       0x76 drivers/dac/dac.o
                0x00001004                dac_setup
 .text.dac_disable
                0x0000107a       0x20 drivers/dac/dac.o
                0x0000107a                dac_disable
 .text.__vector_6
                0x0000109a       0x46 drivers/dma/dma_functions.o
                0x0000109a                __vector_6
 .text.EEPROM_WaitForNVM
                0x000010e0        0xa drivers/eeprom/eeprom.o
                0x000010e0                EEPROM_WaitForNVM
 .text.EEPROM_FlushBuffer
                0x000010ea       0x2e drivers/eeprom/eeprom.o
                0x000010ea                EEPROM_FlushBuffer
 .text.EEPROM_WriteByte
                0x00001118       0x62 drivers/eeprom/eeprom.o
                0x00001118                EEPROM_WriteByte
 .text.EEPROM_WriteEnv
                0x0000117a       0xa8 drivers/eeprom/eeprom.o
                0x0000117a                EEPROM_WriteEnv
 .text.itoa_simple
                0x00001222       0xbe drivers/esp8266/esp8266.o
 .text.esp8266_send_cmd
                0x000012e0       0x30 drivers/esp8266/esp8266.o
 .text.esp8266_on
                0x00001310       0x1e drivers/esp8266/esp8266.o
                0x00001310                esp8266_on
 .text.esp8266_off
                0x0000132e        0xc drivers/esp8266/esp8266.o
                0x0000132e                esp8266_off
 .text.esp8266_setup
                0x0000133a       0x4a drivers/esp8266/esp8266.o
                0x0000133a                esp8266_setup
 .text.esp8266_join_ap
                0x00001384       0xaa drivers/esp8266/esp8266.o
                0x00001384                esp8266_join_ap
 .text.esp8266_get_json
                0x0000142e      0x1bc drivers/esp8266/esp8266.o
                0x0000142e                esp8266_get_json
 .text.esp8266_setup_webserver
                0x000015ea       0xde drivers/esp8266/esp8266.o
                0x000015ea                esp8266_setup_webserver
 .text.esp8266_configure_ssid_and_password
                0x000016c8      0x240 drivers/esp8266/esp8266.o
                0x000016c8                esp8266_configure_ssid_and_password
 .text.__vector_88
                0x00001908      0x192 drivers/esp8266/esp8266.o
                0x00001908                __vector_88
 .text.ht1632c_set_pixel
                0x00001a9a       0x28 drivers/ht1632c/ht1632c.o
                0x00001a9a                ht1632c_set_pixel
 .text.ht1632c_clr_pixel
                0x00001ac2       0x2a drivers/ht1632c/ht1632c.o
                0x00001ac2                ht1632c_clr_pixel
 .text.ht1632c_clear_screen
                0x00001aec       0x12 drivers/ht1632c/ht1632c.o
                0x00001aec                ht1632c_clear_screen
 .text.ht1632c_clear_buffer
                0x00001afe       0x10 drivers/ht1632c/ht1632c.o
                0x00001afe                ht1632c_clear_buffer
 .text.ht1632c_write_data
                0x00001b0e       0x4a drivers/ht1632c/ht1632c.o
                0x00001b0e                ht1632c_write_data
 .text.ht1632c_refresh_screen
                0x00001b58       0x48 drivers/ht1632c/ht1632c.o
                0x00001b58                ht1632c_refresh_screen
 .text.ht1632c_write_command
                0x00001ba0       0x24 drivers/ht1632c/ht1632c.o
                0x00001ba0                ht1632c_write_command
 .text.ht1632c_setup
                0x00001bc4       0x2e drivers/ht1632c/ht1632c.o
                0x00001bc4                ht1632c_setup
 .text.ht1632c_set_brightness
                0x00001bf2        0xe drivers/ht1632c/ht1632c.o
                0x00001bf2                ht1632c_set_brightness
 .text.ht1632c_shift_left
                0x00001c00       0x74 drivers/ht1632c/ht1632c.o
                0x00001c00                ht1632c_shift_left
 .text.ht1632c_shift_right
                0x00001c74       0x74 drivers/ht1632c/ht1632c.o
                0x00001c74                ht1632c_shift_right
 .text.ht1632c_shift_up
                0x00001ce8       0x3c drivers/ht1632c/ht1632c.o
                0x00001ce8                ht1632c_shift_up
 .text.ht1632c_shift_down
                0x00001d24       0x3c drivers/ht1632c/ht1632c.o
                0x00001d24                ht1632c_shift_down
 .text.ht1632c_slide_in_from_left
                0x00001d60       0xb8 drivers/ht1632c/ht1632c.o
                0x00001d60                ht1632c_slide_in_from_left
 .text.ht1632c_slide_in_from_right
                0x00001e18       0xb8 drivers/ht1632c/ht1632c.o
                0x00001e18                ht1632c_slide_in_from_right
 .text.ht1632c_slide_in_from_bottom
                0x00001ed0      0x130 drivers/ht1632c/ht1632c.o
                0x00001ed0                ht1632c_slide_in_from_bottom
 .text.ht1632c_slide_in_from_top
                0x00002000      0x124 drivers/ht1632c/ht1632c.o
                0x00002000                ht1632c_slide_in_from_top
 .text.ht1632c_print_buffer
                0x00002124       0xaa drivers/ht1632c/ht1632c.o
                0x00002124                ht1632c_print_buffer
 .text.btn_setup
                0x000021ce       0xb8 drivers/port/port.o
                0x000021ce                btn_setup
 .text.btn_si114x_enable_interrupt
                0x00002286       0x1e drivers/port/port.o
                0x00002286                btn_si114x_enable_interrupt
 .text.btn_disable_si114x_interrupt
                0x000022a4       0x1e drivers/port/port.o
                0x000022a4                btn_disable_si114x_interrupt
 .text.btn_check_press
                0x000022c2       0x28 drivers/port/port.o
                0x000022c2                btn_check_press
 .text.__vector_66
                0x000022ea       0x6e drivers/port/port.o
                0x000022ea                __vector_66
 .text.__vector_34
                0x00002358       0x6e drivers/port/port.o
                0x00002358                __vector_34
 .text.__vector_67
                0x000023c6       0x92 drivers/port/port.o
                0x000023c6                __vector_67
 .text.lowpower_init
                0x00002458       0x3c drivers/power/power.o
                0x00002458                lowpower_init
 .text.rtc_setup
                0x00002494       0x46 drivers/rtc/rtc.o
                0x00002494                rtc_setup
 .text.rtc_disable_time_render
                0x000024da        0x6 drivers/rtc/rtc.o
                0x000024da                rtc_disable_time_render
 .text.rtc_update_display
                0x000024e0       0xfe drivers/rtc/rtc.o
                0x000024e0                rtc_update_display
 .text.rtc_enable_time_render
                0x000025de       0x1c drivers/rtc/rtc.o
                0x000025de                rtc_enable_time_render
 .text.__vector_10
                0x000025fa      0x164 drivers/rtc/rtc.o
                0x000025fa                __vector_10
 .text._sendCmd
                0x0000275e       0x76 drivers/sensors/si114x/Si114x_functions.o
 .text.si114x_get_data
                0x000027d4       0xee drivers/sensors/si114x/Si114x_functions.o
                0x000027d4                si114x_get_data
 .text.Si114xNop
                0x000028c2        0x4 drivers/sensors/si114x/Si114x_functions.o
                0x000028c2                Si114xNop
 .text.Si114xPsAuto
                0x000028c6        0x4 drivers/sensors/si114x/Si114x_functions.o
                0x000028c6                Si114xPsAuto
 .text.Si114xPsAlsAuto
                0x000028ca        0x4 drivers/sensors/si114x/Si114x_functions.o
                0x000028ca                Si114xPsAlsAuto
 .text.Si114xParamSet
                0x000028ce       0x7e drivers/sensors/si114x/Si114x_functions.o
                0x000028ce                Si114xParamSet
 .text.Si114xPauseAll
                0x0000294c       0x3a drivers/sensors/si114x/Si114x_functions.o
                0x0000294c                Si114xPauseAll
 .text.si114x_reset
                0x00002986       0x86 drivers/sensors/si114x/Si114x_functions.o
                0x00002986                si114x_reset
 .text.si114x_init_ps1
                0x00002a0c       0xf8 drivers/sensors/si114x/Si114x_functions.o
                0x00002a0c                si114x_init_ps1
 .text.si114x_setup_ps1
                0x00002b04       0x20 drivers/sensors/si114x/Si114x_functions.o
                0x00002b04                si114x_setup_ps1
 .text.si114x_init
                0x00002b24      0x170 drivers/sensors/si114x/Si114x_functions.o
                0x00002b24                si114x_init
 .text.si114x_setup
                0x00002c94       0x3a drivers/sensors/si114x/Si114x_functions.o
                0x00002c94                si114x_setup
 .text.si114x_baseline_calibration
                0x00002cce       0xd6 drivers/sensors/si114x/Si114x_functions.o
                0x00002cce                si114x_baseline_calibration
 .text.__vector_20
                0x00002da4       0x2e drivers/sensors/si114x/Si114x_functions.o
                0x00002da4                __vector_20
 .text.isIRStable
                0x00002dd2       0xf4 drivers/sensors/si114x/Si114x_handler.o
                0x00002dd2                isIRStable
 .text.IRCompensation
                0x00002ec6       0xce drivers/sensors/si114x/Si114x_handler.o
                0x00002ec6                IRCompensation
 .text.calcBaseline
                0x00002f94      0x190 drivers/sensors/si114x/Si114x_handler.o
                0x00002f94                calcBaseline
 .text.si114x_process_samples
                0x00003124      0x23e drivers/sensors/si114x/Si114x_handler.o
                0x00003124                si114x_process_samples
 .text.PortSet  0x00003362        0x2 drivers/sensors/si114x/Si114x_sys_out.o
                0x00003362                PortSet
 .text.Si114xWriteToRegister
                0x00003364       0x3c drivers/sensors/si114x/Si114x_sys_out.o
                0x00003364                Si114xWriteToRegister
 .text.Si114xReadFromRegister
                0x000033a0       0x3a drivers/sensors/si114x/Si114x_sys_out.o
                0x000033a0                Si114xReadFromRegister
 .text.Si114xBlockWrite
                0x000033da       0x22 drivers/sensors/si114x/Si114x_sys_out.o
                0x000033da                Si114xBlockWrite
 .text.delay_10ms
                0x000033fc       0x14 drivers/sensors/si114x/Si114x_sys_out.o
                0x000033fc                delay_10ms
 .text.QS_Counts_to_Distance
                0x00003410      0x1de drivers/sensors/si114x/slider_algorithm.o
                0x00003410                QS_Counts_to_Distance
 .text.SliderAlgorithm
                0x000035ee      0x416 drivers/sensors/si114x/slider_algorithm.o
                0x000035ee                SliderAlgorithm
 .text.spi_setup
                0x00003a04       0x22 drivers/sercom/spi.o
                0x00003a04                spi_setup
 .text.spi_disable
                0x00003a26       0x22 drivers/sercom/spi.o
                0x00003a26                spi_disable
 .text.spi_wr_rd
                0x00003a48       0x20 drivers/sercom/spi.o
                0x00003a48                spi_wr_rd
 .text.twi_setup
                0x00003a68       0x1e drivers/sercom/twi.o
                0x00003a68                twi_setup
 .text.twi_start_transmission
                0x00003a86       0x56 drivers/sercom/twi.o
                0x00003a86                twi_start_transmission
 .text.twi_send_byte
                0x00003adc       0x3c drivers/sercom/twi.o
                0x00003adc                twi_send_byte
 .text.twi_receive_byte
                0x00003b18       0x46 drivers/sercom/twi.o
                0x00003b18                twi_receive_byte
 .text.twi_read_packet
                0x00003b5e       0xa2 drivers/sercom/twi.o
                0x00003b5e                twi_read_packet
 .text.twi_write_packet
                0x00003c00       0x84 drivers/sercom/twi.o
                0x00003c00                twi_write_packet
 .text.uart_setup
                0x00003c84       0x30 drivers/sercom/uart.o
                0x00003c84                uart_setup
 .text.uart_put_char
                0x00003cb4        0xe drivers/sercom/uart.o
                0x00003cb4                uart_put_char
 .text.uart_get_char
                0x00003cc2        0xe drivers/sercom/uart.o
                0x00003cc2                uart_get_char
 .text.uart_write_str
                0x00003cd0       0x1c drivers/sercom/uart.o
                0x00003cd0                uart_write_str
 .text.__vector_18
                0x00003cec       0x52 drivers/timer/timer.o
                0x00003cec                __vector_18
 .text.startup.main
                0x00003d3e      0x194 main.o
                0x00003d3e                main
 .text.itoa_simple.constprop.1
                0x00003ed2       0xa6 modules/display/display.o
 .text.display_setup
                0x00003f78       0x16 modules/display/display.o
                0x00003f78                display_setup
 .text.display_on
                0x00003f8e        0xe modules/display/display.o
                0x00003f8e                display_on
 .text.display_clear_screen
                0x00003f9c        0x4 modules/display/display.o
                0x00003f9c                display_clear_screen
 .text.display_clear_buffer
                0x00003fa0        0x4 modules/display/display.o
                0x00003fa0                display_clear_buffer
 .text.display_refresh_screen
                0x00003fa4        0x4 modules/display/display.o
                0x00003fa4                display_refresh_screen
 .text.display_fade
                0x00003fa8       0x5a modules/display/display.o
                0x00003fa8                display_fade
 .text.display_fade_blink
                0x00004002       0x10 modules/display/display.o
                0x00004002                display_fade_blink
 .text.display_draw_pixel
                0x00004012       0x72 modules/display/display.o
                0x00004012                display_draw_pixel
 .text.display_draw_line
                0x00004084      0x11a modules/display/display.o
                0x00004084                display_draw_line
 .text.display_draw_filled_rect
                0x0000419e       0x62 modules/display/display.o
                0x0000419e                display_draw_filled_rect
 .text.display_show_loading_square
                0x00004200       0x7a modules/display/display.o
                0x00004200                display_show_loading_square
 .text.display_draw_bitmap
                0x0000427a       0xdc modules/display/display.o
                0x0000427a                display_draw_bitmap
 .text.display_draw_char_to_buffer
                0x00004356       0x4e modules/display/display.o
                0x00004356                display_draw_char_to_buffer
 .text.display_draw_char
                0x000043a4       0xfe modules/display/display.o
                0x000043a4                display_draw_char
 .text.display_draw_small_char_to_buffer
                0x000044a2       0xa4 modules/display/display.o
                0x000044a2                display_draw_small_char_to_buffer
 .text.display_print_scrolling_text
                0x00004546       0xb0 modules/display/display.o
                0x00004546                display_print_scrolling_text
 .text.display_draw_small_char
                0x000045f6      0x10e modules/display/display.o
                0x000045f6                display_draw_small_char
 .text.display_draw_four_letter_word
                0x00004704       0x52 modules/display/display.o
                0x00004704                display_draw_four_letter_word
 .text.display_draw_three_letter_word
                0x00004756       0x42 modules/display/display.o
                0x00004756                display_draw_three_letter_word
 .text.display_draw_wifi_icon
                0x00004798       0xfe modules/display/display.o
                0x00004798                display_draw_wifi_icon
 .text.display_slide_in_from_left
                0x00004896        0x4 modules/display/display.o
                0x00004896                display_slide_in_from_left
 .text.display_slide_in_from_right
                0x0000489a        0x4 modules/display/display.o
                0x0000489a                display_slide_in_from_right
 .text.display_slide_in_from_bottom
                0x0000489e        0x4 modules/display/display.o
                0x0000489e                display_slide_in_from_bottom
 .text.display_slide_in_from_top
                0x000048a2        0x4 modules/display/display.o
                0x000048a2                display_slide_in_from_top
 .text.display_slide_out_to_right
                0x000048a6       0x10 modules/display/display.o
                0x000048a6                display_slide_out_to_right
 .text.display_slide_out_to_left
                0x000048b6       0x10 modules/display/display.o
                0x000048b6                display_slide_out_to_left
 .text.display_slide_out_to_top
                0x000048c6       0x10 modules/display/display.o
                0x000048c6                display_slide_out_to_top
 .text.display_off
                0x000048d6        0x8 modules/display/display.o
                0x000048d6                display_off
 .text.display_slide_out_to_bottom
                0x000048de       0x10 modules/display/display.o
                0x000048de                display_slide_out_to_bottom
 .text.display_alarm_increment_minute
                0x000048ee       0x22 modules/display/display.o
                0x000048ee                display_alarm_increment_minute
 .text.display_alarm_decrement_minute
                0x00004910       0x22 modules/display/display.o
                0x00004910                display_alarm_decrement_minute
 .text.display_alarm_increment_hour
                0x00004932       0x22 modules/display/display.o
                0x00004932                display_alarm_increment_hour
 .text.display_alarm_decrement_hour
                0x00004954       0x22 modules/display/display.o
                0x00004954                display_alarm_decrement_hour
 .text.display_draw_and_increment_hour
                0x00004976       0x20 modules/display/display.o
                0x00004976                display_draw_and_increment_hour
 .text.display_draw_and_decrement_hour
                0x00004996       0x22 modules/display/display.o
                0x00004996                display_draw_and_decrement_hour
 .text.display_draw_and_increment_minute
                0x000049b8       0x20 modules/display/display.o
                0x000049b8                display_draw_and_increment_minute
 .text.display_draw_and_decrement_minute
                0x000049d8       0x22 modules/display/display.o
                0x000049d8                display_draw_and_decrement_minute
 .text.display_draw_and_increment_day
                0x000049fa       0x3a modules/display/display.o
                0x000049fa                display_draw_and_increment_day
 .text.display_draw_and_decrement_day
                0x00004a34       0x30 modules/display/display.o
                0x00004a34                display_draw_and_decrement_day
 .text.display_draw_and_increment_month
                0x00004a64       0x1c modules/display/display.o
                0x00004a64                display_draw_and_increment_month
 .text.display_draw_and_decrement_month
                0x00004a80       0x1c modules/display/display.o
                0x00004a80                display_draw_and_decrement_month
 .text.display_draw_and_increment_year
                0x00004a9c       0x20 modules/display/display.o
                0x00004a9c                display_draw_and_increment_year
 .text.display_draw_and_decrement_year
                0x00004abc       0x20 modules/display/display.o
                0x00004abc                display_draw_and_decrement_year
 .text.mem_cpy  0x00004adc       0x46 modules/fatfs/ff.o
 .text.mem_set  0x00004b22       0x14 modules/fatfs/ff.o
 .text.get_ldnumber
                0x00004b36       0x4a modules/fatfs/ff.o
 .text.validate
                0x00004b80       0x3a modules/fatfs/ff.o
 .text.sync_window
                0x00004bba       0xd0 modules/fatfs/ff.o
 .text.sync_fs  0x00004c8a       0xd8 modules/fatfs/ff.o
 .text.move_window
                0x00004d62       0x7a modules/fatfs/ff.o
 .text.check_fs
                0x00004ddc       0x78 modules/fatfs/ff.o
 .text.find_volume
                0x00004e54      0x4ca modules/fatfs/ff.o
 .text.clust2sect
                0x0000531e       0x52 modules/fatfs/ff.o
                0x0000531e                clust2sect
 .text.get_fat  0x00005370      0x188 modules/fatfs/ff.o
                0x00005370                get_fat
 .text.dir_sdi  0x000054f8      0x14a modules/fatfs/ff.o
 .text.put_fat  0x00005642      0x1e4 modules/fatfs/ff.o
                0x00005642                put_fat
 .text.create_chain
                0x00005826      0x1ba modules/fatfs/ff.o
 .text.dir_next
                0x000059e0      0x1fc modules/fatfs/ff.o
 .text.follow_path
                0x00005bdc      0x2de modules/fatfs/ff.o
 .text.dir_alloc.constprop.10
                0x00005eba       0x48 modules/fatfs/ff.o
 .text.dir_register
                0x00005f02       0x58 modules/fatfs/ff.o
 .text.remove_chain
                0x00005f5a       0xe4 modules/fatfs/ff.o
 .text.f_mount  0x0000603e       0x80 modules/fatfs/ff.o
                0x0000603e                f_mount
 .text.f_open   0x000060be      0x250 modules/fatfs/ff.o
                0x000060be                f_open
 .text.f_read   0x0000630e      0x26a modules/fatfs/ff.o
                0x0000630e                f_read
 .text.f_write  0x00006578      0x322 modules/fatfs/ff.o
                0x00006578                f_write
 .text.f_sync   0x0000689a       0x86 modules/fatfs/ff.o
                0x0000689a                f_sync
 .text.f_close  0x00006920       0x20 modules/fatfs/ff.o
                0x00006920                f_close
 .text.f_lseek  0x00006940      0x334 modules/fatfs/ff.o
                0x00006940                f_lseek
 .text.xchg_spi
                0x00006c74        0x4 modules/fatfs/mmc_avr.o
 .text.deselect
                0x00006c78        0xc modules/fatfs/mmc_avr.o
 .text.power_off
                0x00006c84       0x2e modules/fatfs/mmc_avr.o
 .text.rcvr_datablock
                0x00006cb2       0x86 modules/fatfs/mmc_avr.o
 .text.wait_ready.constprop.2
                0x00006d38       0x28 modules/fatfs/mmc_avr.o
 .text.select   0x00006d60       0x34 modules/fatfs/mmc_avr.o
 .text.send_cmd
                0x00006d94       0x88 modules/fatfs/mmc_avr.o
 .text.xmit_datablock.part.1
                0x00006e1c       0x4a modules/fatfs/mmc_avr.o
 .text.disk_initialize
                0x00006e66      0x1cc modules/fatfs/mmc_avr.o
                0x00006e66                disk_initialize
 .text.disk_status
                0x00007032        0xe modules/fatfs/mmc_avr.o
                0x00007032                disk_status
 .text.disk_read
                0x00007040       0x96 modules/fatfs/mmc_avr.o
                0x00007040                disk_read
 .text.disk_write
                0x000070d6       0xe8 modules/fatfs/mmc_avr.o
                0x000070d6                disk_write
 .text.disk_ioctl
                0x000071be      0x2c2 modules/fatfs/mmc_avr.o
                0x000071be                disk_ioctl
 .text.disk_timerproc
                0x00007480       0x36 modules/fatfs/mmc_avr.o
                0x00007480                disk_timerproc
 .text.__vector_17
                0x000074b6       0x4e modules/fatfs/mmc_avr.o
                0x000074b6                __vector_17
 .text.__vector_14
                0x00007504       0xe8 modules/fatfs/sound.o
                0x00007504                __vector_14
 .text.sound_start
                0x000075ec       0x64 modules/fatfs/sound.o
                0x000075ec                sound_start
 .text.sound_stop
                0x00007650       0x1e modules/fatfs/sound.o
                0x00007650                sound_stop
 .text.load_wav
                0x0000766e      0x576 modules/fatfs/sound.o
                0x0000766e                load_wav
 .text.jsmn_parse
                0x00007be4      0x5e2 modules/json/jsmn.o
                0x00007be4                jsmn_parse
 .text.jsmn_init
                0x000081c6       0x14 modules/json/jsmn.o
                0x000081c6                jsmn_init
 .text.json_get_token
                0x000081da       0x92 modules/json/json_functions.o
                0x000081da                json_get_token
 .text.itoa_simple
                0x0000826c       0xbe modules/menu/menu.o
 .text.play_sound
                0x0000832a       0x96 modules/menu/menu.o
                0x0000832a                play_sound
 .text.start_loading
                0x000083c0       0x34 modules/menu/menu.o
                0x000083c0                start_loading
 .text.stop_loading
                0x000083f4       0x14 modules/menu/menu.o
                0x000083f4                stop_loading
 .text.get_internet_variables
                0x00008408      0x332 modules/menu/menu.o
                0x00008408                get_internet_variables
 .text.menu_draw_temperature_frame
                0x0000873a       0xc2 modules/menu/menu.o
                0x0000873a                menu_draw_temperature_frame
 .text.menu_draw_date_frame
                0x000087fc      0x100 modules/menu/menu.o
                0x000087fc                menu_draw_date_frame
 .text.menu_draw_week_frame
                0x000088fc       0xa8 modules/menu/menu.o
                0x000088fc                menu_draw_week_frame
 .text.menu_draw_weekday_frame
                0x000089a4       0xb0 modules/menu/menu.o
                0x000089a4                menu_draw_weekday_frame
 .text.menu_draw_battery_frame
                0x00008a54       0xb0 modules/menu/menu.o
                0x00008a54                menu_draw_battery_frame
 .text.menu_draw_config_frame
                0x00008b04        0x8 modules/menu/menu.o
                0x00008b04                menu_draw_config_frame
 .text.menu_set_env_variables
                0x00008b0c       0xda modules/menu/menu.o
                0x00008b0c                menu_set_env_variables
 .text.menu_configure_brightnesss
                0x00008be6       0xe8 modules/menu/menu.o
                0x00008be6                menu_configure_brightnesss
 .text.menu_set_time
                0x00008cce      0x5fc modules/menu/menu.o
                0x00008cce                menu_set_time
 .text.menu_set_alarm
                0x000092ca      0x14a modules/menu/menu.o
                0x000092ca                menu_set_alarm
 .text.menu_configuration
                0x00009414      0x1e4 modules/menu/menu.o
                0x00009414                menu_configuration
 .text.menu_state_machine
                0x000095f8      0x208 modules/menu/menu.o
                0x000095f8                menu_state_machine
 .text.__vector_16
                0x00009800       0x50 modules/menu/menu.o
                0x00009800                __vector_16
 .text.__vector_19
                0x00009850       0x50 modules/menu/menu.o
                0x00009850                __vector_19
 .text.time_get_day_name
                0x000098a0       0x1e modules/time_functions/time_functions.o
                0x000098a0                time_get_day_name
 .text.time_get_month_name
                0x000098be       0x1e modules/time_functions/time_functions.o
                0x000098be                time_get_month_name
 .text.time_get_weekday
                0x000098dc       0x6c modules/time_functions/time_functions.o
                0x000098dc                time_get_weekday
 .text.time_is_leap_year
                0x00009948       0x2e modules/time_functions/time_functions.o
                0x00009948                time_is_leap_year
 .text.time_get_days_in_month
                0x00009976       0x30 modules/time_functions/time_functions.o
                0x00009976                time_get_days_in_month
 .text.time_get_weeknumber
                0x000099a6      0x14c modules/time_functions/time_functions.o
                0x000099a6                time_get_weeknumber
 .text.avr-libc.fplib
                0x00009af2        0x4 c:/program files/atmel/atmel toolchain/avr8 gcc/native/3.4.1056/avr8-gnu-toolchain/bin/../lib/gcc/avr/4.8.1/../../../../avr/lib/avrxmega4\libm.a(divsf3.o)
                0x00009af2                __divsf3
 .text.avr-libc.fplib
                0x00009af6       0xcc c:/program files/atmel/atmel toolchain/avr8 gcc/native/3.4.1056/avr8-gnu-toolchain/bin/../lib/gcc/avr/4.8.1/../../../../avr/lib/avrxmega4\libm.a(divsf3x.o)
                0x00009b0c                __divsf3x
                0x00009b10                __divsf3_pse
 .text.avr-libc.fplib
                0x00009bc2       0x7a c:/program files/atmel/atmel toolchain/avr8 gcc/native/3.4.1056/avr8-gnu-toolchain/bin/../lib/gcc/avr/4.8.1/../../../../avr/lib/avrxmega4\libm.a(floatsisf.o)
                0x00009bc2                __floatunsisf
                0x00009bc6                __floatsisf
 .text.avr-libc.fplib
                0x00009c3c        0xc c:/program files/atmel/atmel toolchain/avr8 gcc/native/3.4.1056/avr8-gnu-toolchain/bin/../lib/gcc/avr/4.8.1/../../../../avr/lib/avrxmega4\libm.a(fp_inf.o)
                0x00009c3c                __fp_inf
 .text.avr-libc.fplib
                0x00009c48        0x6 c:/program files/atmel/atmel toolchain/avr8 gcc/native/3.4.1056/avr8-gnu-toolchain/bin/../lib/gcc/avr/4.8.1/../../../../avr/lib/avrxmega4\libm.a(fp_nan.o)
                0x00009c48                __fp_nan
 .text.avr-libc.fplib
                0x00009c4e        0xe c:/program files/atmel/atmel toolchain/avr8 gcc/native/3.4.1056/avr8-gnu-toolchain/bin/../lib/gcc/avr/4.8.1/../../../../avr/lib/avrxmega4\libm.a(fp_pscA.o)
                0x00009c4e                __fp_pscA
 .text.avr-libc.fplib
                0x00009c5c        0xe c:/program files/atmel/atmel toolchain/avr8 gcc/native/3.4.1056/avr8-gnu-toolchain/bin/../lib/gcc/avr/4.8.1/../../../../avr/lib/avrxmega4\libm.a(fp_pscB.o)
                0x00009c5c                __fp_pscB
 .text.avr-libc.fplib
                0x00009c6a       0x22 c:/program files/atmel/atmel toolchain/avr8 gcc/native/3.4.1056/avr8-gnu-toolchain/bin/../lib/gcc/avr/4.8.1/../../../../avr/lib/avrxmega4\libm.a(fp_round.o)
                0x00009c6a                __fp_round
 .text.avr-libc.fplib
                0x00009c8c       0x44 c:/program files/atmel/atmel toolchain/avr8 gcc/native/3.4.1056/avr8-gnu-toolchain/bin/../lib/gcc/avr/4.8.1/../../../../avr/lib/avrxmega4\libm.a(fp_split3.o)
                0x00009c8c                __fp_split3
                0x00009c9c                __fp_splitA
 .text.avr-libc.fplib
                0x00009cd0        0xe c:/program files/atmel/atmel toolchain/avr8 gcc/native/3.4.1056/avr8-gnu-toolchain/bin/../lib/gcc/avr/4.8.1/../../../../avr/lib/avrxmega4\libm.a(fp_zero.o)
                0x00009cd0                __fp_zero
                0x00009cd2                __fp_szero
 .text.avr-libc.fplib
                0x00009cde        0x8 c:/program files/atmel/atmel toolchain/avr8 gcc/native/3.4.1056/avr8-gnu-toolchain/bin/../lib/gcc/avr/4.8.1/../../../../avr/lib/avrxmega4\libm.a(gesf2.o)
                0x00009cde                __gesf2
                0x00009cde                __gtsf2
 .text.avr-libc.fplib
                0x00009ce6       0x48 c:/program files/atmel/atmel toolchain/avr8 gcc/native/3.4.1056/avr8-gnu-toolchain/bin/../lib/gcc/avr/4.8.1/../../../../avr/lib/avrxmega4\libm.a(fp_cmp.o)
                0x00009ce6                __fp_cmp
 .text.libgcc.div
                0x00009d2e       0x28 c:/program files/atmel/atmel toolchain/avr8 gcc/native/3.4.1056/avr8-gnu-toolchain/bin/../lib/gcc/avr/4.8.1/avrxmega4\libgcc.a(_udivmodhi4.o)
                0x00009d2e                __udivmodhi4
 .text.libgcc.div
                0x00009d56       0x26 c:/program files/atmel/atmel toolchain/avr8 gcc/native/3.4.1056/avr8-gnu-toolchain/bin/../lib/gcc/avr/4.8.1/avrxmega4\libgcc.a(_divmodhi4.o)
                0x00009d56                _div
                0x00009d56                __divmodhi4
 .text.libgcc.div
                0x00009d7c       0x44 c:/program files/atmel/atmel toolchain/avr8 gcc/native/3.4.1056/avr8-gnu-toolchain/bin/../lib/gcc/avr/4.8.1/avrxmega4\libgcc.a(_udivmodsi4.o)
                0x00009d7c                __udivmodsi4
 .text.libgcc   0x00009dc0        0xc c:/program files/atmel/atmel toolchain/avr8 gcc/native/3.4.1056/avr8-gnu-toolchain/bin/../lib/gcc/avr/4.8.1/avrxmega4\libgcc.a(_tablejump.o)
                0x00009dc0                __tablejump2__
                0x00009dc4                __tablejump__
 .text.libgcc.mul
                0x00009dcc       0x1e c:/program files/atmel/atmel toolchain/avr8 gcc/native/3.4.1056/avr8-gnu-toolchain/bin/../lib/gcc/avr/4.8.1/avrxmega4\libgcc.a(_umulhisi3.o)
                0x00009dcc                __umulhisi3
 .text.libgcc.mul
                0x00009dea       0x14 c:/program files/atmel/atmel toolchain/avr8 gcc/native/3.4.1056/avr8-gnu-toolchain/bin/../lib/gcc/avr/4.8.1/avrxmega4\libgcc.a(_muluhisi3.o)
                0x00009dea                __muluhisi3
 .text.avr-libc
                0x00009dfe       0x34 c:/program files/atmel/atmel toolchain/avr8 gcc/native/3.4.1056/avr8-gnu-toolchain/bin/../lib/gcc/avr/4.8.1/../../../../avr/lib/avrxmega4\libc.a(calloc.o)
                0x00009dfe                calloc
 .text.avr-libc
                0x00009e32      0x24e c:/program files/atmel/atmel toolchain/avr8 gcc/native/3.4.1056/avr8-gnu-toolchain/bin/../lib/gcc/avr/4.8.1/../../../../avr/lib/avrxmega4\libc.a(malloc.o)
                0x00009e32                malloc
                0x00009f62                free
 .text.avr-libc
                0x0000a080       0x10 c:/program files/atmel/atmel toolchain/avr8 gcc/native/3.4.1056/avr8-gnu-toolchain/bin/../lib/gcc/avr/4.8.1/../../../../avr/lib/avrxmega4\libc.a(toupper.o)
                0x0000a080                toupper
 .text.avr-libc
                0x0000a090       0x12 c:/program files/atmel/atmel toolchain/avr8 gcc/native/3.4.1056/avr8-gnu-toolchain/bin/../lib/gcc/avr/4.8.1/../../../../avr/lib/avrxmega4\libc.a(memcpy.o)
                0x0000a090                memcpy
 .text.avr-libc
                0x0000a0a2        0xe c:/program files/atmel/atmel toolchain/avr8 gcc/native/3.4.1056/avr8-gnu-toolchain/bin/../lib/gcc/avr/4.8.1/../../../../avr/lib/avrxmega4\libc.a(memset.o)
                0x0000a0a2                memset
 .text.avr-libc
                0x0000a0b0       0x16 c:/program files/atmel/atmel toolchain/avr8 gcc/native/3.4.1056/avr8-gnu-toolchain/bin/../lib/gcc/avr/4.8.1/../../../../avr/lib/avrxmega4\libc.a(strcat.o)
                0x0000a0b0                strcat
 .text.avr-libc
                0x0000a0c6       0x16 c:/program files/atmel/atmel toolchain/avr8 gcc/native/3.4.1056/avr8-gnu-toolchain/bin/../lib/gcc/avr/4.8.1/../../../../avr/lib/avrxmega4\libc.a(strchr.o)
                0x0000a0c6                strchr
 .text.avr-libc
                0x0000a0dc        0xe c:/program files/atmel/atmel toolchain/avr8 gcc/native/3.4.1056/avr8-gnu-toolchain/bin/../lib/gcc/avr/4.8.1/../../../../avr/lib/avrxmega4\libc.a(strcpy.o)
                0x0000a0dc                strcpy
 .text.avr-libc
                0x0000a0ea       0x1e c:/program files/atmel/atmel toolchain/avr8 gcc/native/3.4.1056/avr8-gnu-toolchain/bin/../lib/gcc/avr/4.8.1/../../../../avr/lib/avrxmega4\libc.a(strncpy.o)
                0x0000a0ea                strncpy
 .text.avr-libc
                0x0000a108       0x16 c:/program files/atmel/atmel toolchain/avr8 gcc/native/3.4.1056/avr8-gnu-toolchain/bin/../lib/gcc/avr/4.8.1/../../../../avr/lib/avrxmega4\libc.a(strrchr.o)
                0x0000a108                strrchr
 .text.avr-libc
                0x0000a11e       0x34 c:/program files/atmel/atmel toolchain/avr8 gcc/native/3.4.1056/avr8-gnu-toolchain/bin/../lib/gcc/avr/4.8.1/../../../../avr/lib/avrxmega4\libc.a(strstr.o)
                0x0000a11e                strstr
 .text.avr-libc
                0x0000a152       0x22 c:/program files/atmel/atmel toolchain/avr8 gcc/native/3.4.1056/avr8-gnu-toolchain/bin/../lib/gcc/avr/4.8.1/../../../../avr/lib/avrxmega4\libc.a(printf.o)
                0x0000a152                printf
 .text.avr-libc
                0x0000a174       0x5a c:/program files/atmel/atmel toolchain/avr8 gcc/native/3.4.1056/avr8-gnu-toolchain/bin/../lib/gcc/avr/4.8.1/../../../../avr/lib/avrxmega4\libc.a(puts.o)
                0x0000a174                puts
 .text.avr-libc
                0x0000a1ce       0x36 c:/program files/atmel/atmel toolchain/avr8 gcc/native/3.4.1056/avr8-gnu-toolchain/bin/../lib/gcc/avr/4.8.1/../../../../avr/lib/avrxmega4\libc.a(sscanf.o)
                0x0000a1ce                sscanf
 .text.avr-libc
                0x0000a204      0x3d0 c:/program files/atmel/atmel toolchain/avr8 gcc/native/3.4.1056/avr8-gnu-toolchain/bin/../lib/gcc/avr/4.8.1/../../../../avr/lib/avrxmega4\libc.a(vfprintf_std.o)
                0x0000a204                vfprintf
 .text.avr-libc
                0x0000a5d4      0x566 c:/program files/atmel/atmel toolchain/avr8 gcc/native/3.4.1056/avr8-gnu-toolchain/bin/../lib/gcc/avr/4.8.1/../../../../avr/lib/avrxmega4\libc.a(vfscanf_std.o)
                0x0000a8e8                vfscanf
 .text.avr-libc
                0x0000ab3a       0x10 c:/program files/atmel/atmel toolchain/avr8 gcc/native/3.4.1056/avr8-gnu-toolchain/bin/../lib/gcc/avr/4.8.1/../../../../avr/lib/avrxmega4\libc.a(isspace.o)
                0x0000ab3a                isspace
 .text.avr-libc
                0x0000ab4a       0x16 c:/program files/atmel/atmel toolchain/avr8 gcc/native/3.4.1056/avr8-gnu-toolchain/bin/../lib/gcc/avr/4.8.1/../../../../avr/lib/avrxmega4\libc.a(strchr_P.o)
                0x0000ab4a                strchr_P
 .text.avr-libc
                0x0000ab60       0x16 c:/program files/atmel/atmel toolchain/avr8 gcc/native/3.4.1056/avr8-gnu-toolchain/bin/../lib/gcc/avr/4.8.1/../../../../avr/lib/avrxmega4\libc.a(strnlen_P.o)
                0x0000ab60                strnlen_P
 .text.avr-libc
                0x0000ab76       0x16 c:/program files/atmel/atmel toolchain/avr8 gcc/native/3.4.1056/avr8-gnu-toolchain/bin/../lib/gcc/avr/4.8.1/../../../../avr/lib/avrxmega4\libc.a(strnlen.o)
                0x0000ab76                strnlen
 .text.avr-libc
                0x0000ab8c       0x7c c:/program files/atmel/atmel toolchain/avr8 gcc/native/3.4.1056/avr8-gnu-toolchain/bin/../lib/gcc/avr/4.8.1/../../../../avr/lib/avrxmega4\libc.a(fgetc.o)
                0x0000ab8c                fgetc
 .text.avr-libc
                0x0000ac08       0x64 c:/program files/atmel/atmel toolchain/avr8 gcc/native/3.4.1056/avr8-gnu-toolchain/bin/../lib/gcc/avr/4.8.1/../../../../avr/lib/avrxmega4\libc.a(fputc.o)
                0x0000ac08                fputc
 .text.avr-libc
                0x0000ac6c       0x32 c:/program files/atmel/atmel toolchain/avr8 gcc/native/3.4.1056/avr8-gnu-toolchain/bin/../lib/gcc/avr/4.8.1/../../../../avr/lib/avrxmega4\libc.a(ungetc.o)
                0x0000ac6c                ungetc
 .text.avr-libc
                0x0000ac9e       0xbc c:/program files/atmel/atmel toolchain/avr8 gcc/native/3.4.1056/avr8-gnu-toolchain/bin/../lib/gcc/avr/4.8.1/../../../../avr/lib/avrxmega4\libc.a(ultoa_invert.o)
                0x0000ac9e                __ultoa_invert
 .text.avr-libc
                0x0000ad5a        0x6 c:/program files/atmel/atmel toolchain/avr8 gcc/native/3.4.1056/avr8-gnu-toolchain/bin/../lib/gcc/avr/4.8.1/../../../../avr/lib/avrxmega4\libc.a(cty_isfalse.o)
                0x0000ad5a                __ctype_isfalse
                0x0000ad5e                __ctype_istrue
                0x0000ad60                . = ALIGN (0x2)
 *(.fini9)
 .fini9         0x0000ad60        0x0 c:/program files/atmel/atmel toolchain/avr8 gcc/native/3.4.1056/avr8-gnu-toolchain/bin/../lib/gcc/avr/4.8.1/avrxmega4\libgcc.a(_exit.o)
                0x0000ad60                _exit
                0x0000ad60                exit
 *(.fini9)
 *(.fini8)
 *(.fini8)
 *(.fini7)
 *(.fini7)
 *(.fini6)
 *(.fini6)
 *(.fini5)
 *(.fini5)
 *(.fini4)
 *(.fini4)
 *(.fini3)
 *(.fini3)
 *(.fini2)
 *(.fini2)
 *(.fini1)
 *(.fini1)
 *(.fini0)
 .fini0         0x0000ad60        0x4 c:/program files/atmel/atmel toolchain/avr8 gcc/native/3.4.1056/avr8-gnu-toolchain/bin/../lib/gcc/avr/4.8.1/avrxmega4\libgcc.a(_exit.o)
 *(.fini0)
                0x0000ad64                _etext = .

.data           0x00802000      0x982 load address 0x0000ad64
                0x00802000                PROVIDE (__data_start, .)
 *(.data)
 .data          0x00802000        0x0 c:/program files/atmel/atmel toolchain/avr8 gcc/native/3.4.1056/avr8-gnu-toolchain/bin/../lib/gcc/avr/4.8.1/../../../../avr/lib/avrxmega4/crtx64a4u.o
 .data          0x00802000        0x0 4x6_font.o
 .data          0x00802000        0x0 drivers/adc/adc.o
 .data          0x00802000        0x0 drivers/clock/clock.o
 .data          0x00802000        0x0 drivers/dac/dac.o
 .data          0x00802000        0x0 drivers/dma/dma.o
 .data          0x00802000        0x0 drivers/dma/dma_functions.o
 .data          0x00802000        0x0 drivers/eeprom/eeprom.o
 .data          0x00802000        0x0 drivers/esp8266/esp8266.o
 .data          0x00802000        0x0 drivers/ht1632c/ht1632c.o
 .data          0x00802000        0x0 drivers/port/port.o
 .data          0x00802000        0x0 drivers/power/power.o
 .data          0x00802000        0x0 drivers/rtc/rtc.o
 .data          0x00802000        0x0 drivers/sensors/si114x/Si114x_functions.o
 .data          0x00802000        0x0 drivers/sensors/si114x/Si114x_handler.o
 .data          0x00802000        0x0 drivers/sensors/si114x/Si114x_sys_out.o
 .data          0x00802000        0x0 drivers/sensors/si114x/slider_algorithm.o
 .data          0x00802000        0x0 drivers/sercom/spi.o
 .data          0x00802000        0x0 drivers/sercom/twi.o
 .data          0x00802000        0x0 drivers/sercom/uart.o
 .data          0x00802000        0x0 drivers/timer/timer.o
 .data          0x00802000        0x0 main.o
 .data          0x00802000        0x0 modules/display/display.o
 .data          0x00802000        0x0 modules/fatfs/ff.o
 .data          0x00802000        0x0 modules/fatfs/mmc_avr.o
 .data          0x00802000        0x0 modules/fatfs/sound.o
 .data          0x00802000        0x0 modules/json/jsmn.o
 .data          0x00802000        0x0 modules/json/json_functions.o
 .data          0x00802000        0x0 modules/menu/menu.o
 .data          0x00802000        0x0 modules/time_functions/time_functions.o
 .data          0x00802000        0x0 _StackInstrument.o
 .data          0x00802000        0x0 c:/program files/atmel/atmel toolchain/avr8 gcc/native/3.4.1056/avr8-gnu-toolchain/bin/../lib/gcc/avr/4.8.1/../../../../avr/lib/avrxmega4\libm.a(divsf3.o)
 .data          0x00802000        0x0 c:/program files/atmel/atmel toolchain/avr8 gcc/native/3.4.1056/avr8-gnu-toolchain/bin/../lib/gcc/avr/4.8.1/../../../../avr/lib/avrxmega4\libm.a(divsf3x.o)
 .data          0x00802000        0x0 c:/program files/atmel/atmel toolchain/avr8 gcc/native/3.4.1056/avr8-gnu-toolchain/bin/../lib/gcc/avr/4.8.1/../../../../avr/lib/avrxmega4\libm.a(fixsfsi.o)
 .data          0x00802000        0x0 c:/program files/atmel/atmel toolchain/avr8 gcc/native/3.4.1056/avr8-gnu-toolchain/bin/../lib/gcc/avr/4.8.1/../../../../avr/lib/avrxmega4\libm.a(fixunssfsi.o)
 .data          0x00802000        0x0 c:/program files/atmel/atmel toolchain/avr8 gcc/native/3.4.1056/avr8-gnu-toolchain/bin/../lib/gcc/avr/4.8.1/../../../../avr/lib/avrxmega4\libm.a(floatsisf.o)
 .data          0x00802000        0x0 c:/program files/atmel/atmel toolchain/avr8 gcc/native/3.4.1056/avr8-gnu-toolchain/bin/../lib/gcc/avr/4.8.1/../../../../avr/lib/avrxmega4\libm.a(fp_inf.o)
 .data          0x00802000        0x0 c:/program files/atmel/atmel toolchain/avr8 gcc/native/3.4.1056/avr8-gnu-toolchain/bin/../lib/gcc/avr/4.8.1/../../../../avr/lib/avrxmega4\libm.a(fp_nan.o)
 .data          0x00802000        0x0 c:/program files/atmel/atmel toolchain/avr8 gcc/native/3.4.1056/avr8-gnu-toolchain/bin/../lib/gcc/avr/4.8.1/../../../../avr/lib/avrxmega4\libm.a(fp_pscA.o)
 .data          0x00802000        0x0 c:/program files/atmel/atmel toolchain/avr8 gcc/native/3.4.1056/avr8-gnu-toolchain/bin/../lib/gcc/avr/4.8.1/../../../../avr/lib/avrxmega4\libm.a(fp_pscB.o)
 .data          0x00802000        0x0 c:/program files/atmel/atmel toolchain/avr8 gcc/native/3.4.1056/avr8-gnu-toolchain/bin/../lib/gcc/avr/4.8.1/../../../../avr/lib/avrxmega4\libm.a(fp_round.o)
 .data          0x00802000        0x0 c:/program files/atmel/atmel toolchain/avr8 gcc/native/3.4.1056/avr8-gnu-toolchain/bin/../lib/gcc/avr/4.8.1/../../../../avr/lib/avrxmega4\libm.a(fp_split3.o)
 .data          0x00802000        0x0 c:/program files/atmel/atmel toolchain/avr8 gcc/native/3.4.1056/avr8-gnu-toolchain/bin/../lib/gcc/avr/4.8.1/../../../../avr/lib/avrxmega4\libm.a(fp_zero.o)
 .data          0x00802000        0x0 c:/program files/atmel/atmel toolchain/avr8 gcc/native/3.4.1056/avr8-gnu-toolchain/bin/../lib/gcc/avr/4.8.1/../../../../avr/lib/avrxmega4\libm.a(gesf2.o)
 .data          0x00802000        0x0 c:/program files/atmel/atmel toolchain/avr8 gcc/native/3.4.1056/avr8-gnu-toolchain/bin/../lib/gcc/avr/4.8.1/../../../../avr/lib/avrxmega4\libm.a(mulsf3.o)
 .data          0x00802000        0x0 c:/program files/atmel/atmel toolchain/avr8 gcc/native/3.4.1056/avr8-gnu-toolchain/bin/../lib/gcc/avr/4.8.1/../../../../avr/lib/avrxmega4\libm.a(mulsf3x.o)
 .data          0x00802000        0x0 c:/program files/atmel/atmel toolchain/avr8 gcc/native/3.4.1056/avr8-gnu-toolchain/bin/../lib/gcc/avr/4.8.1/../../../../avr/lib/avrxmega4\libm.a(pow.o)
 .data          0x00802000        0x0 c:/program files/atmel/atmel toolchain/avr8 gcc/native/3.4.1056/avr8-gnu-toolchain/bin/../lib/gcc/avr/4.8.1/../../../../avr/lib/avrxmega4\libm.a(exp.o)
 .data          0x00802000        0x0 c:/program files/atmel/atmel toolchain/avr8 gcc/native/3.4.1056/avr8-gnu-toolchain/bin/../lib/gcc/avr/4.8.1/../../../../avr/lib/avrxmega4\libm.a(fp_cmp.o)
 .data          0x00802000        0x0 c:/program files/atmel/atmel toolchain/avr8 gcc/native/3.4.1056/avr8-gnu-toolchain/bin/../lib/gcc/avr/4.8.1/../../../../avr/lib/avrxmega4\libm.a(fp_powser.o)
 .data          0x00802000        0x0 c:/program files/atmel/atmel toolchain/avr8 gcc/native/3.4.1056/avr8-gnu-toolchain/bin/../lib/gcc/avr/4.8.1/../../../../avr/lib/avrxmega4\libm.a(inverse.o)
 .data          0x00802000        0x0 c:/program files/atmel/atmel toolchain/avr8 gcc/native/3.4.1056/avr8-gnu-toolchain/bin/../lib/gcc/avr/4.8.1/../../../../avr/lib/avrxmega4\libm.a(ldexp.o)
 .data          0x00802000        0x0 c:/program files/atmel/atmel toolchain/avr8 gcc/native/3.4.1056/avr8-gnu-toolchain/bin/../lib/gcc/avr/4.8.1/../../../../avr/lib/avrxmega4\libm.a(log.o)
 .data          0x00802000        0x0 c:/program files/atmel/atmel toolchain/avr8 gcc/native/3.4.1056/avr8-gnu-toolchain/bin/../lib/gcc/avr/4.8.1/../../../../avr/lib/avrxmega4\libm.a(modf.o)
 .data          0x00802000        0x0 c:/program files/atmel/atmel toolchain/avr8 gcc/native/3.4.1056/avr8-gnu-toolchain/bin/../lib/gcc/avr/4.8.1/../../../../avr/lib/avrxmega4\libm.a(addsf3.o)
 .data          0x00802000        0x0 c:/program files/atmel/atmel toolchain/avr8 gcc/native/3.4.1056/avr8-gnu-toolchain/bin/../lib/gcc/avr/4.8.1/../../../../avr/lib/avrxmega4\libm.a(addsf3x.o)
 .data          0x00802000        0x0 c:/program files/atmel/atmel toolchain/avr8 gcc/native/3.4.1056/avr8-gnu-toolchain/bin/../lib/gcc/avr/4.8.1/../../../../avr/lib/avrxmega4\libm.a(fp_mpack.o)
 .data          0x00802000        0x0 c:/program files/atmel/atmel toolchain/avr8 gcc/native/3.4.1056/avr8-gnu-toolchain/bin/../lib/gcc/avr/4.8.1/avrxmega4\libgcc.a(_udivmodhi4.o)
 .data          0x00802000        0x0 c:/program files/atmel/atmel toolchain/avr8 gcc/native/3.4.1056/avr8-gnu-toolchain/bin/../lib/gcc/avr/4.8.1/avrxmega4\libgcc.a(_divmodhi4.o)
 .data          0x00802000        0x0 c:/program files/atmel/atmel toolchain/avr8 gcc/native/3.4.1056/avr8-gnu-toolchain/bin/../lib/gcc/avr/4.8.1/avrxmega4\libgcc.a(_udivmodsi4.o)
 .data          0x00802000        0x0 c:/program files/atmel/atmel toolchain/avr8 gcc/native/3.4.1056/avr8-gnu-toolchain/bin/../lib/gcc/avr/4.8.1/avrxmega4\libgcc.a(_exit.o)
 .data          0x00802000        0x0 c:/program files/atmel/atmel toolchain/avr8 gcc/native/3.4.1056/avr8-gnu-toolchain/bin/../lib/gcc/avr/4.8.1/avrxmega4\libgcc.a(_tablejump.o)
 .data          0x00802000        0x0 c:/program files/atmel/atmel toolchain/avr8 gcc/native/3.4.1056/avr8-gnu-toolchain/bin/../lib/gcc/avr/4.8.1/avrxmega4\libgcc.a(_copy_data.o)
 .data          0x00802000        0x0 c:/program files/atmel/atmel toolchain/avr8 gcc/native/3.4.1056/avr8-gnu-toolchain/bin/../lib/gcc/avr/4.8.1/avrxmega4\libgcc.a(_clear_bss.o)
 .data          0x00802000        0x0 c:/program files/atmel/atmel toolchain/avr8 gcc/native/3.4.1056/avr8-gnu-toolchain/bin/../lib/gcc/avr/4.8.1/avrxmega4\libgcc.a(_umulhisi3.o)
 .data          0x00802000        0x0 c:/program files/atmel/atmel toolchain/avr8 gcc/native/3.4.1056/avr8-gnu-toolchain/bin/../lib/gcc/avr/4.8.1/avrxmega4\libgcc.a(_muluhisi3.o)
 .data          0x00802000        0x0 c:/program files/atmel/atmel toolchain/avr8 gcc/native/3.4.1056/avr8-gnu-toolchain/bin/../lib/gcc/avr/4.8.1/../../../../avr/lib/avrxmega4\libc.a(calloc.o)
 .data          0x00802000        0x6 c:/program files/atmel/atmel toolchain/avr8 gcc/native/3.4.1056/avr8-gnu-toolchain/bin/../lib/gcc/avr/4.8.1/../../../../avr/lib/avrxmega4\libc.a(malloc.o)
                0x00802000                __malloc_heap_end
                0x00802002                __malloc_heap_start
                0x00802004                __malloc_margin
 .data          0x00802006        0x0 c:/program files/atmel/atmel toolchain/avr8 gcc/native/3.4.1056/avr8-gnu-toolchain/bin/../lib/gcc/avr/4.8.1/../../../../avr/lib/avrxmega4\libc.a(toupper.o)
 .data          0x00802006        0x0 c:/program files/atmel/atmel toolchain/avr8 gcc/native/3.4.1056/avr8-gnu-toolchain/bin/../lib/gcc/avr/4.8.1/../../../../avr/lib/avrxmega4\libc.a(memcpy.o)
 .data          0x00802006        0x0 c:/program files/atmel/atmel toolchain/avr8 gcc/native/3.4.1056/avr8-gnu-toolchain/bin/../lib/gcc/avr/4.8.1/../../../../avr/lib/avrxmega4\libc.a(memset.o)
 .data          0x00802006        0x0 c:/program files/atmel/atmel toolchain/avr8 gcc/native/3.4.1056/avr8-gnu-toolchain/bin/../lib/gcc/avr/4.8.1/../../../../avr/lib/avrxmega4\libc.a(strcat.o)
 .data          0x00802006        0x0 c:/program files/atmel/atmel toolchain/avr8 gcc/native/3.4.1056/avr8-gnu-toolchain/bin/../lib/gcc/avr/4.8.1/../../../../avr/lib/avrxmega4\libc.a(strchr.o)
 .data          0x00802006        0x0 c:/program files/atmel/atmel toolchain/avr8 gcc/native/3.4.1056/avr8-gnu-toolchain/bin/../lib/gcc/avr/4.8.1/../../../../avr/lib/avrxmega4\libc.a(strcpy.o)
 .data          0x00802006        0x0 c:/program files/atmel/atmel toolchain/avr8 gcc/native/3.4.1056/avr8-gnu-toolchain/bin/../lib/gcc/avr/4.8.1/../../../../avr/lib/avrxmega4\libc.a(strncpy.o)
 .data          0x00802006        0x0 c:/program files/atmel/atmel toolchain/avr8 gcc/native/3.4.1056/avr8-gnu-toolchain/bin/../lib/gcc/avr/4.8.1/../../../../avr/lib/avrxmega4\libc.a(strrchr.o)
 .data          0x00802006        0x0 c:/program files/atmel/atmel toolchain/avr8 gcc/native/3.4.1056/avr8-gnu-toolchain/bin/../lib/gcc/avr/4.8.1/../../../../avr/lib/avrxmega4\libc.a(strstr.o)
 .data          0x00802006        0x0 c:/program files/atmel/atmel toolchain/avr8 gcc/native/3.4.1056/avr8-gnu-toolchain/bin/../lib/gcc/avr/4.8.1/../../../../avr/lib/avrxmega4\libc.a(iob.o)
 .data          0x00802006        0x0 c:/program files/atmel/atmel toolchain/avr8 gcc/native/3.4.1056/avr8-gnu-toolchain/bin/../lib/gcc/avr/4.8.1/../../../../avr/lib/avrxmega4\libc.a(printf.o)
 .data          0x00802006        0x0 c:/program files/atmel/atmel toolchain/avr8 gcc/native/3.4.1056/avr8-gnu-toolchain/bin/../lib/gcc/avr/4.8.1/../../../../avr/lib/avrxmega4\libc.a(puts.o)
 .data          0x00802006        0x0 c:/program files/atmel/atmel toolchain/avr8 gcc/native/3.4.1056/avr8-gnu-toolchain/bin/../lib/gcc/avr/4.8.1/../../../../avr/lib/avrxmega4\libc.a(sscanf.o)
 .data          0x00802006        0x0 c:/program files/atmel/atmel toolchain/avr8 gcc/native/3.4.1056/avr8-gnu-toolchain/bin/../lib/gcc/avr/4.8.1/../../../../avr/lib/avrxmega4\libc.a(vfprintf_std.o)
 .data          0x00802006        0x0 c:/program files/atmel/atmel toolchain/avr8 gcc/native/3.4.1056/avr8-gnu-toolchain/bin/../lib/gcc/avr/4.8.1/../../../../avr/lib/avrxmega4\libc.a(vfscanf_std.o)
 .data          0x00802006        0x0 c:/program files/atmel/atmel toolchain/avr8 gcc/native/3.4.1056/avr8-gnu-toolchain/bin/../lib/gcc/avr/4.8.1/../../../../avr/lib/avrxmega4\libc.a(isspace.o)
 .data          0x00802006        0x0 c:/program files/atmel/atmel toolchain/avr8 gcc/native/3.4.1056/avr8-gnu-toolchain/bin/../lib/gcc/avr/4.8.1/../../../../avr/lib/avrxmega4\libc.a(strchr_P.o)
 .data          0x00802006        0x0 c:/program files/atmel/atmel toolchain/avr8 gcc/native/3.4.1056/avr8-gnu-toolchain/bin/../lib/gcc/avr/4.8.1/../../../../avr/lib/avrxmega4\libc.a(strnlen_P.o)
 .data          0x00802006        0x0 c:/program files/atmel/atmel toolchain/avr8 gcc/native/3.4.1056/avr8-gnu-toolchain/bin/../lib/gcc/avr/4.8.1/../../../../avr/lib/avrxmega4\libc.a(strnlen.o)
 .data          0x00802006        0x0 c:/program files/atmel/atmel toolchain/avr8 gcc/native/3.4.1056/avr8-gnu-toolchain/bin/../lib/gcc/avr/4.8.1/../../../../avr/lib/avrxmega4\libc.a(fgetc.o)
 .data          0x00802006        0x0 c:/program files/atmel/atmel toolchain/avr8 gcc/native/3.4.1056/avr8-gnu-toolchain/bin/../lib/gcc/avr/4.8.1/../../../../avr/lib/avrxmega4\libc.a(fputc.o)
 .data          0x00802006        0x0 c:/program files/atmel/atmel toolchain/avr8 gcc/native/3.4.1056/avr8-gnu-toolchain/bin/../lib/gcc/avr/4.8.1/../../../../avr/lib/avrxmega4\libc.a(ungetc.o)
 .data          0x00802006        0x0 c:/program files/atmel/atmel toolchain/avr8 gcc/native/3.4.1056/avr8-gnu-toolchain/bin/../lib/gcc/avr/4.8.1/../../../../avr/lib/avrxmega4\libc.a(ultoa_invert.o)
 .data          0x00802006        0x0 c:/program files/atmel/atmel toolchain/avr8 gcc/native/3.4.1056/avr8-gnu-toolchain/bin/../lib/gcc/avr/4.8.1/../../../../avr/lib/avrxmega4\libc.a(cty_isfalse.o)
 *(.data*)
 .data.link_channel
                0x00802006        0x1 drivers/esp8266/esp8266.o
                0x00802006                link_channel
 .data.disp_time
                0x00802007        0x1 drivers/rtc/rtc.o
 .data.initial_baseline_counter
                0x00802008        0x1 drivers/sensors/si114x/Si114x_functions.o
 .data.ircorrection
                0x00802009        0x3 drivers/sensors/si114x/Si114x_handler.o
                0x00802009                ircorrection
 .data.scale    0x0080200c        0x2 drivers/sensors/si114x/Si114x_handler.o
                0x0080200c                scale
 .data.noise_margin
                0x0080200e        0x2 drivers/sensors/si114x/Si114x_handler.o
                0x0080200e                noise_margin
 .data.initial_baseline_counter
                0x00802010        0x1 drivers/sensors/si114x/Si114x_handler.o
 .data.out_of_range.1726
                0x00802011        0x1 drivers/sensors/si114x/slider_algorithm.o
 .data.mystdout
                0x00802012        0xe main.o
 .data.color.4746
                0x00802020        0x1 modules/display/display.o
 .data.x.4744   0x00802021        0x1 modules/display/display.o
 .data.y.4745   0x00802022        0x1 modules/display/display.o
 .data.prev_pwm.4727
                0x00802023        0x1 modules/display/display.o
 .data.Stat     0x00802024        0x1 modules/fatfs/mmc_avr.o
 *(.rodata)
 .rodata        0x00802025       0x9a drivers/sensors/si114x/slider_algorithm.o
 .rodata        0x008020bf       0x18 modules/time_functions/time_functions.o
 *(.rodata*)
 .rodata.str1.1
                0x008020d7      0x385 drivers/esp8266/esp8266.o
                                0x38c (size before relaxing)
 .rodata.str1.1
                0x0080245c       0x32 drivers/port/port.o
 .rodata.str1.1
                0x0080248e       0x4f drivers/sensors/si114x/Si114x_functions.o
 .rodata.str1.1
                0x008024dd       0xab drivers/sensors/si114x/Si114x_handler.o
 .rodata.str1.1
                0x00802588       0x69 drivers/sensors/si114x/slider_algorithm.o
 .rodata.str1.1
                0x008025f1       0x8d main.o
 .rodata.str1.1
                0x0080267e       0x53 modules/fatfs/ff.o
 .rodata.str1.1
                0x008026d1      0x1ec modules/menu/menu.o
                                0x1ed (size before relaxing)
 .rodata.str1.1
                0x008028bd       0x7e modules/time_functions/time_functions.o
 .rodata.CSWTCH.9
                0x0080293b        0x7 modules/time_functions/time_functions.o
 .rodata.CSWTCH.6
                0x00802942       0x18 modules/time_functions/time_functions.o
 .rodata.CSWTCH.4
                0x0080295a       0x10 modules/time_functions/time_functions.o
 .rodata.t.4526
                0x0080296a       0x18 modules/time_functions/time_functions.o
 *(.gnu.linkonce.d*)
                0x00802982                . = ALIGN (0x2)
                0x00802982                _edata = .
                0x00802982                PROVIDE (__data_end, .)

.bss            0x00802982      0x2fc
                0x00802982                PROVIDE (__bss_start, .)
 *(.bss)
 *(.bss*)
 .bss.rx_buffer
                0x00802982       0xfa drivers/esp8266/esp8266.o
 .bss.rx_ptr    0x00802a7c        0x2 drivers/esp8266/esp8266.o
 .bss.json_found
                0x00802a7e        0x1 drivers/esp8266/esp8266.o
                0x00802a7e                json_found
 .bss.wdt_triggered
                0x00802a7f        0x1 drivers/esp8266/esp8266.o
 .bss.counter   0x00802a80        0x2 drivers/sensors/si114x/Si114x_functions.o
 .bss.Maxcount.4615
                0x00802a82        0x3 drivers/sensors/si114x/Si114x_handler.o
 .bss.rollingMax.4614
                0x00802a85        0x6 drivers/sensors/si114x/Si114x_handler.o
 .bss.dynamic_baseline.4617
                0x00802a8b        0x6 drivers/sensors/si114x/Si114x_handler.o
 .bss.IRlast.4596
                0x00802a91        0x4 drivers/sensors/si114x/Si114x_handler.o
 .bss.maxLeakage
                0x00802a95        0x6 drivers/sensors/si114x/Si114x_handler.o
                0x00802a95                maxLeakage
 .bss.LED_flash_timeout.1706
                0x00802a9b        0x2 drivers/sensors/si114x/slider_algorithm.o
 .bss.last_xbucket.1725
                0x00802a9d        0x1 drivers/sensors/si114x/slider_algorithm.o
 .bss.LED_flash_pattern.1716
                0x00802a9e        0x8 drivers/sensors/si114x/slider_algorithm.o
 .bss.LED_State.1717
                0x00802aa6        0x1 drivers/sensors/si114x/slider_algorithm.o
 .bss.Pause_gesture_timeout.1707
                0x00802aa7        0x2 drivers/sensors/si114x/slider_algorithm.o
 .bss.xenter.1728
                0x00802aa9        0x2 drivers/sensors/si114x/slider_algorithm.o
 .bss.SwipeStartTime.1708
                0x00802aab        0x2 drivers/sensors/si114x/slider_algorithm.o
 .bss.xexit.1729
                0x00802aad        0x2 drivers/sensors/si114x/slider_algorithm.o
 .bss.xlast.1730
                0x00802aaf        0x2 drivers/sensors/si114x/slider_algorithm.o
 .bss.test_val  0x00802ab1        0x2 drivers/timer/timer.o
 .bss.n.4942    0x00802ab3        0x1 modules/display/display.o
 .bss.CurrVol   0x00802ab4        0x1 modules/fatfs/ff.o
 .bss.Fsid      0x00802ab5        0x2 modules/fatfs/ff.o
 .bss.FatFs     0x00802ab7        0x4 modules/fatfs/ff.o
 .bss.CardType  0x00802abb        0x1 modules/fatfs/mmc_avr.o
 .bss.Timer2    0x00802abc        0x1 modules/fatfs/mmc_avr.o
 .bss.Timer1    0x00802abd        0x1 modules/fatfs/mmc_avr.o
 .bss.WavFifo   0x00802abe        0x2 modules/fatfs/sound.o
 .bss.wdt_triggered
                0x00802ac0        0x1 modules/menu/menu.o
 *(COMMON)
 COMMON         0x00802ac1       0xad drivers/adc/adc.o
                0x00802ac1                env
 COMMON         0x00802b6e       0xca drivers/dma/dma_functions.o
                0x00802b6e                memoryBlockB
                0x00802bd2                gStatus
                0x00802bd3                gInterruptDone
                0x00802bd4                memoryBlockA
 COMMON         0x00802c38       0x36 drivers/esp8266/esp8266.o
                0x00802c38                ip_address
                0x00802c4b                btn_status
                0x00802c4c                si114x_status
                0x00802c4d                ledmatrix
                0x00802c6d                status
 COMMON         0x00802c6e        0x6 drivers/sensors/si114x/Si114x_functions.o
                0x00802c6e                baseline
 COMMON         0x00802c74        0x4 c:/program files/atmel/atmel toolchain/avr8 gcc/native/3.4.1056/avr8-gnu-toolchain/bin/../lib/gcc/avr/4.8.1/../../../../avr/lib/avrxmega4\libc.a(malloc.o)
                0x00802c74                __brkval
                0x00802c76                __flp
 COMMON         0x00802c78        0x6 c:/program files/atmel/atmel toolchain/avr8 gcc/native/3.4.1056/avr8-gnu-toolchain/bin/../lib/gcc/avr/4.8.1/../../../../avr/lib/avrxmega4\libc.a(iob.o)
                0x00802c78                __iob
                0x00802c7e                PROVIDE (__bss_end, .)
                0x0000ad64                __data_load_start = LOADADDR (.data)
                0x0000b6e6                __data_load_end = (__data_load_start + SIZEOF (.data))

.noinit         0x00802c7e        0x0
                0x00802c7e                PROVIDE (__noinit_start, .)
 *(.noinit*)
                0x00802c7e                PROVIDE (__noinit_end, .)
                0x00802c7e                _end = .
                0x00802c7e                PROVIDE (__heap_start, .)

.eeprom         0x00810000        0x0
 *(.eeprom*)
                0x00810000                __eeprom_end = .

.fuse
 *(.fuse)
 *(.lfuse)
 *(.hfuse)
 *(.efuse)

.lock
 *(.lock*)

.signature
 *(.signature*)

.user_signatures
 *(.user_signatures*)

.stab
 *(.stab)

.stabstr
 *(.stabstr)

.stab.excl
 *(.stab.excl)

.stab.exclstr
 *(.stab.exclstr)

.stab.index
 *(.stab.index)

.stab.indexstr
 *(.stab.indexstr)

.comment        0x00000000       0x5c
 *(.comment)
 .comment       0x00000000       0x30 4x6_font.o
                                 0x31 (size before relaxing)
 .comment       0x00000000       0x31 drivers/adc/adc.o
 .comment       0x00000000       0x31 drivers/clock/clock.o
 .comment       0x00000000       0x31 drivers/dac/dac.o
 .comment       0x00000000       0x31 drivers/dma/dma.o
 .comment       0x00000000       0x31 drivers/dma/dma_functions.o
 .comment       0x00000000       0x31 drivers/eeprom/eeprom.o
 .comment       0x00000000       0x31 drivers/esp8266/esp8266.o
 .comment       0x00000000       0x31 drivers/ht1632c/ht1632c.o
 .comment       0x00000000       0x31 drivers/port/port.o
 .comment       0x00000000       0x31 drivers/power/power.o
 .comment       0x00000000       0x31 drivers/rtc/rtc.o
 .comment       0x00000000       0x31 drivers/sensors/si114x/Si114x_functions.o
 .comment       0x00000000       0x31 drivers/sensors/si114x/Si114x_handler.o
 .comment       0x00000000       0x31 drivers/sensors/si114x/Si114x_sys_out.o
 .comment       0x00000000       0x31 drivers/sensors/si114x/slider_algorithm.o
 .comment       0x00000000       0x31 drivers/sercom/spi.o
 .comment       0x00000000       0x31 drivers/sercom/twi.o
 .comment       0x00000000       0x31 drivers/sercom/uart.o
 .comment       0x00000000       0x31 drivers/timer/timer.o
 .comment       0x00000000       0x31 main.o
 .comment       0x00000000       0x31 modules/display/display.o
 .comment       0x00000000       0x31 modules/fatfs/ff.o
 .comment       0x00000000       0x31 modules/fatfs/mmc_avr.o
 .comment       0x00000000       0x31 modules/fatfs/sound.o
 .comment       0x00000000       0x31 modules/json/jsmn.o
 .comment       0x00000000       0x31 modules/json/json_functions.o
 .comment       0x00000000       0x31 modules/menu/menu.o
 .comment       0x00000000       0x31 modules/time_functions/time_functions.o
 .comment       0x00000000       0x31 _StackInstrument.o
 .comment       0x00000000       0x31 c:/program files/atmel/atmel toolchain/avr8 gcc/native/3.4.1056/avr8-gnu-toolchain/bin/../lib/gcc/avr/4.8.1/../../../../avr/lib/avrxmega4\libc.a(calloc.o)
 .comment       0x00000000       0x31 c:/program files/atmel/atmel toolchain/avr8 gcc/native/3.4.1056/avr8-gnu-toolchain/bin/../lib/gcc/avr/4.8.1/../../../../avr/lib/avrxmega4\libc.a(malloc.o)
 .comment       0x00000000       0x31 c:/program files/atmel/atmel toolchain/avr8 gcc/native/3.4.1056/avr8-gnu-toolchain/bin/../lib/gcc/avr/4.8.1/../../../../avr/lib/avrxmega4\libc.a(iob.o)
 .comment       0x00000000       0x31 c:/program files/atmel/atmel toolchain/avr8 gcc/native/3.4.1056/avr8-gnu-toolchain/bin/../lib/gcc/avr/4.8.1/../../../../avr/lib/avrxmega4\libc.a(printf.o)
 .comment       0x00000000       0x31 c:/program files/atmel/atmel toolchain/avr8 gcc/native/3.4.1056/avr8-gnu-toolchain/bin/../lib/gcc/avr/4.8.1/../../../../avr/lib/avrxmega4\libc.a(puts.o)
 .comment       0x00000000       0x31 c:/program files/atmel/atmel toolchain/avr8 gcc/native/3.4.1056/avr8-gnu-toolchain/bin/../lib/gcc/avr/4.8.1/../../../../avr/lib/avrxmega4\libc.a(sscanf.o)
 .comment       0x00000030       0x2c c:/program files/atmel/atmel toolchain/avr8 gcc/native/3.4.1056/avr8-gnu-toolchain/bin/../lib/gcc/avr/4.8.1/../../../../avr/lib/avrxmega4\libc.a(vfprintf_std.o)
                                 0x2d (size before relaxing)
 .comment       0x00000000       0x2d c:/program files/atmel/atmel toolchain/avr8 gcc/native/3.4.1056/avr8-gnu-toolchain/bin/../lib/gcc/avr/4.8.1/../../../../avr/lib/avrxmega4\libc.a(vfscanf_std.o)
 .comment       0x00000000       0x31 c:/program files/atmel/atmel toolchain/avr8 gcc/native/3.4.1056/avr8-gnu-toolchain/bin/../lib/gcc/avr/4.8.1/../../../../avr/lib/avrxmega4\libc.a(fgetc.o)
 .comment       0x00000000       0x31 c:/program files/atmel/atmel toolchain/avr8 gcc/native/3.4.1056/avr8-gnu-toolchain/bin/../lib/gcc/avr/4.8.1/../../../../avr/lib/avrxmega4\libc.a(fputc.o)
 .comment       0x00000000       0x31 c:/program files/atmel/atmel toolchain/avr8 gcc/native/3.4.1056/avr8-gnu-toolchain/bin/../lib/gcc/avr/4.8.1/../../../../avr/lib/avrxmega4\libc.a(ungetc.o)

.note.gnu.build-id
 *(.note.gnu.build-id)

.debug
 *(.debug)

.line
 *(.line)

.debug_srcinfo
 *(.debug_srcinfo)

.debug_sfnames
 *(.debug_sfnames)

.debug_aranges  0x00000000      0xcd0
 *(.debug_aranges)
 .debug_aranges
                0x00000000       0x18 4x6_font.o
 .debug_aranges
                0x00000018       0x50 drivers/adc/adc.o
 .debug_aranges
                0x00000068       0x48 drivers/clock/clock.o
 .debug_aranges
                0x000000b0       0x38 drivers/dac/dac.o
 .debug_aranges
                0x000000e8       0xa8 drivers/dma/dma.o
 .debug_aranges
                0x00000190       0x30 drivers/dma/dma_functions.o
 .debug_aranges
                0x000001c0       0x78 drivers/eeprom/eeprom.o
 .debug_aranges
                0x00000238       0x88 drivers/esp8266/esp8266.o
 .debug_aranges
                0x000002c0       0xc8 drivers/ht1632c/ht1632c.o
 .debug_aranges
                0x00000388       0x58 drivers/port/port.o
 .debug_aranges
                0x000003e0       0x20 drivers/power/power.o
 .debug_aranges
                0x00000400       0x58 drivers/rtc/rtc.o
 .debug_aranges
                0x00000458       0xd0 drivers/sensors/si114x/Si114x_functions.o
 .debug_aranges
                0x00000528       0x38 drivers/sensors/si114x/Si114x_handler.o
 .debug_aranges
                0x00000560       0x50 drivers/sensors/si114x/Si114x_sys_out.o
 .debug_aranges
                0x000005b0       0x30 drivers/sensors/si114x/slider_algorithm.o
 .debug_aranges
                0x000005e0       0x30 drivers/sercom/spi.o
 .debug_aranges
                0x00000610       0x60 drivers/sercom/twi.o
 .debug_aranges
                0x00000670       0x48 drivers/sercom/uart.o
 .debug_aranges
                0x000006b8       0x30 drivers/timer/timer.o
 .debug_aranges
                0x000006e8       0x30 main.o
 .debug_aranges
                0x00000718      0x1d8 modules/display/display.o
 .debug_aranges
                0x000008f0      0x188 modules/fatfs/ff.o
 .debug_aranges
                0x00000a78       0x90 modules/fatfs/mmc_avr.o
 .debug_aranges
                0x00000b08       0x40 modules/fatfs/sound.o
 .debug_aranges
                0x00000b48       0x28 modules/json/jsmn.o
 .debug_aranges
                0x00000b70       0x28 modules/json/json_functions.o
 .debug_aranges
                0x00000b98       0xc0 modules/menu/menu.o
 .debug_aranges
                0x00000c58       0x58 modules/time_functions/time_functions.o
 .debug_aranges
                0x00000cb0       0x20 _StackInstrument.o

.debug_pubnames
 *(.debug_pubnames)

.debug_info     0x00000000    0x1ec5e
 *(.debug_info .gnu.linkonce.wi.*)
 .debug_info    0x00000000      0x150 4x6_font.o
 .debug_info    0x00000150      0xd33 drivers/adc/adc.o
 .debug_info    0x00000e83      0x508 drivers/clock/clock.o
 .debug_info    0x0000138b      0x852 drivers/dac/dac.o
 .debug_info    0x00001bdd      0xc0e drivers/dma/dma.o
 .debug_info    0x000027eb      0xa10 drivers/dma/dma_functions.o
 .debug_info    0x000031fb      0x8b9 drivers/eeprom/eeprom.o
 .debug_info    0x00003ab4     0x19d2 drivers/esp8266/esp8266.o
 .debug_info    0x00005486      0xedb drivers/ht1632c/ht1632c.o
 .debug_info    0x00006361      0x994 drivers/port/port.o
 .debug_info    0x00006cf5      0x3ed drivers/power/power.o
 .debug_info    0x000070e2      0xa9f drivers/rtc/rtc.o
 .debug_info    0x00007b81     0x29a3 drivers/sensors/si114x/Si114x_functions.o
 .debug_info    0x0000a524      0x6fa drivers/sensors/si114x/Si114x_handler.o
 .debug_info    0x0000ac1e      0x892 drivers/sensors/si114x/Si114x_sys_out.o
 .debug_info    0x0000b4b0      0x7d4 drivers/sensors/si114x/slider_algorithm.o
 .debug_info    0x0000bc84      0x67b drivers/sercom/spi.o
 .debug_info    0x0000c2ff      0xb64 drivers/sercom/twi.o
 .debug_info    0x0000ce63      0x79f drivers/sercom/uart.o
 .debug_info    0x0000d602      0xc72 drivers/timer/timer.o
 .debug_info    0x0000e274      0xec6 main.o
 .debug_info    0x0000f13a     0x3b27 modules/display/display.o
 .debug_info    0x00012c61     0x3b99 modules/fatfs/ff.o
 .debug_info    0x000167fa     0x1ab5 modules/fatfs/mmc_avr.o
 .debug_info    0x000182af     0x1615 modules/fatfs/sound.o
 .debug_info    0x000198c4      0x54c modules/json/jsmn.o
 .debug_info    0x00019e10      0x5f0 modules/json/json_functions.o
 .debug_info    0x0001a400     0x3ecb modules/menu/menu.o
 .debug_info    0x0001e2cb      0x896 modules/time_functions/time_functions.o
 .debug_info    0x0001eb61       0xfd _StackInstrument.o

.debug_abbrev   0x00000000     0x47a3
 *(.debug_abbrev)
 .debug_abbrev  0x00000000       0x62 4x6_font.o
 .debug_abbrev  0x00000062      0x210 drivers/adc/adc.o
 .debug_abbrev  0x00000272      0x10e drivers/clock/clock.o
 .debug_abbrev  0x00000380      0x196 drivers/dac/dac.o
 .debug_abbrev  0x00000516      0x22d drivers/dma/dma.o
 .debug_abbrev  0x00000743      0x205 drivers/dma/dma_functions.o
 .debug_abbrev  0x00000948      0x24e drivers/eeprom/eeprom.o
 .debug_abbrev  0x00000b96      0x467 drivers/esp8266/esp8266.o
 .debug_abbrev  0x00000ffd      0x2ee drivers/ht1632c/ht1632c.o
 .debug_abbrev  0x000012eb      0x224 drivers/port/port.o
 .debug_abbrev  0x0000150f       0xd4 drivers/power/power.o
 .debug_abbrev  0x000015e3      0x2fa drivers/rtc/rtc.o
 .debug_abbrev  0x000018dd      0x518 drivers/sensors/si114x/Si114x_functions.o
 .debug_abbrev  0x00001df5      0x1e3 drivers/sensors/si114x/Si114x_handler.o
 .debug_abbrev  0x00001fd8      0x244 drivers/sensors/si114x/Si114x_sys_out.o
 .debug_abbrev  0x0000221c      0x228 drivers/sensors/si114x/slider_algorithm.o
 .debug_abbrev  0x00002444      0x157 drivers/sercom/spi.o
 .debug_abbrev  0x0000259b      0x2d1 drivers/sercom/twi.o
 .debug_abbrev  0x0000286c      0x1c4 drivers/sercom/uart.o
 .debug_abbrev  0x00002a30      0x1c5 drivers/timer/timer.o
 .debug_abbrev  0x00002bf5      0x2cd main.o
 .debug_abbrev  0x00002ec2      0x45e modules/display/display.o
 .debug_abbrev  0x00003320      0x31d modules/fatfs/ff.o
 .debug_abbrev  0x0000363d      0x414 modules/fatfs/mmc_avr.o
 .debug_abbrev  0x00003a51      0x321 modules/fatfs/sound.o
 .debug_abbrev  0x00003d72      0x1db modules/json/jsmn.o
 .debug_abbrev  0x00003f4d      0x1a2 modules/json/json_functions.o
 .debug_abbrev  0x000040ef      0x481 modules/menu/menu.o
 .debug_abbrev  0x00004570      0x198 modules/time_functions/time_functions.o
 .debug_abbrev  0x00004708       0x9b _StackInstrument.o

.debug_line     0x00000000     0xb00d
 *(.debug_line .debug_line.* .debug_line_end)
 .debug_line    0x00000000       0x2d 4x6_font.o
 .debug_line    0x0000002d      0x318 drivers/adc/adc.o
 .debug_line    0x00000345      0x251 drivers/clock/clock.o
 .debug_line    0x00000596      0x1ff drivers/dac/dac.o
 .debug_line    0x00000795      0x379 drivers/dma/dma.o
 .debug_line    0x00000b0e      0x1f5 drivers/dma/dma_functions.o
 .debug_line    0x00000d03      0x43a drivers/eeprom/eeprom.o
 .debug_line    0x0000113d      0x954 drivers/esp8266/esp8266.o
 .debug_line    0x00001a91      0x8b4 drivers/ht1632c/ht1632c.o
 .debug_line    0x00002345      0x33d drivers/port/port.o
 .debug_line    0x00002682      0x15d drivers/power/power.o
 .debug_line    0x000027df      0x3e8 drivers/rtc/rtc.o
 .debug_line    0x00002bc7      0x936 drivers/sensors/si114x/Si114x_functions.o
 .debug_line    0x000034fd      0x3df drivers/sensors/si114x/Si114x_handler.o
 .debug_line    0x000038dc      0x2c3 drivers/sensors/si114x/Si114x_sys_out.o
 .debug_line    0x00003b9f      0x42a drivers/sensors/si114x/slider_algorithm.o
 .debug_line    0x00003fc9      0x1dd drivers/sercom/spi.o
 .debug_line    0x000041a6      0x409 drivers/sercom/twi.o
 .debug_line    0x000045af      0x26e drivers/sercom/uart.o
 .debug_line    0x0000481d      0x1da drivers/timer/timer.o
 .debug_line    0x000049f7      0x555 main.o
 .debug_line    0x00004f4c     0x1092 modules/display/display.o
 .debug_line    0x00005fde     0x2460 modules/fatfs/ff.o
 .debug_line    0x0000843e      0x8e9 modules/fatfs/mmc_avr.o
 .debug_line    0x00008d27      0x50c modules/fatfs/sound.o
 .debug_line    0x00009233      0x3c4 modules/json/jsmn.o
 .debug_line    0x000095f7      0x172 modules/json/json_functions.o
 .debug_line    0x00009769     0x145c modules/menu/menu.o
 .debug_line    0x0000abc5      0x372 modules/time_functions/time_functions.o
 .debug_line    0x0000af37       0xd6 _StackInstrument.o

.debug_frame    0x00000000     0x3028
 *(.debug_frame)
 .debug_frame   0x00000000       0xa4 drivers/adc/adc.o
 .debug_frame   0x000000a4       0x74 drivers/clock/clock.o
 .debug_frame   0x00000118       0x54 drivers/dac/dac.o
 .debug_frame   0x0000016c      0x180 drivers/dma/dma.o
 .debug_frame   0x000002ec       0xe8 drivers/dma/dma_functions.o
 .debug_frame   0x000003d4      0x1b0 drivers/eeprom/eeprom.o
 .debug_frame   0x00000584      0x22c drivers/esp8266/esp8266.o
 .debug_frame   0x000007b0      0x2b0 drivers/ht1632c/ht1632c.o
 .debug_frame   0x00000a60      0x1ac drivers/port/port.o
 .debug_frame   0x00000c0c       0x24 drivers/power/power.o
 .debug_frame   0x00000c30      0x12c drivers/rtc/rtc.o
 .debug_frame   0x00000d5c      0x2d0 drivers/sensors/si114x/Si114x_functions.o
 .debug_frame   0x0000102c       0xf4 drivers/sensors/si114x/Si114x_handler.o
 .debug_frame   0x00001120       0xe4 drivers/sensors/si114x/Si114x_sys_out.o
 .debug_frame   0x00001204       0xc0 drivers/sensors/si114x/slider_algorithm.o
 .debug_frame   0x000012c4       0x44 drivers/sercom/spi.o
 .debug_frame   0x00001308      0x128 drivers/sercom/twi.o
 .debug_frame   0x00001430       0x88 drivers/sercom/uart.o
 .debug_frame   0x000014b8       0x58 drivers/timer/timer.o
 .debug_frame   0x00001510       0x54 main.o
 .debug_frame   0x00001564      0x6fc modules/display/display.o
 .debug_frame   0x00001c60      0xab0 modules/fatfs/ff.o
 .debug_frame   0x00002710      0x244 modules/fatfs/mmc_avr.o
 .debug_frame   0x00002954      0x100 modules/fatfs/sound.o
 .debug_frame   0x00002a54       0x8c modules/json/jsmn.o
 .debug_frame   0x00002ae0       0x9c modules/json/json_functions.o
 .debug_frame   0x00002b7c      0x388 modules/menu/menu.o
 .debug_frame   0x00002f04      0x100 modules/time_functions/time_functions.o
 .debug_frame   0x00003004       0x24 _StackInstrument.o

.debug_str      0x00000000     0x4aec
 *(.debug_str)
 .debug_str     0x00000000      0x1a5 4x6_font.o
                                0x1d9 (size before relaxing)
 .debug_str     0x000001a5      0xcc0 drivers/adc/adc.o
                                0xec7 (size before relaxing)
 .debug_str     0x00000e65      0x192 drivers/clock/clock.o
                                0x4bb (size before relaxing)
 .debug_str     0x00000ff7      0x21b drivers/dac/dac.o
                                0x678 (size before relaxing)
 .debug_str     0x00001212      0x75e drivers/dma/dma.o
                                0xb48 (size before relaxing)
 .debug_str     0x00001970       0x83 drivers/dma/dma_functions.o
                                0x81b (size before relaxing)
 .debug_str     0x000019f3      0x15b drivers/eeprom/eeprom.o
                                0x87e (size before relaxing)
 .debug_str     0x00001b4e      0x3e8 drivers/esp8266/esp8266.o
                                0x83c (size before relaxing)
 .debug_str     0x00001f36      0x2d7 drivers/ht1632c/ht1632c.o
                                0x786 (size before relaxing)
 .debug_str     0x0000220d      0x25e drivers/port/port.o
                                0x7b8 (size before relaxing)
 .debug_str     0x0000246b       0x27 drivers/power/power.o
                                0x377 (size before relaxing)
 .debug_str     0x00002492      0x2e1 drivers/rtc/rtc.o
                                0x73e (size before relaxing)
 .debug_str     0x00002773      0x6ce drivers/sensors/si114x/Si114x_functions.o
                                0xd82 (size before relaxing)
 .debug_str     0x00002e41       0xc8 drivers/sensors/si114x/Si114x_handler.o
                                0x462 (size before relaxing)
 .debug_str     0x00002f09       0x6b drivers/sensors/si114x/Si114x_sys_out.o
                                0x4e6 (size before relaxing)
 .debug_str     0x00002f74      0x231 drivers/sensors/si114x/slider_algorithm.o
                                0x468 (size before relaxing)
 .debug_str     0x000031a5       0xb8 drivers/sercom/spi.o
                                0x5a8 (size before relaxing)
 .debug_str     0x0000325d      0x26b drivers/sercom/twi.o
                                0x6bd (size before relaxing)
 .debug_str     0x000034c8      0x146 drivers/sercom/uart.o
                                0x67c (size before relaxing)
 .debug_str     0x0000360e       0xfe drivers/timer/timer.o
                                0x8a2 (size before relaxing)
 .debug_str     0x0000370c      0x13b main.o
                                0x8a6 (size before relaxing)
 .debug_str     0x00003847      0x57f modules/display/display.o
                                0xc46 (size before relaxing)
 .debug_str     0x00003dc6      0x573 modules/fatfs/ff.o
                                0x72c (size before relaxing)
 .debug_str     0x00004339      0x123 modules/fatfs/mmc_avr.o
                                0xafc (size before relaxing)
 .debug_str     0x0000445c       0xbb modules/fatfs/sound.o
                                0xc02 (size before relaxing)