Archive member included because of file (symbol)

c:/program files (x86)/atmel/atmel toolchain/avr8 gcc/native/3.4.1061/avr8-gnu-toolchain/bin/../lib/gcc/avr/4.8.1/../../../../avr/lib/avrxmega7\libm.a(addsf3.o)
                              drivers/adc/adc.o (__subsf3)
c:/program files (x86)/atmel/atmel toolchain/avr8 gcc/native/3.4.1061/avr8-gnu-toolchain/bin/../lib/gcc/avr/4.8.1/../../../../avr/lib/avrxmega7\libm.a(addsf3x.o)
                              c:/program files (x86)/atmel/atmel toolchain/avr8 gcc/native/3.4.1061/avr8-gnu-toolchain/bin/../lib/gcc/avr/4.8.1/../../../../avr/lib/avrxmega7\libm.a(addsf3.o) (__addsf3x)
c:/program files (x86)/atmel/atmel toolchain/avr8 gcc/native/3.4.1061/avr8-gnu-toolchain/bin/../lib/gcc/avr/4.8.1/../../../../avr/lib/avrxmega7\libm.a(cmpsf2.o)
                              drivers/sensors/si114x/slider_algorithm.o (__ltsf2)
c:/program files (x86)/atmel/atmel toolchain/avr8 gcc/native/3.4.1061/avr8-gnu-toolchain/bin/../lib/gcc/avr/4.8.1/../../../../avr/lib/avrxmega7\libm.a(divsf3.o)
                              drivers/adc/adc.o (__divsf3)
c:/program files (x86)/atmel/atmel toolchain/avr8 gcc/native/3.4.1061/avr8-gnu-toolchain/bin/../lib/gcc/avr/4.8.1/../../../../avr/lib/avrxmega7\libm.a(divsf3x.o)
                              c:/program files (x86)/atmel/atmel toolchain/avr8 gcc/native/3.4.1061/avr8-gnu-toolchain/bin/../lib/gcc/avr/4.8.1/../../../../avr/lib/avrxmega7\libm.a(divsf3.o) (__divsf3x)
c:/program files (x86)/atmel/atmel toolchain/avr8 gcc/native/3.4.1061/avr8-gnu-toolchain/bin/../lib/gcc/avr/4.8.1/../../../../avr/lib/avrxmega7\libm.a(fixsfsi.o)
                              drivers/sensors/si114x/slider_algorithm.o (__fixsfsi)
c:/program files (x86)/atmel/atmel toolchain/avr8 gcc/native/3.4.1061/avr8-gnu-toolchain/bin/../lib/gcc/avr/4.8.1/../../../../avr/lib/avrxmega7\libm.a(fixunssfsi.o)
                              drivers/adc/adc.o (__fixunssfsi)
c:/program files (x86)/atmel/atmel toolchain/avr8 gcc/native/3.4.1061/avr8-gnu-toolchain/bin/../lib/gcc/avr/4.8.1/../../../../avr/lib/avrxmega7\libm.a(floatsisf.o)
                              drivers/adc/adc.o (__floatunsisf)
c:/program files (x86)/atmel/atmel toolchain/avr8 gcc/native/3.4.1061/avr8-gnu-toolchain/bin/../lib/gcc/avr/4.8.1/../../../../avr/lib/avrxmega7\libm.a(fp_cmp.o)
                              c:/program files (x86)/atmel/atmel toolchain/avr8 gcc/native/3.4.1061/avr8-gnu-toolchain/bin/../lib/gcc/avr/4.8.1/../../../../avr/lib/avrxmega7\libm.a(cmpsf2.o) (__fp_cmp)
c:/program files (x86)/atmel/atmel toolchain/avr8 gcc/native/3.4.1061/avr8-gnu-toolchain/bin/../lib/gcc/avr/4.8.1/../../../../avr/lib/avrxmega7\libm.a(fp_inf.o)
                              c:/program files (x86)/atmel/atmel toolchain/avr8 gcc/native/3.4.1061/avr8-gnu-toolchain/bin/../lib/gcc/avr/4.8.1/../../../../avr/lib/avrxmega7\libm.a(addsf3x.o) (__fp_inf)
c:/program files (x86)/atmel/atmel toolchain/avr8 gcc/native/3.4.1061/avr8-gnu-toolchain/bin/../lib/gcc/avr/4.8.1/../../../../avr/lib/avrxmega7\libm.a(fp_nan.o)
                              c:/program files (x86)/atmel/atmel toolchain/avr8 gcc/native/3.4.1061/avr8-gnu-toolchain/bin/../lib/gcc/avr/4.8.1/../../../../avr/lib/avrxmega7\libm.a(addsf3x.o) (__fp_nan)
c:/program files (x86)/atmel/atmel toolchain/avr8 gcc/native/3.4.1061/avr8-gnu-toolchain/bin/../lib/gcc/avr/4.8.1/../../../../avr/lib/avrxmega7\libm.a(fp_pscA.o)
                              c:/program files (x86)/atmel/atmel toolchain/avr8 gcc/native/3.4.1061/avr8-gnu-toolchain/bin/../lib/gcc/avr/4.8.1/../../../../avr/lib/avrxmega7\libm.a(addsf3x.o) (__fp_pscA)
c:/program files (x86)/atmel/atmel toolchain/avr8 gcc/native/3.4.1061/avr8-gnu-toolchain/bin/../lib/gcc/avr/4.8.1/../../../../avr/lib/avrxmega7\libm.a(fp_pscB.o)
                              c:/program files (x86)/atmel/atmel toolchain/avr8 gcc/native/3.4.1061/avr8-gnu-toolchain/bin/../lib/gcc/avr/4.8.1/../../../../avr/lib/avrxmega7\libm.a(addsf3x.o) (__fp_pscB)
c:/program files (x86)/atmel/atmel toolchain/avr8 gcc/native/3.4.1061/avr8-gnu-toolchain/bin/../lib/gcc/avr/4.8.1/../../../../avr/lib/avrxmega7\libm.a(fp_round.o)
                              c:/program files (x86)/atmel/atmel toolchain/avr8 gcc/native/3.4.1061/avr8-gnu-toolchain/bin/../lib/gcc/avr/4.8.1/../../../../avr/lib/avrxmega7\libm.a(addsf3.o) (__fp_round)
c:/program files (x86)/atmel/atmel toolchain/avr8 gcc/native/3.4.1061/avr8-gnu-toolchain/bin/../lib/gcc/avr/4.8.1/../../../../avr/lib/avrxmega7\libm.a(fp_split3.o)
                              c:/program files (x86)/atmel/atmel toolchain/avr8 gcc/native/3.4.1061/avr8-gnu-toolchain/bin/../lib/gcc/avr/4.8.1/../../../../avr/lib/avrxmega7\libm.a(addsf3x.o) (__fp_split3)
c:/program files (x86)/atmel/atmel toolchain/avr8 gcc/native/3.4.1061/avr8-gnu-toolchain/bin/../lib/gcc/avr/4.8.1/../../../../avr/lib/avrxmega7\libm.a(fp_zero.o)
[...]
Memory Configuration

Name             Origin             Length             Attributes
text             0x00000000         0x00100000         xr
data             0x00802000         0x0000ffa0         rw !x
eeprom           0x00810000         0x00010000         rw !x
fuse             0x00820000         0x00000400         rw !x
lock             0x00830000         0x00000400         rw !x
signature        0x00840000         0x00000400         rw !x
user_signatures  0x00850000         0x00000400         rw !x
*default*        0x00000000         0xffffffff

Linker script and memory map

LOAD c:/program files (x86)/atmel/atmel toolchain/avr8 gcc/native/3.4.1061/avr8-gnu-toolchain/bin/../lib/gcc/avr/4.8.1/../../../../avr/lib/avrxmega7/crtx128a4u.o
LOAD 4x6_font.o
LOAD drivers/adc/adc.o
LOAD drivers/clock/clock.o
LOAD drivers/dac/dac.o
LOAD drivers/dma/dma.o
LOAD drivers/dma/dma_functions.o
LOAD drivers/eeprom/eeprom.o
LOAD drivers/ht1632c/ht1632c.o
LOAD drivers/port/port.o
LOAD drivers/power/power.o
LOAD drivers/rtc/rtc.o
LOAD drivers/sensors/si114x/Si114x_functions.o
LOAD drivers/sensors/si114x/Si114x_handler.o
LOAD drivers/sensors/si114x/Si114x_sys_out.o
LOAD drivers/sensors/si114x/slider_algorithm.o
LOAD drivers/sercom/spi.o
LOAD drivers/sercom/twi.o
LOAD drivers/sercom/uart.o
LOAD drivers/timer/timer.o
LOAD main.o
LOAD modules/display/display.o
LOAD modules/esp8266/buffer.o
LOAD modules/esp8266/esp8266.o
LOAD modules/esp8266/esp8266_ll.o
LOAD modules/fatfs/diskio.o
LOAD modules/fatfs/ff.o
LOAD modules/fatfs/mmc_avr_spi.o
LOAD modules/fatfs/sound.o
LOAD modules/json/jsmn.o
LOAD modules/json/json_functions.o
LOAD modules/menu/menu.o
LOAD modules/time_functions/time_functions.o
LOAD _StackInstrument.o
START GROUP
LOAD c:/program files (x86)/atmel/atmel toolchain/avr8 gcc/native/3.4.1061/avr8-gnu-toolchain/bin/../lib/gcc/avr/4.8.1/../../../../avr/lib/avrxmega7\libm.a
LOAD c:/program files (x86)/atmel/atmel toolchain/avr8 gcc/native/3.4.1061/avr8-gnu-toolchain/bin/../lib/gcc/avr/4.8.1/../../../../avr/lib/avrxmega7\libprintf_flt.a
END GROUP
START GROUP
LOAD c:/program files (x86)/atmel/atmel toolchain/avr8 gcc/native/3.4.1061/avr8-gnu-toolchain/bin/../lib/gcc/avr/4.8.1/avrxmega7\libgcc.a
LOAD c:/program files (x86)/atmel/atmel toolchain/avr8 gcc/native/3.4.1061/avr8-gnu-toolchain/bin/../lib/gcc/avr/4.8.1/../../../../avr/lib/avrxmega7\libm.a
LOAD c:/program files (x86)/atmel/atmel toolchain/avr8 gcc/native/3.4.1061/avr8-gnu-toolchain/bin/../lib/gcc/avr/4.8.1/../../../../avr/lib/avrxmega7\libc.a
END GROUP

.hash
 *(.hash)

.dynsym
 *(.dynsym)

.dynstr
 *(.dynstr)

.gnu.version
 *(.gnu.version)

.gnu.version_d
 *(.gnu.version_d)

.gnu.version_r
 *(.gnu.version_r)

.rel.init
 *(.rel.init)

.rela.init
 *(.rela.init)

.rel.text
 *(.rel.text)
 *(.rel.text.*)
 *(.rel.gnu.linkonce.t*)

.rela.text
 *(.rela.text)
 *(.rela.text.*)
 *(.rela.gnu.linkonce.t*)

.rel.fini
 *(.rel.fini)

.rela.fini
 *(.rela.fini)

.rel.rodata
 *(.rel.rodata)
 *(.rel.rodata.*)
 *(.rel.gnu.linkonce.r*)

.rela.rodata
 *(.rela.rodata)
 *(.rela.rodata.*)
 *(.rela.gnu.linkonce.r*)

.rel.data
 *(.rel.data)
 *(.rel.data.*)
 *(.rel.gnu.linkonce.d*)

.rela.data
 *(.rela.data)
 *(.rela.data.*)
 *(.rela.gnu.linkonce.d*)

.rel.ctors
 *(.rel.ctors)

.rela.ctors
 *(.rela.ctors)

.rel.dtors
 *(.rel.dtors)

.rela.dtors
 *(.rela.dtors)

.rel.got
 *(.rel.got)

.rela.got
 *(.rela.got)

.rel.bss
 *(.rel.bss)

.rela.bss
 *(.rela.bss)

.rel.plt
 *(.rel.plt)

.rela.plt
 *(.rela.plt)

.text           0x00000000     0x8c18
 *(.vectors)
 .vectors       0x00000000      0x1fc c:/program files (x86)/atmel/atmel toolchain/avr8 gcc/native/3.4.1061/avr8-gnu-toolchain/bin/../lib/gcc/avr/4.8.1/../../../../avr/lib/avrxmega7/crtx128a4u.o
                0x00000000                __vector_default
                0x00000000                __vectors
 *(.vectors)
 *(.progmem.gcc*)
 .progmem.gcc_sw_table.ParseReceived
                0x000001fc       0x52 modules/esp8266/esp8266.o
 .progmem.gcc_sw_table.time_get_days_in_month
                0x0000024e       0x18 modules/time_functions/time_functions.o
                0x00000266                . = ALIGN (0x2)
                0x00000266                __trampolines_start = .
 *(.trampolines)
 .trampolines   0x00000266        0x0 linker stubs
 *(.trampolines*)
                0x00000266                __trampolines_end = .
 *(.progmem*)
 .progmem.data.font_5x7
                0x00000266      0x4fb modules/display/display.o
 .progmem.data  0x00000761        0x8 c:/program files (x86)/atmel/atmel toolchain/avr8 gcc/native/3.4.1061/avr8-gnu-toolchain/bin/../lib/gcc/avr/4.8.1/../../../../avr/lib/avrxmega7\libprintf_flt.a(vfprintf_flt.o)
 .progmem.data  0x00000769       0xfa c:/program files (x86)/atmel/atmel toolchain/avr8 gcc/native/3.4.1061/avr8-gnu-toolchain/bin/../lib/gcc/avr/4.8.1/../../../../avr/lib/avrxmega7\libc.a(ftoa_engine.o)
                0x00000864                . = ALIGN (0x2)
 *fill*         0x00000863        0x1 
 *(.jumptables)
 *(.jumptables*)
 *(.lowtext)
 *(.lowtext*)
                0x00000864                __ctors_start = .
 *(.ctors)
                0x00000864                __ctors_end = .
                0x00000864                __dtors_start = .
 *(.dtors)
                0x00000864                __dtors_end = .
 SORT(*)(.ctors)
 SORT(*)(.dtors)
 *(.init0)
 .init0         0x00000864        0x0 c:/program files (x86)/atmel/atmel toolchain/avr8 gcc/native/3.4.1061/avr8-gnu-toolchain/bin/../lib/gcc/avr/4.8.1/../../../../avr/lib/avrxmega7/crtx128a4u.o
                0x00000864                __init
 *(.init0)
 *(.init1)
 .init1         0x00000864       0x2e _StackInstrument.o
                0x00000864                _StackPaint
 *(.init1)
 *(.init2)
 .init2         0x00000892       0x18 c:/program files (x86)/atmel/atmel toolchain/avr8 gcc/native/3.4.1061/avr8-gnu-toolchain/bin/../lib/gcc/avr/4.8.1/../../../../avr/lib/avrxmega7/crtx128a4u.o
 *(.init2)
 *(.init3)
 *(.init3)
 *(.init4)
 .init4         0x000008aa       0x1c c:/program files (x86)/atmel/atmel toolchain/avr8 gcc/native/3.4.1061/avr8-gnu-toolchain/bin/../lib/gcc/avr/4.8.1/avrxmega7\libgcc.a(_copy_data.o)
                0x000008aa                __do_copy_data
 .init4         0x000008c6       0x10 c:/program files (x86)/atmel/atmel toolchain/avr8 gcc/native/3.4.1061/avr8-gnu-toolchain/bin/../lib/gcc/avr/4.8.1/avrxmega7\libgcc.a(_clear_bss.o)
                0x000008c6                __do_clear_bss
 *(.init4)
 *(.init5)
 *(.init5)
 *(.init6)
 *(.init6)
 *(.init7)
 *(.init7)
 *(.init8)
 *(.init8)
 *(.init9)
 .init9         0x000008d6        0x8 c:/program files (x86)/atmel/atmel toolchain/avr8 gcc/native/3.4.1061/avr8-gnu-toolchain/bin/../lib/gcc/avr/4.8.1/../../../../avr/lib/avrxmega7/crtx128a4u.o
 *(.init9)
 *(.text)
 .text          0x000008de        0x2 c:/program files (x86)/atmel/atmel toolchain/avr8 gcc/native/3.4.1061/avr8-gnu-toolchain/bin/../lib/gcc/avr/4.8.1/../../../../avr/lib/avrxmega7/crtx128a4u.o
                0x000008de                __vector_38
                0x000008de                __vector_104
                0x000008de                __vector_22
                0x000008de                __vector_63
                0x000008de                __vector_28
                0x000008de                __vector_1
                0x000008de                __vector_119
                0x000008de                __vector_32
                0x000008de                __vector_75
                0x000008de                __vector_71
                0x000008de                __vector_91
                0x000008de                __vector_62
                0x000008de                __vector_77
                0x000008de                __vector_102
                0x000008de                __vector_24
                0x000008de                __vector_12
                0x000008de                __vector_55
                0x000008de                __vector_69
                0x000008de                __vector_81
                0x000008de                __vector_90
                0x000008de                __vector_46
                0x000008de                __bad_interrupt
                0x000008de                __vector_122
                0x000008de                __vector_72
                0x000008de                __vector_114
                0x000008de                __vector_110
                0x000008de                __vector_31
                0x000008de                __vector_92
                0x000008de                __vector_35
                0x000008de                __vector_78
                0x000008de                __vector_74
                0x000008de                __vector_117
                0x000008de                __vector_39
                0x000008de                __vector_107
                0x000008de                __vector_3
                0x000008de                __vector_105
                0x000008de                __vector_98
                0x000008de                __vector_23
                0x000008de                __vector_68
                0x000008de                __vector_30
                0x000008de                __vector_73
                0x000008de                __vector_45
                0x000008de                __vector_25
                0x000008de                __vector_93
                0x000008de                __vector_61
                0x000008de                __vector_11
                0x000008de                __vector_54
                0x000008de                __vector_99
                0x000008de                __vector_13
                0x000008de                __vector_56
                0x000008de                __vector_7
                0x000008de                __vector_125
                0x000008de                __vector_49
                0x000008de                __vector_123
                0x000008de                __vector_41
                0x000008de                __vector_86
                0x000008de                __vector_100
                0x000008de                __vector_101
                0x000008de                __vector_64
                0x000008de                __vector_109
                0x000008de                __vector_43
                0x000008de                __vector_27
                0x000008de                __vector_5
                0x000008de                __vector_113
                0x000008de                __vector_33
                0x000008de                __vector_76
                0x000008de                __vector_115
                0x000008de                __vector_47
                0x000008de                __vector_52
                0x000008de                __vector_37
                0x000008de                __vector_95
                0x000008de                __vector_103
                0x000008de                __vector_96
                0x000008de                __vector_89
                0x000008de                __vector_108
                0x000008de                __vector_4
                0x000008de                __vector_44
                0x000008de                __vector_106
                0x000008de                __vector_118
                0x000008de                __vector_51
                0x000008de                __vector_9
                0x000008de                __vector_2
                0x000008de                __vector_21
                0x000008de                __vector_15
                0x000008de                __vector_36
                0x000008de                __vector_79
                0x000008de                __vector_58
                0x000008de                __vector_70
                0x000008de                __vector_83
                0x000008de                __vector_29
                0x000008de                __vector_60
                0x000008de                __vector_121
                0x000008de                __vector_40
                0x000008de                __vector_85
                0x000008de                __vector_94
                0x000008de                __vector_126
                0x000008de                __vector_8
                0x000008de                __vector_26
                0x000008de                __vector_48
                0x000008de                __vector_124
                0x000008de                __vector_116
                0x000008de                __vector_112
                0x000008de                __vector_111
                0x000008de                __vector_80
                0x000008de                __vector_84
                0x000008de                __vector_57
                0x000008de                __vector_53
                0x000008de                __vector_50
                0x000008de                __vector_59
                0x000008de                __vector_97
                0x000008de                __vector_42
                0x000008de                __vector_87
                0x000008de                __vector_65
                0x000008de                __vector_120
                0x000008e0                . = ALIGN (0x2)
 *(.text.*)
 .text.clock_setup_32_mhz
                0x000008e0       0x1e drivers/clock/clock.o
                0x000008e0                clock_setup_32_mhz
 .text.__vector_6
                0x000008fe       0x50 drivers/dma/dma_functions.o
                0x000008fe                __vector_6
 .text.EEPROM_ReadEnv
                0x0000094e       0x62 drivers/eeprom/eeprom.o
                0x0000094e                EEPROM_ReadEnv
 .text.ht1632c_setup
                0x000009b0      0x51a drivers/ht1632c/ht1632c.o
                0x000009b0                ht1632c_setup
 .text.ht1632c_power_down
                0x00000eca       0xb2 drivers/ht1632c/ht1632c.o
                0x00000eca                ht1632c_power_down
 .text.ht1632c_set_brightness
                0x00000f7c      0x18e drivers/ht1632c/ht1632c.o
                0x00000f7c                ht1632c_set_brightness
 .text.ht1632c_set_pixel
                0x0000110a       0x2a drivers/ht1632c/ht1632c.o
                0x0000110a                ht1632c_set_pixel
 .text.ht1632c_clr_pixel
                0x00001134       0x2c drivers/ht1632c/ht1632c.o
                0x00001134                ht1632c_clr_pixel
 .text.ht1632c_clear_screen
                0x00001160       0x12 drivers/ht1632c/ht1632c.o
                0x00001160                ht1632c_clear_screen
 .text.ht1632c_refresh_screen
                0x00001172      0x2aa drivers/ht1632c/ht1632c.o
                0x00001172                ht1632c_refresh_screen
 .text.ht1632c_write_command
                0x0000141c      0x17e drivers/ht1632c/ht1632c.o
                0x0000141c                ht1632c_write_command
 .text.btn_setup
                0x0000159a       0x8c drivers/port/port.o
                0x0000159a                btn_setup
 .text.btn_si114x_enable_interrupt
                0x00001626       0x1c drivers/port/port.o
                0x00001626                btn_si114x_enable_interrupt
 .text.btn_check_press
                0x00001642       0x28 drivers/port/port.o
                0x00001642                btn_check_press
 .text.__vector_66
                0x0000166a       0xa8 drivers/port/port.o
                0x0000166a                __vector_66
 .text.__vector_34
                0x00001712       0xa8 drivers/port/port.o
                0x00001712                __vector_34
 .text.__vector_67
                0x000017ba       0xc6 drivers/port/port.o
                0x000017ba                __vector_67
 .text.rtc_update_display.constprop.1
                0x00001880       0xfc drivers/rtc/rtc.o
 .text.rtc_update_display.constprop.0
                0x0000197c       0xfc drivers/rtc/rtc.o
 .text.__vector_10
                0x00001a78      0x1b6 drivers/rtc/rtc.o
                0x00001a78                __vector_10
 .text.Si114xPauseAll
                0x00001c2e       0xb4 drivers/sensors/si114x/Si114x_functions.o
                0x00001c2e                Si114xPauseAll
 .text.si114x_reset
                0x00001ce2       0x86 drivers/sensors/si114x/Si114x_functions.o
                0x00001ce2                si114x_reset
 .text.si114x_init_ps1_als
                0x00001d68      0x5b4 drivers/sensors/si114x/Si114x_functions.o
                0x00001d68                si114x_init_ps1_als
 .text.si114x_setup_ps1
                0x0000231c       0x76 drivers/sensors/si114x/Si114x_functions.o
                0x0000231c                si114x_setup_ps1
 .text.__vector_20
                0x00002392       0x38 drivers/sensors/si114x/Si114x_functions.o
                0x00002392                __vector_20
 .text.Si114xWriteToRegister
                0x000023ca       0x3c drivers/sensors/si114x/Si114x_sys_out.o
                0x000023ca                Si114xWriteToRegister
 .text.Si114xReadFromRegister
                0x00002406       0x3a drivers/sensors/si114x/Si114x_sys_out.o
                0x00002406                Si114xReadFromRegister
 .text.Si114xBlockWrite
                0x00002440       0x22 drivers/sensors/si114x/Si114x_sys_out.o
                0x00002440                Si114xBlockWrite
 .text.Si114xBlockRead
                0x00002462       0x22 drivers/sensors/si114x/Si114x_sys_out.o
                0x00002462                Si114xBlockRead
 .text.delay_10ms
                0x00002484       0x14 drivers/sensors/si114x/Si114x_sys_out.o
                0x00002484                delay_10ms
 .text.spi_disable
                0x00002498       0x2e drivers/sercom/spi.o
                0x00002498                spi_disable
 .text.twi_setup
                0x000024c6       0x1e drivers/sercom/twi.o
                0x000024c6                twi_setup
 .text.twi_off  0x000024e4       0x12 drivers/sercom/twi.o
                0x000024e4                twi_off
 .text.twi_read_packet
                0x000024f6      0x13c drivers/sercom/twi.o
                0x000024f6                twi_read_packet
 .text.twi_write_packet
                0x00002632       0xf0 drivers/sercom/twi.o
                0x00002632                twi_write_packet
 .text.uart_setup
                0x00002722       0x34 drivers/sercom/uart.o
                0x00002722                uart_setup
 .text.uart_setup_debug
                0x00002756       0x32 drivers/sercom/uart.o
                0x00002756                uart_setup_debug
 .text.uart_disable
                0x00002788       0x20 drivers/sercom/uart.o
                0x00002788                uart_disable
 .text.uart_put_char
                0x000027a8        0xe drivers/sercom/uart.o
                0x000027a8                uart_put_char
 .text.uart_put_char_debug
                0x000027b6        0xe drivers/sercom/uart.o
                0x000027b6                uart_put_char_debug
 .text.uart_get_char_debug
                0x000027c4        0xe drivers/sercom/uart.o
                0x000027c4                uart_get_char_debug
 .text.__vector_18
                0x000027d2       0x5c drivers/timer/timer.o
                0x000027d2                __vector_18
 .text.ultra_power_saving_mode_test
                0x0000282e       0x2a main.o
                0x0000282e                ultra_power_saving_mode_test
 .text.startup.main
                0x00002858       0xbe main.o
                0x00002858                main
 .text.display_setup
                0x00002916       0x16 modules/display/display.o
                0x00002916                display_setup
 .text.display_clear_screen
                0x0000292c        0x4 modules/display/display.o
                0x0000292c                display_clear_screen
 .text.display_refresh_screen
                0x00002930        0x4 modules/display/display.o
                0x00002930                display_refresh_screen
 .text.display_show_loading_square
                0x00002934      0x22a modules/display/display.o
                0x00002934                display_show_loading_square
 .text.display_draw_filled_rect
                0x00002b5e      0x162 modules/display/display.o
                0x00002b5e                display_draw_filled_rect
 .text.display_draw_char
                0x00002cc0      0x326 modules/display/display.o
                0x00002cc0                display_draw_char
 .text.display_draw_wifi_icon
                0x00002fe6      0x11e modules/display/display.o
                0x00002fe6                display_draw_wifi_icon
 .text.BUFFER_Init
                0x00003104       0x52 modules/esp8266/buffer.o
                0x00003104                BUFFER_Init
 .text.BUFFER_Write
                0x00003156      0x19a modules/esp8266/buffer.o
                0x00003156                BUFFER_Write
 .text.BUFFER_Read
                0x000032f0      0x178 modules/esp8266/buffer.o
                0x000032f0                BUFFER_Read
 .text.BUFFER_GetFull
                0x00003468       0x9e modules/esp8266/buffer.o
                0x00003468                BUFFER_GetFull
 .text.BUFFER_Reset
                0x00003506       0x18 modules/esp8266/buffer.o
                0x00003506                BUFFER_Reset
 .text.BUFFER_Find
                0x0000351e      0x26e modules/esp8266/buffer.o
                0x0000351e                BUFFER_Find
 .text.BUFFER_WriteString
                0x0000378c      0x1aa modules/esp8266/buffer.o
                0x0000378c                BUFFER_WriteString
 .text.BUFFER_ReadString
                0x00003936      0x4b4 modules/esp8266/buffer.o
                0x00003936                BUFFER_ReadString
 .text.ParseMAC
                0x00003dea       0xfe modules/esp8266/esp8266.o
 .text.ParseCIPSTA
                0x00003ee8      0x6d8 modules/esp8266/esp8266.o
 .text.ESP8266_On
                0x000045c0       0x24 modules/esp8266/esp8266.o
                0x000045c0                ESP8266_On
 .text.ESP8266_Off
                0x000045e4       0x12 modules/esp8266/esp8266.o
                0x000045e4                ESP8266_Off
 .text.ESP8266_TimerStart
                0x000045f6       0x30 modules/esp8266/esp8266.o
                0x000045f6                ESP8266_TimerStart
 .text.ESP8266_TimerStop
                0x00004626       0x1e modules/esp8266/esp8266.o
                0x00004626                ESP8266_TimerStop
 .text.ESP8266_TimeUpdate
                0x00004644       0x24 modules/esp8266/esp8266.o
                0x00004644                ESP8266_TimeUpdate
 .text.ESP8266_DataReceived
                0x00004668       0x14 modules/esp8266/esp8266.o
                0x00004668                ESP8266_DataReceived
 .text.ESP8266_Callback_ServerConnectionActive
                0x0000467c        0x2 modules/esp8266/esp8266.o
                0x0000467c                ESP8266_Callback_ServerConnectionActive
 .text.ESP8266_Callback_ServerConnectionClosed
                0x0000467e        0x2 modules/esp8266/esp8266.o
                0x0000467e                ESP8266_Callback_ServerConnectionClosed
 .text.ESP8266_Callback_ServerConnectionDataReceived
                0x00004680        0x2 modules/esp8266/esp8266.o
                0x00004680                ESP8266_Callback_ServerConnectionDataReceived
 .text.ESP8266_Callback_ServerConnectionSendData
                0x00004682        0x6 modules/esp8266/esp8266.o
                0x00004682                ESP8266_Callback_ServerConnectionSendData
 .text.ESP8266_Callback_ServerConnectionDataSent
                0x00004688        0x2 modules/esp8266/esp8266.o
                0x00004688                ESP8266_Callback_ServerConnectionDataSent
 .text.ParseReceived
                0x0000468a     0x18c8 modules/esp8266/esp8266.o
 .text.ESP8266_Update
                0x00005f52      0x80e modules/esp8266/esp8266.o
                0x00005f52                ESP8266_Update
 .text.ESP8266_WaitReady
                0x00006760       0x64 modules/esp8266/esp8266.o
                0x00006760                ESP8266_WaitReady
 .text.ESP8266_RequestSendData
                0x000067c4       0xd0 modules/esp8266/esp8266.o
                0x000067c4                ESP8266_RequestSendData
 .text.ESP8266_GetSTAIP
                0x00006894       0x74 modules/esp8266/esp8266.o
                0x00006894                ESP8266_GetSTAIP
 .text.ESP8266_Init
                0x00006908      0x8b0 modules/esp8266/esp8266.o
                0x00006908                ESP8266_Init
 .text.ESP8266_LL_USARTInit
                0x000071b8        0x8 modules/esp8266/esp8266_ll.o
                0x000071b8                ESP8266_LL_USARTInit
 .text.ESP8266_LL_USARTSend
                0x000071c0       0x2e modules/esp8266/esp8266_ll.o
                0x000071c0                ESP8266_LL_USARTSend
 .text.__vector_88
                0x000071ee       0x8e modules/esp8266/esp8266_ll.o
                0x000071ee                __vector_88
 .text.disk_timerproc
                0x0000727c        0x2 modules/fatfs/diskio.o
                0x0000727c                disk_timerproc
 .text.mmc_disk_timerproc
                0x0000727e       0x28 modules/fatfs/mmc_avr_spi.o
                0x0000727e                mmc_disk_timerproc
 .text.__vector_17
                0x000072a6       0x64 modules/fatfs/mmc_avr_spi.o
                0x000072a6                __vector_17
 .text.__vector_14
                0x0000730a      0x116 modules/fatfs/sound.o
                0x0000730a                __vector_14
 .text.menu_esp8266_setup
                0x00007420       0x2a modules/menu/menu.o
                0x00007420                menu_esp8266_setup
 .text.menu_set_env_variables
                0x0000744a       0xdc modules/menu/menu.o
                0x0000744a                menu_set_env_variables
 .text.__vector_16
                0x00007526       0x66 modules/menu/menu.o
                0x00007526                __vector_16
 .text.__vector_19
                0x0000758c       0x66 modules/menu/menu.o
                0x0000758c                __vector_19
 .text.ESP8266_Callback_SmartConfig
                0x000075f2       0x2a modules/menu/menu.o
                0x000075f2                ESP8266_Callback_SmartConfig
 .text.ESP8266_Callback_DeviceReady
                0x0000761c        0x8 modules/menu/menu.o
                0x0000761c                ESP8266_Callback_DeviceReady
 .text.ESP8266_Callback_WatchdogReset
                0x00007624        0x8 modules/menu/menu.o
                0x00007624                ESP8266_Callback_WatchdogReset
 .text.ESP8266_Callback_WifiDisconnected
                0x0000762c        0x8 modules/menu/menu.o
                0x0000762c                ESP8266_Callback_WifiDisconnected
 .text.ESP8266_Callback_WifiConnected
                0x00007634        0x8 modules/menu/menu.o
                0x00007634                ESP8266_Callback_WifiConnected
 .text.ESP8266_Callback_WifiConnectFailed
                0x0000763c       0x22 modules/menu/menu.o
                0x0000763c                ESP8266_Callback_WifiConnectFailed
 .text.ESP8266_Callback_WifiGotIP
                0x0000765e       0x30 modules/menu/menu.o
                0x0000765e                ESP8266_Callback_WifiGotIP
 .text.ESP8266_Callback_WifiIPSet
                0x0000768e       0x3c modules/menu/menu.o
                0x0000768e                ESP8266_Callback_WifiIPSet
 .text.ESP8266_Callback_DHCPTimeout
                0x000076ca        0x8 modules/menu/menu.o
                0x000076ca                ESP8266_Callback_DHCPTimeout
 .text.ESP8266_Callback_WifiDetected
                0x000076d2       0x84 modules/menu/menu.o
                0x000076d2                ESP8266_Callback_WifiDetected
 .text.ESP8266_Callback_ClientConnectionConnected
                0x00007756       0x36 modules/menu/menu.o
                0x00007756                ESP8266_Callback_ClientConnectionConnected
 .text.ESP8266_Callback_ClientConnectionError
                0x0000778c       0x1e modules/menu/menu.o
                0x0000778c                ESP8266_Callback_ClientConnectionError
 .text.ESP8266_Callback_ClientConnectionSendData
                0x000077aa       0x7e modules/menu/menu.o
                0x000077aa                ESP8266_Callback_ClientConnectionSendData
 .text.ESP8266_Callback_ClientConnectionDataSent
                0x00007828        0x8 modules/menu/menu.o
                0x00007828                ESP8266_Callback_ClientConnectionDataSent
 .text.ESP8266_Callback_ClientConnectionDataReceived
                0x00007830       0x9a modules/menu/menu.o
                0x00007830                ESP8266_Callback_ClientConnectionDataReceived
 .text.ESP8266_Callback_ClientConnectionClosed
                0x000078ca       0x44 modules/menu/menu.o
                0x000078ca                ESP8266_Callback_ClientConnectionClosed
 .text.ESP8266_Callback_ClientConnectionTimeout
                0x0000790e       0x1e modules/menu/menu.o
                0x0000790e                ESP8266_Callback_ClientConnectionTimeout
 .text.__vector_82
                0x0000792c       0x72 modules/menu/menu.o
                0x0000792c                __vector_82
 .text.time_get_days_in_month
                0x0000799e       0x86 modules/time_functions/time_functions.o
                0x0000799e                time_get_days_in_month
 .text.time_get_weekday
                0x00007a24       0xa8 modules/time_functions/time_functions.o
                0x00007a24                time_get_weekday
 .text.time_get_weeknumber
                0x00007acc      0x248 modules/time_functions/time_functions.o
                0x00007acc                time_get_weeknumber
 .text.avr-libc
                0x00007d14      0x702 c:/program files (x86)/atmel/atmel toolchain/avr8 gcc/native/3.4.1061/avr8-gnu-toolchain/bin/../lib/gcc/avr/4.8.1/../../../../avr/lib/avrxmega7\libprintf_flt.a(vfprintf_flt.o)
                0x00007d14                vfprintf
 .text.libgcc.div
                0x00008416       0x26 c:/program files (x86)/atmel/atmel toolchain/avr8 gcc/native/3.4.1061/avr8-gnu-toolchain/bin/../lib/gcc/avr/4.8.1/avrxmega7\libgcc.a(_divmodhi4.o)
                0x00008416                _div
                0x00008416                __divmodhi4
 .text.libgcc.div
                0x0000843c       0x44 c:/program files (x86)/atmel/atmel toolchain/avr8 gcc/native/3.4.1061/avr8-gnu-toolchain/bin/../lib/gcc/avr/4.8.1/avrxmega7\libgcc.a(_udivmodsi4.o)
                0x0000843c                __udivmodsi4
 .text.libgcc   0x00008480        0xc c:/program files (x86)/atmel/atmel toolchain/avr8 gcc/native/3.4.1061/avr8-gnu-toolchain/bin/../lib/gcc/avr/4.8.1/avrxmega7\libgcc.a(_tablejump.o)
                0x00008480                __tablejump2__
                0x00008484                __tablejump__
 .text.libgcc.mul
                0x0000848c       0x1e c:/program files (x86)/atmel/atmel toolchain/avr8 gcc/native/3.4.1061/avr8-gnu-toolchain/bin/../lib/gcc/avr/4.8.1/avrxmega7\libgcc.a(_umulhisi3.o)
                0x0000848c                __umulhisi3
 .text.libgcc.div
                0x000084aa       0x28 c:/program files (x86)/atmel/atmel toolchain/avr8 gcc/native/3.4.1061/avr8-gnu-toolchain/bin/../lib/gcc/avr/4.8.1/avrxmega7\libgcc.a(_udivmodhi4.o)
                0x000084aa                __udivmodhi4
 .text.avr-libc
                0x000084d2      0x24e c:/program files (x86)/atmel/atmel toolchain/avr8 gcc/native/3.4.1061/avr8-gnu-toolchain/bin/../lib/gcc/avr/4.8.1/../../../../avr/lib/avrxmega7\libc.a(malloc.o)
                0x000084d2                malloc
                0x00008602                free
 .text.avr-libc
                0x00008720      0x1b0 c:/program files (x86)/atmel/atmel toolchain/avr8 gcc/native/3.4.1061/avr8-gnu-toolchain/bin/../lib/gcc/avr/4.8.1/../../../../avr/lib/avrxmega7\libc.a(ftoa_engine.o)
                0x00008720                __ftoa_engine
 .text.avr-libc
                0x000088d0       0x16 c:/program files (x86)/atmel/atmel toolchain/avr8 gcc/native/3.4.1061/avr8-gnu-toolchain/bin/../lib/gcc/avr/4.8.1/../../../../avr/lib/avrxmega7\libc.a(strnlen_P.o)
                0x000088d0                strnlen_P
 .text.avr-libc
                0x000088e6        0x6 c:/program files (x86)/atmel/atmel toolchain/avr8 gcc/native/3.4.1061/avr8-gnu-toolchain/bin/../lib/gcc/avr/4.8.1/../../../../avr/lib/avrxmega7\libc.a(strtok.o)
                0x000088e6                strtok
 .text.avr-libc
                0x000088ec       0x1a c:/program files (x86)/atmel/atmel toolchain/avr8 gcc/native/3.4.1061/avr8-gnu-toolchain/bin/../lib/gcc/avr/4.8.1/../../../../avr/lib/avrxmega7\libc.a(memcmp.o)
                0x000088ec                memcmp
 .text.avr-libc
                0x00008906       0x12 c:/program files (x86)/atmel/atmel toolchain/avr8 gcc/native/3.4.1061/avr8-gnu-toolchain/bin/../lib/gcc/avr/4.8.1/../../../../avr/lib/avrxmega7\libc.a(memcpy.o)
                0x00008906                memcpy
 .text.avr-libc
                0x00008918       0x12 c:/program files (x86)/atmel/atmel toolchain/avr8 gcc/native/3.4.1061/avr8-gnu-toolchain/bin/../lib/gcc/avr/4.8.1/../../../../avr/lib/avrxmega7\libc.a(strcmp.o)
                0x00008918                strcmp
 .text.avr-libc
                0x0000892a        0xe c:/program files (x86)/atmel/atmel toolchain/avr8 gcc/native/3.4.1061/avr8-gnu-toolchain/bin/../lib/gcc/avr/4.8.1/../../../../avr/lib/avrxmega7\libc.a(strcpy.o)
                0x0000892a                strcpy
 .text.avr-libc
                0x00008938       0x1c c:/program files (x86)/atmel/atmel toolchain/avr8 gcc/native/3.4.1061/avr8-gnu-toolchain/bin/../lib/gcc/avr/4.8.1/../../../../avr/lib/avrxmega7\libc.a(strncmp.o)
                0x00008938                strncmp
 .text.avr-libc
                0x00008954       0x1e c:/program files (x86)/atmel/atmel toolchain/avr8 gcc/native/3.4.1061/avr8-gnu-toolchain/bin/../lib/gcc/avr/4.8.1/../../../../avr/lib/avrxmega7\libc.a(strncpy.o)
                0x00008954                strncpy
 .text.avr-libc
                0x00008972       0x16 c:/program files (x86)/atmel/atmel toolchain/avr8 gcc/native/3.4.1061/avr8-gnu-toolchain/bin/../lib/gcc/avr/4.8.1/../../../../avr/lib/avrxmega7\libc.a(strnlen.o)
                0x00008972                strnlen
 .text.avr-libc
                0x00008988       0x34 c:/program files (x86)/atmel/atmel toolchain/avr8 gcc/native/3.4.1061/avr8-gnu-toolchain/bin/../lib/gcc/avr/4.8.1/../../../../avr/lib/avrxmega7\libc.a(strstr.o)
                0x00008988                strstr
 .text.avr-libc
                0x000089bc       0x4e c:/program files (x86)/atmel/atmel toolchain/avr8 gcc/native/3.4.1061/avr8-gnu-toolchain/bin/../lib/gcc/avr/4.8.1/../../../../avr/lib/avrxmega7\libc.a(strtok_r.o)
                0x000089bc                strtok_r
 .text.avr-libc
                0x00008a0a       0x64 c:/program files (x86)/atmel/atmel toolchain/avr8 gcc/native/3.4.1061/avr8-gnu-toolchain/bin/../lib/gcc/avr/4.8.1/../../../../avr/lib/avrxmega7\libc.a(fputc.o)
                0x00008a0a                fputc
 .text.avr-libc
                0x00008a6e       0x22 c:/program files (x86)/atmel/atmel toolchain/avr8 gcc/native/3.4.1061/avr8-gnu-toolchain/bin/../lib/gcc/avr/4.8.1/../../../../avr/lib/avrxmega7\libc.a(printf.o)
                0x00008a6e                printf
 .text.avr-libc
                0x00008a90       0x5a c:/program files (x86)/atmel/atmel toolchain/avr8 gcc/native/3.4.1061/avr8-gnu-toolchain/bin/../lib/gcc/avr/4.8.1/../../../../avr/lib/avrxmega7\libc.a(puts.o)
                0x00008a90                puts
 .text.avr-libc
                0x00008aea       0xbc c:/program files (x86)/atmel/atmel toolchain/avr8 gcc/native/3.4.1061/avr8-gnu-toolchain/bin/../lib/gcc/avr/4.8.1/../../../../avr/lib/avrxmega7\libc.a(ultoa_invert.o)
                0x00008aea                __ultoa_invert
 .text.avr-libc
                0x00008ba6       0x16 c:/program files (x86)/atmel/atmel toolchain/avr8 gcc/native/3.4.1061/avr8-gnu-toolchain/bin/../lib/gcc/avr/4.8.1/../../../../avr/lib/avrxmega7\libc.a(eerd_block_atxmega128a4u.o)
                0x00008ba6                __eerd_block_x128a4u
 .text.avr-libc
                0x00008bbc       0x12 c:/program files (x86)/atmel/atmel toolchain/avr8 gcc/native/3.4.1061/avr8-gnu-toolchain/bin/../lib/gcc/avr/4.8.1/../../../../avr/lib/avrxmega7\libc.a(eewr_block_atxmega128a4u.o)
                0x00008bbc                __eewr_block_x128a4u
 .text.avr-libc
                0x00008bce       0x46 c:/program files (x86)/atmel/atmel toolchain/avr8 gcc/native/3.4.1061/avr8-gnu-toolchain/bin/../lib/gcc/avr/4.8.1/../../../../avr/lib/avrxmega7\libc.a(eewr_byte_atxmega128a4u.o)
                0x00008bce                __eewr_byte_x128a4u
                0x00008bd0                __eewr_r18_x128a4u
                0x00008c14                . = ALIGN (0x2)
 *(.fini9)
 .fini9         0x00008c14        0x0 c:/program files (x86)/atmel/atmel toolchain/avr8 gcc/native/3.4.1061/avr8-gnu-toolchain/bin/../lib/gcc/avr/4.8.1/avrxmega7\libgcc.a(_exit.o)
                0x00008c14                _exit
                0x00008c14                exit
 *(.fini9)
 *(.fini8)
 *(.fini8)
 *(.fini7)
 *(.fini7)
 *(.fini6)
 *(.fini6)
 *(.fini5)
 *(.fini5)
 *(.fini4)
 *(.fini4)
 *(.fini3)
 *(.fini3)
 *(.fini2)
 *(.fini2)
 *(.fini1)
 *(.fini1)
 *(.fini0)
 .fini0         0x00008c14        0x4 c:/program files (x86)/atmel/atmel toolchain/avr8 gcc/native/3.4.1061/avr8-gnu-toolchain/bin/../lib/gcc/avr/4.8.1/avrxmega7\libgcc.a(_exit.o)
 *(.fini0)
                0x00008c18                _etext = .

.data           0x00802000      0xc4a load address 0x00008c18
                0x00802000                PROVIDE (__data_start, .)
 *(.data)
 .data          0x00802000        0x6 c:/program files (x86)/atmel/atmel toolchain/avr8 gcc/native/3.4.1061/avr8-gnu-toolchain/bin/../lib/gcc/avr/4.8.1/../../../../avr/lib/avrxmega7\libc.a(malloc.o)
                0x00802000                __malloc_heap_end
                0x00802002                __malloc_heap_start
                0x00802004                __malloc_margin
 *(.data*)
 .data.disp_time
                0x00802006        0x1 drivers/rtc/rtc.o
 .data.mystdout
                0x00802007        0xe main.o
 .data.color.4757
                0x00802015        0x1 modules/display/display.o
 .data.x.4755   0x00802016        0x1 modules/display/display.o
 .data.y.4756   0x00802017        0x1 modules/display/display.o
 .data.Stat     0x00802018        0x1 modules/fatfs/mmc_avr_spi.o
 *(.rodata)
 .rodata        0x00802019       0x18 modules/time_functions/time_functions.o
 *(.rodata*)
 .rodata.str1.1
                0x00802031       0x3c drivers/port/port.o
 .rodata.str1.1
                0x0080206d       0xd7 drivers/sensors/si114x/Si114x_functions.o
 .rodata.str1.1
                0x00802144       0xa6 main.o
 .rodata.str1.1
                0x008021ea      0x4ea modules/esp8266/esp8266.o
                                0x506 (size before relaxing)
 .rodata.ESP8266_Baudrate
                0x008026d4       0x10 modules/esp8266/esp8266.o
 .rodata.str1.1
                0x008026e4      0x546 modules/menu/menu.o
                                0x54c (size before relaxing)
 .rodata.CSWTCH.9
                0x00802c2a        0x7 modules/time_functions/time_functions.o
 .rodata.t.4529
                0x00802c31       0x18 modules/time_functions/time_functions.o
 *(.gnu.linkonce.d*)
                0x00802c4a                . = ALIGN (0x2)
 *fill*         0x00802c49        0x1 
                0x00802c4a                _edata = .
                0x00802c4a                PROVIDE (__data_end, .)

.bss            0x00802c4a      0xb46
                0x00802c4a                PROVIDE (__bss_start, .)
 *(.bss)
 .bss           0x00802c4a        0x2 c:/program files (x86)/atmel/atmel toolchain/avr8 gcc/native/3.4.1061/avr8-gnu-toolchain/bin/../lib/gcc/avr/4.8.1/../../../../avr/lib/avrxmega7\libc.a(strtok.o)
 *(.bss*)
 .bss.counter   0x00802c4c        0x2 drivers/sensors/si114x/Si114x_functions.o
 .bss.test_val  0x00802c4e        0x2 drivers/timer/timer.o
 .bss.n.4953    0x00802c50        0x1 modules/display/display.o
 .bss.ConnectionData
                0x00802c51      0x100 modules/esp8266/esp8266.o
 .bss.ESP8266_APs
                0x00802d51      0x141 modules/esp8266/esp8266.o
 .bss.USARTBuffer
                0x00802e92      0x400 modules/esp8266/esp8266.o
 .bss.TMPBuffer
                0x00803292      0x200 modules/esp8266/esp8266.o
 .bss.USART_Buffer
                0x00803492       0x12 modules/esp8266/esp8266.o
 .bss.TMP_Buffer
                0x008034a4       0x12 modules/esp8266/esp8266.o
 .bss.Timer2    0x008034b6        0x1 modules/fatfs/mmc_avr_spi.o
 .bss.Timer1    0x008034b7        0x1 modules/fatfs/mmc_avr_spi.o
 .bss.WavFifo   0x008034b8        0x2 modules/fatfs/sound.o
 .bss.forecast  0x008034ba        0x1 modules/menu/menu.o
                0x008034ba                forecast
 *(COMMON)
 COMMON         0x008034bb       0xab drivers/adc/adc.o
                0x008034bb                env
 COMMON         0x00803566       0xca drivers/dma/dma_functions.o
                0x00803566                memoryBlockB
                0x008035ca                gStatus
                0x008035cb                gInterruptDone
                0x008035cc                memoryBlockA
 COMMON         0x00803630       0x21 drivers/ht1632c/ht1632c.o
                0x00803630                alarm_status
                0x00803631                ledmatrix
 COMMON         0x00803651        0x2 drivers/port/port.o
                0x00803651                btn_status
                0x00803652                si114x_status
 COMMON         0x00803653      0x133 modules/menu/menu.o
                0x00803653                connection_open
                0x00803654                ESP8266
 COMMON         0x00803786        0x4 c:/program files (x86)/atmel/atmel toolchain/avr8 gcc/native/3.4.1061/avr8-gnu-toolchain/bin/../lib/gcc/avr/4.8.1/../../../../avr/lib/avrxmega7\libc.a(malloc.o)
                0x00803786                __brkval
                0x00803788                __flp
 COMMON         0x0080378a        0x6 c:/program files (x86)/atmel/atmel toolchain/avr8 gcc/native/3.4.1061/avr8-gnu-toolchain/bin/../lib/gcc/avr/4.8.1/../../../../avr/lib/avrxmega7\libc.a(iob.o)
                0x0080378a                __iob
                0x00803790                PROVIDE (__bss_end, .)
                0x00008c18                __data_load_start = LOADADDR (.data)
                0x00009862                __data_load_end = (__data_load_start + SIZEOF (.data))

.noinit         0x00803790        0x0
                0x00803790                PROVIDE (__noinit_start, .)
 *(.noinit*)
                0x00803790                PROVIDE (__noinit_end, .)
                0x00803790                _end = .
                0x00803790                PROVIDE (__heap_start, .)

.eeprom         0x00810000        0x0
 *(.eeprom*)
                0x00810000                __eeprom_end = .

.fuse
 *(.fuse)
 *(.lfuse)
 *(.hfuse)
 *(.efuse)

.lock
 *(.lock*)

.signature
 *(.signature*)

.user_signatures
 *(.user_signatures*)

.stab
 *(.stab)

.stabstr
 *(.stabstr)

.stab.excl
 *(.stab.excl)

.stab.exclstr
 *(.stab.exclstr)

.stab.index
 *(.stab.index)

.stab.indexstr
 *(.stab.indexstr)

.comment        0x00000000       0x5c
 *(.comment)
 .comment       0x00000000       0x30 drivers/adc/adc.o
                                 0x31 (size before relaxing)
 .comment       0x00000000       0x31 drivers/clock/clock.o
 .comment       0x00000000       0x31 drivers/dma/dma_functions.o
 .comment       0x00000000       0x31 drivers/eeprom/eeprom.o
 .comment       0x00000000       0x31 drivers/ht1632c/ht1632c.o
 .comment       0x00000000       0x31 drivers/port/port.o
 .comment       0x00000000       0x31 drivers/rtc/rtc.o
 .comment       0x00000000       0x31 drivers/sensors/si114x/Si114x_functions.o
 .comment       0x00000000       0x31 drivers/sensors/si114x/Si114x_sys_out.o
 .comment       0x00000000       0x31 drivers/sercom/spi.o
 .comment       0x00000000       0x31 drivers/sercom/twi.o
 .comment       0x00000000       0x31 drivers/sercom/uart.o
 .comment       0x00000000       0x31 drivers/timer/timer.o
 .comment       0x00000000       0x31 main.o
 .comment       0x00000000       0x31 modules/display/display.o
 .comment       0x00000000       0x31 modules/esp8266/buffer.o
 .comment       0x00000000       0x31 modules/esp8266/esp8266.o
 .comment       0x00000000       0x31 modules/esp8266/esp8266_ll.o
 .comment       0x00000000       0x31 modules/fatfs/diskio.o
 .comment       0x00000000       0x31 modules/fatfs/mmc_avr_spi.o
 .comment       0x00000000       0x31 modules/fatfs/sound.o
 .comment       0x00000000       0x31 modules/menu/menu.o
 .comment       0x00000000       0x31 modules/time_functions/time_functions.o
 .comment       0x00000000       0x31 _StackInstrument.o
 .comment       0x00000030       0x2c c:/program files (x86)/atmel/atmel toolchain/avr8 gcc/native/3.4.1061/avr8-gnu-toolchain/bin/../lib/gcc/avr/4.8.1/../../../../avr/lib/avrxmega7\libprintf_flt.a(vfprintf_flt.o)
                                 0x2d (size before relaxing)
 .comment       0x00000000       0x31 c:/program files (x86)/atmel/atmel toolchain/avr8 gcc/native/3.4.1061/avr8-gnu-toolchain/bin/../lib/gcc/avr/4.8.1/../../../../avr/lib/avrxmega7\libc.a(malloc.o)
 .comment       0x00000000       0x31 c:/program files (x86)/atmel/atmel toolchain/avr8 gcc/native/3.4.1061/avr8-gnu-toolchain/bin/../lib/gcc/avr/4.8.1/../../../../avr/lib/avrxmega7\libc.a(strtok.o)
 .comment       0x00000000       0x31 c:/program files (x86)/atmel/atmel toolchain/avr8 gcc/native/3.4.1061/avr8-gnu-toolchain/bin/../lib/gcc/avr/4.8.1/../../../../avr/lib/avrxmega7\libc.a(fputc.o)
 .comment       0x00000000       0x31 c:/program files (x86)/atmel/atmel toolchain/avr8 gcc/native/3.4.1061/avr8-gnu-toolchain/bin/../lib/gcc/avr/4.8.1/../../../../avr/lib/avrxmega7\libc.a(iob.o)
 .comment       0x00000000       0x31 c:/program files (x86)/atmel/atmel toolchain/avr8 gcc/native/3.4.1061/avr8-gnu-toolchain/bin/../lib/gcc/avr/4.8.1/../../../../avr/lib/avrxmega7\libc.a(printf.o)
 .comment       0x00000000       0x31 c:/program files (x86)/atmel/atmel toolchain/avr8 gcc/native/3.4.1061/avr8-gnu-toolchain/bin/../lib/gcc/avr/4.8.1/../../../../avr/lib/avrxmega7\libc.a(puts.o)

.note.gnu.build-id
 *(.note.gnu.build-id)

.debug
 *(.debug)

.line
 *(.line)

.debug_srcinfo
 *(.debug_srcinfo)

.debug_sfnames
 *(.debug_sfnames)

.debug_aranges  0x00000000      0xd50
 *(.debug_aranges)
 .debug_aranges
                0x00000000       0x50 drivers/adc/adc.o
 .debug_aranges
                0x00000050       0x48 drivers/clock/clock.o
 .debug_aranges
                0x00000098       0x30 drivers/dma/dma_functions.o
 .debug_aranges
                0x000000c8       0x78 drivers/eeprom/eeprom.o
 .debug_aranges
                0x00000140       0xc8 drivers/ht1632c/ht1632c.o
 .debug_aranges
                0x00000208       0x60 drivers/port/port.o
 .debug_aranges
                0x00000268       0x70 drivers/rtc/rtc.o
 .debug_aranges
                0x000002d8       0xe8 drivers/sensors/si114x/Si114x_functions.o
 .debug_aranges
                0x000003c0       0x50 drivers/sensors/si114x/Si114x_sys_out.o
 .debug_aranges
                0x00000410       0x30 drivers/sercom/spi.o
 .debug_aranges
                0x00000440       0x60 drivers/sercom/twi.o
 .debug_aranges
                0x000004a0       0x60 drivers/sercom/uart.o
 .debug_aranges
                0x00000500       0x30 drivers/timer/timer.o
 .debug_aranges
                0x00000530       0x30 main.o
 .debug_aranges
                0x00000560      0x1d8 modules/display/display.o
 .debug_aranges
                0x00000738       0x80 modules/esp8266/buffer.o
 .debug_aranges
                0x000007b8      0x298 modules/esp8266/esp8266.o
 .debug_aranges
                0x00000a50       0x30 modules/esp8266/esp8266_ll.o
 .debug_aranges
                0x00000a80       0x48 modules/fatfs/diskio.o
 .debug_aranges
                0x00000ac8       0x58 modules/fatfs/mmc_avr_spi.o
 .debug_aranges
                0x00000b20       0x40 modules/fatfs/sound.o
 .debug_aranges
                0x00000b60      0x178 modules/menu/menu.o
 .debug_aranges
                0x00000cd8       0x58 modules/time_functions/time_functions.o
 .debug_aranges
                0x00000d30       0x20 _StackInstrument.o

.debug_pubnames
 *(.debug_pubnames)

.debug_info     0x00000000    0x2be64
 *(.debug_info .gnu.linkonce.wi.*)
 .debug_info    0x00000000     0x104f drivers/adc/adc.o
 .debug_info    0x0000104f      0x4f9 drivers/clock/clock.o
 .debug_info    0x00001548      0xa01 drivers/dma/dma_functions.o
 .debug_info    0x00001f49      0x900 drivers/eeprom/eeprom.o
 .debug_info    0x00002849     0x175e drivers/ht1632c/ht1632c.o
 .debug_info    0x00003fa7      0x9d5 drivers/port/port.o
 .debug_info    0x0000497c      0xde0 drivers/rtc/rtc.o
 .debug_info    0x0000575c     0x7514 drivers/sensors/si114x/Si114x_functions.o
 .debug_info    0x0000cc70      0x883 drivers/sensors/si114x/Si114x_sys_out.o
 .debug_info    0x0000d4f3      0x65d drivers/sercom/spi.o
 .debug_info    0x0000db50      0xee4 drivers/sercom/twi.o
 .debug_info    0x0000ea34      0x885 drivers/sercom/uart.o
 .debug_info    0x0000f2b9      0xc6a drivers/timer/timer.o
 .debug_info    0x0000ff23      0xc57 main.o
 .debug_info    0x00010b7a     0x61d8 modules/display/display.o
 .debug_info    0x00016d52      0xb3c modules/esp8266/buffer.o
 .debug_info    0x0001788e     0x9a47 modules/esp8266/esp8266.o
 .debug_info    0x000212d5      0x4e2 modules/esp8266/esp8266_ll.o
 .debug_info    0x000217b7      0x355 modules/fatfs/diskio.o
 .debug_info    0x00021b0c     0x2a2d modules/fatfs/mmc_avr_spi.o
 .debug_info    0x00024539     0x16ae modules/fatfs/sound.o
 .debug_info    0x00025be7     0x5883 modules/menu/menu.o
 .debug_info    0x0002b46a      0x8fd modules/time_functions/time_functions.o
 .debug_info    0x0002bd67       0xfd _StackInstrument.o

.debug_abbrev   0x00000000     0x42b0
 *(.debug_abbrev)
 .debug_abbrev  0x00000000      0x2e5 drivers/adc/adc.o
 .debug_abbrev  0x000002e5      0x10e drivers/clock/clock.o
 .debug_abbrev  0x000003f3      0x205 drivers/dma/dma_functions.o
 .debug_abbrev  0x000005f8      0x2ae drivers/eeprom/eeprom.o
 .debug_abbrev  0x000008a6      0x3b4 drivers/ht1632c/ht1632c.o
 .debug_abbrev  0x00000c5a      0x241 drivers/port/port.o
 .debug_abbrev  0x00000e9b      0x327 drivers/rtc/rtc.o
 .debug_abbrev  0x000011c2      0x551 drivers/sensors/si114x/Si114x_functions.o
 .debug_abbrev  0x00001713      0x244 drivers/sensors/si114x/Si114x_sys_out.o
 .debug_abbrev  0x00001957      0x148 drivers/sercom/spi.o
 .debug_abbrev  0x00001a9f      0x29c drivers/sercom/twi.o
 .debug_abbrev  0x00001d3b      0x1fd drivers/sercom/uart.o
 .debug_abbrev  0x00001f38      0x1cd drivers/timer/timer.o
 .debug_abbrev  0x00002105      0x274 main.o
 .debug_abbrev  0x00002379      0x4a2 modules/display/display.o
 .debug_abbrev  0x0000281b      0x2a3 modules/esp8266/buffer.o
 .debug_abbrev  0x00002abe      0x571 modules/esp8266/esp8266.o
 .debug_abbrev  0x0000302f      0x1b1 modules/esp8266/esp8266_ll.o
 .debug_abbrev  0x000031e0      0x13e modules/fatfs/diskio.o
 .debug_abbrev  0x0000331e      0x3e4 modules/fatfs/mmc_avr_spi.o
 .debug_abbrev  0x00003702      0x364 modules/fatfs/sound.o
 .debug_abbrev  0x00003a66      0x5b6 modules/menu/menu.o
 .debug_abbrev  0x0000401c      0x1f9 modules/time_functions/time_functions.o
 .debug_abbrev  0x00004215       0x9b _StackInstrument.o

.debug_line     0x00000000    0x10adc
 *(.debug_line .debug_line.* .debug_line_end)
 .debug_line    0x00000000      0x52c drivers/adc/adc.o
 .debug_line    0x0000052c      0x25e drivers/clock/clock.o
 .debug_line    0x0000078a      0x202 drivers/dma/dma_functions.o
 .debug_line    0x0000098c      0x48c drivers/eeprom/eeprom.o
 .debug_line    0x00000e18     0x2686 drivers/ht1632c/ht1632c.o
 .debug_line    0x0000349e      0x3ae drivers/port/port.o
 .debug_line    0x0000384c      0x53b drivers/rtc/rtc.o
 .debug_line    0x00003d87     0x1a06 drivers/sensors/si114x/Si114x_functions.o
 .debug_line    0x0000578d      0x2d6 drivers/sensors/si114x/Si114x_sys_out.o
 .debug_line    0x00005a63      0x212 drivers/sercom/spi.o
 .debug_line    0x00005c75      0x5c2 drivers/sercom/twi.o
 .debug_line    0x00006237      0x34a drivers/sercom/uart.o
 .debug_line    0x00006581      0x205 drivers/timer/timer.o
 .debug_line    0x00006786      0x3bc main.o
 .debug_line    0x00006b42     0x2abf modules/display/display.o
 .debug_line    0x00009601      0x8c1 modules/esp8266/buffer.o
 .debug_line    0x00009ec2     0x3784 modules/esp8266/esp8266.o
 .debug_line    0x0000d646      0x1f0 modules/esp8266/esp8266_ll.o
 .debug_line    0x0000d836      0x139 modules/fatfs/diskio.o
 .debug_line    0x0000d96f      0xb37 modules/fatfs/mmc_avr_spi.o
 .debug_line    0x0000e4a6      0x585 modules/fatfs/sound.o
 .debug_line    0x0000ea2b     0x1a1a modules/menu/menu.o
 .debug_line    0x00010445      0x5bb modules/time_functions/time_functions.o
 .debug_line    0x00010a00       0xdc _StackInstrument.o

.debug_frame    0x00000000     0x3974
 *(.debug_frame)
 .debug_frame   0x00000000       0x8c drivers/adc/adc.o
 .debug_frame   0x0000008c       0x74 drivers/clock/clock.o
 .debug_frame   0x00000100       0xe8 drivers/dma/dma_functions.o
 .debug_frame   0x000001e8       0xf0 drivers/eeprom/eeprom.o
 .debug_frame   0x000002d8      0x2a4 drivers/ht1632c/ht1632c.o
 .debug_frame   0x0000057c      0x1bc drivers/port/port.o
 .debug_frame   0x00000738      0x1ec drivers/rtc/rtc.o
 .debug_frame   0x00000924      0x4bc drivers/sensors/si114x/Si114x_functions.o
 .debug_frame   0x00000de0       0xe4 drivers/sensors/si114x/Si114x_sys_out.o
 .debug_frame   0x00000ec4       0x44 drivers/sercom/spi.o
 .debug_frame   0x00000f08       0xdc drivers/sercom/twi.o
 .debug_frame   0x00000fe4       0xa4 drivers/sercom/uart.o
 .debug_frame   0x00001088       0x58 drivers/timer/timer.o
 .debug_frame   0x000010e0       0x44 main.o
 .debug_frame   0x00001124      0xb28 modules/display/display.o
 .debug_frame   0x00001c4c      0x37c modules/esp8266/buffer.o
 .debug_frame   0x00001fc8      0xd30 modules/esp8266/esp8266.o
 .debug_frame   0x00002cf8       0xb0 modules/esp8266/esp8266_ll.o
 .debug_frame   0x00002da8       0x8c modules/fatfs/diskio.o
 .debug_frame   0x00002e34      0x1a8 modules/fatfs/mmc_avr_spi.o
 .debug_frame   0x00002fdc      0x108 modules/fatfs/sound.o
 .debug_frame   0x000030e4      0x758 modules/menu/menu.o
 .debug_frame   0x0000383c      0x114 modules/time_functions/time_functions.o
 .debug_frame   0x00003950       0x24 _StackInstrument.o

.debug_str      0x00000000     0x535c
 *(.debug_str)
 .debug_str     0x00000000      0xfa7 drivers/adc/adc.o
                               0x1082 (size before relaxing)
 .debug_str     0x00000fa7      0x192 drivers/clock/clock.o
                                0x493 (size before relaxing)
 .debug_str     0x00001139      0x440 drivers/dma/dma_functions.o
                                0x7f3 (size before relaxing)
 .debug_str     0x00001579      0x17e drivers/eeprom/eeprom.o
                                0x874 (size before relaxing)
 .debug_str     0x000016f7      0x38a drivers/ht1632c/ht1632c.o
                                0x7b5 (size before relaxing)
 .debug_str     0x00001a81      0x2e3 drivers/port/port.o
                                0x7a4 (size before relaxing)
 .debug_str     0x00001d64      0x323 drivers/rtc/rtc.o
                                0x768 (size before relaxing)
 .debug_str     0x00002087      0x7f6 drivers/sensors/si114x/Si114x_functions.o
                                0xe28 (size before relaxing)
 .debug_str     0x0000287d       0x5b drivers/sensors/si114x/Si114x_sys_out.o
                                0x4be (size before relaxing)
 .debug_str     0x000028d8       0xb8 drivers/sercom/spi.o
                                0x578 (size before relaxing)
 .debug_str     0x00002990      0x276 drivers/sercom/twi.o
                                0x695 (size before relaxing)
 .debug_str     0x00002c06      0x1b7 drivers/sercom/uart.o
                                0x68d (size before relaxing)
 .debug_str     0x00002dbd      0x18b drivers/timer/timer.o
                                0x87a (size before relaxing)
 .debug_str     0x00002f48      0x12c main.o
                                0x755 (size before relaxing)
 .debug_str     0x00003074      0x5fd modules/display/display.o
                                0xc70 (size before relaxing)
 .debug_str     0x00003671      0x15d modules/esp8266/buffer.o
                                0x315 (size before relaxing)
 .debug_str     0x000037ce     0x1129 modules/esp8266/esp8266.o
                               0x1b25 (size before relaxing)
 .debug_str     0x000048f7       0x2c modules/esp8266/esp8266_ll.o
                                0x3e2 (size before relaxing)
 .debug_str     0x00004923       0xda modules/fatfs/diskio.o
                                0x278 (size before relaxing)
 .debug_str     0x000049fd      0x13c modules/fatfs/mmc_avr_spi.o
                                0xb19 (size before relaxing)
 .debug_str     0x00004b39      0x2ac modules/fatfs/sound.o
                                0xbf7 (size before relaxing)
 .debug_str     0x00004de5      0x479 modules/menu/menu.o
                               0x1fe8 (size before relaxing)
 .debug_str     0x0000525e       0xab modules/time_functions/time_functions.o
                                0x417 (size before relaxing)
 .debug_str     0x00005309       0x53 _StackInstrument.o
                                0x1af (size before relaxing)

.debug_loc      0x00000000    0x2a755
 *(.debug_loc)
 .debug_loc     0x00000000      0x259 drivers/adc/adc.o
 .debug_loc     0x00000259      0x3de drivers/dma/dma_functions.o
 .debug_loc     0x00000637      0x277 drivers/eeprom/eeprom.o
 .debug_loc     0x000008ae     0x3792 drivers/ht1632c/ht1632c.o
 .debug_loc     0x00004040      0x3f2 drivers/port/port.o
 .debug_loc     0x00004432      0xbf5 drivers/rtc/rtc.o
 .debug_loc     0x00005027     0x5264 drivers/sensors/si114x/Si114x_functions.o
 .debug_loc     0x0000a28b      0x3d6 drivers/sensors/si114x/Si114x_sys_out.o
 .debug_loc     0x0000a661       0x20 drivers/sercom/spi.o
 .debug_loc     0x0000a681      0xec5 drivers/sercom/twi.o
 .debug_loc     0x0000b546       0xb6 drivers/sercom/uart.o
 .debug_loc     0x0000b5fc       0x49 drivers/timer/timer.o
 .debug_loc     0x0000b645     0xcfc9 modules/display/display.o
 .debug_loc     0x0001860e     0x26c6 modules/esp8266/buffer.o
 .debug_loc     0x0001acd4     0x983d modules/esp8266/esp8266.o
 .debug_loc     0x00024511      0x214 modules/esp8266/esp8266_ll.o
 .debug_loc     0x00024725      0x34a modules/fatfs/diskio.o
 .debug_loc     0x00024a6f     0x1ace modules/fatfs/mmc_avr_spi.o
 .debug_loc     0x0002653d      0x7ac modules/fatfs/sound.o
 .debug_loc     0x00026ce9     0x2970 modules/menu/menu.o
 .debug_loc     0x00029659     0x10e4 modules/time_functions/time_functions.o
 .debug_loc     0x0002a73d       0x18 _StackInstrument.o

.debug_macinfo
 *(.debug_macinfo)

.debug_weaknames
 *(.debug_weaknames)

.debug_funcnames
 *(.debug_funcnames)

.debug_typenames
 *(.debug_typenames)

.debug_varnames
 *(.debug_varnames)

.debug_pubtypes
 *(.debug_pubtypes)

.debug_ranges   0x00000000     0x36f8
 *(.debug_ranges)
 .debug_ranges  0x00000000       0x70 drivers/adc/adc.o
 .debug_ranges  0x00000070       0x38 drivers/clock/clock.o
 .debug_ranges  0x000000a8       0x20 drivers/dma/dma_functions.o
 .debug_ranges  0x000000c8       0x68 drivers/eeprom/eeprom.o
 .debug_ranges  0x00000130      0x1a0 drivers/ht1632c/ht1632c.o
 .debug_ranges  0x000002d0       0x50 drivers/port/port.o
 .debug_ranges  0x00000320       0x60 drivers/rtc/rtc.o
 .debug_ranges  0x00000380      0x2d8 drivers/sensors/si114x/Si114x_functions.o
 .debug_ranges  0x00000658       0x40 drivers/sensors/si114x/Si114x_sys_out.o
 .debug_ranges  0x00000698       0x20 drivers/sercom/spi.o
 .debug_ranges  0x000006b8      0x118 drivers/sercom/twi.o
 .debug_ranges  0x000007d0       0x80 drivers/sercom/uart.o
 .debug_ranges  0x00000850       0x20 drivers/timer/timer.o
 .debug_ranges  0x00000870       0x20 main.o
 .debug_ranges  0x00000890     0x14f0 modules/display/display.o
 .debug_ranges  0x00001d80      0x1b8 modules/esp8266/buffer.o
 .debug_ranges  0x00001f38     0x1250 modules/esp8266/esp8266.o
 .debug_ranges  0x00003188       0x20 modules/esp8266/esp8266_ll.o
 .debug_ranges  0x000031a8       0x38 modules/fatfs/diskio.o
 .debug_ranges  0x000031e0      0x158 modules/fatfs/mmc_avr_spi.o
 .debug_ranges  0x00003338       0x30 modules/fatfs/sound.o
 .debug_ranges  0x00003368      0x1e8 modules/menu/menu.o
 .debug_ranges  0x00003550      0x198 modules/time_functions/time_functions.o
 .debug_ranges  0x000036e8       0x10 _StackInstrument.o

.debug_macro
 *(.debug_macro)
OUTPUT(matrix_clock.elf elf32-avr)
LOAD linker stubs
