Archive member included because of file (symbol)

c:/program files/atmel/atmel toolchain/avr8 gcc/native/3.4.1056/avr8-gnu-toolchain/bin/../lib/gcc/avr/4.8.1/../../../../avr/lib/avrxmega4\libm.a(fixsfsi.o)
                              drivers/adc/adc.o (__fixsfsi)
c:/program files/atmel/atmel toolchain/avr8 gcc/native/3.4.1056/avr8-gnu-toolchain/bin/../lib/gcc/avr/4.8.1/../../../../avr/lib/avrxmega4\libm.a(fixunssfsi.o)
                              c:/program files/atmel/atmel toolchain/avr8 gcc/native/3.4.1056/avr8-gnu-toolchain/bin/../lib/gcc/avr/4.8.1/../../../../avr/lib/avrxmega4\libm.a(fixsfsi.o) (__fixunssfsi)
c:/program files/atmel/atmel toolchain/avr8 gcc/native/3.4.1056/avr8-gnu-toolchain/bin/../lib/gcc/avr/4.8.1/../../../../avr/lib/avrxmega4\libm.a(floatsisf.o)
                              drivers/adc/adc.o (__floatsisf)
c:/program files/atmel/atmel toolchain/avr8 gcc/native/3.4.1056/avr8-gnu-toolchain/bin/../lib/gcc/avr/4.8.1/../../../../avr/lib/avrxmega4\libm.a(fp_split3.o)
                              c:/program files/atmel/atmel toolchain/avr8 gcc/native/3.4.1056/avr8-gnu-toolchain/bin/../lib/gcc/avr/4.8.1/../../../../avr/lib/avrxmega4\libm.a(fixunssfsi.o) (__fp_splitA)
c:/program files/atmel/atmel toolchain/avr8 gcc/native/3.4.1056/avr8-gnu-toolchain/bin/../lib/gcc/avr/4.8.1/../../../../avr/lib/avrxmega4\libm.a(fp_zero.o)
                              c:/program files/atmel/atmel toolchain/avr8 gcc/native/3.4.1056/avr8-gnu-toolchain/bin/../lib/gcc/avr/4.8.1/../../../../avr/lib/avrxmega4\libm.a(fixunssfsi.o) (__fp_zero)
c:/program files/atmel/atmel toolchain/avr8 gcc/native/3.4.1056/avr8-gnu-toolchain/bin/../lib/gcc/avr/4.8.1/../../../../avr/lib/avrxmega4\libm.a(mulsf3.o)
                              drivers/adc/adc.o (__mulsf3)
c:/program files/atmel/atmel toolchain/avr8 gcc/native/3.4.1056/avr8-gnu-toolchain/bin/../lib/gcc/avr/4.8.1/../../../../avr/lib/avrxmega4\libm.a(mulsf3x.o)
                              c:/program files/atmel/atmel toolchain/avr8 gcc/native/3.4.1056/avr8-gnu-toolchain/bin/../lib/gcc/avr/4.8.1/../../../../avr/lib/avrxmega4\libm.a(mulsf3.o) (__mulsf3x)
c:/program files/atmel/atmel toolchain/avr8 gcc/native/3.4.1056/avr8-gnu-toolchain/bin/../lib/gcc/avr/4.8.1/../../../../avr/lib/avrxmega4\libm.a(fp_inf.o)
                              c:/program files/atmel/atmel toolchain/avr8 gcc/native/3.4.1056/avr8-gnu-toolchain/bin/../lib/gcc/avr/4.8.1/../../../../avr/lib/avrxmega4\libm.a(mulsf3x.o) (__fp_inf)
c:/program files/atmel/atmel toolchain/avr8 gcc/native/3.4.1056/avr8-gnu-toolchain/bin/../lib/gcc/avr/4.8.1/../../../../avr/lib/avrxmega4\libm.a(fp_nan.o)
                              c:/program files/atmel/atmel toolchain/avr8 gcc/native/3.4.1056/avr8-gnu-toolchain/bin/../lib/gcc/avr/4.8.1/../../../../avr/lib/avrxmega4\libm.a(mulsf3x.o) (__fp_nan)
c:/program files/atmel/atmel toolchain/avr8 gcc/native/3.4.1056/avr8-gnu-toolchain/bin/../lib/gcc/avr/4.8.1/../../../../avr/lib/avrxmega4\libm.a(fp_pscA.o)
                              c:/program files/atmel/atmel toolchain/avr8 gcc/native/3.4.1056/avr8-gnu-toolchain/bin/../lib/gcc/avr/4.8.1/../../../../avr/lib/avrxmega4\libm.a(mulsf3x.o) (__fp_pscA)
c:/program files/atmel/atmel toolchain/avr8 gcc/native/3.4.1056/avr8-gnu-toolchain/bin/../lib/gcc/avr/4.8.1/../../../../avr/lib/avrxmega4\libm.a(fp_pscB.o)
                              c:/program files/atmel/atmel toolchain/avr8 gcc/native/3.4.1056/avr8-gnu-toolchain/bin/../lib/gcc/avr/4.8.1/../../../../avr/lib/avrxmega4\libm.a(mulsf3x.o) (__fp_pscB)
c:/program files/atmel/atmel toolchain/avr8 gcc/native/3.4.1056/avr8-gnu-toolchain/bin/../lib/gcc/avr/4.8.1/../../../../avr/lib/avrxmega4\libm.a(fp_round.o)
                              c:/program files/atmel/atmel toolchain/avr8 gcc/native/3.4.1056/avr8-gnu-toolchain/bin/../lib/gcc/avr/4.8.1/../../../../avr/lib/avrxmega4\libm.a(mulsf3.o) (__fp_round)
c:/program files/atmel/atmel toolchain/avr8 gcc/native/3.4.1056/avr8-gnu-toolchain/bin/../lib/gcc/avr/4.8.1/avrxmega4\libgcc.a(_divmodhi4.o)
                              drivers/adc/adc.o (__divmodhi4)
c:/program files/atmel/atmel toolchain/avr8 gcc/native/3.4.1056/avr8-gnu-toolchain/bin/../lib/gcc/avr/4.8.1/avrxmega4\libgcc.a(_udivmodsi4.o)
                              drivers/sensors/si114x/Si114x_handler.o (__udivmodsi4)
c:/program files/atmel/atmel toolchain/avr8 gcc/native/3.4.1056/avr8-gnu-toolchain/bin/../lib/gcc/avr/4.8.1/avrxmega4\libgcc.a(_exit.o)
                              c:/program files/atmel/atmel toolchain/avr8 gcc/native/3.4.1056/avr8-gnu-toolchain/bin/../lib/gcc/avr/4.8.1/../../../../avr/lib/avrxmega4/crtx64a4u.o (exit)
c:/program files/atmel/atmel toolchain/avr8 gcc/native/3.4.1056/avr8-gnu-toolchain/bin/../lib/gcc/avr/4.8.1/avrxmega4\libgcc.a(_tablejump.o)
                              fatfs/mmc_avr.o (__tablejump2__)
c:/program files/atmel/atmel toolchain/avr8 gcc/native/3.4.1056/avr8-gnu-toolchain/bin/../lib/gcc/avr/4.8.1/avrxmega4\libgcc.a(_copy_data.o)
[...]
Memory Configuration

Name             Origin             Length             Attributes
text             0x00000000         0x00100000         xr
data             0x00802000         0x0000ffa0         rw !x
eeprom           0x00810000         0x00010000         rw !x
fuse             0x00820000         0x00000400         rw !x
lock             0x00830000         0x00000400         rw !x
signature        0x00840000         0x00000400         rw !x
user_signatures  0x00850000         0x00000400         rw !x
*default*        0x00000000         0xffffffff

Linker script and memory map

LOAD c:/program files/atmel/atmel toolchain/avr8 gcc/native/3.4.1056/avr8-gnu-toolchain/bin/../lib/gcc/avr/4.8.1/../../../../avr/lib/avrxmega4/crtx64a4u.o
LOAD 4x6_font.o
LOAD drivers/adc/adc.o
LOAD drivers/clock/clock.o
LOAD drivers/dma/dma.o
LOAD drivers/eeprom/eeprom.o
LOAD drivers/esp8266/esp8266.o
LOAD drivers/ht1632c/ht1632c.o
LOAD drivers/port/port.o
LOAD drivers/power/power.o
LOAD drivers/rtc/rtc.o
LOAD drivers/sensors/si114x/Si114x_functions.o
LOAD drivers/sensors/si114x/Si114x_handler.o
LOAD drivers/sensors/si114x/Si114x_sys_out.o
LOAD drivers/sensors/si114x/slider_algorithm.o
LOAD drivers/sercom/sercom.o
LOAD fatfs/ff.o
LOAD fatfs/mmc_avr.o
LOAD fatfs/sound.o
LOAD json/jsmn.o
LOAD main.o
LOAD menu.o
LOAD uart.o
START GROUP
LOAD c:/program files/atmel/atmel toolchain/avr8 gcc/native/3.4.1056/avr8-gnu-toolchain/bin/../lib/gcc/avr/4.8.1/../../../../avr/lib/avrxmega4\libm.a
END GROUP
START GROUP
LOAD c:/program files/atmel/atmel toolchain/avr8 gcc/native/3.4.1056/avr8-gnu-toolchain/bin/../lib/gcc/avr/4.8.1/avrxmega4\libgcc.a
LOAD c:/program files/atmel/atmel toolchain/avr8 gcc/native/3.4.1056/avr8-gnu-toolchain/bin/../lib/gcc/avr/4.8.1/../../../../avr/lib/avrxmega4\libm.a
LOAD c:/program files/atmel/atmel toolchain/avr8 gcc/native/3.4.1056/avr8-gnu-toolchain/bin/../lib/gcc/avr/4.8.1/../../../../avr/lib/avrxmega4\libc.a
END GROUP

.hash
 *(.hash)

.dynsym
 *(.dynsym)

.dynstr
 *(.dynstr)

.gnu.version
 *(.gnu.version)

.gnu.version_d
 *(.gnu.version_d)

.gnu.version_r
 *(.gnu.version_r)

.rel.init
 *(.rel.init)

.rela.init
 *(.rela.init)

.rel.text
 *(.rel.text)
 *(.rel.text.*)
 *(.rel.gnu.linkonce.t*)

.rela.text
 *(.rela.text)
 *(.rela.text.*)
 *(.rela.gnu.linkonce.t*)

.rel.fini
 *(.rel.fini)

.rela.fini
 *(.rela.fini)

.rel.rodata
 *(.rel.rodata)
 *(.rel.rodata.*)
 *(.rel.gnu.linkonce.r*)

.rela.rodata
 *(.rela.rodata)
 *(.rela.rodata.*)
 *(.rela.gnu.linkonce.r*)

.rel.data
 *(.rel.data)
 *(.rel.data.*)
 *(.rel.gnu.linkonce.d*)

.rela.data
 *(.rela.data)
 *(.rela.data.*)
 *(.rela.gnu.linkonce.d*)

.rel.ctors
 *(.rel.ctors)

.rela.ctors
 *(.rela.ctors)

.rel.dtors
 *(.rel.dtors)

.rela.dtors
 *(.rela.dtors)

.rel.got
 *(.rel.got)

.rela.got
 *(.rela.got)

.rel.bss
 *(.rel.bss)

.rela.bss
 *(.rela.bss)

.rel.plt
 *(.rel.plt)

.rela.plt
 *(.rela.plt)

.text           0x00000000     0x36fc
 *(.vectors)
 .vectors       0x00000000      0x1fc c:/program files/atmel/atmel toolchain/avr8 gcc/native/3.4.1056/avr8-gnu-toolchain/bin/../lib/gcc/avr/4.8.1/../../../../avr/lib/avrxmega4/crtx64a4u.o
                0x00000000                __vector_default
                0x00000000                __vectors
 *(.vectors)
 *(.progmem.gcc*)
                0x000001fc                . = ALIGN (0x2)
                0x000001fc                __trampolines_start = .
 *(.trampolines)
 .trampolines   0x000001fc        0x0 linker stubs
 *(.trampolines*)
                0x000001fc                __trampolines_end = .
 *(.progmem*)
 .progmem.data.font_4x6
                0x000001fc      0x600 drivers/ht1632c/ht1632c.o
 .progmem.data.font_5x7
                0x000007fc      0x4fb drivers/ht1632c/ht1632c.o
                0x00000cf8                . = ALIGN (0x2)
 *fill*         0x00000cf7        0x1 
 *(.jumptables)
 *(.jumptables*)
 *(.lowtext)
 *(.lowtext*)
                0x00000cf8                __ctors_start = .
 *(.ctors)
                0x00000cf8                __ctors_end = .
                0x00000cf8                __dtors_start = .
 *(.dtors)
                0x00000cf8                __dtors_end = .
 SORT(*)(.ctors)
 SORT(*)(.dtors)
 *(.init0)
 .init0         0x00000cf8        0x0 c:/program files/atmel/atmel toolchain/avr8 gcc/native/3.4.1056/avr8-gnu-toolchain/bin/../lib/gcc/avr/4.8.1/../../../../avr/lib/avrxmega4/crtx64a4u.o
                0x00000cf8                __init
 *(.init0)
 *(.init1)
 *(.init1)
 *(.init2)
 .init2         0x00000cf8        0xc c:/program files/atmel/atmel toolchain/avr8 gcc/native/3.4.1056/avr8-gnu-toolchain/bin/../lib/gcc/avr/4.8.1/../../../../avr/lib/avrxmega4/crtx64a4u.o
 *(.init2)
 *(.init3)
 *(.init3)
 *(.init4)
 .init4         0x00000d04       0x1a c:/program files/atmel/atmel toolchain/avr8 gcc/native/3.4.1056/avr8-gnu-toolchain/bin/../lib/gcc/avr/4.8.1/avrxmega4\libgcc.a(_copy_data.o)
                0x00000d04                __do_copy_data
 .init4         0x00000d1e       0x10 c:/program files/atmel/atmel toolchain/avr8 gcc/native/3.4.1056/avr8-gnu-toolchain/bin/../lib/gcc/avr/4.8.1/avrxmega4\libgcc.a(_clear_bss.o)
                0x00000d1e                __do_clear_bss
 *(.init4)
 *(.init5)
 *(.init5)
 *(.init6)
 *(.init6)
 *(.init7)
 *(.init7)
 *(.init8)
 *(.init8)
 *(.init9)
 .init9         0x00000d2e        0x8 c:/program files/atmel/atmel toolchain/avr8 gcc/native/3.4.1056/avr8-gnu-toolchain/bin/../lib/gcc/avr/4.8.1/../../../../avr/lib/avrxmega4/crtx64a4u.o
 *(.init9)
 *(.text)
 .text          0x00000d36        0x2 c:/program files/atmel/atmel toolchain/avr8 gcc/native/3.4.1056/avr8-gnu-toolchain/bin/../lib/gcc/avr/4.8.1/../../../../avr/lib/avrxmega4/crtx64a4u.o
                0x00000d36                __vector_38
                0x00000d36                __vector_104
                0x00000d36                __vector_22
                0x00000d36                __vector_63
                0x00000d36                __vector_28
                0x00000d36                __vector_1
                0x00000d36                __vector_119
                0x00000d36                __vector_32
                0x00000d36                __vector_75
                0x00000d36                __vector_71
                0x00000d36                __vector_91
                0x00000d36                __vector_62
                0x00000d36                __vector_77
                0x00000d36                __vector_102
                0x00000d36                __vector_24
                0x00000d36                __vector_12
                0x00000d36                __vector_55
                0x00000d36                __vector_69
                0x00000d36                __vector_81
                0x00000d36                __vector_90
                0x00000d36                __vector_46
                0x00000d36                __bad_interrupt
                0x00000d36                __vector_122
                0x00000d36                __vector_72
                0x00000d36                __vector_114
                0x00000d36                __vector_6
                0x00000d36                __vector_110
                0x00000d36                __vector_31
                0x00000d36                __vector_92
                0x00000d36                __vector_35
                0x00000d36                __vector_78
                0x00000d36                __vector_74
                0x00000d36                __vector_117
                0x00000d36                __vector_39
                0x00000d36                __vector_107
                0x00000d36                __vector_3
                0x00000d36                __vector_105
                0x00000d36                __vector_98
                0x00000d36                __vector_23
                0x00000d36                __vector_68
                0x00000d36                __vector_30
                0x00000d36                __vector_73
                0x00000d36                __vector_45
                0x00000d36                __vector_25
                0x00000d36                __vector_93
                0x00000d36                __vector_61
                0x00000d36                __vector_11
                0x00000d36                __vector_54
                0x00000d36                __vector_99
                0x00000d36                __vector_13
                0x00000d36                __vector_17
                0x00000d36                __vector_19
                0x00000d36                __vector_56
                0x00000d36                __vector_7
                0x00000d36                __vector_125
                0x00000d36                __vector_49
                0x00000d36                __vector_123
                0x00000d36                __vector_41
                0x00000d36                __vector_86
                0x00000d36                __vector_100
                0x00000d36                __vector_101
                0x00000d36                __vector_64
                0x00000d36                __vector_109
                0x00000d36                __vector_43
                0x00000d36                __vector_27
                0x00000d36                __vector_5
                0x00000d36                __vector_113
                0x00000d36                __vector_33
                0x00000d36                __vector_76
                0x00000d36                __vector_115
                0x00000d36                __vector_47
                0x00000d36                __vector_52
                0x00000d36                __vector_37
                0x00000d36                __vector_95
                0x00000d36                __vector_103
                0x00000d36                __vector_96
                0x00000d36                __vector_89
                0x00000d36                __vector_108
                0x00000d36                __vector_4
                0x00000d36                __vector_44
                0x00000d36                __vector_82
                0x00000d36                __vector_106
                0x00000d36                __vector_118
                0x00000d36                __vector_51
                0x00000d36                __vector_9
                0x00000d36                __vector_2
                0x00000d36                __vector_21
                0x00000d36                __vector_15
                0x00000d36                __vector_36
                0x00000d36                __vector_79
                0x00000d36                __vector_58
                0x00000d36                __vector_70
                0x00000d36                __vector_83
                0x00000d36                __vector_29
                0x00000d36                __vector_60
                0x00000d36                __vector_121
                0x00000d36                __vector_40
                0x00000d36                __vector_85
                0x00000d36                __vector_94
                0x00000d36                __vector_126
                0x00000d36                __vector_8
                0x00000d36                __vector_26
                0x00000d36                __vector_48
                0x00000d36                __vector_124
                0x00000d36                __vector_116
                0x00000d36                __vector_112
                0x00000d36                __vector_111
                0x00000d36                __vector_80
                0x00000d36                __vector_84
                0x00000d36                __vector_57
                0x00000d36                __vector_53
                0x00000d36                __vector_50
                0x00000d36                __vector_16
                0x00000d36                __vector_59
                0x00000d36                __vector_18
                0x00000d36                __vector_97
                0x00000d36                __vector_42
                0x00000d36                __vector_87
                0x00000d36                __vector_65
                0x00000d36                __vector_120
                0x00000d38                . = ALIGN (0x2)
 *(.text.*)
 .text.clock_setup_32_mhz
                0x00000d38       0x1c drivers/clock/clock.o
                0x00000d38                clock_setup_32_mhz
 .text.esp8266_off
                0x00000d54        0xa drivers/esp8266/esp8266.o
                0x00000d54                esp8266_off
 .text.__vector_88
                0x00000d5e      0x154 drivers/esp8266/esp8266.o
                0x00000d5e                __vector_88
 .text.ht1632c_draw_pixel
                0x00000eb2       0xe0 drivers/ht1632c/ht1632c.o
                0x00000eb2                ht1632c_draw_pixel
 .text.ht1632c_draw_filled_rect
                0x00000f92       0x7c drivers/ht1632c/ht1632c.o
                0x00000f92                ht1632c_draw_filled_rect
 .text.ht1632c_write_data
                0x0000100e       0x4e drivers/ht1632c/ht1632c.o
                0x0000100e                ht1632c_write_data
 .text.ht1632c_refresh_screen
                0x0000105c       0x56 drivers/ht1632c/ht1632c.o
                0x0000105c                ht1632c_refresh_screen
 .text.ht1632c_fill_screen
                0x000010b2       0x16 drivers/ht1632c/ht1632c.o
                0x000010b2                ht1632c_fill_screen
 .text.ht1632c_clear_screen
                0x000010c8       0x14 drivers/ht1632c/ht1632c.o
                0x000010c8                ht1632c_clear_screen
 .text.ht1632c_send_command
                0x000010dc       0x24 drivers/ht1632c/ht1632c.o
                0x000010dc                ht1632c_send_command
 .text.ht1632c_setup
                0x00001100       0x38 drivers/ht1632c/ht1632c.o
                0x00001100                ht1632c_setup
 .text.ht1632c_set_brightness
                0x00001138        0xc drivers/ht1632c/ht1632c.o
                0x00001138                ht1632c_set_brightness
 .text.ht1632c_draw_char
                0x00001144       0xfa drivers/ht1632c/ht1632c.o
                0x00001144                ht1632c_draw_char
 .text.ht1632c_draw_char_small
                0x0000123e      0x104 drivers/ht1632c/ht1632c.o
                0x0000123e                ht1632c_draw_char_small
 .text.ht1632c_shift_left
                0x00001342       0x90 drivers/ht1632c/ht1632c.o
                0x00001342                ht1632c_shift_left
 .text.ht1632c_slide_in_from_right
                0x000013d2       0xf6 drivers/ht1632c/ht1632c.o
                0x000013d2                ht1632c_slide_in_from_right
 .text.ht1632c_slide_out_to_left
                0x000014c8        0xe drivers/ht1632c/ht1632c.o
                0x000014c8                ht1632c_slide_out_to_left
 .text.ht1632c_shift_right
                0x000014d6       0x86 drivers/ht1632c/ht1632c.o
                0x000014d6                ht1632c_shift_right
 .text.ht1632c_slide_in_from_left
                0x0000155c       0xec drivers/ht1632c/ht1632c.o
                0x0000155c                ht1632c_slide_in_from_left
 .text.ht1632c_slide_out_to_right
                0x00001648        0xe drivers/ht1632c/ht1632c.o
                0x00001648                ht1632c_slide_out_to_right
 .text.btn_setup
                0x00001656       0x34 drivers/port/port.o
                0x00001656                btn_setup
 .text.btn_check_press
                0x0000168a       0x34 drivers/port/port.o
                0x0000168a                btn_check_press
 .text.__vector_66
                0x000016be       0x52 drivers/port/port.o
                0x000016be                __vector_66
 .text.__vector_34
                0x00001710       0x52 drivers/port/port.o
                0x00001710                __vector_34
 .text.__vector_67
                0x00001762       0x4e drivers/port/port.o
                0x00001762                __vector_67
 .text.rtc_setup
                0x000017b0       0x34 drivers/rtc/rtc.o
                0x000017b0                rtc_setup
 .text.rtc_disable_time_render
                0x000017e4        0x6 drivers/rtc/rtc.o
                0x000017e4                rtc_disable_time_render
 .text.rtc_update_display
                0x000017ea       0x94 drivers/rtc/rtc.o
                0x000017ea                rtc_update_display
 .text.rtc_init_time
                0x0000187e       0x3c drivers/rtc/rtc.o
                0x0000187e                rtc_init_time
 .text.rtc_enable_time_render
                0x000018ba       0x18 drivers/rtc/rtc.o
                0x000018ba                rtc_enable_time_render
 .text.rtc_set_time
                0x000018d2       0x3e drivers/rtc/rtc.o
                0x000018d2                rtc_set_time
 .text.__vector_10
                0x00001910      0x124 drivers/rtc/rtc.o
                0x00001910                __vector_10
 .text._sendCmd
                0x00001a34       0xb0 drivers/sensors/si114x/Si114x_functions.o
 .text.si114x_get_data
                0x00001ae4       0xe8 drivers/sensors/si114x/Si114x_functions.o
                0x00001ae4                si114x_get_data
 .text.Si114xNop
                0x00001bcc        0x6 drivers/sensors/si114x/Si114x_functions.o
                0x00001bcc                Si114xNop
 .text.Si114xPsAlsAuto
                0x00001bd2        0x6 drivers/sensors/si114x/Si114x_functions.o
                0x00001bd2                Si114xPsAlsAuto
 .text.Si114xParamSet
                0x00001bd8       0x80 drivers/sensors/si114x/Si114x_functions.o
                0x00001bd8                Si114xParamSet
 .text.Si114xPauseAll
                0x00001c58       0x3a drivers/sensors/si114x/Si114x_functions.o
                0x00001c58                Si114xPauseAll
 .text.si114x_reset
                0x00001c92       0x86 drivers/sensors/si114x/Si114x_functions.o
                0x00001c92                si114x_reset
 .text.si114x_init
                0x00001d18      0x170 drivers/sensors/si114x/Si114x_functions.o
                0x00001d18                si114x_init
 .text.si114x_setup
                0x00001e88       0x44 drivers/sensors/si114x/Si114x_functions.o
                0x00001e88                si114x_setup
 .text.isIRStable
                0x00001ecc      0x104 drivers/sensors/si114x/Si114x_handler.o
                0x00001ecc                isIRStable
 .text.IRCompensation
                0x00001fd0       0xd8 drivers/sensors/si114x/Si114x_handler.o
                0x00001fd0                IRCompensation
 .text.calcBaseline
                0x000020a8      0x204 drivers/sensors/si114x/Si114x_handler.o
                0x000020a8                calcBaseline
 .text.si114x_process_samples
                0x000022ac      0x1e4 drivers/sensors/si114x/Si114x_handler.o
                0x000022ac                si114x_process_samples
 .text.PortSet  0x00002490        0x2 drivers/sensors/si114x/Si114x_sys_out.o
                0x00002490                PortSet
 .text.Si114xWriteToRegister
                0x00002492       0x3a drivers/sensors/si114x/Si114x_sys_out.o
                0x00002492                Si114xWriteToRegister
 .text.Si114xReadFromRegister
                0x000024cc       0x38 drivers/sensors/si114x/Si114x_sys_out.o
                0x000024cc                Si114xReadFromRegister
 .text.Si114xBlockWrite
                0x00002504       0x20 drivers/sensors/si114x/Si114x_sys_out.o
                0x00002504                Si114xBlockWrite
 .text.delay_10ms
                0x00002524       0x14 drivers/sensors/si114x/Si114x_sys_out.o
                0x00002524                delay_10ms
 .text.QS_Counts_to_Distance
                0x00002538      0x23e drivers/sensors/si114x/slider_algorithm.o
                0x00002538                QS_Counts_to_Distance
 .text.SliderAlgorithm
                0x00002776      0x3ac drivers/sensors/si114x/slider_algorithm.o
                0x00002776                SliderAlgorithm
 .text.twi_setup
                0x00002b22       0x14 drivers/sercom/sercom.o
                0x00002b22                twi_setup
 .text.twi_start_transmission
                0x00002b36       0x5e drivers/sercom/sercom.o
                0x00002b36                twi_start_transmission
 .text.twi_send_byte
                0x00002b94       0x20 drivers/sercom/sercom.o
                0x00002b94                twi_send_byte
 .text.twi_receive_byte
                0x00002bb4       0x54 drivers/sercom/sercom.o
                0x00002bb4                twi_receive_byte
 .text.twi_read_packet
                0x00002c08       0x8a drivers/sercom/sercom.o
                0x00002c08                twi_read_packet
 .text.twi_write_packet
                0x00002c92       0x64 drivers/sercom/sercom.o
                0x00002c92                twi_write_packet
 .text.__vector_14
                0x00002cf6       0xe0 fatfs/sound.o
                0x00002cf6                __vector_14
 .text.main     0x00002dd6       0xac main.o
                0x00002dd6                main
 .text.__vector_20
                0x00002e82       0x2e main.o
                0x00002e82                __vector_20
 .text.menu_state_machine
                0x00002eb0       0xee menu.o
                0x00002eb0                menu_state_machine
 .text.uart_setup
                0x00002f9e       0x26 uart.o
                0x00002f9e                uart_setup
 .text.uart_put_char
                0x00002fc4       0x10 uart.o
                0x00002fc4                uart_put_char
 .text.uart_get_char
                0x00002fd4       0x10 uart.o
                0x00002fd4                uart_get_char
 .text.libgcc.div
                0x00002fe4       0x26 c:/program files/atmel/atmel toolchain/avr8 gcc/native/3.4.1056/avr8-gnu-toolchain/bin/../lib/gcc/avr/4.8.1/avrxmega4\libgcc.a(_divmodhi4.o)
                0x00002fe4                _div
                0x00002fe4                __divmodhi4
 .text.libgcc.div
                0x0000300a       0x44 c:/program files/atmel/atmel toolchain/avr8 gcc/native/3.4.1056/avr8-gnu-toolchain/bin/../lib/gcc/avr/4.8.1/avrxmega4\libgcc.a(_udivmodsi4.o)
                0x0000300a                __udivmodsi4
 .text.libgcc.mul
                0x0000304e       0x1e c:/program files/atmel/atmel toolchain/avr8 gcc/native/3.4.1056/avr8-gnu-toolchain/bin/../lib/gcc/avr/4.8.1/avrxmega4\libgcc.a(_umulhisi3.o)
                0x0000304e                __umulhisi3
 .text.libgcc.mul
                0x0000306c       0x14 c:/program files/atmel/atmel toolchain/avr8 gcc/native/3.4.1056/avr8-gnu-toolchain/bin/../lib/gcc/avr/4.8.1/avrxmega4\libgcc.a(_muluhisi3.o)
                0x0000306c                __muluhisi3
 .text.libgcc.div
                0x00003080       0x28 c:/program files/atmel/atmel toolchain/avr8 gcc/native/3.4.1056/avr8-gnu-toolchain/bin/../lib/gcc/avr/4.8.1/avrxmega4\libgcc.a(_udivmodhi4.o)
                0x00003080                __udivmodhi4
 .text.avr-libc
                0x000030a8       0x16 c:/program files/atmel/atmel toolchain/avr8 gcc/native/3.4.1056/avr8-gnu-toolchain/bin/../lib/gcc/avr/4.8.1/../../../../avr/lib/avrxmega4\libc.a(strchr.o)
                0x000030a8                strchr
 .text.avr-libc
                0x000030be       0x1e c:/program files/atmel/atmel toolchain/avr8 gcc/native/3.4.1056/avr8-gnu-toolchain/bin/../lib/gcc/avr/4.8.1/../../../../avr/lib/avrxmega4\libc.a(strncpy.o)
                0x000030be                strncpy
 .text.avr-libc
                0x000030dc       0x34 c:/program files/atmel/atmel toolchain/avr8 gcc/native/3.4.1056/avr8-gnu-toolchain/bin/../lib/gcc/avr/4.8.1/../../../../avr/lib/avrxmega4\libc.a(strstr.o)
                0x000030dc                strstr
 .text.avr-libc
                0x00003110       0x22 c:/program files/atmel/atmel toolchain/avr8 gcc/native/3.4.1056/avr8-gnu-toolchain/bin/../lib/gcc/avr/4.8.1/../../../../avr/lib/avrxmega4\libc.a(printf.o)
                0x00003110                printf
 .text.avr-libc
                0x00003132       0x5a c:/program files/atmel/atmel toolchain/avr8 gcc/native/3.4.1056/avr8-gnu-toolchain/bin/../lib/gcc/avr/4.8.1/../../../../avr/lib/avrxmega4\libc.a(puts.o)
                0x00003132                puts
 .text.avr-libc
                0x0000318c       0x50 c:/program files/atmel/atmel toolchain/avr8 gcc/native/3.4.1056/avr8-gnu-toolchain/bin/../lib/gcc/avr/4.8.1/../../../../avr/lib/avrxmega4\libc.a(sprintf.o)
                0x0000318c                sprintf
 .text.avr-libc
                0x000031dc      0x3d0 c:/program files/atmel/atmel toolchain/avr8 gcc/native/3.4.1056/avr8-gnu-toolchain/bin/../lib/gcc/avr/4.8.1/../../../../avr/lib/avrxmega4\libc.a(vfprintf_std.o)
                0x000031dc                vfprintf
 .text.avr-libc
                0x000035ac       0x16 c:/program files/atmel/atmel toolchain/avr8 gcc/native/3.4.1056/avr8-gnu-toolchain/bin/../lib/gcc/avr/4.8.1/../../../../avr/lib/avrxmega4\libc.a(strnlen_P.o)
                0x000035ac                strnlen_P
 .text.avr-libc
                0x000035c2       0x16 c:/program files/atmel/atmel toolchain/avr8 gcc/native/3.4.1056/avr8-gnu-toolchain/bin/../lib/gcc/avr/4.8.1/../../../../avr/lib/avrxmega4\libc.a(strnlen.o)
                0x000035c2                strnlen
 .text.avr-libc
                0x000035d8       0x64 c:/program files/atmel/atmel toolchain/avr8 gcc/native/3.4.1056/avr8-gnu-toolchain/bin/../lib/gcc/avr/4.8.1/../../../../avr/lib/avrxmega4\libc.a(fputc.o)
                0x000035d8                fputc
 .text.avr-libc
                0x0000363c       0xbc c:/program files/atmel/atmel toolchain/avr8 gcc/native/3.4.1056/avr8-gnu-toolchain/bin/../lib/gcc/avr/4.8.1/../../../../avr/lib/avrxmega4\libc.a(ultoa_invert.o)
                0x0000363c                __ultoa_invert
                0x000036f8                . = ALIGN (0x2)
 *(.fini9)
 .fini9         0x000036f8        0x0 c:/program files/atmel/atmel toolchain/avr8 gcc/native/3.4.1056/avr8-gnu-toolchain/bin/../lib/gcc/avr/4.8.1/avrxmega4\libgcc.a(_exit.o)
                0x000036f8                _exit
                0x000036f8                exit
 *(.fini9)
 *(.fini8)
 *(.fini8)
 *(.fini7)
 *(.fini7)
 *(.fini6)
 *(.fini6)
 *(.fini5)
 *(.fini5)
 *(.fini4)
 *(.fini4)
 *(.fini3)
 *(.fini3)
 *(.fini2)
 *(.fini2)
 *(.fini1)
 *(.fini1)
 *(.fini0)
 .fini0         0x000036f8        0x4 c:/program files/atmel/atmel toolchain/avr8 gcc/native/3.4.1056/avr8-gnu-toolchain/bin/../lib/gcc/avr/4.8.1/avrxmega4\libgcc.a(_exit.o)
 *(.fini0)
                0x000036fc                _etext = .

.data           0x00802000      0x814 load address 0x000036fc
                0x00802000                PROVIDE (__data_start, .)
 *(.data)
 .data          0x00802000        0x0 c:/program files/atmel/atmel toolchain/avr8 gcc/native/3.4.1056/avr8-gnu-toolchain/bin/../lib/gcc/avr/4.8.1/../../../../avr/lib/avrxmega4/crtx64a4u.o
 .data          0x00802000        0x0 4x6_font.o
 .data          0x00802000        0x0 drivers/adc/adc.o
 .data          0x00802000        0x0 drivers/clock/clock.o
 .data          0x00802000        0x0 drivers/dma/dma.o
 .data          0x00802000        0x0 drivers/eeprom/eeprom.o
 .data          0x00802000        0x0 drivers/esp8266/esp8266.o
 .data          0x00802000        0x0 drivers/ht1632c/ht1632c.o
 .data          0x00802000        0x0 drivers/port/port.o
 .data          0x00802000        0x0 drivers/power/power.o
 .data          0x00802000        0x0 drivers/rtc/rtc.o
 .data          0x00802000        0x0 drivers/sensors/si114x/Si114x_functions.o
 .data          0x00802000        0x0 drivers/sensors/si114x/Si114x_handler.o
 .data          0x00802000        0x0 drivers/sensors/si114x/Si114x_sys_out.o
 .data          0x00802000        0x0 drivers/sensors/si114x/slider_algorithm.o
 .data          0x00802000        0x0 drivers/sercom/sercom.o
 .data          0x00802000        0x0 fatfs/ff.o
 .data          0x00802000        0x0 fatfs/mmc_avr.o
 .data          0x00802000        0x0 fatfs/sound.o
 .data          0x00802000        0x0 json/jsmn.o
 .data          0x00802000        0x0 main.o
 .data          0x00802000        0x0 menu.o
 .data          0x00802000        0x0 uart.o
 .data          0x00802000        0x0 c:/program files/atmel/atmel toolchain/avr8 gcc/native/3.4.1056/avr8-gnu-toolchain/bin/../lib/gcc/avr/4.8.1/../../../../avr/lib/avrxmega4\libm.a(fixsfsi.o)
 .data          0x00802000        0x0 c:/program files/atmel/atmel toolchain/avr8 gcc/native/3.4.1056/avr8-gnu-toolchain/bin/../lib/gcc/avr/4.8.1/../../../../avr/lib/avrxmega4\libm.a(fixunssfsi.o)
 .data          0x00802000        0x0 c:/program files/atmel/atmel toolchain/avr8 gcc/native/3.4.1056/avr8-gnu-toolchain/bin/../lib/gcc/avr/4.8.1/../../../../avr/lib/avrxmega4\libm.a(floatsisf.o)
 .data          0x00802000        0x0 c:/program files/atmel/atmel toolchain/avr8 gcc/native/3.4.1056/avr8-gnu-toolchain/bin/../lib/gcc/avr/4.8.1/../../../../avr/lib/avrxmega4\libm.a(fp_split3.o)
 .data          0x00802000        0x0 c:/program files/atmel/atmel toolchain/avr8 gcc/native/3.4.1056/avr8-gnu-toolchain/bin/../lib/gcc/avr/4.8.1/../../../../avr/lib/avrxmega4\libm.a(fp_zero.o)
 .data          0x00802000        0x0 c:/program files/atmel/atmel toolchain/avr8 gcc/native/3.4.1056/avr8-gnu-toolchain/bin/../lib/gcc/avr/4.8.1/../../../../avr/lib/avrxmega4\libm.a(mulsf3.o)
 .data          0x00802000        0x0 c:/program files/atmel/atmel toolchain/avr8 gcc/native/3.4.1056/avr8-gnu-toolchain/bin/../lib/gcc/avr/4.8.1/../../../../avr/lib/avrxmega4\libm.a(mulsf3x.o)
 .data          0x00802000        0x0 c:/program files/atmel/atmel toolchain/avr8 gcc/native/3.4.1056/avr8-gnu-toolchain/bin/../lib/gcc/avr/4.8.1/../../../../avr/lib/avrxmega4\libm.a(fp_inf.o)
 .data          0x00802000        0x0 c:/program files/atmel/atmel toolchain/avr8 gcc/native/3.4.1056/avr8-gnu-toolchain/bin/../lib/gcc/avr/4.8.1/../../../../avr/lib/avrxmega4\libm.a(fp_nan.o)
 .data          0x00802000        0x0 c:/program files/atmel/atmel toolchain/avr8 gcc/native/3.4.1056/avr8-gnu-toolchain/bin/../lib/gcc/avr/4.8.1/../../../../avr/lib/avrxmega4\libm.a(fp_pscA.o)
 .data          0x00802000        0x0 c:/program files/atmel/atmel toolchain/avr8 gcc/native/3.4.1056/avr8-gnu-toolchain/bin/../lib/gcc/avr/4.8.1/../../../../avr/lib/avrxmega4\libm.a(fp_pscB.o)
 .data          0x00802000        0x0 c:/program files/atmel/atmel toolchain/avr8 gcc/native/3.4.1056/avr8-gnu-toolchain/bin/../lib/gcc/avr/4.8.1/../../../../avr/lib/avrxmega4\libm.a(fp_round.o)
 .data          0x00802000        0x0 c:/program files/atmel/atmel toolchain/avr8 gcc/native/3.4.1056/avr8-gnu-toolchain/bin/../lib/gcc/avr/4.8.1/avrxmega4\libgcc.a(_divmodhi4.o)
 .data          0x00802000        0x0 c:/program files/atmel/atmel toolchain/avr8 gcc/native/3.4.1056/avr8-gnu-toolchain/bin/../lib/gcc/avr/4.8.1/avrxmega4\libgcc.a(_udivmodsi4.o)
 .data          0x00802000        0x0 c:/program files/atmel/atmel toolchain/avr8 gcc/native/3.4.1056/avr8-gnu-toolchain/bin/../lib/gcc/avr/4.8.1/avrxmega4\libgcc.a(_exit.o)
 .data          0x00802000        0x0 c:/program files/atmel/atmel toolchain/avr8 gcc/native/3.4.1056/avr8-gnu-toolchain/bin/../lib/gcc/avr/4.8.1/avrxmega4\libgcc.a(_tablejump.o)
 .data          0x00802000        0x0 c:/program files/atmel/atmel toolchain/avr8 gcc/native/3.4.1056/avr8-gnu-toolchain/bin/../lib/gcc/avr/4.8.1/avrxmega4\libgcc.a(_copy_data.o)
 .data          0x00802000        0x0 c:/program files/atmel/atmel toolchain/avr8 gcc/native/3.4.1056/avr8-gnu-toolchain/bin/../lib/gcc/avr/4.8.1/avrxmega4\libgcc.a(_clear_bss.o)
 .data          0x00802000        0x0 c:/program files/atmel/atmel toolchain/avr8 gcc/native/3.4.1056/avr8-gnu-toolchain/bin/../lib/gcc/avr/4.8.1/avrxmega4\libgcc.a(_umulhisi3.o)
 .data          0x00802000        0x0 c:/program files/atmel/atmel toolchain/avr8 gcc/native/3.4.1056/avr8-gnu-toolchain/bin/../lib/gcc/avr/4.8.1/avrxmega4\libgcc.a(_muluhisi3.o)
 .data          0x00802000        0x0 c:/program files/atmel/atmel toolchain/avr8 gcc/native/3.4.1056/avr8-gnu-toolchain/bin/../lib/gcc/avr/4.8.1/avrxmega4\libgcc.a(_udivmodhi4.o)
 .data          0x00802000        0x4 c:/program files/atmel/atmel toolchain/avr8 gcc/native/3.4.1056/avr8-gnu-toolchain/bin/../lib/gcc/avr/4.8.1/../../../../avr/lib/avrxmega4\libc.a(rand.o)
 .data          0x00802004        0x0 c:/program files/atmel/atmel toolchain/avr8 gcc/native/3.4.1056/avr8-gnu-toolchain/bin/../lib/gcc/avr/4.8.1/../../../../avr/lib/avrxmega4\libc.a(atoi.o)
 .data          0x00802004        0x0 c:/program files/atmel/atmel toolchain/avr8 gcc/native/3.4.1056/avr8-gnu-toolchain/bin/../lib/gcc/avr/4.8.1/../../../../avr/lib/avrxmega4\libc.a(strtok.o)
 .data          0x00802004        0x0 c:/program files/atmel/atmel toolchain/avr8 gcc/native/3.4.1056/avr8-gnu-toolchain/bin/../lib/gcc/avr/4.8.1/../../../../avr/lib/avrxmega4\libc.a(memcpy.o)
 .data          0x00802004        0x0 c:/program files/atmel/atmel toolchain/avr8 gcc/native/3.4.1056/avr8-gnu-toolchain/bin/../lib/gcc/avr/4.8.1/../../../../avr/lib/avrxmega4\libc.a(strcat.o)
 .data          0x00802004        0x0 c:/program files/atmel/atmel toolchain/avr8 gcc/native/3.4.1056/avr8-gnu-toolchain/bin/../lib/gcc/avr/4.8.1/../../../../avr/lib/avrxmega4\libc.a(strchr.o)
 .data          0x00802004        0x0 c:/program files/atmel/atmel toolchain/avr8 gcc/native/3.4.1056/avr8-gnu-toolchain/bin/../lib/gcc/avr/4.8.1/../../../../avr/lib/avrxmega4\libc.a(strncpy.o)
 .data          0x00802004        0x0 c:/program files/atmel/atmel toolchain/avr8 gcc/native/3.4.1056/avr8-gnu-toolchain/bin/../lib/gcc/avr/4.8.1/../../../../avr/lib/avrxmega4\libc.a(strstr.o)
 .data          0x00802004        0x0 c:/program files/atmel/atmel toolchain/avr8 gcc/native/3.4.1056/avr8-gnu-toolchain/bin/../lib/gcc/avr/4.8.1/../../../../avr/lib/avrxmega4\libc.a(strtok_r.o)
 .data          0x00802004        0x0 c:/program files/atmel/atmel toolchain/avr8 gcc/native/3.4.1056/avr8-gnu-toolchain/bin/../lib/gcc/avr/4.8.1/../../../../avr/lib/avrxmega4\libc.a(itoa.o)
 .data          0x00802004        0x0 c:/program files/atmel/atmel toolchain/avr8 gcc/native/3.4.1056/avr8-gnu-toolchain/bin/../lib/gcc/avr/4.8.1/../../../../avr/lib/avrxmega4\libc.a(itoa_ncheck.o)
 .data          0x00802004        0x0 c:/program files/atmel/atmel toolchain/avr8 gcc/native/3.4.1056/avr8-gnu-toolchain/bin/../lib/gcc/avr/4.8.1/../../../../avr/lib/avrxmega4\libc.a(mul10.o)
 .data          0x00802004        0x0 c:/program files/atmel/atmel toolchain/avr8 gcc/native/3.4.1056/avr8-gnu-toolchain/bin/../lib/gcc/avr/4.8.1/../../../../avr/lib/avrxmega4\libc.a(utoa_ncheck.o)
 .data          0x00802004        0x0 c:/program files/atmel/atmel toolchain/avr8 gcc/native/3.4.1056/avr8-gnu-toolchain/bin/../lib/gcc/avr/4.8.1/../../../../avr/lib/avrxmega4\libc.a(iob.o)
 .data          0x00802004        0x0 c:/program files/atmel/atmel toolchain/avr8 gcc/native/3.4.1056/avr8-gnu-toolchain/bin/../lib/gcc/avr/4.8.1/../../../../avr/lib/avrxmega4\libc.a(printf.o)
 .data          0x00802004        0x0 c:/program files/atmel/atmel toolchain/avr8 gcc/native/3.4.1056/avr8-gnu-toolchain/bin/../lib/gcc/avr/4.8.1/../../../../avr/lib/avrxmega4\libc.a(puts.o)
 .data          0x00802004        0x0 c:/program files/atmel/atmel toolchain/avr8 gcc/native/3.4.1056/avr8-gnu-toolchain/bin/../lib/gcc/avr/4.8.1/../../../../avr/lib/avrxmega4\libc.a(sprintf.o)
 .data          0x00802004        0x0 c:/program files/atmel/atmel toolchain/avr8 gcc/native/3.4.1056/avr8-gnu-toolchain/bin/../lib/gcc/avr/4.8.1/../../../../avr/lib/avrxmega4\libc.a(vfprintf_std.o)
 .data          0x00802004        0x0 c:/program files/atmel/atmel toolchain/avr8 gcc/native/3.4.1056/avr8-gnu-toolchain/bin/../lib/gcc/avr/4.8.1/../../../../avr/lib/avrxmega4\libc.a(strnlen_P.o)
 .data          0x00802004        0x0 c:/program files/atmel/atmel toolchain/avr8 gcc/native/3.4.1056/avr8-gnu-toolchain/bin/../lib/gcc/avr/4.8.1/../../../../avr/lib/avrxmega4\libc.a(strnlen.o)
 .data          0x00802004        0x0 c:/program files/atmel/atmel toolchain/avr8 gcc/native/3.4.1056/avr8-gnu-toolchain/bin/../lib/gcc/avr/4.8.1/../../../../avr/lib/avrxmega4\libc.a(strrev.o)
 .data          0x00802004        0x0 c:/program files/atmel/atmel toolchain/avr8 gcc/native/3.4.1056/avr8-gnu-toolchain/bin/../lib/gcc/avr/4.8.1/../../../../avr/lib/avrxmega4\libc.a(fputc.o)
 .data          0x00802004        0x0 c:/program files/atmel/atmel toolchain/avr8 gcc/native/3.4.1056/avr8-gnu-toolchain/bin/../lib/gcc/avr/4.8.1/../../../../avr/lib/avrxmega4\libc.a(ultoa_invert.o)
 .data          0x00802004        0x0 c:/program files/atmel/atmel toolchain/avr8 gcc/native/3.4.1056/avr8-gnu-toolchain/bin/../lib/gcc/avr/4.8.1/avrxmega4\libgcc.a(_divmodsi4.o)
 .data          0x00802004        0x0 c:/program files/atmel/atmel toolchain/avr8 gcc/native/3.4.1056/avr8-gnu-toolchain/bin/../lib/gcc/avr/4.8.1/avrxmega4\libgcc.a(_negsi2.o)
 .data          0x00802004        0x0 c:/program files/atmel/atmel toolchain/avr8 gcc/native/3.4.1056/avr8-gnu-toolchain/bin/../lib/gcc/avr/4.8.1/avrxmega4\libgcc.a(_mulshisi3.o)
 *(.data*)
 .data.disp_time
                0x00802004        0x1 drivers/rtc/rtc.o
                0x00802004                disp_time
 .data.ircorrection
                0x00802005        0x3 drivers/sensors/si114x/Si114x_handler.o
                0x00802005                ircorrection
 .data.scale    0x00802008        0x2 drivers/sensors/si114x/Si114x_handler.o
                0x00802008                scale
 .data.noise_margin
                0x0080200a        0x2 drivers/sensors/si114x/Si114x_handler.o
                0x0080200a                noise_margin
 .data.initial_baseline_counter
                0x0080200c        0x1 drivers/sensors/si114x/Si114x_handler.o
                0x0080200c                initial_baseline_counter
 .data.out_of_range.4368
                0x0080200d        0x1 drivers/sensors/si114x/slider_algorithm.o
 .data.mystdout
                0x0080200e        0xe main.o
 *(.rodata)
 .rodata        0x0080201c       0x9a drivers/sensors/si114x/slider_algorithm.o
 *(.rodata*)
 .rodata.str1.1
                0x008020b6      0x5c2 drivers/esp8266/esp8266.o
                                0x5c9 (size before relaxing)
 .rodata.str1.1
                0x00802678        0x9 drivers/rtc/rtc.o
 .rodata.str1.1
                0x00802681       0x21 drivers/sensors/si114x/Si114x_functions.o
 .rodata.str1.1
                0x008026a2       0x96 drivers/sensors/si114x/Si114x_handler.o
 .rodata.str1.1
                0x00802738       0x69 drivers/sensors/si114x/slider_algorithm.o
 .rodata.str1.1
                0x008027a1       0x47 main.o
 .rodata.str1.1
                0x008027e8       0x2b menu.o
 *(.gnu.linkonce.d*)
                0x00802814                . = ALIGN (0x2)
 *fill*         0x00802813        0x1 
                0x00802814                _edata = .
                0x00802814                PROVIDE (__data_end, .)

.bss            0x00802814      0x1bb
                0x00802814                PROVIDE (__bss_start, .)
 *(.bss)
 *(.bss*)
 .bss.rx_buffer
                0x00802814       0xc8 drivers/esp8266/esp8266.o
 .bss.rx_ptr    0x008028dc        0x2 drivers/esp8266/esp8266.o
 .bss.got_reply
                0x008028de        0x1 drivers/esp8266/esp8266.o
                0x008028de                got_reply
 .bss.json_found
                0x008028df        0x1 drivers/esp8266/esp8266.o
                0x008028df                json_found
 .bss.ledmatrix
                0x008028e0       0x20 drivers/ht1632c/ht1632c.o
 .bss.Maxcount.1771
                0x00802900        0x3 drivers/sensors/si114x/Si114x_handler.o
 .bss.rollingMax.1770
                0x00802903        0x6 drivers/sensors/si114x/Si114x_handler.o
 .bss.dynamic_baseline.1773
                0x00802909        0x6 drivers/sensors/si114x/Si114x_handler.o
 .bss.IRlast.1752
                0x0080290f        0x4 drivers/sensors/si114x/Si114x_handler.o
 .bss.maxLeakage
                0x00802913        0x6 drivers/sensors/si114x/Si114x_handler.o
                0x00802913                maxLeakage
 .bss.LED_flash_timeout.4348
                0x00802919        0x2 drivers/sensors/si114x/slider_algorithm.o
 .bss.last_xbucket.4367
                0x0080291b        0x1 drivers/sensors/si114x/slider_algorithm.o
 .bss.LED_flash_pattern.4358
                0x0080291c        0x8 drivers/sensors/si114x/slider_algorithm.o
 .bss.LED_State.4359
                0x00802924        0x1 drivers/sensors/si114x/slider_algorithm.o
 .bss.Pause_gesture_timeout.4349
                0x00802925        0x2 drivers/sensors/si114x/slider_algorithm.o
 .bss.xenter.4370
                0x00802927        0x2 drivers/sensors/si114x/slider_algorithm.o
 .bss.SwipeStartTime.4350
                0x00802929        0x2 drivers/sensors/si114x/slider_algorithm.o
 .bss.xexit.4371
                0x0080292b        0x2 drivers/sensors/si114x/slider_algorithm.o
 .bss.xlast.4372
                0x0080292d        0x2 drivers/sensors/si114x/slider_algorithm.o
 .bss.counter   0x0080292f        0x2 main.o
 *(COMMON)
 COMMON         0x00802931       0x46 drivers/esp8266/esp8266.o
                0x00802931                ip_address
                0x00802944                telnet_cmd
                0x00802976                status
 COMMON         0x00802977        0x1 drivers/port/port.o
                0x00802977                btn_status
 COMMON         0x00802978        0x8 drivers/rtc/rtc.o
                0x00802978                time
 COMMON         0x00802980        0x6 drivers/sensors/si114x/Si114x_handler.o
                0x00802980                baseline
 COMMON         0x00802986       0x43 fatfs/sound.o
                0x00802986                full
                0x00802987                fht_array
                0x008029c7                WavFifo
 COMMON         0x008029c9        0x6 c:/program files/atmel/atmel toolchain/avr8 gcc/native/3.4.1056/avr8-gnu-toolchain/bin/../lib/gcc/avr/4.8.1/../../../../avr/lib/avrxmega4\libc.a(iob.o)
                0x008029c9                __iob
                0x008029cf                PROVIDE (__bss_end, .)
                0x000036fc                __data_load_start = LOADADDR (.data)
                0x00003f10                __data_load_end = (__data_load_start + SIZEOF (.data))

.noinit         0x008029cf        0x0
                0x008029cf                PROVIDE (__noinit_start, .)
 *(.noinit*)
                0x008029cf                PROVIDE (__noinit_end, .)
                0x008029cf                _end = .
                0x008029cf                PROVIDE (__heap_start, .)

.eeprom         0x00810000        0x0
 *(.eeprom*)
                0x00810000                __eeprom_end = .

.fuse
 *(.fuse)
 *(.lfuse)
 *(.hfuse)
 *(.efuse)

.lock
 *(.lock*)

.signature
 *(.signature*)

.user_signatures
 *(.user_signatures*)

.stab
 *(.stab)

.stabstr
 *(.stabstr)

.stab.excl
 *(.stab.excl)

.stab.exclstr
 *(.stab.exclstr)

.stab.index
 *(.stab.index)

.stab.indexstr
 *(.stab.indexstr)

.comment        0x00000000       0x5c
 *(.comment)
 .comment       0x00000000       0x30 4x6_font.o
                                 0x31 (size before relaxing)
 .comment       0x00000000       0x31 drivers/adc/adc.o
 .comment       0x00000000       0x31 drivers/clock/clock.o
 .comment       0x00000000       0x31 drivers/dma/dma.o
 .comment       0x00000000       0x31 drivers/eeprom/eeprom.o
 .comment       0x00000000       0x31 drivers/esp8266/esp8266.o
 .comment       0x00000000       0x31 drivers/ht1632c/ht1632c.o
 .comment       0x00000000       0x31 drivers/port/port.o
 .comment       0x00000000       0x31 drivers/power/power.o
 .comment       0x00000000       0x31 drivers/rtc/rtc.o
 .comment       0x00000000       0x31 drivers/sensors/si114x/Si114x_functions.o
 .comment       0x00000000       0x31 drivers/sensors/si114x/Si114x_handler.o
 .comment       0x00000000       0x31 drivers/sensors/si114x/Si114x_sys_out.o
 .comment       0x00000000       0x31 drivers/sensors/si114x/slider_algorithm.o
 .comment       0x00000000       0x31 drivers/sercom/sercom.o
 .comment       0x00000000       0x31 fatfs/ff.o
 .comment       0x00000000       0x31 fatfs/mmc_avr.o
 .comment       0x00000000       0x31 fatfs/sound.o
 .comment       0x00000000       0x31 json/jsmn.o
 .comment       0x00000000       0x31 main.o
 .comment       0x00000000       0x31 menu.o
 .comment       0x00000000       0x31 uart.o
 .comment       0x00000000       0x31 c:/program files/atmel/atmel toolchain/avr8 gcc/native/3.4.1056/avr8-gnu-toolchain/bin/../lib/gcc/avr/4.8.1/../../../../avr/lib/avrxmega4\libc.a(rand.o)
 .comment       0x00000000       0x31 c:/program files/atmel/atmel toolchain/avr8 gcc/native/3.4.1056/avr8-gnu-toolchain/bin/../lib/gcc/avr/4.8.1/../../../../avr/lib/avrxmega4\libc.a(strtok.o)
 .comment       0x00000000       0x31 c:/program files/atmel/atmel toolchain/avr8 gcc/native/3.4.1056/avr8-gnu-toolchain/bin/../lib/gcc/avr/4.8.1/../../../../avr/lib/avrxmega4\libc.a(iob.o)
 .comment       0x00000000       0x31 c:/program files/atmel/atmel toolchain/avr8 gcc/native/3.4.1056/avr8-gnu-toolchain/bin/../lib/gcc/avr/4.8.1/../../../../avr/lib/avrxmega4\libc.a(printf.o)
 .comment       0x00000000       0x31 c:/program files/atmel/atmel toolchain/avr8 gcc/native/3.4.1056/avr8-gnu-toolchain/bin/../lib/gcc/avr/4.8.1/../../../../avr/lib/avrxmega4\libc.a(puts.o)
 .comment       0x00000000       0x31 c:/program files/atmel/atmel toolchain/avr8 gcc/native/3.4.1056/avr8-gnu-toolchain/bin/../lib/gcc/avr/4.8.1/../../../../avr/lib/avrxmega4\libc.a(sprintf.o)
 .comment       0x00000030       0x2c c:/program files/atmel/atmel toolchain/avr8 gcc/native/3.4.1056/avr8-gnu-toolchain/bin/../lib/gcc/avr/4.8.1/../../../../avr/lib/avrxmega4\libc.a(vfprintf_std.o)
                                 0x2d (size before relaxing)
 .comment       0x00000000       0x31 c:/program files/atmel/atmel toolchain/avr8 gcc/native/3.4.1056/avr8-gnu-toolchain/bin/../lib/gcc/avr/4.8.1/../../../../avr/lib/avrxmega4\libc.a(fputc.o)

.note.gnu.build-id
 *(.note.gnu.build-id)

.debug
 *(.debug)

.line
 *(.line)

.debug_srcinfo
 *(.debug_srcinfo)

.debug_sfnames
 *(.debug_sfnames)

.debug_aranges  0x00000000      0x918
 *(.debug_aranges)
 .debug_aranges
                0x00000000       0x18 4x6_font.o
 .debug_aranges
                0x00000018       0x38 drivers/adc/adc.o
 .debug_aranges
                0x00000050       0x48 drivers/clock/clock.o
 .debug_aranges
                0x00000098       0xa8 drivers/dma/dma.o
 .debug_aranges
                0x00000140       0x68 drivers/eeprom/eeprom.o
 .debug_aranges
                0x000001a8       0x70 drivers/esp8266/esp8266.o
 .debug_aranges
                0x00000218      0x130 drivers/ht1632c/ht1632c.o
 .debug_aranges
                0x00000348       0x50 drivers/port/port.o
 .debug_aranges
                0x00000398       0x20 drivers/power/power.o
 .debug_aranges
                0x000003b8       0x90 drivers/rtc/rtc.o
 .debug_aranges
                0x00000448       0x90 drivers/sensors/si114x/Si114x_functions.o
 .debug_aranges
                0x000004d8       0x38 drivers/sensors/si114x/Si114x_handler.o
 .debug_aranges
                0x00000510       0x50 drivers/sensors/si114x/Si114x_sys_out.o
 .debug_aranges
                0x00000560       0x28 drivers/sensors/si114x/slider_algorithm.o
 .debug_aranges
                0x00000588       0x78 drivers/sercom/sercom.o
 .debug_aranges
                0x00000600      0x190 fatfs/ff.o
 .debug_aranges
                0x00000790       0x78 fatfs/mmc_avr.o
 .debug_aranges
                0x00000808       0x40 fatfs/sound.o
 .debug_aranges
                0x00000848       0x28 json/jsmn.o
 .debug_aranges
                0x00000870       0x38 main.o
 .debug_aranges
                0x000008a8       0x30 menu.o
 .debug_aranges
                0x000008d8       0x40 uart.o

.debug_pubnames
 *(.debug_pubnames)

.debug_info     0x00000000    0x13dfd
 *(.debug_info .gnu.linkonce.wi.*)
 .debug_info    0x00000000      0x150 4x6_font.o
 .debug_info    0x00000150      0x8b1 drivers/adc/adc.o
 .debug_info    0x00000a01      0x236 drivers/clock/clock.o
 .debug_info    0x00000c37      0x959 drivers/dma/dma.o
 .debug_info    0x00001590      0x505 drivers/eeprom/eeprom.o
 .debug_info    0x00001a95     0x3ca6 drivers/esp8266/esp8266.o
 .debug_info    0x0000573b     0x1f74 drivers/ht1632c/ht1632c.o
 .debug_info    0x000076af      0x3be drivers/port/port.o
 .debug_info    0x00007a6d      0x35d drivers/power/power.o
 .debug_info    0x00007dca      0xc1d drivers/rtc/rtc.o
 .debug_info    0x000089e7     0x14e2 drivers/sensors/si114x/Si114x_functions.o
 .debug_info    0x00009ec9      0x3bb drivers/sensors/si114x/Si114x_handler.o
 .debug_info    0x0000a284      0x5ae drivers/sensors/si114x/Si114x_sys_out.o
 .debug_info    0x0000a832      0x64f drivers/sensors/si114x/slider_algorithm.o
 .debug_info    0x0000ae81      0x9eb drivers/sercom/sercom.o
 .debug_info    0x0000b86c     0x392e fatfs/ff.o
 .debug_info    0x0000f19a      0xffe fatfs/mmc_avr.o
 .debug_info    0x00010198     0x1405 fatfs/sound.o
 .debug_info    0x0001159d      0x585 json/jsmn.o
 .debug_info    0x00011b22     0x1293 main.o
 .debug_info    0x00012db5      0xbdd menu.o
 .debug_info    0x00013992      0x46b uart.o

.debug_abbrev   0x00000000     0x2efe
 *(.debug_abbrev)
 .debug_abbrev  0x00000000       0x62 4x6_font.o
 .debug_abbrev  0x00000062      0x26a drivers/adc/adc.o
 .debug_abbrev  0x000002cc       0xb9 drivers/clock/clock.o
 .debug_abbrev  0x00000385      0x1e1 drivers/dma/dma.o
 .debug_abbrev  0x00000566      0x19d drivers/eeprom/eeprom.o
 .debug_abbrev  0x00000703      0x416 drivers/esp8266/esp8266.o
 .debug_abbrev  0x00000b19      0x3c6 drivers/ht1632c/ht1632c.o
 .debug_abbrev  0x00000edf      0x11b drivers/port/port.o
 .debug_abbrev  0x00000ffa       0xc8 drivers/power/power.o
 .debug_abbrev  0x000010c2      0x259 drivers/rtc/rtc.o
 .debug_abbrev  0x0000131b      0x349 drivers/sensors/si114x/Si114x_functions.o
 .debug_abbrev  0x00001664      0x169 drivers/sensors/si114x/Si114x_handler.o
 .debug_abbrev  0x000017cd      0x1d7 drivers/sensors/si114x/Si114x_sys_out.o
 .debug_abbrev  0x000019a4      0x1c3 drivers/sensors/si114x/slider_algorithm.o
 .debug_abbrev  0x00001b67      0x254 drivers/sercom/sercom.o
 .debug_abbrev  0x00001dbb      0x2c4 fatfs/ff.o
 .debug_abbrev  0x0000207f      0x2dc fatfs/mmc_avr.o
 .debug_abbrev  0x0000235b      0x2af fatfs/sound.o
 .debug_abbrev  0x0000260a      0x1f4 json/jsmn.o
 .debug_abbrev  0x000027fe      0x32f main.o
 .debug_abbrev  0x00002b2d      0x26b menu.o
 .debug_abbrev  0x00002d98      0x166 uart.o

.debug_line     0x00000000     0x87c5
 *(.debug_line .debug_line.* .debug_line_end)
 .debug_line    0x00000000       0x2d 4x6_font.o
 .debug_line    0x0000002d      0x2e8 drivers/adc/adc.o
 .debug_line    0x00000315      0x22e drivers/clock/clock.o
 .debug_line    0x00000543      0x348 drivers/dma/dma.o
 .debug_line    0x0000088b      0x388 drivers/eeprom/eeprom.o
 .debug_line    0x00000c13     0x1077 drivers/esp8266/esp8266.o
 .debug_line    0x00001c8a      0xe4e drivers/ht1632c/ht1632c.o
 .debug_line    0x00002ad8      0x281 drivers/port/port.o
 .debug_line    0x00002d59      0x140 drivers/power/power.o
 .debug_line    0x00002e99      0x520 drivers/rtc/rtc.o
 .debug_line    0x000033b9      0x5d1 drivers/sensors/si114x/Si114x_functions.o
 .debug_line    0x0000398a      0x38e drivers/sensors/si114x/Si114x_handler.o
 .debug_line    0x00003d18      0x28d drivers/sensors/si114x/Si114x_sys_out.o
 .debug_line    0x00003fa5      0x3e0 drivers/sensors/si114x/slider_algorithm.o
 .debug_line    0x00004385      0x447 drivers/sercom/sercom.o
 .debug_line    0x000047cc     0x26f7 fatfs/ff.o
 .debug_line    0x00006ec3      0x7e2 fatfs/mmc_avr.o
 .debug_line    0x000076a5      0x4fe fatfs/sound.o
 .debug_line    0x00007ba3      0x412 json/jsmn.o
 .debug_line    0x00007fb5      0x34e main.o
 .debug_line    0x00008303      0x2b3 menu.o
 .debug_line    0x000085b6      0x20f uart.o

.debug_frame    0x00000000     0x243c
 *(.debug_frame)
 .debug_frame   0x00000000       0x68 drivers/adc/adc.o
 .debug_frame   0x00000068       0x74 drivers/clock/clock.o
 .debug_frame   0x000000dc      0x178 drivers/dma/dma.o
 .debug_frame   0x00000254      0x100 drivers/eeprom/eeprom.o
 .debug_frame   0x00000354      0x220 drivers/esp8266/esp8266.o
 .debug_frame   0x00000574      0x654 drivers/ht1632c/ht1632c.o
 .debug_frame   0x00000bc8      0x15c drivers/port/port.o
 .debug_frame   0x00000d24       0x24 drivers/power/power.o
 .debug_frame   0x00000d48      0x1b0 drivers/rtc/rtc.o
 .debug_frame   0x00000ef8      0x1d4 drivers/sensors/si114x/Si114x_functions.o
 .debug_frame   0x000010cc       0xd8 drivers/sensors/si114x/Si114x_handler.o
 .debug_frame   0x000011a4       0xe4 drivers/sensors/si114x/Si114x_sys_out.o
 .debug_frame   0x00001288       0xb8 drivers/sensors/si114x/slider_algorithm.o
 .debug_frame   0x00001340      0x128 drivers/sercom/sercom.o
 .debug_frame   0x00001468      0xb18 fatfs/ff.o
 .debug_frame   0x00001f80      0x1b0 fatfs/mmc_avr.o
 .debug_frame   0x00002130      0x10c fatfs/sound.o
 .debug_frame   0x0000223c       0x90 json/jsmn.o
 .debug_frame   0x000022cc       0x78 main.o
 .debug_frame   0x00002344       0x80 menu.o
 .debug_frame   0x000023c4       0x78 uart.o

.debug_str      0x00000000     0x3b0f
 *(.debug_str)
 .debug_str     0x00000000      0x1a5 4x6_font.o
                                0x1d9 (size before relaxing)
 .debug_str     0x000001a5      0x962 drivers/adc/adc.o
                                0xb04 (size before relaxing)
 .debug_str     0x00000b07      0x192 drivers/clock/clock.o
                                0x32c (size before relaxing)
 .debug_str     0x00000c99      0x788 drivers/dma/dma.o
                                0x9cb (size before relaxing)
 .debug_str     0x00001421      0x128 drivers/eeprom/eeprom.o
                                0x6c0 (size before relaxing)
 .debug_str     0x00001549      0x36f drivers/esp8266/esp8266.o
                                0x5f3 (size before relaxing)
 .debug_str     0x000018b8      0x42b drivers/ht1632c/ht1632c.o
                                0x7c3 (size before relaxing)
 .debug_str     0x00001ce3      0x178 drivers/port/port.o
                                0x4a1 (size before relaxing)
 .debug_str     0x00001e5b       0xa4 drivers/power/power.o
                                0x3c2 (size before relaxing)
 .debug_str     0x00001eff      0x334 drivers/rtc/rtc.o
                                0x653 (size before relaxing)
 .debug_str     0x00002233      0x38e drivers/sensors/si114x/Si114x_functions.o
                                0x5cb (size before relaxing)
 .debug_str     0x000025c1      0x100 drivers/sensors/si114x/Si114x_handler.o
                                0x2ef (size before relaxing)
 .debug_str     0x000026c1       0x63 drivers/sensors/si114x/Si114x_sys_out.o
                                0x360 (size before relaxing)
 .debug_str     0x00002724      0x213 drivers/sensors/si114x/slider_algorithm.o
                                0x42e (size before relaxing)
 .debug_str     0x00002937      0x310 drivers/sercom/sercom.o
                                0x734 (size before relaxing)
 .debug_str     0x00002c47      0x588 fatfs/ff.o
                                0x71f (size before relaxing)
 .debug_str     0x000031cf       0xaf fatfs/mmc_avr.o
                                0x493 (size before relaxing)
 .debug_str     0x0000327e      0x52e fatfs/sound.o
                                0xb08 (size before relaxing)
 .debug_str     0x000037ac      0x124 json/jsmn.o
                                0x27b (size before relaxing)
 .debug_str     0x000038d0       0xef main.o
                                0xb62 (size before relaxing)
 .debug_str     0x000039bf       0x33 menu.o
                                0x7de (size before relaxing)
 .debug_str     0x000039f2      0x11d uart.o
                                0x3e4 (size before relaxing)

.debug_loc      0x00000000     0xfaeb
 *(.debug_loc)
 .debug_loc     0x00000000      0x187 drivers/adc/adc.o
 .debug_loc     0x00000187      0x3bc drivers/dma/dma.o
 .debug_loc     0x00000543      0x486 drivers/eeprom/eeprom.o
 .debug_loc     0x000009c9     0x1fdf drivers/esp8266/esp8266.o
 .debug_loc     0x000029a8     0x2170 drivers/ht1632c/ht1632c.o
 .debug_loc     0x00004b18      0x261 drivers/port/port.o
 .debug_loc     0x00004d79      0x383 drivers/rtc/rtc.o
 .debug_loc     0x000050fc      0xa2f drivers/sensors/si114x/Si114x_functions.o
 .debug_loc     0x00005b2b      0x570 drivers/sensors/si114x/Si114x_handler.o
 .debug_loc     0x0000609b      0x3d6 drivers/sensors/si114x/Si114x_sys_out.o
 .debug_loc     0x00006471      0x5b6 drivers/sensors/si114x/slider_algorithm.o
 .debug_loc     0x00006a27      0x627 drivers/sercom/sercom.o
 .debug_loc     0x0000704e     0x67c2 fatfs/ff.o
 .debug_loc     0x0000d810      0xdf2 fatfs/mmc_avr.o
 .debug_loc     0x0000e602      0x7c5 fatfs/sound.o
 .debug_loc     0x0000edc7      0x9d5 json/jsmn.o
 .debug_loc     0x0000f79c       0xc9 main.o
 .debug_loc     0x0000f865      0x1c3 menu.o
 .debug_loc     0x0000fa28       0xc3 uart.o

.debug_macinfo
 *(.debug_macinfo)

.debug_weaknames
 *(.debug_weaknames)

.debug_funcnames
 *(.debug_funcnames)

.debug_typenames
 *(.debug_typenames)

.debug_varnames
 *(.debug_varnames)

.debug_pubtypes
 *(.debug_pubtypes)

.debug_ranges   0x00000000      0x988
 *(.debug_ranges)
 .debug_ranges  0x00000000       0x28 drivers/adc/adc.o
 .debug_ranges  0x00000028       0x38 drivers/clock/clock.o
 .debug_ranges  0x00000060       0x98 drivers/dma/dma.o
 .debug_ranges  0x000000f8       0x58 drivers/eeprom/eeprom.o
 .debug_ranges  0x00000150       0xa8 drivers/esp8266/esp8266.o
 .debug_ranges  0x000001f8      0x168 drivers/ht1632c/ht1632c.o
 .debug_ranges  0x00000360       0x40 drivers/port/port.o
 .debug_ranges  0x000003a0       0x10 drivers/power/power.o
 .debug_ranges  0x000003b0       0x80 drivers/rtc/rtc.o
 .debug_ranges  0x00000430       0x80 drivers/sensors/si114x/Si114x_functions.o
 .debug_ranges  0x000004b0       0x28 drivers/sensors/si114x/Si114x_handler.o
 .debug_ranges  0x000004d8       0x40 drivers/sensors/si114x/Si114x_sys_out.o
 .debug_ranges  0x00000518       0x18 drivers/sensors/si114x/slider_algorithm.o
 .debug_ranges  0x00000530       0x80 drivers/sercom/sercom.o
 .debug_ranges  0x000005b0      0x1f0 fatfs/ff.o
 .debug_ranges  0x000007a0       0x68 fatfs/mmc_avr.o
 .debug_ranges  0x00000808       0x30 fatfs/sound.o
 .debug_ranges  0x00000838       0xd8 json/jsmn.o
 .debug_ranges  0x00000910       0x28 main.o
 .debug_ranges  0x00000938       0x20 menu.o
 .debug_ranges  0x00000958       0x30 uart.o

.debug_macro
 *(.debug_macro)
OUTPUT(matrix_clock.elf elf32-avr)
LOAD linker stubs
