Archive member included because of file (symbol)

c:/program files/atmel/atmel toolchain/avr8 gcc/native/3.4.1056/avr8-gnu-toolchain/bin/../lib/gcc/avr/4.8.1/../../../../avr/lib/avrxmega7\libm.a(addsf3.o)
                              drivers/adc/adc.o (__subsf3)
c:/program files/atmel/atmel toolchain/avr8 gcc/native/3.4.1056/avr8-gnu-toolchain/bin/../lib/gcc/avr/4.8.1/../../../../avr/lib/avrxmega7\libm.a(addsf3x.o)
                              c:/program files/atmel/atmel toolchain/avr8 gcc/native/3.4.1056/avr8-gnu-toolchain/bin/../lib/gcc/avr/4.8.1/../../../../avr/lib/avrxmega7\libm.a(addsf3.o) (__addsf3x)
c:/program files/atmel/atmel toolchain/avr8 gcc/native/3.4.1056/avr8-gnu-toolchain/bin/../lib/gcc/avr/4.8.1/../../../../avr/lib/avrxmega7\libm.a(divsf3.o)
                              drivers/adc/adc.o (__divsf3)
c:/program files/atmel/atmel toolchain/avr8 gcc/native/3.4.1056/avr8-gnu-toolchain/bin/../lib/gcc/avr/4.8.1/../../../../avr/lib/avrxmega7\libm.a(divsf3x.o)
                              c:/program files/atmel/atmel toolchain/avr8 gcc/native/3.4.1056/avr8-gnu-toolchain/bin/../lib/gcc/avr/4.8.1/../../../../avr/lib/avrxmega7\libm.a(divsf3.o) (__divsf3x)
c:/program files/atmel/atmel toolchain/avr8 gcc/native/3.4.1056/avr8-gnu-toolchain/bin/../lib/gcc/avr/4.8.1/../../../../avr/lib/avrxmega7\libm.a(fixsfsi.o)
                              drivers/sensors/si114x/slider_algorithm.o (__fixsfsi)
c:/program files/atmel/atmel toolchain/avr8 gcc/native/3.4.1056/avr8-gnu-toolchain/bin/../lib/gcc/avr/4.8.1/../../../../avr/lib/avrxmega7\libm.a(fixunssfsi.o)
                              drivers/adc/adc.o (__fixunssfsi)
c:/program files/atmel/atmel toolchain/avr8 gcc/native/3.4.1056/avr8-gnu-toolchain/bin/../lib/gcc/avr/4.8.1/../../../../avr/lib/avrxmega7\libm.a(floatsisf.o)
                              drivers/adc/adc.o (__floatunsisf)
c:/program files/atmel/atmel toolchain/avr8 gcc/native/3.4.1056/avr8-gnu-toolchain/bin/../lib/gcc/avr/4.8.1/../../../../avr/lib/avrxmega7\libm.a(fp_inf.o)
                              c:/program files/atmel/atmel toolchain/avr8 gcc/native/3.4.1056/avr8-gnu-toolchain/bin/../lib/gcc/avr/4.8.1/../../../../avr/lib/avrxmega7\libm.a(addsf3x.o) (__fp_inf)
c:/program files/atmel/atmel toolchain/avr8 gcc/native/3.4.1056/avr8-gnu-toolchain/bin/../lib/gcc/avr/4.8.1/../../../../avr/lib/avrxmega7\libm.a(fp_nan.o)
                              c:/program files/atmel/atmel toolchain/avr8 gcc/native/3.4.1056/avr8-gnu-toolchain/bin/../lib/gcc/avr/4.8.1/../../../../avr/lib/avrxmega7\libm.a(addsf3x.o) (__fp_nan)
c:/program files/atmel/atmel toolchain/avr8 gcc/native/3.4.1056/avr8-gnu-toolchain/bin/../lib/gcc/avr/4.8.1/../../../../avr/lib/avrxmega7\libm.a(fp_pscA.o)
                              c:/program files/atmel/atmel toolchain/avr8 gcc/native/3.4.1056/avr8-gnu-toolchain/bin/../lib/gcc/avr/4.8.1/../../../../avr/lib/avrxmega7\libm.a(addsf3x.o) (__fp_pscA)
c:/program files/atmel/atmel toolchain/avr8 gcc/native/3.4.1056/avr8-gnu-toolchain/bin/../lib/gcc/avr/4.8.1/../../../../avr/lib/avrxmega7\libm.a(fp_pscB.o)
                              c:/program files/atmel/atmel toolchain/avr8 gcc/native/3.4.1056/avr8-gnu-toolchain/bin/../lib/gcc/avr/4.8.1/../../../../avr/lib/avrxmega7\libm.a(addsf3x.o) (__fp_pscB)
c:/program files/atmel/atmel toolchain/avr8 gcc/native/3.4.1056/avr8-gnu-toolchain/bin/../lib/gcc/avr/4.8.1/../../../../avr/lib/avrxmega7\libm.a(fp_round.o)
                              c:/program files/atmel/atmel toolchain/avr8 gcc/native/3.4.1056/avr8-gnu-toolchain/bin/../lib/gcc/avr/4.8.1/../../../../avr/lib/avrxmega7\libm.a(addsf3.o) (__fp_round)
c:/program files/atmel/atmel toolchain/avr8 gcc/native/3.4.1056/avr8-gnu-toolchain/bin/../lib/gcc/avr/4.8.1/../../../../avr/lib/avrxmega7\libm.a(fp_split3.o)
                              c:/program files/atmel/atmel toolchain/avr8 gcc/native/3.4.1056/avr8-gnu-toolchain/bin/../lib/gcc/avr/4.8.1/../../../../avr/lib/avrxmega7\libm.a(addsf3x.o) (__fp_split3)
c:/program files/atmel/atmel toolchain/avr8 gcc/native/3.4.1056/avr8-gnu-toolchain/bin/../lib/gcc/avr/4.8.1/../../../../avr/lib/avrxmega7\libm.a(fp_zero.o)
                              c:/program files/atmel/atmel toolchain/avr8 gcc/native/3.4.1056/avr8-gnu-toolchain/bin/../lib/gcc/avr/4.8.1/../../../../avr/lib/avrxmega7\libm.a(addsf3x.o) (__fp_zero)
c:/program files/atmel/atmel toolchain/avr8 gcc/native/3.4.1056/avr8-gnu-toolchain/bin/../lib/gcc/avr/4.8.1/../../../../avr/lib/avrxmega7\libm.a(mulsf3.o)
                              drivers/adc/adc.o (__mulsf3)
c:/program files/atmel/atmel toolchain/avr8 gcc/native/3.4.1056/avr8-gnu-toolchain/bin/../lib/gcc/avr/4.8.1/../../../../avr/lib/avrxmega7\libm.a(mulsf3x.o)
                              c:/program files/atmel/atmel toolchain/avr8 gcc/native/3.4.1056/avr8-gnu-toolchain/bin/../lib/gcc/avr/4.8.1/../../../../avr/lib/avrxmega7\libm.a(mulsf3.o) (__mulsf3x)
[...]
Memory Configuration

Name             Origin             Length             Attributes
text             0x00000000         0x00100000         xr
data             0x00802000         0x0000ffa0         rw !x
eeprom           0x00810000         0x00010000         rw !x
fuse             0x00820000         0x00000400         rw !x
lock             0x00830000         0x00000400         rw !x
signature        0x00840000         0x00000400         rw !x
user_signatures  0x00850000         0x00000400         rw !x
*default*        0x00000000         0xffffffff

Linker script and memory map

LOAD c:/program files/atmel/atmel toolchain/avr8 gcc/native/3.4.1056/avr8-gnu-toolchain/bin/../lib/gcc/avr/4.8.1/../../../../avr/lib/avrxmega7/crtx128a4u.o
LOAD 4x6_font.o
LOAD drivers/adc/adc.o
LOAD drivers/clock/clock.o
LOAD drivers/dac/dac.o
LOAD drivers/dma/dma.o
LOAD drivers/dma/dma_functions.o
LOAD drivers/eeprom/eeprom.o
LOAD drivers/esp8266/esp8266.o
LOAD drivers/ht1632c/ht1632c.o
LOAD drivers/port/port.o
LOAD drivers/power/power.o
LOAD drivers/rtc/rtc.o
LOAD drivers/sensors/si114x/Si114x_functions.o
LOAD drivers/sensors/si114x/Si114x_handler.o
LOAD drivers/sensors/si114x/Si114x_sys_out.o
LOAD drivers/sensors/si114x/slider_algorithm.o
LOAD drivers/sercom/spi.o
LOAD drivers/sercom/twi.o
LOAD drivers/sercom/uart.o
LOAD drivers/timer/timer.o
LOAD main.o
LOAD modules/display/display.o
LOAD modules/fatfs/ff.o
LOAD modules/fatfs/mmc_avr.o
LOAD modules/fatfs/sound.o
LOAD modules/json/jsmn.o
LOAD modules/json/json_functions.o
LOAD modules/menu/menu.o
LOAD modules/time_functions/time_functions.o
LOAD _StackInstrument.o
START GROUP
LOAD c:/program files/atmel/atmel toolchain/avr8 gcc/native/3.4.1056/avr8-gnu-toolchain/bin/../lib/gcc/avr/4.8.1/../../../../avr/lib/avrxmega7\libm.a
LOAD c:/program files/atmel/atmel toolchain/avr8 gcc/native/3.4.1056/avr8-gnu-toolchain/bin/../lib/gcc/avr/4.8.1/../../../../avr/lib/avrxmega7\libprintf_flt.a
END GROUP
START GROUP
LOAD c:/program files/atmel/atmel toolchain/avr8 gcc/native/3.4.1056/avr8-gnu-toolchain/bin/../lib/gcc/avr/4.8.1/avrxmega7\libgcc.a
LOAD c:/program files/atmel/atmel toolchain/avr8 gcc/native/3.4.1056/avr8-gnu-toolchain/bin/../lib/gcc/avr/4.8.1/../../../../avr/lib/avrxmega7\libm.a
LOAD c:/program files/atmel/atmel toolchain/avr8 gcc/native/3.4.1056/avr8-gnu-toolchain/bin/../lib/gcc/avr/4.8.1/../../../../avr/lib/avrxmega7\libc.a
END GROUP

.hash
 *(.hash)

.dynsym
 *(.dynsym)

.dynstr
 *(.dynstr)

.gnu.version
 *(.gnu.version)

.gnu.version_d
 *(.gnu.version_d)

.gnu.version_r
 *(.gnu.version_r)

.rel.init
 *(.rel.init)

.rela.init
 *(.rela.init)

.rel.text
 *(.rel.text)
 *(.rel.text.*)
 *(.rel.gnu.linkonce.t*)

.rela.text
 *(.rela.text)
 *(.rela.text.*)
 *(.rela.gnu.linkonce.t*)

.rel.fini
 *(.rel.fini)

.rela.fini
 *(.rela.fini)

.rel.rodata
 *(.rel.rodata)
 *(.rel.rodata.*)
 *(.rel.gnu.linkonce.r*)

.rela.rodata
 *(.rela.rodata)
 *(.rela.rodata.*)
 *(.rela.gnu.linkonce.r*)

.rel.data
 *(.rel.data)
 *(.rel.data.*)
 *(.rel.gnu.linkonce.d*)

.rela.data
 *(.rela.data)
 *(.rela.data.*)
 *(.rela.gnu.linkonce.d*)

.rel.ctors
 *(.rel.ctors)

.rela.ctors
 *(.rela.ctors)

.rel.dtors
 *(.rel.dtors)

.rela.dtors
 *(.rela.dtors)

.rel.got
 *(.rel.got)

.rela.got
 *(.rela.got)

.rel.bss
 *(.rel.bss)

.rela.bss
 *(.rela.bss)

.rel.plt
 *(.rel.plt)

.rela.plt
 *(.rela.plt)

.text           0x00000000     0xb13c
 *(.vectors)
 .vectors       0x00000000      0x1fc c:/program files/atmel/atmel toolchain/avr8 gcc/native/3.4.1056/avr8-gnu-toolchain/bin/../lib/gcc/avr/4.8.1/../../../../avr/lib/avrxmega7/crtx128a4u.o
                0x00000000                __vector_default
                0x00000000                __vectors
 *(.vectors)
 *(.progmem.gcc*)
 .progmem.gcc_sw_table.menu_configuration
                0x000001fc       0x20 modules/menu/menu.o
 .progmem.gcc_sw_table.menu_state_machine
                0x0000021c        0xe modules/menu/menu.o
 .progmem.gcc_sw_table.time_get_days_in_month
                0x0000022a       0x18 modules/time_functions/time_functions.o
                0x00000242                . = ALIGN (0x2)
                0x00000242                __trampolines_start = .
 *(.trampolines)
 .trampolines   0x00000242        0x0 linker stubs
 *(.trampolines*)
                0x00000242                __trampolines_end = .
 *(.progmem*)
 .progmem.data.font_4x6
                0x00000242      0x600 modules/display/display.o
 .progmem.data.font_5x7
                0x00000842      0x4fb modules/display/display.o
 .progmem.data.IMG_SPEAKER_A
                0x00000d3d        0x6 modules/menu/menu.o
 .progmem.data  0x00000d43        0x8 c:/program files/atmel/atmel toolchain/avr8 gcc/native/3.4.1056/avr8-gnu-toolchain/bin/../lib/gcc/avr/4.8.1/../../../../avr/lib/avrxmega7\libprintf_flt.a(vfprintf_flt.o)
 .progmem.data  0x00000d4b       0xfa c:/program files/atmel/atmel toolchain/avr8 gcc/native/3.4.1056/avr8-gnu-toolchain/bin/../lib/gcc/avr/4.8.1/../../../../avr/lib/avrxmega7\libc.a(ftoa_engine.o)
 .progmem.data  0x00000e45        0xc c:/program files/atmel/atmel toolchain/avr8 gcc/native/3.4.1056/avr8-gnu-toolchain/bin/../lib/gcc/avr/4.8.1/../../../../avr/lib/avrxmega7\libc.a(vfscanf_std.o)
                0x00000e52                . = ALIGN (0x2)
 *fill*         0x00000e51        0x1 
 *(.jumptables)
 *(.jumptables*)
 *(.lowtext)
 *(.lowtext*)
                0x00000e52                __ctors_start = .
 *(.ctors)
                0x00000e52                __ctors_end = .
                0x00000e52                __dtors_start = .
 *(.dtors)
                0x00000e52                __dtors_end = .
 SORT(*)(.ctors)
 SORT(*)(.dtors)
 *(.init0)
 .init0         0x00000e52        0x0 c:/program files/atmel/atmel toolchain/avr8 gcc/native/3.4.1056/avr8-gnu-toolchain/bin/../lib/gcc/avr/4.8.1/../../../../avr/lib/avrxmega7/crtx128a4u.o
                0x00000e52                __init
 *(.init0)
 *(.init1)
 .init1         0x00000e52       0x2e _StackInstrument.o
                0x00000e52                _StackPaint
 *(.init1)
 *(.init2)
 .init2         0x00000e80       0x18 c:/program files/atmel/atmel toolchain/avr8 gcc/native/3.4.1056/avr8-gnu-toolchain/bin/../lib/gcc/avr/4.8.1/../../../../avr/lib/avrxmega7/crtx128a4u.o
 *(.init2)
 *(.init3)
 *(.init3)
 *(.init4)
 .init4         0x00000e98       0x1c c:/program files/atmel/atmel toolchain/avr8 gcc/native/3.4.1056/avr8-gnu-toolchain/bin/../lib/gcc/avr/4.8.1/avrxmega7\libgcc.a(_copy_data.o)
                0x00000e98                __do_copy_data
 .init4         0x00000eb4       0x10 c:/program files/atmel/atmel toolchain/avr8 gcc/native/3.4.1056/avr8-gnu-toolchain/bin/../lib/gcc/avr/4.8.1/avrxmega7\libgcc.a(_clear_bss.o)
                0x00000eb4                __do_clear_bss
 *(.init4)
 *(.init5)
 *(.init5)
 *(.init6)
 *(.init6)
 *(.init7)
 *(.init7)
 *(.init8)
 *(.init8)
 *(.init9)
 .init9         0x00000ec4        0x8 c:/program files/atmel/atmel toolchain/avr8 gcc/native/3.4.1056/avr8-gnu-toolchain/bin/../lib/gcc/avr/4.8.1/../../../../avr/lib/avrxmega7/crtx128a4u.o
 *(.init9)
 *(.text)
 .text          0x00000ecc        0x2 c:/program files/atmel/atmel toolchain/avr8 gcc/native/3.4.1056/avr8-gnu-toolchain/bin/../lib/gcc/avr/4.8.1/../../../../avr/lib/avrxmega7/crtx128a4u.o
                0x00000ecc                __vector_38
                0x00000ecc                __vector_104
                0x00000ecc                __vector_22
                0x00000ecc                __vector_63
                0x00000ecc                __vector_28
                0x00000ecc                __vector_1
                0x00000ecc                __vector_119
                0x00000ecc                __vector_32
                0x00000ecc                __vector_75
                0x00000ecc                __vector_71
                0x00000ecc                __vector_91
                0x00000ecc                __vector_62
                0x00000ecc                __vector_77
                0x00000ecc                __vector_102
                0x00000ecc                __vector_24
                0x00000ecc                __vector_12
                0x00000ecc                __vector_55
                0x00000ecc                __vector_69
                0x00000ecc                __vector_81
                0x00000ecc                __vector_90
                0x00000ecc                __vector_46
                0x00000ecc                __bad_interrupt
                0x00000ecc                __vector_122
                0x00000ecc                __vector_72
                0x00000ecc                __vector_114
                0x00000ecc                __vector_110
                0x00000ecc                __vector_31
                0x00000ecc                __vector_92
                0x00000ecc                __vector_35
                0x00000ecc                __vector_78
                0x00000ecc                __vector_74
                0x00000ecc                __vector_117
                0x00000ecc                __vector_39
                0x00000ecc                __vector_107
                0x00000ecc                __vector_3
                0x00000ecc                __vector_105
                0x00000ecc                __vector_98
                0x00000ecc                __vector_23
                0x00000ecc                __vector_68
                0x00000ecc                __vector_30
                0x00000ecc                __vector_73
                0x00000ecc                __vector_45
                0x00000ecc                __vector_25
                0x00000ecc                __vector_93
                0x00000ecc                __vector_61
                0x00000ecc                __vector_11
                0x00000ecc                __vector_54
                0x00000ecc                __vector_99
                0x00000ecc                __vector_13
                0x00000ecc                __vector_56
                0x00000ecc                __vector_7
                0x00000ecc                __vector_125
                0x00000ecc                __vector_49
                0x00000ecc                __vector_123
                0x00000ecc                __vector_41
                0x00000ecc                __vector_86
                0x00000ecc                __vector_100
                0x00000ecc                __vector_101
                0x00000ecc                __vector_64
                0x00000ecc                __vector_109
                0x00000ecc                __vector_43
                0x00000ecc                __vector_27
                0x00000ecc                __vector_5
                0x00000ecc                __vector_113
                0x00000ecc                __vector_33
                0x00000ecc                __vector_76
                0x00000ecc                __vector_115
                0x00000ecc                __vector_47
                0x00000ecc                __vector_52
                0x00000ecc                __vector_37
                0x00000ecc                __vector_95
                0x00000ecc                __vector_103
                0x00000ecc                __vector_96
                0x00000ecc                __vector_89
                0x00000ecc                __vector_108
                0x00000ecc                __vector_4
                0x00000ecc                __vector_44
                0x00000ecc                __vector_82
                0x00000ecc                __vector_106
                0x00000ecc                __vector_118
                0x00000ecc                __vector_51
                0x00000ecc                __vector_9
                0x00000ecc                __vector_2
                0x00000ecc                __vector_21
                0x00000ecc                __vector_15
                0x00000ecc                __vector_36
                0x00000ecc                __vector_79
                0x00000ecc                __vector_58
                0x00000ecc                __vector_70
                0x00000ecc                __vector_83
                0x00000ecc                __vector_29
                0x00000ecc                __vector_60
                0x00000ecc                __vector_121
                0x00000ecc                __vector_40
                0x00000ecc                __vector_85
                0x00000ecc                __vector_94
                0x00000ecc                __vector_126
                0x00000ecc                __vector_8
                0x00000ecc                __vector_26
                0x00000ecc                __vector_48
                0x00000ecc                __vector_124
                0x00000ecc                __vector_116
                0x00000ecc                __vector_112
                0x00000ecc                __vector_111
                0x00000ecc                __vector_80
                0x00000ecc                __vector_84
                0x00000ecc                __vector_57
                0x00000ecc                __vector_53
                0x00000ecc                __vector_50
                0x00000ecc                __vector_59
                0x00000ecc                __vector_97
                0x00000ecc                __vector_42
                0x00000ecc                __vector_87
                0x00000ecc                __vector_65
                0x00000ecc                __vector_120
                0x00000ece                . = ALIGN (0x2)
 *(.text.*)
 .text.adc_setup
                0x00000ece       0xfc drivers/adc/adc.o
                0x00000ece                adc_setup
 .text.adc_disable
                0x00000fca       0x16 drivers/adc/adc.o
                0x00000fca                adc_disable
 .text.adc_enable_current_measurement
                0x00000fe0        0xc drivers/adc/adc.o
                0x00000fe0                adc_enable_current_measurement
 .text.adc_disable_current_measurement
                0x00000fec        0xc drivers/adc/adc.o
                0x00000fec                adc_disable_current_measurement
 .text.adc_read_voltage
                0x00000ff8       0x6e drivers/adc/adc.o
                0x00000ff8                adc_read_voltage
 .text.adc_get_battery_voltage
                0x00001066       0x58 drivers/adc/adc.o
                0x00001066                adc_get_battery_voltage
 .text.adc_get_battery_percentage
                0x000010be       0xa4 drivers/adc/adc.o
                0x000010be                adc_get_battery_percentage
 .text.clock_setup_32_mhz_pll
                0x00001162       0x2a drivers/clock/clock.o
                0x00001162                clock_setup_32_mhz_pll
 .text.dac_speaker_on
                0x0000118c        0xc drivers/dac/dac.o
                0x0000118c                dac_speaker_on
 .text.dac_speaker_off
                0x00001198        0xc drivers/dac/dac.o
                0x00001198                dac_speaker_off
 .text.dac_setup
                0x000011a4       0xa8 drivers/dac/dac.o
                0x000011a4                dac_setup
 .text.dac_disable
                0x0000124c       0x26 drivers/dac/dac.o
                0x0000124c                dac_disable
 .text.__vector_6
                0x00001272       0x50 drivers/dma/dma_functions.o
                0x00001272                __vector_6
 .text.EEPROM_WriteEnv
                0x000012c2       0x14 drivers/eeprom/eeprom.o
                0x000012c2                EEPROM_WriteEnv
 .text.EEPROM_ReadEnv
                0x000012d6       0x62 drivers/eeprom/eeprom.o
                0x000012d6                EEPROM_ReadEnv
 .text.esp8266_send_cmd
                0x00001338       0x30 drivers/esp8266/esp8266.o
 .text.esp8266_on
                0x00001368       0x24 drivers/esp8266/esp8266.o
                0x00001368                esp8266_on
 .text.esp8266_off
                0x0000138c       0x12 drivers/esp8266/esp8266.o
                0x0000138c                esp8266_off
 .text.esp8266_setup
                0x0000139e       0x38 drivers/esp8266/esp8266.o
                0x0000139e                esp8266_setup
 .text.esp8266_join_ap
                0x000013d6       0xb6 drivers/esp8266/esp8266.o
                0x000013d6                esp8266_join_ap
 .text.esp8266_get_json
                0x0000148c      0x1c2 drivers/esp8266/esp8266.o
                0x0000148c                esp8266_get_json
 .text.esp8266_setup_webserver
                0x0000164e       0xd4 drivers/esp8266/esp8266.o
                0x0000164e                esp8266_setup_webserver
 .text.esp8266_configure_ssid_and_password
                0x00001722      0x24a drivers/esp8266/esp8266.o
                0x00001722                esp8266_configure_ssid_and_password
 .text.__vector_88
                0x0000196c      0x1a8 drivers/esp8266/esp8266.o
                0x0000196c                __vector_88
 .text.ht1632c_set_pixel
                0x00001b14       0x28 drivers/ht1632c/ht1632c.o
                0x00001b14                ht1632c_set_pixel
 .text.ht1632c_clr_pixel
                0x00001b3c       0x2a drivers/ht1632c/ht1632c.o
                0x00001b3c                ht1632c_clr_pixel
 .text.ht1632c_fill_screen
                0x00001b66       0x14 drivers/ht1632c/ht1632c.o
                0x00001b66                ht1632c_fill_screen
 .text.ht1632c_clear_screen
                0x00001b7a       0x12 drivers/ht1632c/ht1632c.o
                0x00001b7a                ht1632c_clear_screen
 .text.ht1632c_clear_buffer
                0x00001b8c       0x10 drivers/ht1632c/ht1632c.o
                0x00001b8c                ht1632c_clear_buffer
 .text.ht1632c_write_data
                0x00001b9c       0x3e drivers/ht1632c/ht1632c.o
                0x00001b9c                ht1632c_write_data
 .text.ht1632c_refresh_screen
                0x00001bda       0x48 drivers/ht1632c/ht1632c.o
                0x00001bda                ht1632c_refresh_screen
 .text.ht1632c_write_command
                0x00001c22       0x24 drivers/ht1632c/ht1632c.o
                0x00001c22                ht1632c_write_command
 .text.ht1632c_setup
                0x00001c46       0x2e drivers/ht1632c/ht1632c.o
                0x00001c46                ht1632c_setup
 .text.ht1632c_power_down
                0x00001c74       0x1c drivers/ht1632c/ht1632c.o
                0x00001c74                ht1632c_power_down
 .text.ht1632c_set_brightness
                0x00001c90        0xe drivers/ht1632c/ht1632c.o
                0x00001c90                ht1632c_set_brightness
 .text.ht1632c_shift_left
                0x00001c9e       0x74 drivers/ht1632c/ht1632c.o
                0x00001c9e                ht1632c_shift_left
 .text.ht1632c_shift_right
                0x00001d12       0x74 drivers/ht1632c/ht1632c.o
                0x00001d12                ht1632c_shift_right
 .text.ht1632c_shift_up
                0x00001d86       0x3c drivers/ht1632c/ht1632c.o
                0x00001d86                ht1632c_shift_up
 .text.ht1632c_shift_down
                0x00001dc2       0x3c drivers/ht1632c/ht1632c.o
                0x00001dc2                ht1632c_shift_down
 .text.ht1632c_slide_in_from_left
                0x00001dfe       0xb8 drivers/ht1632c/ht1632c.o
                0x00001dfe                ht1632c_slide_in_from_left
 .text.ht1632c_slide_in_from_right
                0x00001eb6       0xb8 drivers/ht1632c/ht1632c.o
                0x00001eb6                ht1632c_slide_in_from_right
 .text.ht1632c_slide_in_from_bottom
                0x00001f6e      0x130 drivers/ht1632c/ht1632c.o
                0x00001f6e                ht1632c_slide_in_from_bottom
 .text.ht1632c_slide_in_from_top
                0x0000209e      0x124 drivers/ht1632c/ht1632c.o
                0x0000209e                ht1632c_slide_in_from_top
 .text.ht1632c_print_buffer
                0x000021c2       0xaa drivers/ht1632c/ht1632c.o
                0x000021c2                ht1632c_print_buffer
 .text.btn_setup
                0x0000226c       0x88 drivers/port/port.o
                0x0000226c                btn_setup
 .text.btn_turn_on_leds
                0x000022f4       0x16 drivers/port/port.o
                0x000022f4                btn_turn_on_leds
 .text.btn_si114x_enable_interrupt
                0x0000230a       0x1c drivers/port/port.o
                0x0000230a                btn_si114x_enable_interrupt
 .text.btn_disable_si114x_interrupt
                0x00002326       0x1c drivers/port/port.o
                0x00002326                btn_disable_si114x_interrupt
 .text.btn_check_press
                0x00002342       0x28 drivers/port/port.o
                0x00002342                btn_check_press
 .text.__vector_66
                0x0000236a       0x84 drivers/port/port.o
                0x0000236a                __vector_66
 .text.__vector_34
                0x000023ee       0x84 drivers/port/port.o
                0x000023ee                __vector_34
 .text.__vector_67
                0x00002472       0xb4 drivers/port/port.o
                0x00002472                __vector_67
 .text.lowpower_setup
                0x00002526       0x3c drivers/power/power.o
                0x00002526                lowpower_setup
 .text.rtc_setup
                0x00002562       0x4c drivers/rtc/rtc.o
                0x00002562                rtc_setup
 .text.rtc_update_seconds
                0x000025ae       0x20 drivers/rtc/rtc.o
                0x000025ae                rtc_update_seconds
 .text.rtc_disable_time_render
                0x000025ce        0x6 drivers/rtc/rtc.o
                0x000025ce                rtc_disable_time_render
 .text.rtc_update_display
                0x000025d4      0x100 drivers/rtc/rtc.o
                0x000025d4                rtc_update_display
 .text.rtc_enable_time_render
                0x000026d4       0x1c drivers/rtc/rtc.o
                0x000026d4                rtc_enable_time_render
 .text.__vector_10
                0x000026f0      0x19e drivers/rtc/rtc.o
                0x000026f0                __vector_10
 .text._sendCmd
                0x0000288e       0x76 drivers/sensors/si114x/Si114x_functions.o
 .text.si114x_get_data
                0x00002904       0xf0 drivers/sensors/si114x/Si114x_functions.o
                0x00002904                si114x_get_data
 .text.Si114xNop
                0x000029f4        0x4 drivers/sensors/si114x/Si114x_functions.o
                0x000029f4                Si114xNop
 .text.Si114xPsAuto
                0x000029f8        0x4 drivers/sensors/si114x/Si114x_functions.o
                0x000029f8                Si114xPsAuto
 .text.Si114xPsAlsAuto
                0x000029fc        0x4 drivers/sensors/si114x/Si114x_functions.o
                0x000029fc                Si114xPsAlsAuto
 .text.Si114xParamSet
                0x00002a00       0x80 drivers/sensors/si114x/Si114x_functions.o
                0x00002a00                Si114xParamSet
 .text.Si114xPauseAll
                0x00002a80       0x3a drivers/sensors/si114x/Si114x_functions.o
                0x00002a80                Si114xPauseAll
 .text.si114x_reset
                0x00002aba       0x86 drivers/sensors/si114x/Si114x_functions.o
                0x00002aba                si114x_reset
 .text.si114x_init_ps1
                0x00002b40       0xf8 drivers/sensors/si114x/Si114x_functions.o
                0x00002b40                si114x_init_ps1
 .text.si114x_setup_ps1
                0x00002c38       0x20 drivers/sensors/si114x/Si114x_functions.o
                0x00002c38                si114x_setup_ps1
 .text.si114x_init
                0x00002c58      0x170 drivers/sensors/si114x/Si114x_functions.o
                0x00002c58                si114x_init
 .text.si114x_setup
                0x00002dc8       0x3a drivers/sensors/si114x/Si114x_functions.o
                0x00002dc8                si114x_setup
 .text.si114x_baseline_calibration
                0x00002e02       0xc0 drivers/sensors/si114x/Si114x_functions.o
                0x00002e02                si114x_baseline_calibration
 .text.__vector_20
                0x00002ec2       0x38 drivers/sensors/si114x/Si114x_functions.o
                0x00002ec2                __vector_20
 .text.isIRStable
                0x00002efa       0xf4 drivers/sensors/si114x/Si114x_handler.o
                0x00002efa                isIRStable
 .text.IRCompensation
                0x00002fee       0xce drivers/sensors/si114x/Si114x_handler.o
                0x00002fee                IRCompensation
 .text.calcBaseline
                0x000030bc      0x190 drivers/sensors/si114x/Si114x_handler.o
                0x000030bc                calcBaseline
 .text.si114x_process_samples
                0x0000324c      0x23e drivers/sensors/si114x/Si114x_handler.o
                0x0000324c                si114x_process_samples
 .text.PortSet  0x0000348a        0x2 drivers/sensors/si114x/Si114x_sys_out.o
                0x0000348a                PortSet
 .text.Si114xWriteToRegister
                0x0000348c       0x3c drivers/sensors/si114x/Si114x_sys_out.o
                0x0000348c                Si114xWriteToRegister
 .text.Si114xReadFromRegister
                0x000034c8       0x3a drivers/sensors/si114x/Si114x_sys_out.o
                0x000034c8                Si114xReadFromRegister
 .text.Si114xBlockWrite
                0x00003502       0x22 drivers/sensors/si114x/Si114x_sys_out.o
                0x00003502                Si114xBlockWrite
 .text.delay_10ms
                0x00003524       0x14 drivers/sensors/si114x/Si114x_sys_out.o
                0x00003524                delay_10ms
 .text.QS_Counts_to_Distance
                0x00003538      0x1de drivers/sensors/si114x/slider_algorithm.o
                0x00003538                QS_Counts_to_Distance
 .text.SliderAlgorithm
                0x00003716      0x416 drivers/sensors/si114x/slider_algorithm.o
                0x00003716                SliderAlgorithm
 .text.spi_setup
                0x00003b2c       0x2e drivers/sercom/spi.o
                0x00003b2c                spi_setup
 .text.spi_disable
                0x00003b5a       0x2e drivers/sercom/spi.o
                0x00003b5a                spi_disable
 .text.spi_wr_rd
                0x00003b88       0x20 drivers/sercom/spi.o
                0x00003b88                spi_wr_rd
 .text.twi_setup
                0x00003ba8       0x1e drivers/sercom/twi.o
                0x00003ba8                twi_setup
 .text.twi_start_transmission
                0x00003bc6       0x56 drivers/sercom/twi.o
                0x00003bc6                twi_start_transmission
 .text.twi_send_byte
                0x00003c1c       0x3c drivers/sercom/twi.o
                0x00003c1c                twi_send_byte
 .text.twi_receive_byte
                0x00003c58       0x46 drivers/sercom/twi.o
                0x00003c58                twi_receive_byte
 .text.twi_read_packet
                0x00003c9e       0xa2 drivers/sercom/twi.o
                0x00003c9e                twi_read_packet
 .text.twi_write_packet
                0x00003d40       0x84 drivers/sercom/twi.o
                0x00003d40                twi_write_packet
 .text.uart_setup
                0x00003dc4       0x30 drivers/sercom/uart.o
                0x00003dc4                uart_setup
 .text.uart_disable
                0x00003df4       0x20 drivers/sercom/uart.o
                0x00003df4                uart_disable
 .text.uart_put_char
                0x00003e14        0xe drivers/sercom/uart.o
                0x00003e14                uart_put_char
 .text.uart_get_char
                0x00003e22        0xe drivers/sercom/uart.o
                0x00003e22                uart_get_char
 .text.uart_write_str
                0x00003e30       0x1c drivers/sercom/uart.o
                0x00003e30                uart_write_str
 .text.__vector_18
                0x00003e4c       0x5c drivers/timer/timer.o
                0x00003e4c                __vector_18
 .text.startup.main
                0x00003ea8      0x18c main.o
                0x00003ea8                main
 .text.itoa_simple.constprop.1
                0x00004034       0xa6 modules/display/display.o
 .text.display_setup
                0x000040da       0x16 modules/display/display.o
                0x000040da                display_setup
 .text.display_on
                0x000040f0        0xe modules/display/display.o
                0x000040f0                display_on
 .text.display_fill_screen
                0x000040fe        0x4 modules/display/display.o
                0x000040fe                display_fill_screen
 .text.display_clear_screen
                0x00004102        0x4 modules/display/display.o
                0x00004102                display_clear_screen
 .text.display_clear_buffer
                0x00004106        0x4 modules/display/display.o
                0x00004106                display_clear_buffer
 .text.display_refresh_screen
                0x0000410a        0x4 modules/display/display.o
                0x0000410a                display_refresh_screen
 .text.display_fade
                0x0000410e       0x6c modules/display/display.o
                0x0000410e                display_fade
 .text.display_fade_blink
                0x0000417a       0x10 modules/display/display.o
                0x0000417a                display_fade_blink
 .text.display_draw_pixel
                0x0000418a       0x72 modules/display/display.o
                0x0000418a                display_draw_pixel
 .text.display_draw_filled_rect
                0x000041fc       0x62 modules/display/display.o
                0x000041fc                display_draw_filled_rect
 .text.display_show_loading_square
                0x0000425e       0x7a modules/display/display.o
                0x0000425e                display_show_loading_square
 .text.display_draw_bitmap
                0x000042d8       0xdc modules/display/display.o
                0x000042d8                display_draw_bitmap
 .text.display_draw_char_to_buffer
                0x000043b4       0x4e modules/display/display.o
                0x000043b4                display_draw_char_to_buffer
 .text.display_draw_char
                0x00004402       0xfe modules/display/display.o
                0x00004402                display_draw_char
 .text.display_draw_small_char_to_buffer
                0x00004500       0xa4 modules/display/display.o
                0x00004500                display_draw_small_char_to_buffer
 .text.display_print_scrolling_text
                0x000045a4       0xb0 modules/display/display.o
                0x000045a4                display_print_scrolling_text
 .text.display_draw_small_char
                0x00004654      0x10e modules/display/display.o
                0x00004654                display_draw_small_char
 .text.display_draw_four_letter_word
                0x00004762       0x52 modules/display/display.o
                0x00004762                display_draw_four_letter_word
 .text.display_draw_three_letter_word
                0x000047b4       0x42 modules/display/display.o
                0x000047b4                display_draw_three_letter_word
 .text.display_draw_wifi_icon
                0x000047f6       0xfc modules/display/display.o
                0x000047f6                display_draw_wifi_icon
 .text.display_slide_in_from_left
                0x000048f2        0x4 modules/display/display.o
                0x000048f2                display_slide_in_from_left
 .text.display_slide_in_from_right
                0x000048f6        0x4 modules/display/display.o
                0x000048f6                display_slide_in_from_right
 .text.display_slide_in_from_bottom
                0x000048fa        0x4 modules/display/display.o
                0x000048fa                display_slide_in_from_bottom
 .text.display_slide_in_from_top
                0x000048fe        0x4 modules/display/display.o
                0x000048fe                display_slide_in_from_top
 .text.display_slide_out_to_right
                0x00004902       0x10 modules/display/display.o
                0x00004902                display_slide_out_to_right
 .text.display_slide_out_to_left
                0x00004912       0x10 modules/display/display.o
                0x00004912                display_slide_out_to_left
 .text.display_slide_out_to_top
                0x00004922       0x10 modules/display/display.o
                0x00004922                display_slide_out_to_top
 .text.display_off
                0x00004932        0xc modules/display/display.o
                0x00004932                display_off
 .text.display_slide_out_to_bottom
                0x0000493e       0x10 modules/display/display.o
                0x0000493e                display_slide_out_to_bottom
 .text.display_alarm_increment_minute
                0x0000494e       0x22 modules/display/display.o
                0x0000494e                display_alarm_increment_minute
 .text.display_alarm_decrement_minute
                0x00004970       0x22 modules/display/display.o
                0x00004970                display_alarm_decrement_minute
 .text.display_alarm_increment_hour
                0x00004992       0x22 modules/display/display.o
                0x00004992                display_alarm_increment_hour
 .text.display_alarm_decrement_hour
                0x000049b4       0x22 modules/display/display.o
                0x000049b4                display_alarm_decrement_hour
 .text.display_draw_and_increment_hour
                0x000049d6       0x20 modules/display/display.o
                0x000049d6                display_draw_and_increment_hour
 .text.display_draw_and_decrement_hour
                0x000049f6       0x22 modules/display/display.o
                0x000049f6                display_draw_and_decrement_hour
 .text.display_draw_and_increment_minute
                0x00004a18       0x20 modules/display/display.o
                0x00004a18                display_draw_and_increment_minute
 .text.display_draw_and_decrement_minute
                0x00004a38       0x22 modules/display/display.o
                0x00004a38                display_draw_and_decrement_minute
 .text.display_draw_and_increment_day
                0x00004a5a       0x3a modules/display/display.o
                0x00004a5a                display_draw_and_increment_day
 .text.display_draw_and_decrement_day
                0x00004a94       0x30 modules/display/display.o
                0x00004a94                display_draw_and_decrement_day
 .text.display_draw_and_increment_month
                0x00004ac4       0x1c modules/display/display.o
                0x00004ac4                display_draw_and_increment_month
 .text.display_draw_and_decrement_month
                0x00004ae0       0x1c modules/display/display.o
                0x00004ae0                display_draw_and_decrement_month
 .text.display_draw_and_increment_year
                0x00004afc       0x20 modules/display/display.o
                0x00004afc                display_draw_and_increment_year
 .text.display_draw_and_decrement_year
                0x00004b1c       0x20 modules/display/display.o
                0x00004b1c                display_draw_and_decrement_year
 .text.mem_cpy  0x00004b3c       0x46 modules/fatfs/ff.o
 .text.mem_set  0x00004b82       0x14 modules/fatfs/ff.o
 .text.get_ldnumber
                0x00004b96       0x4a modules/fatfs/ff.o
 .text.validate
                0x00004be0       0x3a modules/fatfs/ff.o
 .text.sync_window
                0x00004c1a       0xd0 modules/fatfs/ff.o
 .text.sync_fs  0x00004cea       0xd8 modules/fatfs/ff.o
 .text.move_window
                0x00004dc2       0x7a modules/fatfs/ff.o
 .text.check_fs
                0x00004e3c       0x78 modules/fatfs/ff.o
 .text.find_volume
                0x00004eb4      0x4ca modules/fatfs/ff.o
 .text.clust2sect
                0x0000537e       0x52 modules/fatfs/ff.o
                0x0000537e                clust2sect
 .text.get_fat  0x000053d0      0x188 modules/fatfs/ff.o
                0x000053d0                get_fat
 .text.dir_sdi  0x00005558      0x14a modules/fatfs/ff.o
 .text.put_fat  0x000056a2      0x1e4 modules/fatfs/ff.o
                0x000056a2                put_fat
 .text.create_chain
                0x00005886      0x1ba modules/fatfs/ff.o
 .text.dir_next
                0x00005a40      0x1fc modules/fatfs/ff.o
 .text.follow_path
                0x00005c3c      0x2de modules/fatfs/ff.o
 .text.dir_alloc.constprop.10
                0x00005f1a       0x48 modules/fatfs/ff.o
 .text.dir_register
                0x00005f62       0x58 modules/fatfs/ff.o
 .text.remove_chain
                0x00005fba       0xe4 modules/fatfs/ff.o
 .text.f_mount  0x0000609e       0x80 modules/fatfs/ff.o
                0x0000609e                f_mount
 .text.f_open   0x0000611e      0x250 modules/fatfs/ff.o
                0x0000611e                f_open
 .text.f_read   0x0000636e      0x26a modules/fatfs/ff.o
                0x0000636e                f_read
 .text.f_sync   0x000065d8       0x86 modules/fatfs/ff.o
                0x000065d8                f_sync
 .text.f_close  0x0000665e       0x20 modules/fatfs/ff.o
                0x0000665e                f_close
 .text.f_lseek  0x0000667e      0x332 modules/fatfs/ff.o
                0x0000667e                f_lseek
 .text.xchg_spi
                0x000069b0        0x4 modules/fatfs/mmc_avr.o
 .text.deselect
                0x000069b4        0xc modules/fatfs/mmc_avr.o
 .text.power_off
                0x000069c0       0x2e modules/fatfs/mmc_avr.o
 .text.rcvr_datablock
                0x000069ee       0x86 modules/fatfs/mmc_avr.o
 .text.wait_ready.constprop.2
                0x00006a74       0x28 modules/fatfs/mmc_avr.o
 .text.select   0x00006a9c       0x36 modules/fatfs/mmc_avr.o
 .text.send_cmd
                0x00006ad2       0x88 modules/fatfs/mmc_avr.o
 .text.xmit_datablock.part.1
                0x00006b5a       0x4a modules/fatfs/mmc_avr.o
 .text.disk_initialize
                0x00006ba4      0x1cc modules/fatfs/mmc_avr.o
                0x00006ba4                disk_initialize
 .text.disk_status
                0x00006d70        0xe modules/fatfs/mmc_avr.o
                0x00006d70                disk_status
 .text.disk_read
                0x00006d7e       0x96 modules/fatfs/mmc_avr.o
                0x00006d7e                disk_read
 .text.disk_write
                0x00006e14       0xe8 modules/fatfs/mmc_avr.o
                0x00006e14                disk_write
 .text.disk_ioctl
                0x00006efc      0x2c2 modules/fatfs/mmc_avr.o
                0x00006efc                disk_ioctl
 .text.disk_timerproc
                0x000071be       0x36 modules/fatfs/mmc_avr.o
                0x000071be                disk_timerproc
 .text.__vector_17
                0x000071f4       0x64 modules/fatfs/mmc_avr.o
                0x000071f4                __vector_17
 .text.__vector_14
                0x00007258      0x102 modules/fatfs/sound.o
                0x00007258                __vector_14
 .text.sound_start
                0x0000735a       0x64 modules/fatfs/sound.o
                0x0000735a                sound_start
 .text.sound_stop
                0x000073be       0x1e modules/fatfs/sound.o
                0x000073be                sound_stop
 .text.load_wav
                0x000073dc      0x578 modules/fatfs/sound.o
                0x000073dc                load_wav
 .text.jsmn_parse
                0x00007954      0x5e0 modules/json/jsmn.o
                0x00007954                jsmn_parse
 .text.jsmn_init
                0x00007f34       0x14 modules/json/jsmn.o
                0x00007f34                jsmn_init
 .text.json_get_token
                0x00007f48       0x92 modules/json/json_functions.o
                0x00007f48                json_get_token
 .text.itoa_simple
                0x00007fda       0xbe modules/menu/menu.o
 .text.play_sound
                0x00008098       0x60 modules/menu/menu.o
                0x00008098                play_sound
 .text.start_wifi_indication
                0x000080f8       0x34 modules/menu/menu.o
                0x000080f8                start_wifi_indication
 .text.stop_wifi_indication
                0x0000812c       0x22 modules/menu/menu.o
                0x0000812c                stop_wifi_indication
 .text.start_loading
                0x0000814e       0x34 modules/menu/menu.o
                0x0000814e                start_loading
 .text.stop_loading
                0x00008182       0x22 modules/menu/menu.o
                0x00008182                stop_loading
 .text.get_internet_variables
                0x000081a4      0x2f8 modules/menu/menu.o
                0x000081a4                get_internet_variables
 .text.menu_draw_temperature_frame
                0x0000849c       0xc2 modules/menu/menu.o
                0x0000849c                menu_draw_temperature_frame
 .text.menu_draw_date_frame
                0x0000855e      0x102 modules/menu/menu.o
                0x0000855e                menu_draw_date_frame
 .text.menu_draw_week_frame
                0x00008660       0xaa modules/menu/menu.o
                0x00008660                menu_draw_week_frame
 .text.menu_draw_weekday_frame
                0x0000870a       0xae modules/menu/menu.o
                0x0000870a                menu_draw_weekday_frame
 .text.menu_draw_battery_frame
                0x000087b8       0xe6 modules/menu/menu.o
                0x000087b8                menu_draw_battery_frame
 .text.menu_draw_config_frame
                0x0000889e        0x8 modules/menu/menu.o
                0x0000889e                menu_draw_config_frame
 .text.menu_set_env_variables
                0x000088a6       0xdc modules/menu/menu.o
                0x000088a6                menu_set_env_variables
 .text.menu_alarm
                0x00008982       0x28 modules/menu/menu.o
                0x00008982                menu_alarm
 .text.menu_configure_brightnesss
                0x000089aa       0xe8 modules/menu/menu.o
                0x000089aa                menu_configure_brightnesss
 .text.menu_set_time
                0x00008a92      0x34e modules/menu/menu.o
                0x00008a92                menu_set_time
 .text.menu_set_alarm
                0x00008de0      0x150 modules/menu/menu.o
                0x00008de0                menu_set_alarm
 .text.menu_configuration
                0x00008f30      0x202 modules/menu/menu.o
                0x00008f30                menu_configuration
 .text.menu_state_machine
                0x00009132      0x2dc modules/menu/menu.o
                0x00009132                menu_state_machine
 .text.__vector_16
                0x0000940e       0x66 modules/menu/menu.o
                0x0000940e                __vector_16
 .text.__vector_19
                0x00009474       0x66 modules/menu/menu.o
                0x00009474                __vector_19
 .text.time_get_day_name
                0x000094da       0x1e modules/time_functions/time_functions.o
                0x000094da                time_get_day_name
 .text.time_get_month_name
                0x000094f8       0x1e modules/time_functions/time_functions.o
                0x000094f8                time_get_month_name
 .text.time_get_weekday
                0x00009516       0x6c modules/time_functions/time_functions.o
                0x00009516                time_get_weekday
 .text.time_is_leap_year
                0x00009582       0x2e modules/time_functions/time_functions.o
                0x00009582                time_is_leap_year
 .text.time_get_days_in_month
                0x000095b0       0x30 modules/time_functions/time_functions.o
                0x000095b0                time_get_days_in_month
 .text.time_get_weeknumber
                0x000095e0      0x14c modules/time_functions/time_functions.o
                0x000095e0                time_get_weeknumber
 .text.avr-libc.fplib
                0x0000972c        0xa c:/program files/atmel/atmel toolchain/avr8 gcc/native/3.4.1056/avr8-gnu-toolchain/bin/../lib/gcc/avr/4.8.1/../../../../avr/lib/avrxmega7\libm.a(addsf3.o)
                0x0000972c                __subsf3
                0x0000972e                __addsf3
 .text.avr-libc.fplib
                0x00009736       0xc0 c:/program files/atmel/atmel toolchain/avr8 gcc/native/3.4.1056/avr8-gnu-toolchain/bin/../lib/gcc/avr/4.8.1/../../../../avr/lib/avrxmega7\libm.a(addsf3x.o)
                0x00009750                __addsf3x
 .text.avr-libc.fplib
                0x000097f6        0x4 c:/program files/atmel/atmel toolchain/avr8 gcc/native/3.4.1056/avr8-gnu-toolchain/bin/../lib/gcc/avr/4.8.1/../../../../avr/lib/avrxmega7\libm.a(divsf3.o)
                0x000097f6                __divsf3
 .text.avr-libc.fplib
                0x000097fa       0xcc c:/program files/atmel/atmel toolchain/avr8 gcc/native/3.4.1056/avr8-gnu-toolchain/bin/../lib/gcc/avr/4.8.1/../../../../avr/lib/avrxmega7\libm.a(divsf3x.o)
                0x00009810                __divsf3x
                0x00009814                __divsf3_pse
 .text.avr-libc.fplib
                0x000098c6       0x58 c:/program files/atmel/atmel toolchain/avr8 gcc/native/3.4.1056/avr8-gnu-toolchain/bin/../lib/gcc/avr/4.8.1/../../../../avr/lib/avrxmega7\libm.a(fixunssfsi.o)
                0x000098c6                __fixunssfsi
 .text.avr-libc.fplib
                0x0000991e       0x7a c:/program files/atmel/atmel toolchain/avr8 gcc/native/3.4.1056/avr8-gnu-toolchain/bin/../lib/gcc/avr/4.8.1/../../../../avr/lib/avrxmega7\libm.a(floatsisf.o)
                0x0000991e                __floatunsisf
                0x00009922                __floatsisf
 .text.avr-libc.fplib
                0x00009998        0xc c:/program files/atmel/atmel toolchain/avr8 gcc/native/3.4.1056/avr8-gnu-toolchain/bin/../lib/gcc/avr/4.8.1/../../../../avr/lib/avrxmega7\libm.a(fp_inf.o)
                0x00009998                __fp_inf
 .text.avr-libc.fplib
                0x000099a4        0x6 c:/program files/atmel/atmel toolchain/avr8 gcc/native/3.4.1056/avr8-gnu-toolchain/bin/../lib/gcc/avr/4.8.1/../../../../avr/lib/avrxmega7\libm.a(fp_nan.o)
                0x000099a4                __fp_nan
 .text.avr-libc.fplib
                0x000099aa        0xe c:/program files/atmel/atmel toolchain/avr8 gcc/native/3.4.1056/avr8-gnu-toolchain/bin/../lib/gcc/avr/4.8.1/../../../../avr/lib/avrxmega7\libm.a(fp_pscA.o)
                0x000099aa                __fp_pscA
 .text.avr-libc.fplib
                0x000099b8        0xe c:/program files/atmel/atmel toolchain/avr8 gcc/native/3.4.1056/avr8-gnu-toolchain/bin/../lib/gcc/avr/4.8.1/../../../../avr/lib/avrxmega7\libm.a(fp_pscB.o)
                0x000099b8                __fp_pscB
 .text.avr-libc.fplib
                0x000099c6       0x22 c:/program files/atmel/atmel toolchain/avr8 gcc/native/3.4.1056/avr8-gnu-toolchain/bin/../lib/gcc/avr/4.8.1/../../../../avr/lib/avrxmega7\libm.a(fp_round.o)
                0x000099c6                __fp_round
 .text.avr-libc.fplib
                0x000099e8       0x44 c:/program files/atmel/atmel toolchain/avr8 gcc/native/3.4.1056/avr8-gnu-toolchain/bin/../lib/gcc/avr/4.8.1/../../../../avr/lib/avrxmega7\libm.a(fp_split3.o)
                0x000099e8                __fp_split3
                0x000099f8                __fp_splitA
 .text.avr-libc.fplib
                0x00009a2c        0xe c:/program files/atmel/atmel toolchain/avr8 gcc/native/3.4.1056/avr8-gnu-toolchain/bin/../lib/gcc/avr/4.8.1/../../../../avr/lib/avrxmega7\libm.a(fp_zero.o)
                0x00009a2c                __fp_zero
                0x00009a2e                __fp_szero
 .text.avr-libc.fplib
                0x00009a3a        0x4 c:/program files/atmel/atmel toolchain/avr8 gcc/native/3.4.1056/avr8-gnu-toolchain/bin/../lib/gcc/avr/4.8.1/../../../../avr/lib/avrxmega7\libm.a(mulsf3.o)
                0x00009a3a                __mulsf3
 .text.avr-libc.fplib
                0x00009a3e       0xc2 c:/program files/atmel/atmel toolchain/avr8 gcc/native/3.4.1056/avr8-gnu-toolchain/bin/../lib/gcc/avr/4.8.1/../../../../avr/lib/avrxmega7\libm.a(mulsf3x.o)
                0x00009a52                __mulsf3x
                0x00009a56                __mulsf3_pse
 .text.avr-libc
                0x00009b00      0x702 c:/program files/atmel/atmel toolchain/avr8 gcc/native/3.4.1056/avr8-gnu-toolchain/bin/../lib/gcc/avr/4.8.1/../../../../avr/lib/avrxmega7\libprintf_flt.a(vfprintf_flt.o)
                0x00009b00                vfprintf
 .text.libgcc.div
                0x0000a202       0x28 c:/program files/atmel/atmel toolchain/avr8 gcc/native/3.4.1056/avr8-gnu-toolchain/bin/../lib/gcc/avr/4.8.1/avrxmega7\libgcc.a(_udivmodhi4.o)
                0x0000a202                __udivmodhi4
 .text.libgcc.div
                0x0000a22a       0x26 c:/program files/atmel/atmel toolchain/avr8 gcc/native/3.4.1056/avr8-gnu-toolchain/bin/../lib/gcc/avr/4.8.1/avrxmega7\libgcc.a(_divmodhi4.o)
                0x0000a22a                _div
                0x0000a22a                __divmodhi4
 .text.libgcc.div
                0x0000a250       0x44 c:/program files/atmel/atmel toolchain/avr8 gcc/native/3.4.1056/avr8-gnu-toolchain/bin/../lib/gcc/avr/4.8.1/avrxmega7\libgcc.a(_udivmodsi4.o)
                0x0000a250                __udivmodsi4
 .text.libgcc   0x0000a294        0xc c:/program files/atmel/atmel toolchain/avr8 gcc/native/3.4.1056/avr8-gnu-toolchain/bin/../lib/gcc/avr/4.8.1/avrxmega7\libgcc.a(_tablejump.o)
                0x0000a294                __tablejump2__
                0x0000a298                __tablejump__
 .text.libgcc.mul
                0x0000a2a0       0x1e c:/program files/atmel/atmel toolchain/avr8 gcc/native/3.4.1056/avr8-gnu-toolchain/bin/../lib/gcc/avr/4.8.1/avrxmega7\libgcc.a(_umulhisi3.o)
                0x0000a2a0                __umulhisi3
 .text.libgcc.mul
                0x0000a2be       0x14 c:/program files/atmel/atmel toolchain/avr8 gcc/native/3.4.1056/avr8-gnu-toolchain/bin/../lib/gcc/avr/4.8.1/avrxmega7\libgcc.a(_muluhisi3.o)
                0x0000a2be                __muluhisi3
 .text.avr-libc
                0x0000a2d2       0x34 c:/program files/atmel/atmel toolchain/avr8 gcc/native/3.4.1056/avr8-gnu-toolchain/bin/../lib/gcc/avr/4.8.1/../../../../avr/lib/avrxmega7\libc.a(calloc.o)
                0x0000a2d2                calloc
 .text.avr-libc
                0x0000a306      0x24e c:/program files/atmel/atmel toolchain/avr8 gcc/native/3.4.1056/avr8-gnu-toolchain/bin/../lib/gcc/avr/4.8.1/../../../../avr/lib/avrxmega7\libc.a(malloc.o)
                0x0000a306                malloc
                0x0000a436                free
 .text.avr-libc
                0x0000a554      0x1b0 c:/program files/atmel/atmel toolchain/avr8 gcc/native/3.4.1056/avr8-gnu-toolchain/bin/../lib/gcc/avr/4.8.1/../../../../avr/lib/avrxmega7\libc.a(ftoa_engine.o)
                0x0000a554                __ftoa_engine
 .text.avr-libc
                0x0000a704       0x10 c:/program files/atmel/atmel toolchain/avr8 gcc/native/3.4.1056/avr8-gnu-toolchain/bin/../lib/gcc/avr/4.8.1/../../../../avr/lib/avrxmega7\libc.a(toupper.o)
                0x0000a704                toupper
 .text.avr-libc
                0x0000a714       0x16 c:/program files/atmel/atmel toolchain/avr8 gcc/native/3.4.1056/avr8-gnu-toolchain/bin/../lib/gcc/avr/4.8.1/../../../../avr/lib/avrxmega7\libc.a(strnlen_P.o)
                0x0000a714                strnlen_P
 .text.avr-libc
                0x0000a72a       0x12 c:/program files/atmel/atmel toolchain/avr8 gcc/native/3.4.1056/avr8-gnu-toolchain/bin/../lib/gcc/avr/4.8.1/../../../../avr/lib/avrxmega7\libc.a(memcpy.o)
                0x0000a72a                memcpy
 .text.avr-libc
                0x0000a73c        0xe c:/program files/atmel/atmel toolchain/avr8 gcc/native/3.4.1056/avr8-gnu-toolchain/bin/../lib/gcc/avr/4.8.1/../../../../avr/lib/avrxmega7\libc.a(memset.o)
                0x0000a73c                memset
 .text.avr-libc
                0x0000a74a       0x16 c:/program files/atmel/atmel toolchain/avr8 gcc/native/3.4.1056/avr8-gnu-toolchain/bin/../lib/gcc/avr/4.8.1/../../../../avr/lib/avrxmega7\libc.a(strcat.o)
                0x0000a74a                strcat
 .text.avr-libc
                0x0000a760       0x16 c:/program files/atmel/atmel toolchain/avr8 gcc/native/3.4.1056/avr8-gnu-toolchain/bin/../lib/gcc/avr/4.8.1/../../../../avr/lib/avrxmega7\libc.a(strchr.o)
                0x0000a760                strchr
 .text.avr-libc
                0x0000a776        0xe c:/program files/atmel/atmel toolchain/avr8 gcc/native/3.4.1056/avr8-gnu-toolchain/bin/../lib/gcc/avr/4.8.1/../../../../avr/lib/avrxmega7\libc.a(strcpy.o)
                0x0000a776                strcpy
 .text.avr-libc
                0x0000a784       0x1e c:/program files/atmel/atmel toolchain/avr8 gcc/native/3.4.1056/avr8-gnu-toolchain/bin/../lib/gcc/avr/4.8.1/../../../../avr/lib/avrxmega7\libc.a(strncpy.o)
                0x0000a784                strncpy
 .text.avr-libc
                0x0000a7a2       0x16 c:/program files/atmel/atmel toolchain/avr8 gcc/native/3.4.1056/avr8-gnu-toolchain/bin/../lib/gcc/avr/4.8.1/../../../../avr/lib/avrxmega7\libc.a(strnlen.o)
                0x0000a7a2                strnlen
 .text.avr-libc
                0x0000a7b8       0x16 c:/program files/atmel/atmel toolchain/avr8 gcc/native/3.4.1056/avr8-gnu-toolchain/bin/../lib/gcc/avr/4.8.1/../../../../avr/lib/avrxmega7\libc.a(strrchr.o)
                0x0000a7b8                strrchr
 .text.avr-libc
                0x0000a7ce       0x34 c:/program files/atmel/atmel toolchain/avr8 gcc/native/3.4.1056/avr8-gnu-toolchain/bin/../lib/gcc/avr/4.8.1/../../../../avr/lib/avrxmega7\libc.a(strstr.o)
                0x0000a7ce                strstr
 .text.avr-libc
                0x0000a802       0x14 c:/program files/atmel/atmel toolchain/avr8 gcc/native/3.4.1056/avr8-gnu-toolchain/bin/../lib/gcc/avr/4.8.1/../../../../avr/lib/avrxmega7\libc.a(itoa_ncheck.o)
                0x0000a802                __itoa_ncheck
 .text.avr-libc
                0x0000a816       0x32 c:/program files/atmel/atmel toolchain/avr8 gcc/native/3.4.1056/avr8-gnu-toolchain/bin/../lib/gcc/avr/4.8.1/../../../../avr/lib/avrxmega7\libc.a(utoa_ncheck.o)
                0x0000a816                __utoa_ncheck
                0x0000a818                __utoa_common
 .text.avr-libc
                0x0000a848       0x64 c:/program files/atmel/atmel toolchain/avr8 gcc/native/3.4.1056/avr8-gnu-toolchain/bin/../lib/gcc/avr/4.8.1/../../../../avr/lib/avrxmega7\libc.a(fputc.o)
                0x0000a848                fputc
 .text.avr-libc
                0x0000a8ac       0x22 c:/program files/atmel/atmel toolchain/avr8 gcc/native/3.4.1056/avr8-gnu-toolchain/bin/../lib/gcc/avr/4.8.1/../../../../avr/lib/avrxmega7\libc.a(printf.o)
                0x0000a8ac                printf
 .text.avr-libc
                0x0000a8ce       0x5a c:/program files/atmel/atmel toolchain/avr8 gcc/native/3.4.1056/avr8-gnu-toolchain/bin/../lib/gcc/avr/4.8.1/../../../../avr/lib/avrxmega7\libc.a(puts.o)
                0x0000a8ce                puts
 .text.avr-libc
                0x0000a928       0x36 c:/program files/atmel/atmel toolchain/avr8 gcc/native/3.4.1056/avr8-gnu-toolchain/bin/../lib/gcc/avr/4.8.1/../../../../avr/lib/avrxmega7\libc.a(sscanf.o)
                0x0000a928                sscanf
 .text.avr-libc
                0x0000a95e       0xbc c:/program files/atmel/atmel toolchain/avr8 gcc/native/3.4.1056/avr8-gnu-toolchain/bin/../lib/gcc/avr/4.8.1/../../../../avr/lib/avrxmega7\libc.a(ultoa_invert.o)
                0x0000a95e                __ultoa_invert
 .text.avr-libc
                0x0000aa1a      0x566 c:/program files/atmel/atmel toolchain/avr8 gcc/native/3.4.1056/avr8-gnu-toolchain/bin/../lib/gcc/avr/4.8.1/../../../../avr/lib/avrxmega7\libc.a(vfscanf_std.o)
                0x0000ad2e                vfscanf
 .text.avr-libc
                0x0000af80       0x16 c:/program files/atmel/atmel toolchain/avr8 gcc/native/3.4.1056/avr8-gnu-toolchain/bin/../lib/gcc/avr/4.8.1/../../../../avr/lib/avrxmega7\libc.a(eerd_block_atxmega128a4u.o)
                0x0000af80                __eerd_block_x128a4u
 .text.avr-libc
                0x0000af96       0x1e c:/program files/atmel/atmel toolchain/avr8 gcc/native/3.4.1056/avr8-gnu-toolchain/bin/../lib/gcc/avr/4.8.1/../../../../avr/lib/avrxmega7\libc.a(eeupd_block_atxmega128a4u.o)
                0x0000af96                __eeupd_block_x128a4u
 .text.avr-libc
                0x0000afb4       0x12 c:/program files/atmel/atmel toolchain/avr8 gcc/native/3.4.1056/avr8-gnu-toolchain/bin/../lib/gcc/avr/4.8.1/../../../../avr/lib/avrxmega7\libc.a(eeupd_byte_atxmega128a4u.o)
                0x0000afb4                __eeupd_byte_x128a4u
                0x0000afb6                __eeupd_r18_x128a4u
 .text.avr-libc
                0x0000afc6       0x12 c:/program files/atmel/atmel toolchain/avr8 gcc/native/3.4.1056/avr8-gnu-toolchain/bin/../lib/gcc/avr/4.8.1/../../../../avr/lib/avrxmega7\libc.a(eewr_block_atxmega128a4u.o)
                0x0000afc6                __eewr_block_x128a4u
 .text.avr-libc
                0x0000afd8       0x46 c:/program files/atmel/atmel toolchain/avr8 gcc/native/3.4.1056/avr8-gnu-toolchain/bin/../lib/gcc/avr/4.8.1/../../../../avr/lib/avrxmega7\libc.a(eewr_byte_atxmega128a4u.o)
                0x0000afd8                __eewr_byte_x128a4u
                0x0000afda                __eewr_r18_x128a4u
 .text.avr-libc
                0x0000b01e       0x10 c:/program files/atmel/atmel toolchain/avr8 gcc/native/3.4.1056/avr8-gnu-toolchain/bin/../lib/gcc/avr/4.8.1/../../../../avr/lib/avrxmega7\libc.a(isspace.o)
                0x0000b01e                isspace
 .text.avr-libc
                0x0000b02e       0x16 c:/program files/atmel/atmel toolchain/avr8 gcc/native/3.4.1056/avr8-gnu-toolchain/bin/../lib/gcc/avr/4.8.1/../../../../avr/lib/avrxmega7\libc.a(strchr_P.o)
                0x0000b02e                strchr_P
 .text.avr-libc
                0x0000b044       0x20 c:/program files/atmel/atmel toolchain/avr8 gcc/native/3.4.1056/avr8-gnu-toolchain/bin/../lib/gcc/avr/4.8.1/../../../../avr/lib/avrxmega7\libc.a(strrev.o)
                0x0000b044                strrev
 .text.avr-libc
                0x0000b064       0x7c c:/program files/atmel/atmel toolchain/avr8 gcc/native/3.4.1056/avr8-gnu-toolchain/bin/../lib/gcc/avr/4.8.1/../../../../avr/lib/avrxmega7\libc.a(fgetc.o)
                0x0000b064                fgetc
 .text.avr-libc
                0x0000b0e0       0x32 c:/program files/atmel/atmel toolchain/avr8 gcc/native/3.4.1056/avr8-gnu-toolchain/bin/../lib/gcc/avr/4.8.1/../../../../avr/lib/avrxmega7\libc.a(ungetc.o)
                0x0000b0e0                ungetc
 .text.avr-libc
                0x0000b112       0x20 c:/program files/atmel/atmel toolchain/avr8 gcc/native/3.4.1056/avr8-gnu-toolchain/bin/../lib/gcc/avr/4.8.1/../../../../avr/lib/avrxmega7\libc.a(eerd_byte_atxmega128a1.o)
                0x0000b112                __eerd_byte_x128a1
                0x0000b11a                eeprom_mapen
 .text.avr-libc
                0x0000b132        0x6 c:/program files/atmel/atmel toolchain/avr8 gcc/native/3.4.1056/avr8-gnu-toolchain/bin/../lib/gcc/avr/4.8.1/../../../../avr/lib/avrxmega7\libc.a(cty_isfalse.o)
                0x0000b132                __ctype_isfalse
                0x0000b136                __ctype_istrue
                0x0000b138                . = ALIGN (0x2)
 *(.fini9)
 .fini9         0x0000b138        0x0 c:/program files/atmel/atmel toolchain/avr8 gcc/native/3.4.1056/avr8-gnu-toolchain/bin/../lib/gcc/avr/4.8.1/avrxmega7\libgcc.a(_exit.o)
                0x0000b138                _exit
                0x0000b138                exit
 *(.fini9)
 *(.fini8)
 *(.fini8)
 *(.fini7)
 *(.fini7)
 *(.fini6)
 *(.fini6)
 *(.fini5)
 *(.fini5)
 *(.fini4)
 *(.fini4)
 *(.fini3)
 *(.fini3)
 *(.fini2)
 *(.fini2)
 *(.fini1)
 *(.fini1)
 *(.fini0)
 .fini0         0x0000b138        0x4 c:/program files/atmel/atmel toolchain/avr8 gcc/native/3.4.1056/avr8-gnu-toolchain/bin/../lib/gcc/avr/4.8.1/avrxmega7\libgcc.a(_exit.o)
 *(.fini0)
                0x0000b13c                _etext = .

.data           0x00802000      0xa1a load address 0x0000b13c
                0x00802000                PROVIDE (__data_start, .)
 *(.data)
 .data          0x00802000        0x0 c:/program files/atmel/atmel toolchain/avr8 gcc/native/3.4.1056/avr8-gnu-toolchain/bin/../lib/gcc/avr/4.8.1/../../../../avr/lib/avrxmega7/crtx128a4u.o
 .data          0x00802000        0x0 4x6_font.o
 .data          0x00802000        0x0 drivers/adc/adc.o
 .data          0x00802000        0x0 drivers/clock/clock.o
 .data          0x00802000        0x0 drivers/dac/dac.o
 .data          0x00802000        0x0 drivers/dma/dma.o
 .data          0x00802000        0x0 drivers/dma/dma_functions.o
 .data          0x00802000        0x0 drivers/eeprom/eeprom.o
 .data          0x00802000        0x0 drivers/esp8266/esp8266.o
 .data          0x00802000        0x0 drivers/ht1632c/ht1632c.o
 .data          0x00802000        0x0 drivers/port/port.o
 .data          0x00802000        0x0 drivers/power/power.o
 .data          0x00802000        0x0 drivers/rtc/rtc.o
 .data          0x00802000        0x0 drivers/sensors/si114x/Si114x_functions.o
 .data          0x00802000        0x0 drivers/sensors/si114x/Si114x_handler.o
 .data          0x00802000        0x0 drivers/sensors/si114x/Si114x_sys_out.o
 .data          0x00802000        0x0 drivers/sensors/si114x/slider_algorithm.o
 .data          0x00802000        0x0 drivers/sercom/spi.o
 .data          0x00802000        0x0 drivers/sercom/twi.o
 .data          0x00802000        0x0 drivers/sercom/uart.o
 .data          0x00802000        0x0 drivers/timer/timer.o
 .data          0x00802000        0x0 main.o
 .data          0x00802000        0x0 modules/display/display.o
 .data          0x00802000        0x0 modules/fatfs/ff.o
 .data          0x00802000        0x0 modules/fatfs/mmc_avr.o
 .data          0x00802000        0x0 modules/fatfs/sound.o
 .data          0x00802000        0x0 modules/json/jsmn.o
 .data          0x00802000        0x0 modules/json/json_functions.o
 .data          0x00802000        0x0 modules/menu/menu.o
 .data          0x00802000        0x0 modules/time_functions/time_functions.o
 .data          0x00802000        0x0 _StackInstrument.o
 .data          0x00802000        0x0 c:/program files/atmel/atmel toolchain/avr8 gcc/native/3.4.1056/avr8-gnu-toolchain/bin/../lib/gcc/avr/4.8.1/../../../../avr/lib/avrxmega7\libm.a(addsf3.o)
 .data          0x00802000        0x0 c:/program files/atmel/atmel toolchain/avr8 gcc/native/3.4.1056/avr8-gnu-toolchain/bin/../lib/gcc/avr/4.8.1/../../../../avr/lib/avrxmega7\libm.a(addsf3x.o)
 .data          0x00802000        0x0 c:/program files/atmel/atmel toolchain/avr8 gcc/native/3.4.1056/avr8-gnu-toolchain/bin/../lib/gcc/avr/4.8.1/../../../../avr/lib/avrxmega7\libm.a(divsf3.o)
 .data          0x00802000        0x0 c:/program files/atmel/atmel toolchain/avr8 gcc/native/3.4.1056/avr8-gnu-toolchain/bin/../lib/gcc/avr/4.8.1/../../../../avr/lib/avrxmega7\libm.a(divsf3x.o)
 .data          0x00802000        0x0 c:/program files/atmel/atmel toolchain/avr8 gcc/native/3.4.1056/avr8-gnu-toolchain/bin/../lib/gcc/avr/4.8.1/../../../../avr/lib/avrxmega7\libm.a(fixsfsi.o)
 .data          0x00802000        0x0 c:/program files/atmel/atmel toolchain/avr8 gcc/native/3.4.1056/avr8-gnu-toolchain/bin/../lib/gcc/avr/4.8.1/../../../../avr/lib/avrxmega7\libm.a(fixunssfsi.o)
 .data          0x00802000        0x0 c:/program files/atmel/atmel toolchain/avr8 gcc/native/3.4.1056/avr8-gnu-toolchain/bin/../lib/gcc/avr/4.8.1/../../../../avr/lib/avrxmega7\libm.a(floatsisf.o)
 .data          0x00802000        0x0 c:/program files/atmel/atmel toolchain/avr8 gcc/native/3.4.1056/avr8-gnu-toolchain/bin/../lib/gcc/avr/4.8.1/../../../../avr/lib/avrxmega7\libm.a(fp_inf.o)
 .data          0x00802000        0x0 c:/program files/atmel/atmel toolchain/avr8 gcc/native/3.4.1056/avr8-gnu-toolchain/bin/../lib/gcc/avr/4.8.1/../../../../avr/lib/avrxmega7\libm.a(fp_nan.o)
 .data          0x00802000        0x0 c:/program files/atmel/atmel toolchain/avr8 gcc/native/3.4.1056/avr8-gnu-toolchain/bin/../lib/gcc/avr/4.8.1/../../../../avr/lib/avrxmega7\libm.a(fp_pscA.o)
 .data          0x00802000        0x0 c:/program files/atmel/atmel toolchain/avr8 gcc/native/3.4.1056/avr8-gnu-toolchain/bin/../lib/gcc/avr/4.8.1/../../../../avr/lib/avrxmega7\libm.a(fp_pscB.o)
 .data          0x00802000        0x0 c:/program files/atmel/atmel toolchain/avr8 gcc/native/3.4.1056/avr8-gnu-toolchain/bin/../lib/gcc/avr/4.8.1/../../../../avr/lib/avrxmega7\libm.a(fp_round.o)
 .data          0x00802000        0x0 c:/program files/atmel/atmel toolchain/avr8 gcc/native/3.4.1056/avr8-gnu-toolchain/bin/../lib/gcc/avr/4.8.1/../../../../avr/lib/avrxmega7\libm.a(fp_split3.o)
 .data          0x00802000        0x0 c:/program files/atmel/atmel toolchain/avr8 gcc/native/3.4.1056/avr8-gnu-toolchain/bin/../lib/gcc/avr/4.8.1/../../../../avr/lib/avrxmega7\libm.a(fp_zero.o)
 .data          0x00802000        0x0 c:/program files/atmel/atmel toolchain/avr8 gcc/native/3.4.1056/avr8-gnu-toolchain/bin/../lib/gcc/avr/4.8.1/../../../../avr/lib/avrxmega7\libm.a(mulsf3.o)
 .data          0x00802000        0x0 c:/program files/atmel/atmel toolchain/avr8 gcc/native/3.4.1056/avr8-gnu-toolchain/bin/../lib/gcc/avr/4.8.1/../../../../avr/lib/avrxmega7\libm.a(mulsf3x.o)
 .data          0x00802000        0x0 c:/program files/atmel/atmel toolchain/avr8 gcc/native/3.4.1056/avr8-gnu-toolchain/bin/../lib/gcc/avr/4.8.1/../../../../avr/lib/avrxmega7\libm.a(pow.o)
 .data          0x00802000        0x0 c:/program files/atmel/atmel toolchain/avr8 gcc/native/3.4.1056/avr8-gnu-toolchain/bin/../lib/gcc/avr/4.8.1/../../../../avr/lib/avrxmega7\libm.a(exp.o)
 .data          0x00802000        0x0 c:/program files/atmel/atmel toolchain/avr8 gcc/native/3.4.1056/avr8-gnu-toolchain/bin/../lib/gcc/avr/4.8.1/../../../../avr/lib/avrxmega7\libm.a(fp_powser.o)
 .data          0x00802000        0x0 c:/program files/atmel/atmel toolchain/avr8 gcc/native/3.4.1056/avr8-gnu-toolchain/bin/../lib/gcc/avr/4.8.1/../../../../avr/lib/avrxmega7\libm.a(inverse.o)
 .data          0x00802000        0x0 c:/program files/atmel/atmel toolchain/avr8 gcc/native/3.4.1056/avr8-gnu-toolchain/bin/../lib/gcc/avr/4.8.1/../../../../avr/lib/avrxmega7\libm.a(ldexp.o)
 .data          0x00802000        0x0 c:/program files/atmel/atmel toolchain/avr8 gcc/native/3.4.1056/avr8-gnu-toolchain/bin/../lib/gcc/avr/4.8.1/../../../../avr/lib/avrxmega7\libm.a(log.o)
 .data          0x00802000        0x0 c:/program files/atmel/atmel toolchain/avr8 gcc/native/3.4.1056/avr8-gnu-toolchain/bin/../lib/gcc/avr/4.8.1/../../../../avr/lib/avrxmega7\libm.a(modf.o)
 .data          0x00802000        0x0 c:/program files/atmel/atmel toolchain/avr8 gcc/native/3.4.1056/avr8-gnu-toolchain/bin/../lib/gcc/avr/4.8.1/../../../../avr/lib/avrxmega7\libm.a(fp_mpack.o)
 .data          0x00802000        0x0 c:/program files/atmel/atmel toolchain/avr8 gcc/native/3.4.1056/avr8-gnu-toolchain/bin/../lib/gcc/avr/4.8.1/../../../../avr/lib/avrxmega7\libprintf_flt.a(vfprintf_flt.o)
 .data          0x00802000        0x0 c:/program files/atmel/atmel toolchain/avr8 gcc/native/3.4.1056/avr8-gnu-toolchain/bin/../lib/gcc/avr/4.8.1/avrxmega7\libgcc.a(_udivmodhi4.o)
 .data          0x00802000        0x0 c:/program files/atmel/atmel toolchain/avr8 gcc/native/3.4.1056/avr8-gnu-toolchain/bin/../lib/gcc/avr/4.8.1/avrxmega7\libgcc.a(_divmodhi4.o)
 .data          0x00802000        0x0 c:/program files/atmel/atmel toolchain/avr8 gcc/native/3.4.1056/avr8-gnu-toolchain/bin/../lib/gcc/avr/4.8.1/avrxmega7\libgcc.a(_udivmodsi4.o)
 .data          0x00802000        0x0 c:/program files/atmel/atmel toolchain/avr8 gcc/native/3.4.1056/avr8-gnu-toolchain/bin/../lib/gcc/avr/4.8.1/avrxmega7\libgcc.a(_exit.o)
 .data          0x00802000        0x0 c:/program files/atmel/atmel toolchain/avr8 gcc/native/3.4.1056/avr8-gnu-toolchain/bin/../lib/gcc/avr/4.8.1/avrxmega7\libgcc.a(_tablejump.o)
 .data          0x00802000        0x0 c:/program files/atmel/atmel toolchain/avr8 gcc/native/3.4.1056/avr8-gnu-toolchain/bin/../lib/gcc/avr/4.8.1/avrxmega7\libgcc.a(_copy_data.o)
 .data          0x00802000        0x0 c:/program files/atmel/atmel toolchain/avr8 gcc/native/3.4.1056/avr8-gnu-toolchain/bin/../lib/gcc/avr/4.8.1/avrxmega7\libgcc.a(_clear_bss.o)
 .data          0x00802000        0x0 c:/program files/atmel/atmel toolchain/avr8 gcc/native/3.4.1056/avr8-gnu-toolchain/bin/../lib/gcc/avr/4.8.1/avrxmega7\libgcc.a(_umulhisi3.o)
 .data          0x00802000        0x0 c:/program files/atmel/atmel toolchain/avr8 gcc/native/3.4.1056/avr8-gnu-toolchain/bin/../lib/gcc/avr/4.8.1/avrxmega7\libgcc.a(_muluhisi3.o)
 .data          0x00802000        0x0 c:/program files/atmel/atmel toolchain/avr8 gcc/native/3.4.1056/avr8-gnu-toolchain/bin/../lib/gcc/avr/4.8.1/../../../../avr/lib/avrxmega7\libc.a(calloc.o)
 .data          0x00802000        0x6 c:/program files/atmel/atmel toolchain/avr8 gcc/native/3.4.1056/avr8-gnu-toolchain/bin/../lib/gcc/avr/4.8.1/../../../../avr/lib/avrxmega7\libc.a(malloc.o)
                0x00802000                __malloc_heap_end
                0x00802002                __malloc_heap_start
                0x00802004                __malloc_margin
 .data          0x00802006        0x0 c:/program files/atmel/atmel toolchain/avr8 gcc/native/3.4.1056/avr8-gnu-toolchain/bin/../lib/gcc/avr/4.8.1/../../../../avr/lib/avrxmega7\libc.a(realloc.o)
 .data          0x00802006        0x0 c:/program files/atmel/atmel toolchain/avr8 gcc/native/3.4.1056/avr8-gnu-toolchain/bin/../lib/gcc/avr/4.8.1/../../../../avr/lib/avrxmega7\libc.a(ftoa_engine.o)
 .data          0x00802006        0x0 c:/program files/atmel/atmel toolchain/avr8 gcc/native/3.4.1056/avr8-gnu-toolchain/bin/../lib/gcc/avr/4.8.1/../../../../avr/lib/avrxmega7\libc.a(toupper.o)
 .data          0x00802006        0x0 c:/program files/atmel/atmel toolchain/avr8 gcc/native/3.4.1056/avr8-gnu-toolchain/bin/../lib/gcc/avr/4.8.1/../../../../avr/lib/avrxmega7\libc.a(strnlen_P.o)
 .data          0x00802006        0x0 c:/program files/atmel/atmel toolchain/avr8 gcc/native/3.4.1056/avr8-gnu-toolchain/bin/../lib/gcc/avr/4.8.1/../../../../avr/lib/avrxmega7\libc.a(memcpy.o)
 .data          0x00802006        0x0 c:/program files/atmel/atmel toolchain/avr8 gcc/native/3.4.1056/avr8-gnu-toolchain/bin/../lib/gcc/avr/4.8.1/../../../../avr/lib/avrxmega7\libc.a(memset.o)
 .data          0x00802006        0x0 c:/program files/atmel/atmel toolchain/avr8 gcc/native/3.4.1056/avr8-gnu-toolchain/bin/../lib/gcc/avr/4.8.1/../../../../avr/lib/avrxmega7\libc.a(strcat.o)
 .data          0x00802006        0x0 c:/program files/atmel/atmel toolchain/avr8 gcc/native/3.4.1056/avr8-gnu-toolchain/bin/../lib/gcc/avr/4.8.1/../../../../avr/lib/avrxmega7\libc.a(strchr.o)
 .data          0x00802006        0x0 c:/program files/atmel/atmel toolchain/avr8 gcc/native/3.4.1056/avr8-gnu-toolchain/bin/../lib/gcc/avr/4.8.1/../../../../avr/lib/avrxmega7\libc.a(strcpy.o)
 .data          0x00802006        0x0 c:/program files/atmel/atmel toolchain/avr8 gcc/native/3.4.1056/avr8-gnu-toolchain/bin/../lib/gcc/avr/4.8.1/../../../../avr/lib/avrxmega7\libc.a(strncmp.o)
 .data          0x00802006        0x0 c:/program files/atmel/atmel toolchain/avr8 gcc/native/3.4.1056/avr8-gnu-toolchain/bin/../lib/gcc/avr/4.8.1/../../../../avr/lib/avrxmega7\libc.a(strncpy.o)
 .data          0x00802006        0x0 c:/program files/atmel/atmel toolchain/avr8 gcc/native/3.4.1056/avr8-gnu-toolchain/bin/../lib/gcc/avr/4.8.1/../../../../avr/lib/avrxmega7\libc.a(strnlen.o)
 .data          0x00802006        0x0 c:/program files/atmel/atmel toolchain/avr8 gcc/native/3.4.1056/avr8-gnu-toolchain/bin/../lib/gcc/avr/4.8.1/../../../../avr/lib/avrxmega7\libc.a(strrchr.o)
 .data          0x00802006        0x0 c:/program files/atmel/atmel toolchain/avr8 gcc/native/3.4.1056/avr8-gnu-toolchain/bin/../lib/gcc/avr/4.8.1/../../../../avr/lib/avrxmega7\libc.a(strstr.o)
 .data          0x00802006        0x0 c:/program files/atmel/atmel toolchain/avr8 gcc/native/3.4.1056/avr8-gnu-toolchain/bin/../lib/gcc/avr/4.8.1/../../../../avr/lib/avrxmega7\libc.a(itoa_ncheck.o)
 .data          0x00802006        0x0 c:/program files/atmel/atmel toolchain/avr8 gcc/native/3.4.1056/avr8-gnu-toolchain/bin/../lib/gcc/avr/4.8.1/../../../../avr/lib/avrxmega7\libc.a(utoa_ncheck.o)
 .data          0x00802006        0x0 c:/program files/atmel/atmel toolchain/avr8 gcc/native/3.4.1056/avr8-gnu-toolchain/bin/../lib/gcc/avr/4.8.1/../../../../avr/lib/avrxmega7\libc.a(fputc.o)
 .data          0x00802006        0x0 c:/program files/atmel/atmel toolchain/avr8 gcc/native/3.4.1056/avr8-gnu-toolchain/bin/../lib/gcc/avr/4.8.1/../../../../avr/lib/avrxmega7\libc.a(iob.o)
 .data          0x00802006        0x0 c:/program files/atmel/atmel toolchain/avr8 gcc/native/3.4.1056/avr8-gnu-toolchain/bin/../lib/gcc/avr/4.8.1/../../../../avr/lib/avrxmega7\libc.a(printf.o)
 .data          0x00802006        0x0 c:/program files/atmel/atmel toolchain/avr8 gcc/native/3.4.1056/avr8-gnu-toolchain/bin/../lib/gcc/avr/4.8.1/../../../../avr/lib/avrxmega7\libc.a(puts.o)
 .data          0x00802006        0x0 c:/program files/atmel/atmel toolchain/avr8 gcc/native/3.4.1056/avr8-gnu-toolchain/bin/../lib/gcc/avr/4.8.1/../../../../avr/lib/avrxmega7\libc.a(sscanf.o)
 .data          0x00802006        0x0 c:/program files/atmel/atmel toolchain/avr8 gcc/native/3.4.1056/avr8-gnu-toolchain/bin/../lib/gcc/avr/4.8.1/../../../../avr/lib/avrxmega7\libc.a(ultoa_invert.o)
 .data          0x00802006        0x0 c:/program files/atmel/atmel toolchain/avr8 gcc/native/3.4.1056/avr8-gnu-toolchain/bin/../lib/gcc/avr/4.8.1/../../../../avr/lib/avrxmega7\libc.a(vfscanf_std.o)
 .data          0x00802006        0x0 c:/program files/atmel/atmel toolchain/avr8 gcc/native/3.4.1056/avr8-gnu-toolchain/bin/../lib/gcc/avr/4.8.1/../../../../avr/lib/avrxmega7\libc.a(eerd_block_atxmega128a4u.o)
 .data          0x00802006        0x0 c:/program files/atmel/atmel toolchain/avr8 gcc/native/3.4.1056/avr8-gnu-toolchain/bin/../lib/gcc/avr/4.8.1/../../../../avr/lib/avrxmega7\libc.a(eeupd_block_atxmega128a4u.o)
 .data          0x00802006        0x0 c:/program files/atmel/atmel toolchain/avr8 gcc/native/3.4.1056/avr8-gnu-toolchain/bin/../lib/gcc/avr/4.8.1/../../../../avr/lib/avrxmega7\libc.a(eeupd_byte_atxmega128a4u.o)
 .data          0x00802006        0x0 c:/program files/atmel/atmel toolchain/avr8 gcc/native/3.4.1056/avr8-gnu-toolchain/bin/../lib/gcc/avr/4.8.1/../../../../avr/lib/avrxmega7\libc.a(eewr_block_atxmega128a4u.o)
 .data          0x00802006        0x0 c:/program files/atmel/atmel toolchain/avr8 gcc/native/3.4.1056/avr8-gnu-toolchain/bin/../lib/gcc/avr/4.8.1/../../../../avr/lib/avrxmega7\libc.a(eewr_byte_atxmega128a4u.o)
 .data          0x00802006        0x0 c:/program files/atmel/atmel toolchain/avr8 gcc/native/3.4.1056/avr8-gnu-toolchain/bin/../lib/gcc/avr/4.8.1/../../../../avr/lib/avrxmega7\libc.a(isspace.o)
 .data          0x00802006        0x0 c:/program files/atmel/atmel toolchain/avr8 gcc/native/3.4.1056/avr8-gnu-toolchain/bin/../lib/gcc/avr/4.8.1/../../../../avr/lib/avrxmega7\libc.a(strchr_P.o)
 .data          0x00802006        0x0 c:/program files/atmel/atmel toolchain/avr8 gcc/native/3.4.1056/avr8-gnu-toolchain/bin/../lib/gcc/avr/4.8.1/../../../../avr/lib/avrxmega7\libc.a(strrev.o)
 .data          0x00802006        0x0 c:/program files/atmel/atmel toolchain/avr8 gcc/native/3.4.1056/avr8-gnu-toolchain/bin/../lib/gcc/avr/4.8.1/../../../../avr/lib/avrxmega7\libc.a(fgetc.o)
 .data          0x00802006        0x0 c:/program files/atmel/atmel toolchain/avr8 gcc/native/3.4.1056/avr8-gnu-toolchain/bin/../lib/gcc/avr/4.8.1/../../../../avr/lib/avrxmega7\libc.a(ungetc.o)
 .data          0x00802006        0x0 c:/program files/atmel/atmel toolchain/avr8 gcc/native/3.4.1056/avr8-gnu-toolchain/bin/../lib/gcc/avr/4.8.1/../../../../avr/lib/avrxmega7\libc.a(eerd_byte_atxmega128a1.o)
 .data          0x00802006        0x0 c:/program files/atmel/atmel toolchain/avr8 gcc/native/3.4.1056/avr8-gnu-toolchain/bin/../lib/gcc/avr/4.8.1/../../../../avr/lib/avrxmega7\libc.a(cty_isfalse.o)
 *(.data*)
 .data.link_channel
                0x00802006        0x1 drivers/esp8266/esp8266.o
                0x00802006                link_channel
 .data.disp_time
                0x00802007        0x1 drivers/rtc/rtc.o
 .data.initial_baseline_counter
                0x00802008        0x1 drivers/sensors/si114x/Si114x_functions.o
 .data.ircorrection
                0x00802009        0x3 drivers/sensors/si114x/Si114x_handler.o
                0x00802009                ircorrection
 .data.scale    0x0080200c        0x2 drivers/sensors/si114x/Si114x_handler.o
                0x0080200c                scale
 .data.noise_margin
                0x0080200e        0x2 drivers/sensors/si114x/Si114x_handler.o
                0x0080200e                noise_margin
 .data.initial_baseline_counter
                0x00802010        0x1 drivers/sensors/si114x/Si114x_handler.o
 .data.out_of_range.1866
                0x00802011        0x1 drivers/sensors/si114x/slider_algorithm.o
 .data.mystdout
                0x00802012        0xe main.o
 .data.color.4757
                0x00802020        0x1 modules/display/display.o
 .data.x.4755   0x00802021        0x1 modules/display/display.o
 .data.y.4756   0x00802022        0x1 modules/display/display.o
 .data.prev_pwm.4738
                0x00802023        0x1 modules/display/display.o
 .data.Stat     0x00802024        0x1 modules/fatfs/mmc_avr.o
 *(.rodata)
 .rodata        0x00802025       0x9a drivers/sensors/si114x/slider_algorithm.o
 .rodata        0x008020bf       0x18 modules/time_functions/time_functions.o
 *(.rodata*)
 .rodata.str1.1
                0x008020d7      0x394 drivers/esp8266/esp8266.o
                                0x39d (size before relaxing)
 .rodata.str1.1
                0x0080246b       0x32 drivers/port/port.o
 .rodata.str1.1
                0x0080249d       0x4f drivers/sensors/si114x/Si114x_functions.o
 .rodata.str1.1
                0x008024ec       0xab drivers/sensors/si114x/Si114x_handler.o
 .rodata.str1.1
                0x00802597       0xc5 drivers/sensors/si114x/slider_algorithm.o
 .rodata.str1.1
                0x0080265c       0x94 main.o
 .rodata.str1.1
                0x008026f0       0x53 modules/fatfs/ff.o
 .rodata.str1.1
                0x00802743      0x212 modules/menu/menu.o
                                0x218 (size before relaxing)
 .rodata.str1.1
                0x00802955       0x7e modules/time_functions/time_functions.o
 .rodata.CSWTCH.9
                0x008029d3        0x7 modules/time_functions/time_functions.o
 .rodata.CSWTCH.6
                0x008029da       0x18 modules/time_functions/time_functions.o
 .rodata.CSWTCH.4
                0x008029f2       0x10 modules/time_functions/time_functions.o
 .rodata.t.4529
                0x00802a02       0x18 modules/time_functions/time_functions.o
 *(.gnu.linkonce.d*)
                0x00802a1a                . = ALIGN (0x2)
                0x00802a1a                _edata = .
                0x00802a1a                PROVIDE (__data_end, .)

.bss            0x00802a1a      0x2cf
                0x00802a1a                PROVIDE (__bss_start, .)
 *(.bss)
 *(.bss*)
 .bss.offset    0x00802a1a        0x2 drivers/adc/adc.o
                0x00802a1a                offset
 .bss.rx_buffer
                0x00802a1c       0xc8 drivers/esp8266/esp8266.o
 .bss.rx_ptr    0x00802ae4        0x2 drivers/esp8266/esp8266.o
 .bss.json_found
                0x00802ae6        0x1 drivers/esp8266/esp8266.o
                0x00802ae6                json_found
 .bss.wdt_triggered
                0x00802ae7        0x1 drivers/esp8266/esp8266.o
 .bss.counter   0x00802ae8        0x2 drivers/sensors/si114x/Si114x_functions.o
 .bss.Maxcount.4618
                0x00802aea        0x3 drivers/sensors/si114x/Si114x_handler.o
 .bss.rollingMax.4617
                0x00802aed        0x6 drivers/sensors/si114x/Si114x_handler.o
 .bss.dynamic_baseline.4620
                0x00802af3        0x6 drivers/sensors/si114x/Si114x_handler.o
 .bss.IRlast.4599
                0x00802af9        0x4 drivers/sensors/si114x/Si114x_handler.o
 .bss.maxLeakage
                0x00802afd        0x6 drivers/sensors/si114x/Si114x_handler.o
                0x00802afd                maxLeakage
 .bss.LED_flash_timeout.1846
                0x00802b03        0x2 drivers/sensors/si114x/slider_algorithm.o
 .bss.last_xbucket.1865
                0x00802b05        0x1 drivers/sensors/si114x/slider_algorithm.o
 .bss.LED_flash_pattern.1856
                0x00802b06        0x8 drivers/sensors/si114x/slider_algorithm.o
 .bss.LED_State.1857
                0x00802b0e        0x1 drivers/sensors/si114x/slider_algorithm.o
 .bss.Pause_gesture_timeout.1847
                0x00802b0f        0x2 drivers/sensors/si114x/slider_algorithm.o
 .bss.xenter.1868
                0x00802b11        0x2 drivers/sensors/si114x/slider_algorithm.o
 .bss.SwipeStartTime.1848
                0x00802b13        0x2 drivers/sensors/si114x/slider_algorithm.o
 .bss.xexit.1869
                0x00802b15        0x2 drivers/sensors/si114x/slider_algorithm.o
 .bss.xlast.1870
                0x00802b17        0x2 drivers/sensors/si114x/slider_algorithm.o
 .bss.test_val  0x00802b19        0x2 drivers/timer/timer.o
 .bss.n.4953    0x00802b1b        0x1 modules/display/display.o
 .bss.CurrVol   0x00802b1c        0x1 modules/fatfs/ff.o
 .bss.Fsid      0x00802b1d        0x2 modules/fatfs/ff.o
 .bss.FatFs     0x00802b1f        0x4 modules/fatfs/ff.o
 .bss.CardType  0x00802b23        0x1 modules/fatfs/mmc_avr.o
 .bss.Timer2    0x00802b24        0x1 modules/fatfs/mmc_avr.o
 .bss.Timer1    0x00802b25        0x1 modules/fatfs/mmc_avr.o
 .bss.WavFifo   0x00802b26        0x2 modules/fatfs/sound.o
 .bss.timestamp
                0x00802b28        0x4 modules/menu/menu.o
 .bss.wdt_triggered
                0x00802b2c        0x1 modules/menu/menu.o
 *(COMMON)
 COMMON         0x00802b2d       0xab drivers/adc/adc.o
                0x00802b2d                env
 COMMON         0x00802bd8       0xca drivers/dma/dma_functions.o
                0x00802bd8                memoryBlockB
                0x00802c3c                gStatus
                0x00802c3d                gInterruptDone
                0x00802c3e                memoryBlockA
 COMMON         0x00802ca2       0x37 drivers/esp8266/esp8266.o
                0x00802ca2                ip_address
                0x00802cb5                btn_status
                0x00802cb6                alarm_status
                0x00802cb7                si114x_status
                0x00802cb8                ledmatrix
                0x00802cd8                status
 COMMON         0x00802cd9        0x6 drivers/sensors/si114x/Si114x_functions.o
                0x00802cd9                baseline
 COMMON         0x00802cdf        0x4 c:/program files/atmel/atmel toolchain/avr8 gcc/native/3.4.1056/avr8-gnu-toolchain/bin/../lib/gcc/avr/4.8.1/../../../../avr/lib/avrxmega7\libc.a(malloc.o)
                0x00802cdf                __brkval
                0x00802ce1                __flp
 COMMON         0x00802ce3        0x6 c:/program files/atmel/atmel toolchain/avr8 gcc/native/3.4.1056/avr8-gnu-toolchain/bin/../lib/gcc/avr/4.8.1/../../../../avr/lib/avrxmega7\libc.a(iob.o)
                0x00802ce3                __iob
                0x00802ce9                PROVIDE (__bss_end, .)
                0x0000b13c                __data_load_start = LOADADDR (.data)
                0x0000bb56                __data_load_end = (__data_load_start + SIZEOF (.data))

.noinit         0x00802ce9        0x0
                0x00802ce9                PROVIDE (__noinit_start, .)
 *(.noinit*)
                0x00802ce9                PROVIDE (__noinit_end, .)
                0x00802ce9                _end = .
                0x00802ce9                PROVIDE (__heap_start, .)

.eeprom         0x00810000        0x0
 *(.eeprom*)
                0x00810000                __eeprom_end = .

.fuse
 *(.fuse)
 *(.lfuse)
 *(.hfuse)
 *(.efuse)

.lock
 *(.lock*)

.signature
 *(.signature*)

.user_signatures
 *(.user_signatures*)

.stab
 *(.stab)

.stabstr
 *(.stabstr)

.stab.excl
 *(.stab.excl)

.stab.exclstr
 *(.stab.exclstr)

.stab.index
 *(.stab.index)

.stab.indexstr
 *(.stab.indexstr)

.comment        0x00000000       0x5c
 *(.comment)
 .comment       0x00000000       0x30 4x6_font.o
                                 0x31 (size before relaxing)
 .comment       0x00000000       0x31 drivers/adc/adc.o
 .comment       0x00000000       0x31 drivers/clock/clock.o
 .comment       0x00000000       0x31 drivers/dac/dac.o
 .comment       0x00000000       0x31 drivers/dma/dma.o
 .comment       0x00000000       0x31 drivers/dma/dma_functions.o
 .comment       0x00000000       0x31 drivers/eeprom/eeprom.o
 .comment       0x00000000       0x31 drivers/esp8266/esp8266.o
 .comment       0x00000000       0x31 drivers/ht1632c/ht1632c.o
 .comment       0x00000000       0x31 drivers/port/port.o
 .comment       0x00000000       0x31 drivers/power/power.o
 .comment       0x00000000       0x31 drivers/rtc/rtc.o
 .comment       0x00000000       0x31 drivers/sensors/si114x/Si114x_functions.o
 .comment       0x00000000       0x31 drivers/sensors/si114x/Si114x_handler.o
 .comment       0x00000000       0x31 drivers/sensors/si114x/Si114x_sys_out.o
 .comment       0x00000000       0x31 drivers/sensors/si114x/slider_algorithm.o
 .comment       0x00000000       0x31 drivers/sercom/spi.o
 .comment       0x00000000       0x31 drivers/sercom/twi.o
 .comment       0x00000000       0x31 drivers/sercom/uart.o
 .comment       0x00000000       0x31 drivers/timer/timer.o
 .comment       0x00000000       0x31 main.o
 .comment       0x00000000       0x31 modules/display/display.o
 .comment       0x00000000       0x31 modules/fatfs/ff.o
 .comment       0x00000000       0x31 modules/fatfs/mmc_avr.o
 .comment       0x00000000       0x31 modules/fatfs/sound.o
 .comment       0x00000000       0x31 modules/json/jsmn.o
 .comment       0x00000000       0x31 modules/json/json_functions.o
 .comment       0x00000000       0x31 modules/menu/menu.o
 .comment       0x00000000       0x31 modules/time_functions/time_functions.o
 .comment       0x00000000       0x31 _StackInstrument.o
 .comment       0x00000030       0x2c c:/program files/atmel/atmel toolchain/avr8 gcc/native/3.4.1056/avr8-gnu-toolchain/bin/../lib/gcc/avr/4.8.1/../../../../avr/lib/avrxmega7\libprintf_flt.a(vfprintf_flt.o)
                                 0x2d (size before relaxing)
 .comment       0x00000000       0x31 c:/program files/atmel/atmel toolchain/avr8 gcc/native/3.4.1056/avr8-gnu-toolchain/bin/../lib/gcc/avr/4.8.1/../../../../avr/lib/avrxmega7\libc.a(calloc.o)
 .comment       0x00000000       0x31 c:/program files/atmel/atmel toolchain/avr8 gcc/native/3.4.1056/avr8-gnu-toolchain/bin/../lib/gcc/avr/4.8.1/../../../../avr/lib/avrxmega7\libc.a(malloc.o)
 .comment       0x00000000       0x31 c:/program files/atmel/atmel toolchain/avr8 gcc/native/3.4.1056/avr8-gnu-toolchain/bin/../lib/gcc/avr/4.8.1/../../../../avr/lib/avrxmega7\libc.a(realloc.o)
 .comment       0x00000000       0x31 c:/program files/atmel/atmel toolchain/avr8 gcc/native/3.4.1056/avr8-gnu-toolchain/bin/../lib/gcc/avr/4.8.1/../../../../avr/lib/avrxmega7\libc.a(fputc.o)
 .comment       0x00000000       0x31 c:/program files/atmel/atmel toolchain/avr8 gcc/native/3.4.1056/avr8-gnu-toolchain/bin/../lib/gcc/avr/4.8.1/../../../../avr/lib/avrxmega7\libc.a(iob.o)
 .comment       0x00000000       0x31 c:/program files/atmel/atmel toolchain/avr8 gcc/native/3.4.1056/avr8-gnu-toolchain/bin/../lib/gcc/avr/4.8.1/../../../../avr/lib/avrxmega7\libc.a(printf.o)
 .comment       0x00000000       0x31 c:/program files/atmel/atmel toolchain/avr8 gcc/native/3.4.1056/avr8-gnu-toolchain/bin/../lib/gcc/avr/4.8.1/../../../../avr/lib/avrxmega7\libc.a(puts.o)
 .comment       0x00000000       0x31 c:/program files/atmel/atmel toolchain/avr8 gcc/native/3.4.1056/avr8-gnu-toolchain/bin/../lib/gcc/avr/4.8.1/../../../../avr/lib/avrxmega7\libc.a(sscanf.o)
 .comment       0x00000000       0x2d c:/program files/atmel/atmel toolchain/avr8 gcc/native/3.4.1056/avr8-gnu-toolchain/bin/../lib/gcc/avr/4.8.1/../../../../avr/lib/avrxmega7\libc.a(vfscanf_std.o)
 .comment       0x00000000       0x31 c:/program files/atmel/atmel toolchain/avr8 gcc/native/3.4.1056/avr8-gnu-toolchain/bin/../lib/gcc/avr/4.8.1/../../../../avr/lib/avrxmega7\libc.a(fgetc.o)
 .comment       0x00000000       0x31 c:/program files/atmel/atmel toolchain/avr8 gcc/native/3.4.1056/avr8-gnu-toolchain/bin/../lib/gcc/avr/4.8.1/../../../../avr/lib/avrxmega7\libc.a(ungetc.o)

.note.gnu.build-id
 *(.note.gnu.build-id)

.debug
 *(.debug)

.line
 *(.line)

.debug_srcinfo
 *(.debug_srcinfo)

.debug_sfnames
 *(.debug_sfnames)

.debug_aranges  0x00000000      0xd08
 *(.debug_aranges)
 .debug_aranges
                0x00000000       0x18 4x6_font.o
 .debug_aranges
                0x00000018       0x50 drivers/adc/adc.o
 .debug_aranges
                0x00000068       0x48 drivers/clock/clock.o
 .debug_aranges
                0x000000b0       0x38 drivers/dac/dac.o
 .debug_aranges
                0x000000e8       0xa8 drivers/dma/dma.o
 .debug_aranges
                0x00000190       0x30 drivers/dma/dma_functions.o
 .debug_aranges
                0x000001c0       0x78 drivers/eeprom/eeprom.o
 .debug_aranges
                0x00000238       0x88 drivers/esp8266/esp8266.o
 .debug_aranges
                0x000002c0       0xc8 drivers/ht1632c/ht1632c.o
 .debug_aranges
                0x00000388       0x60 drivers/port/port.o
 .debug_aranges
                0x000003e8       0x20 drivers/power/power.o
 .debug_aranges
                0x00000408       0x60 drivers/rtc/rtc.o
 .debug_aranges
                0x00000468       0xd0 drivers/sensors/si114x/Si114x_functions.o
 .debug_aranges
                0x00000538       0x38 drivers/sensors/si114x/Si114x_handler.o
 .debug_aranges
                0x00000570       0x50 drivers/sensors/si114x/Si114x_sys_out.o
 .debug_aranges
                0x000005c0       0x38 drivers/sensors/si114x/slider_algorithm.o
 .debug_aranges
                0x000005f8       0x30 drivers/sercom/spi.o
 .debug_aranges
                0x00000628       0x60 drivers/sercom/twi.o
 .debug_aranges
                0x00000688       0x48 drivers/sercom/uart.o
 .debug_aranges
                0x000006d0       0x30 drivers/timer/timer.o
 .debug_aranges
                0x00000700       0x30 main.o
 .debug_aranges
                0x00000730      0x1d8 modules/display/display.o
 .debug_aranges
                0x00000908      0x188 modules/fatfs/ff.o
 .debug_aranges
                0x00000a90       0x90 modules/fatfs/mmc_avr.o
 .debug_aranges
                0x00000b20       0x40 modules/fatfs/sound.o
 .debug_aranges
                0x00000b60       0x28 modules/json/jsmn.o
 .debug_aranges
                0x00000b88       0x40 modules/json/json_functions.o
 .debug_aranges
                0x00000bc8       0xc8 modules/menu/menu.o
 .debug_aranges
                0x00000c90       0x58 modules/time_functions/time_functions.o
 .debug_aranges
                0x00000ce8       0x20 _StackInstrument.o

.debug_pubnames
 *(.debug_pubnames)

.debug_info     0x00000000    0x1f44b
 *(.debug_info .gnu.linkonce.wi.*)
 .debug_info    0x00000000      0x150 4x6_font.o
 .debug_info    0x00000150      0xf0e drivers/adc/adc.o
 .debug_info    0x0000105e      0x4f9 drivers/clock/clock.o
 .debug_info    0x00001557      0xa3c drivers/dac/dac.o
 .debug_info    0x00001f93      0xbff drivers/dma/dma.o
 .debug_info    0x00002b92      0xa01 drivers/dma/dma_functions.o
 .debug_info    0x00003593      0x8b5 drivers/eeprom/eeprom.o
 .debug_info    0x00003e48     0x1ab7 drivers/esp8266/esp8266.o
 .debug_info    0x000058ff      0xf11 drivers/ht1632c/ht1632c.o
 .debug_info    0x00006810      0x9ad drivers/port/port.o
 .debug_info    0x000071bd      0x3de drivers/power/power.o
 .debug_info    0x0000759b      0xaf2 drivers/rtc/rtc.o
 .debug_info    0x0000808d     0x2946 drivers/sensors/si114x/Si114x_functions.o
 .debug_info    0x0000a9d3      0x6eb drivers/sensors/si114x/Si114x_handler.o
 .debug_info    0x0000b0be      0x883 drivers/sensors/si114x/Si114x_sys_out.o
 .debug_info    0x0000b941      0x95c drivers/sensors/si114x/slider_algorithm.o
 .debug_info    0x0000c29d      0x66c drivers/sercom/spi.o
 .debug_info    0x0000c909      0xb55 drivers/sercom/twi.o
 .debug_info    0x0000d45e      0x790 drivers/sercom/uart.o
 .debug_info    0x0000dbee      0xc63 drivers/timer/timer.o
 .debug_info    0x0000e851      0xe80 main.o
 .debug_info    0x0000f6d1     0x3b69 modules/display/display.o
 .debug_info    0x0001323a     0x3b99 modules/fatfs/ff.o
 .debug_info    0x00016dd3     0x1aa6 modules/fatfs/mmc_avr.o
 .debug_info    0x00018879     0x160f modules/fatfs/sound.o
 .debug_info    0x00019e88      0x54c modules/json/jsmn.o
 .debug_info    0x0001a3d4      0x8f2 modules/json/json_functions.o
 .debug_info    0x0001acc6     0x3e01 modules/menu/menu.o
 .debug_info    0x0001eac7      0x887 modules/time_functions/time_functions.o
 .debug_info    0x0001f34e       0xfd _StackInstrument.o

.debug_abbrev   0x00000000     0x4a38
 *(.debug_abbrev)
 .debug_abbrev  0x00000000       0x62 4x6_font.o
 .debug_abbrev  0x00000062      0x2d1 drivers/adc/adc.o
 .debug_abbrev  0x00000333      0x10e drivers/clock/clock.o
 .debug_abbrev  0x00000441      0x1ef drivers/dac/dac.o
 .debug_abbrev  0x00000630      0x22d drivers/dma/dma.o
 .debug_abbrev  0x0000085d      0x205 drivers/dma/dma_functions.o
 .debug_abbrev  0x00000a62      0x298 drivers/eeprom/eeprom.o
 .debug_abbrev  0x00000cfa      0x484 drivers/esp8266/esp8266.o
 .debug_abbrev  0x0000117e      0x326 drivers/ht1632c/ht1632c.o
 .debug_abbrev  0x000014a4      0x233 drivers/port/port.o
 .debug_abbrev  0x000016d7       0xd4 drivers/power/power.o
 .debug_abbrev  0x000017ab      0x2fa drivers/rtc/rtc.o
 .debug_abbrev  0x00001aa5      0x518 drivers/sensors/si114x/Si114x_functions.o
 .debug_abbrev  0x00001fbd      0x1e3 drivers/sensors/si114x/Si114x_handler.o
 .debug_abbrev  0x000021a0      0x244 drivers/sensors/si114x/Si114x_sys_out.o