Archive member included because of file (symbol)

c:/program files/atmel/atmel toolchain/avr8 gcc/native/3.4.1056/avr8-gnu-toolchain/bin/../lib/gcc/avr/4.8.1/../../../../avr/lib/avrxmega4\libm.a(addsf3.o)
                              fatfs/sound.o (__addsf3)
c:/program files/atmel/atmel toolchain/avr8 gcc/native/3.4.1056/avr8-gnu-toolchain/bin/../lib/gcc/avr/4.8.1/../../../../avr/lib/avrxmega4\libm.a(addsf3x.o)
                              c:/program files/atmel/atmel toolchain/avr8 gcc/native/3.4.1056/avr8-gnu-toolchain/bin/../lib/gcc/avr/4.8.1/../../../../avr/lib/avrxmega4\libm.a(addsf3.o) (__addsf3x)
c:/program files/atmel/atmel toolchain/avr8 gcc/native/3.4.1056/avr8-gnu-toolchain/bin/../lib/gcc/avr/4.8.1/../../../../avr/lib/avrxmega4\libm.a(fixsfsi.o)
                              adc.o (__fixsfsi)
c:/program files/atmel/atmel toolchain/avr8 gcc/native/3.4.1056/avr8-gnu-toolchain/bin/../lib/gcc/avr/4.8.1/../../../../avr/lib/avrxmega4\libm.a(fixunssfsi.o)
                              c:/program files/atmel/atmel toolchain/avr8 gcc/native/3.4.1056/avr8-gnu-toolchain/bin/../lib/gcc/avr/4.8.1/../../../../avr/lib/avrxmega4\libm.a(fixsfsi.o) (__fixunssfsi)
c:/program files/atmel/atmel toolchain/avr8 gcc/native/3.4.1056/avr8-gnu-toolchain/bin/../lib/gcc/avr/4.8.1/../../../../avr/lib/avrxmega4\libm.a(floatsisf.o)
                              fatfs/sound.o (__floatunsisf)
c:/program files/atmel/atmel toolchain/avr8 gcc/native/3.4.1056/avr8-gnu-toolchain/bin/../lib/gcc/avr/4.8.1/../../../../avr/lib/avrxmega4\libm.a(fp_inf.o)
                              c:/program files/atmel/atmel toolchain/avr8 gcc/native/3.4.1056/avr8-gnu-toolchain/bin/../lib/gcc/avr/4.8.1/../../../../avr/lib/avrxmega4\libm.a(addsf3x.o) (__fp_inf)
c:/program files/atmel/atmel toolchain/avr8 gcc/native/3.4.1056/avr8-gnu-toolchain/bin/../lib/gcc/avr/4.8.1/../../../../avr/lib/avrxmega4\libm.a(fp_nan.o)
                              c:/program files/atmel/atmel toolchain/avr8 gcc/native/3.4.1056/avr8-gnu-toolchain/bin/../lib/gcc/avr/4.8.1/../../../../avr/lib/avrxmega4\libm.a(addsf3x.o) (__fp_nan)
c:/program files/atmel/atmel toolchain/avr8 gcc/native/3.4.1056/avr8-gnu-toolchain/bin/../lib/gcc/avr/4.8.1/../../../../avr/lib/avrxmega4\libm.a(fp_pscA.o)
                              c:/program files/atmel/atmel toolchain/avr8 gcc/native/3.4.1056/avr8-gnu-toolchain/bin/../lib/gcc/avr/4.8.1/../../../../avr/lib/avrxmega4\libm.a(addsf3x.o) (__fp_pscA)
c:/program files/atmel/atmel toolchain/avr8 gcc/native/3.4.1056/avr8-gnu-toolchain/bin/../lib/gcc/avr/4.8.1/../../../../avr/lib/avrxmega4\libm.a(fp_pscB.o)
                              c:/program files/atmel/atmel toolchain/avr8 gcc/native/3.4.1056/avr8-gnu-toolchain/bin/../lib/gcc/avr/4.8.1/../../../../avr/lib/avrxmega4\libm.a(addsf3x.o) (__fp_pscB)
c:/program files/atmel/atmel toolchain/avr8 gcc/native/3.4.1056/avr8-gnu-toolchain/bin/../lib/gcc/avr/4.8.1/../../../../avr/lib/avrxmega4\libm.a(fp_round.o)
                              c:/program files/atmel/atmel toolchain/avr8 gcc/native/3.4.1056/avr8-gnu-toolchain/bin/../lib/gcc/avr/4.8.1/../../../../avr/lib/avrxmega4\libm.a(addsf3.o) (__fp_round)
c:/program files/atmel/atmel toolchain/avr8 gcc/native/3.4.1056/avr8-gnu-toolchain/bin/../lib/gcc/avr/4.8.1/../../../../avr/lib/avrxmega4\libm.a(fp_split3.o)
                              c:/program files/atmel/atmel toolchain/avr8 gcc/native/3.4.1056/avr8-gnu-toolchain/bin/../lib/gcc/avr/4.8.1/../../../../avr/lib/avrxmega4\libm.a(addsf3x.o) (__fp_split3)
c:/program files/atmel/atmel toolchain/avr8 gcc/native/3.4.1056/avr8-gnu-toolchain/bin/../lib/gcc/avr/4.8.1/../../../../avr/lib/avrxmega4\libm.a(fp_zero.o)
                              c:/program files/atmel/atmel toolchain/avr8 gcc/native/3.4.1056/avr8-gnu-toolchain/bin/../lib/gcc/avr/4.8.1/../../../../avr/lib/avrxmega4\libm.a(addsf3x.o) (__fp_zero)
c:/program files/atmel/atmel toolchain/avr8 gcc/native/3.4.1056/avr8-gnu-toolchain/bin/../lib/gcc/avr/4.8.1/../../../../avr/lib/avrxmega4\libm.a(mulsf3.o)
                              adc.o (__mulsf3)
c:/program files/atmel/atmel toolchain/avr8 gcc/native/3.4.1056/avr8-gnu-toolchain/bin/../lib/gcc/avr/4.8.1/../../../../avr/lib/avrxmega4\libm.a(mulsf3x.o)
                              c:/program files/atmel/atmel toolchain/avr8 gcc/native/3.4.1056/avr8-gnu-toolchain/bin/../lib/gcc/avr/4.8.1/../../../../avr/lib/avrxmega4\libm.a(mulsf3.o) (__mulsf3x)
c:/program files/atmel/atmel toolchain/avr8 gcc/native/3.4.1056/avr8-gnu-toolchain/bin/../lib/gcc/avr/4.8.1/avrxmega4\libgcc.a(_divmodhi4.o)
                              adc.o (__divmodhi4)
c:/program files/atmel/atmel toolchain/avr8 gcc/native/3.4.1056/avr8-gnu-toolchain/bin/../lib/gcc/avr/4.8.1/avrxmega4\libgcc.a(_udivmodsi4.o)
                              fatfs/ff.o (__udivmodsi4)
c:/program files/atmel/atmel toolchain/avr8 gcc/native/3.4.1056/avr8-gnu-toolchain/bin/../lib/gcc/avr/4.8.1/avrxmega4\libgcc.a(_exit.o)
[...]
Memory Configuration

Name             Origin             Length             Attributes
text             0x00000000         0x00100000         xr
data             0x00802000         0x0000ffa0         rw !x
eeprom           0x00810000         0x00010000         rw !x
fuse             0x00820000         0x00000400         rw !x
lock             0x00830000         0x00000400         rw !x
signature        0x00840000         0x00000400         rw !x
user_signatures  0x00850000         0x00000400         rw !x
*default*        0x00000000         0xffffffff

Linker script and memory map

LOAD c:/program files/atmel/atmel toolchain/avr8 gcc/native/3.4.1056/avr8-gnu-toolchain/bin/../lib/gcc/avr/4.8.1/../../../../avr/lib/avrxmega4/crtx64a4u.o
LOAD 4x6_font.o
LOAD adc.o
LOAD clock.o
LOAD esp8266.o
LOAD fatfs/ff.o
LOAD fatfs/mmc_avr.o
LOAD fatfs/sound.o
LOAD ht1632c.o
LOAD json/jsmn.o
LOAD main.o
LOAD port.o
LOAD power.o
LOAD rtc.o
LOAD sercom.o
LOAD si114x/Si114x_functions.o
LOAD si114x/Si114x_handler.o
LOAD si114x/Si114x_init.o
LOAD si114x/Si114x_sys_out.o
LOAD si114x/slider_algorithm.o
LOAD uart.o
LOAD usb.o
START GROUP
LOAD c:/program files/atmel/atmel toolchain/avr8 gcc/native/3.4.1056/avr8-gnu-toolchain/bin/../lib/gcc/avr/4.8.1/../../../../avr/lib/avrxmega4\libm.a
END GROUP
START GROUP
LOAD c:/program files/atmel/atmel toolchain/avr8 gcc/native/3.4.1056/avr8-gnu-toolchain/bin/../lib/gcc/avr/4.8.1/avrxmega4\libgcc.a
LOAD c:/program files/atmel/atmel toolchain/avr8 gcc/native/3.4.1056/avr8-gnu-toolchain/bin/../lib/gcc/avr/4.8.1/../../../../avr/lib/avrxmega4\libm.a
LOAD c:/program files/atmel/atmel toolchain/avr8 gcc/native/3.4.1056/avr8-gnu-toolchain/bin/../lib/gcc/avr/4.8.1/../../../../avr/lib/avrxmega4\libc.a
END GROUP

.hash
 *(.hash)

.dynsym
 *(.dynsym)

.dynstr
 *(.dynstr)

.gnu.version
 *(.gnu.version)

.gnu.version_d
 *(.gnu.version_d)

.gnu.version_r
 *(.gnu.version_r)

.rel.init
 *(.rel.init)

.rela.init
 *(.rela.init)

.rel.text
 *(.rel.text)
 *(.rel.text.*)
 *(.rel.gnu.linkonce.t*)

.rela.text
 *(.rela.text)
 *(.rela.text.*)
 *(.rela.gnu.linkonce.t*)

.rel.fini
 *(.rel.fini)

.rela.fini
 *(.rela.fini)

.rel.rodata
 *(.rel.rodata)
 *(.rel.rodata.*)
 *(.rel.gnu.linkonce.r*)

.rela.rodata
 *(.rela.rodata)
 *(.rela.rodata.*)
 *(.rela.gnu.linkonce.r*)

.rel.data
 *(.rel.data)
 *(.rel.data.*)
 *(.rel.gnu.linkonce.d*)

.rela.data
 *(.rela.data)
 *(.rela.data.*)
 *(.rela.gnu.linkonce.d*)

.rel.ctors
 *(.rel.ctors)

.rela.ctors
 *(.rela.ctors)

.rel.dtors
 *(.rel.dtors)

.rela.dtors
 *(.rela.dtors)

.rel.got
 *(.rel.got)

.rela.got
 *(.rela.got)

.rel.bss
 *(.rel.bss)

.rela.bss
 *(.rela.bss)

.rel.plt
 *(.rel.plt)

.rela.plt
 *(.rela.plt)

.text           0x00000000     0x2944
 *(.vectors)
 .vectors       0x00000000      0x1fc c:/program files/atmel/atmel toolchain/avr8 gcc/native/3.4.1056/avr8-gnu-toolchain/bin/../lib/gcc/avr/4.8.1/../../../../avr/lib/avrxmega4/crtx64a4u.o
                0x00000000                __vector_default
                0x00000000                __vectors
 *(.vectors)
 *(.progmem.gcc*)
                0x000001fc                . = ALIGN (0x2)
                0x000001fc                __trampolines_start = .
 *(.trampolines)
 .trampolines   0x000001fc        0x0 linker stubs
 *(.trampolines*)
                0x000001fc                __trampolines_end = .
 *(.progmem*)
 .progmem.data.font
                0x000001fc      0x4fb ht1632c.o
                0x000006f8                . = ALIGN (0x2)
 *fill*         0x000006f7        0x1 
 *(.jumptables)
 *(.jumptables*)
 *(.lowtext)
 *(.lowtext*)
                0x000006f8                __ctors_start = .
 *(.ctors)
                0x000006f8                __ctors_end = .
                0x000006f8                __dtors_start = .
 *(.dtors)
                0x000006f8                __dtors_end = .
 SORT(*)(.ctors)
 SORT(*)(.dtors)
 *(.init0)
 .init0         0x000006f8        0x0 c:/program files/atmel/atmel toolchain/avr8 gcc/native/3.4.1056/avr8-gnu-toolchain/bin/../lib/gcc/avr/4.8.1/../../../../avr/lib/avrxmega4/crtx64a4u.o
                0x000006f8                __init
 *(.init0)
 *(.init1)
 *(.init1)
 *(.init2)
 .init2         0x000006f8        0xc c:/program files/atmel/atmel toolchain/avr8 gcc/native/3.4.1056/avr8-gnu-toolchain/bin/../lib/gcc/avr/4.8.1/../../../../avr/lib/avrxmega4/crtx64a4u.o
 *(.init2)
 *(.init3)
 *(.init3)
 *(.init4)
 .init4         0x00000704       0x1a c:/program files/atmel/atmel toolchain/avr8 gcc/native/3.4.1056/avr8-gnu-toolchain/bin/../lib/gcc/avr/4.8.1/avrxmega4\libgcc.a(_copy_data.o)
                0x00000704                __do_copy_data
 .init4         0x0000071e       0x10 c:/program files/atmel/atmel toolchain/avr8 gcc/native/3.4.1056/avr8-gnu-toolchain/bin/../lib/gcc/avr/4.8.1/avrxmega4\libgcc.a(_clear_bss.o)
                0x0000071e                __do_clear_bss
 *(.init4)
 *(.init5)
 *(.init5)
 *(.init6)
 *(.init6)
 *(.init7)
 *(.init7)
 *(.init8)
 *(.init8)
 *(.init9)
 .init9         0x0000072e        0x6 c:/program files/atmel/atmel toolchain/avr8 gcc/native/3.4.1056/avr8-gnu-toolchain/bin/../lib/gcc/avr/4.8.1/../../../../avr/lib/avrxmega4/crtx64a4u.o
 *(.init9)
 *(.text)
 .text          0x00000734        0x2 c:/program files/atmel/atmel toolchain/avr8 gcc/native/3.4.1056/avr8-gnu-toolchain/bin/../lib/gcc/avr/4.8.1/../../../../avr/lib/avrxmega4/crtx64a4u.o
                0x00000734                __vector_38
                0x00000734                __vector_104
                0x00000734                __vector_22
                0x00000734                __vector_63
                0x00000734                __vector_28
                0x00000734                __vector_67
                0x00000734                __vector_1
                0x00000734                __vector_119
                0x00000734                __vector_32
                0x00000734                __vector_75
                0x00000734                __vector_71
                0x00000734                __vector_91
                0x00000734                __vector_34
                0x00000734                __vector_62
                0x00000734                __vector_77
                0x00000734                __vector_102
                0x00000734                __vector_24
                0x00000734                __vector_12
                0x00000734                __vector_55
                0x00000734                __vector_69
                0x00000734                __vector_81
                0x00000734                __vector_90
                0x00000734                __vector_46
                0x00000734                __bad_interrupt
                0x00000734                __vector_122
                0x00000734                __vector_72
                0x00000734                __vector_114
                0x00000734                __vector_6
                0x00000734                __vector_110
                0x00000734                __vector_31
                0x00000734                __vector_92
                0x00000734                __vector_35
                0x00000734                __vector_78
                0x00000734                __vector_74
                0x00000734                __vector_117
                0x00000734                __vector_39
                0x00000734                __vector_107
                0x00000734                __vector_3
                0x00000734                __vector_105
                0x00000734                __vector_98
                0x00000734                __vector_23
                0x00000734                __vector_68
                0x00000734                __vector_30
                0x00000734                __vector_73
                0x00000734                __vector_45
                0x00000734                __vector_25
                0x00000734                __vector_93
                0x00000734                __vector_61
                0x00000734                __vector_11
                0x00000734                __vector_54
                0x00000734                __vector_99
                0x00000734                __vector_13
                0x00000734                __vector_17
                0x00000734                __vector_19
                0x00000734                __vector_56
                0x00000734                __vector_7
                0x00000734                __vector_125
                0x00000734                __vector_49
                0x00000734                __vector_123
                0x00000734                __vector_41
                0x00000734                __vector_86
                0x00000734                __vector_100
                0x00000734                __vector_101
                0x00000734                __vector_64
                0x00000734                __vector_109
                0x00000734                __vector_43
                0x00000734                __vector_27
                0x00000734                __vector_5
                0x00000734                __vector_113
                0x00000734                __vector_33
                0x00000734                __vector_76
                0x00000734                __vector_115
                0x00000734                __vector_47
                0x00000734                __vector_52
                0x00000734                __vector_37
                0x00000734                __vector_95
                0x00000734                __vector_103
                0x00000734                __vector_96
                0x00000734                __vector_89
                0x00000734                __vector_108
                0x00000734                __vector_4
                0x00000734                __vector_44
                0x00000734                __vector_82
                0x00000734                __vector_106
                0x00000734                __vector_118
                0x00000734                __vector_51
                0x00000734                __vector_9
                0x00000734                __vector_2
                0x00000734                __vector_21
                0x00000734                __vector_15
                0x00000734                __vector_36
                0x00000734                __vector_79
                0x00000734                __vector_58
                0x00000734                __vector_70
                0x00000734                __vector_83
                0x00000734                __vector_29
                0x00000734                __vector_60
                0x00000734                __vector_121
                0x00000734                __vector_40
                0x00000734                __vector_85
                0x00000734                __vector_94
                0x00000734                __vector_126
                0x00000734                __vector_8
                0x00000734                __vector_26
                0x00000734                __vector_48
                0x00000734                __vector_124
                0x00000734                __vector_116
                0x00000734                __vector_112
                0x00000734                __vector_111
                0x00000734                __vector_80
                0x00000734                __vector_84
                0x00000734                __vector_57
                0x00000734                __vector_53
                0x00000734                __vector_50
                0x00000734                __vector_16
                0x00000734                __vector_59
                0x00000734                __vector_18
                0x00000734                __vector_97
                0x00000734                __vector_42
                0x00000734                __vector_87
                0x00000734                __vector_65
                0x00000734                __vector_120
                0x00000736                . = ALIGN (0x2)
 *(.text.*)
 .text.clock_setup_32_mhz
                0x00000736       0x1e clock.o
                0x00000736                clock_setup_32_mhz
 .text.__vector_88
                0x00000754       0x56 esp8266.o
                0x00000754                __vector_88
 .text.__vector_14
                0x000007aa      0x14e fatfs/sound.o
                0x000007aa                __vector_14
 .text.ht1632c_setup
                0x000008f8      0x55a ht1632c.o
                0x000008f8                ht1632c_setup
 .text.ht1632c_set_brightness
                0x00000e52      0x11e ht1632c.o
                0x00000e52                ht1632c_set_brightness
 .text.ht1632c_refresh_screen
                0x00000f70      0x2b4 ht1632c.o
                0x00000f70                ht1632c_refresh_screen
 .text.ht1632c_clear_screen
                0x00001224       0x10 ht1632c.o
                0x00001224                ht1632c_clear_screen
 .text.ht1632c_draw_char
                0x00001234      0x388 ht1632c.o
                0x00001234                ht1632c_draw_char
 .text.startup.main
                0x000015bc       0xce main.o
                0x000015bc                main
 .text.__vector_20
                0x0000168a       0x2e main.o
                0x0000168a                __vector_20
 .text.__vector_66
                0x000016b8       0x4e port.o
                0x000016b8                __vector_66
 .text.__vector_10
                0x00001706       0x86 rtc.o
                0x00001706                __vector_10
 .text.twi_setup
                0x0000178c       0x14 sercom.o
                0x0000178c                twi_setup
 .text.twi_write_packet
                0x000017a0       0xb2 sercom.o
                0x000017a0                twi_write_packet
 .text.i2c_write_data
                0x00001852       0x30 sercom.o
                0x00001852                i2c_write_data
 .text.i2c_read_data
                0x00001882       0x4e sercom.o
                0x00001882                i2c_read_data
 .text.Si114xPauseAll
                0x000018d0       0xb4 si114x/Si114x_functions.o
                0x000018d0                Si114xPauseAll
 .text.si114x_reset
                0x00001984       0x86 si114x/Si114x_functions.o
                0x00001984                si114x_reset
 .text.si114x_init
                0x00001a0a      0x60e si114x/Si114x_functions.o
                0x00001a0a                si114x_init
 .text.si114x_setup
                0x00002018        0xc si114x/Si114x_functions.o
                0x00002018                si114x_setup
 .text.Si114xWriteToRegister
                0x00002024        0x8 si114x/Si114x_sys_out.o
                0x00002024                Si114xWriteToRegister
 .text.Si114xReadFromRegister
                0x0000202c        0x8 si114x/Si114x_sys_out.o
                0x0000202c                Si114xReadFromRegister
 .text.Si114xBlockWrite
                0x00002034       0x20 si114x/Si114x_sys_out.o
                0x00002034                Si114xBlockWrite
 .text.delay_10ms
                0x00002054       0x14 si114x/Si114x_sys_out.o
                0x00002054                delay_10ms
 .text.uart_setup
                0x00002068       0x22 uart.o
                0x00002068                uart_setup
 .text.uart_put_char
                0x0000208a        0xe uart.o
                0x0000208a                uart_put_char
 .text.uart_get_char
                0x00002098        0xe uart.o
                0x00002098                uart_get_char
 .text.avr-libc.fplib
                0x000020a6        0xa c:/program files/atmel/atmel toolchain/avr8 gcc/native/3.4.1056/avr8-gnu-toolchain/bin/../lib/gcc/avr/4.8.1/../../../../avr/lib/avrxmega4\libm.a(addsf3.o)
                0x000020a6                __subsf3
                0x000020a8                __addsf3
 .text.avr-libc.fplib
                0x000020b0       0xc0 c:/program files/atmel/atmel toolchain/avr8 gcc/native/3.4.1056/avr8-gnu-toolchain/bin/../lib/gcc/avr/4.8.1/../../../../avr/lib/avrxmega4\libm.a(addsf3x.o)
                0x000020ca                __addsf3x
 .text.avr-libc.fplib
                0x00002170        0xa c:/program files/atmel/atmel toolchain/avr8 gcc/native/3.4.1056/avr8-gnu-toolchain/bin/../lib/gcc/avr/4.8.1/../../../../avr/lib/avrxmega4\libm.a(fixsfsi.o)
                0x00002170                __fixsfsi
 .text.avr-libc.fplib
                0x0000217a       0x58 c:/program files/atmel/atmel toolchain/avr8 gcc/native/3.4.1056/avr8-gnu-toolchain/bin/../lib/gcc/avr/4.8.1/../../../../avr/lib/avrxmega4\libm.a(fixunssfsi.o)
                0x0000217a                __fixunssfsi
 .text.avr-libc.fplib
                0x000021d2       0x7a c:/program files/atmel/atmel toolchain/avr8 gcc/native/3.4.1056/avr8-gnu-toolchain/bin/../lib/gcc/avr/4.8.1/../../../../avr/lib/avrxmega4\libm.a(floatsisf.o)
                0x000021d2                __floatunsisf
                0x000021d6                __floatsisf
 .text.avr-libc.fplib
                0x0000224c        0xc c:/program files/atmel/atmel toolchain/avr8 gcc/native/3.4.1056/avr8-gnu-toolchain/bin/../lib/gcc/avr/4.8.1/../../../../avr/lib/avrxmega4\libm.a(fp_inf.o)
                0x0000224c                __fp_inf
 .text.avr-libc.fplib
                0x00002258        0x6 c:/program files/atmel/atmel toolchain/avr8 gcc/native/3.4.1056/avr8-gnu-toolchain/bin/../lib/gcc/avr/4.8.1/../../../../avr/lib/avrxmega4\libm.a(fp_nan.o)
                0x00002258                __fp_nan
 .text.avr-libc.fplib
                0x0000225e        0xe c:/program files/atmel/atmel toolchain/avr8 gcc/native/3.4.1056/avr8-gnu-toolchain/bin/../lib/gcc/avr/4.8.1/../../../../avr/lib/avrxmega4\libm.a(fp_pscA.o)
                0x0000225e                __fp_pscA
 .text.avr-libc.fplib
                0x0000226c        0xe c:/program files/atmel/atmel toolchain/avr8 gcc/native/3.4.1056/avr8-gnu-toolchain/bin/../lib/gcc/avr/4.8.1/../../../../avr/lib/avrxmega4\libm.a(fp_pscB.o)
                0x0000226c                __fp_pscB
 .text.avr-libc.fplib
                0x0000227a       0x22 c:/program files/atmel/atmel toolchain/avr8 gcc/native/3.4.1056/avr8-gnu-toolchain/bin/../lib/gcc/avr/4.8.1/../../../../avr/lib/avrxmega4\libm.a(fp_round.o)
                0x0000227a                __fp_round
 .text.avr-libc.fplib
                0x0000229c       0x44 c:/program files/atmel/atmel toolchain/avr8 gcc/native/3.4.1056/avr8-gnu-toolchain/bin/../lib/gcc/avr/4.8.1/../../../../avr/lib/avrxmega4\libm.a(fp_split3.o)
                0x0000229c                __fp_split3
                0x000022ac                __fp_splitA
 .text.avr-libc.fplib
                0x000022e0        0xe c:/program files/atmel/atmel toolchain/avr8 gcc/native/3.4.1056/avr8-gnu-toolchain/bin/../lib/gcc/avr/4.8.1/../../../../avr/lib/avrxmega4\libm.a(fp_zero.o)
                0x000022e0                __fp_zero
                0x000022e2                __fp_szero
 .text.avr-libc.fplib
                0x000022ee        0x4 c:/program files/atmel/atmel toolchain/avr8 gcc/native/3.4.1056/avr8-gnu-toolchain/bin/../lib/gcc/avr/4.8.1/../../../../avr/lib/avrxmega4\libm.a(mulsf3.o)
                0x000022ee                __mulsf3
 .text.avr-libc.fplib
                0x000022f2       0xc2 c:/program files/atmel/atmel toolchain/avr8 gcc/native/3.4.1056/avr8-gnu-toolchain/bin/../lib/gcc/avr/4.8.1/../../../../avr/lib/avrxmega4\libm.a(mulsf3x.o)
                0x00002306                __mulsf3x
                0x0000230a                __mulsf3_pse
 .text.libgcc.div
                0x000023b4       0x26 c:/program files/atmel/atmel toolchain/avr8 gcc/native/3.4.1056/avr8-gnu-toolchain/bin/../lib/gcc/avr/4.8.1/avrxmega4\libgcc.a(_divmodhi4.o)
                0x000023b4                _div
                0x000023b4                __divmodhi4
 .text.libgcc.div
                0x000023da       0x28 c:/program files/atmel/atmel toolchain/avr8 gcc/native/3.4.1056/avr8-gnu-toolchain/bin/../lib/gcc/avr/4.8.1/avrxmega4\libgcc.a(_udivmodhi4.o)
                0x000023da                __udivmodhi4
 .text.avr-libc
                0x00002402       0x22 c:/program files/atmel/atmel toolchain/avr8 gcc/native/3.4.1056/avr8-gnu-toolchain/bin/../lib/gcc/avr/4.8.1/../../../../avr/lib/avrxmega4\libc.a(printf.o)
                0x00002402                printf
 .text.avr-libc
                0x00002424      0x3d0 c:/program files/atmel/atmel toolchain/avr8 gcc/native/3.4.1056/avr8-gnu-toolchain/bin/../lib/gcc/avr/4.8.1/../../../../avr/lib/avrxmega4\libc.a(vfprintf_std.o)
                0x00002424                vfprintf
 .text.avr-libc
                0x000027f4       0x16 c:/program files/atmel/atmel toolchain/avr8 gcc/native/3.4.1056/avr8-gnu-toolchain/bin/../lib/gcc/avr/4.8.1/../../../../avr/lib/avrxmega4\libc.a(strnlen_P.o)
                0x000027f4                strnlen_P
 .text.avr-libc
                0x0000280a       0x16 c:/program files/atmel/atmel toolchain/avr8 gcc/native/3.4.1056/avr8-gnu-toolchain/bin/../lib/gcc/avr/4.8.1/../../../../avr/lib/avrxmega4\libc.a(strnlen.o)
                0x0000280a                strnlen
 .text.avr-libc
                0x00002820       0x64 c:/program files/atmel/atmel toolchain/avr8 gcc/native/3.4.1056/avr8-gnu-toolchain/bin/../lib/gcc/avr/4.8.1/../../../../avr/lib/avrxmega4\libc.a(fputc.o)
                0x00002820                fputc
 .text.avr-libc
                0x00002884       0xbc c:/program files/atmel/atmel toolchain/avr8 gcc/native/3.4.1056/avr8-gnu-toolchain/bin/../lib/gcc/avr/4.8.1/../../../../avr/lib/avrxmega4\libc.a(ultoa_invert.o)
                0x00002884                __ultoa_invert
                0x00002940                . = ALIGN (0x2)
 *(.fini9)
 .fini9         0x00002940        0x0 c:/program files/atmel/atmel toolchain/avr8 gcc/native/3.4.1056/avr8-gnu-toolchain/bin/../lib/gcc/avr/4.8.1/avrxmega4\libgcc.a(_exit.o)
                0x00002940                _exit
                0x00002940                exit
 *(.fini9)
 *(.fini8)
 *(.fini8)
 *(.fini7)
 *(.fini7)
 *(.fini6)
 *(.fini6)
 *(.fini5)
 *(.fini5)
 *(.fini4)
 *(.fini4)
 *(.fini3)
 *(.fini3)
 *(.fini2)
 *(.fini2)
 *(.fini1)
 *(.fini1)
 *(.fini0)
 .fini0         0x00002940        0x4 c:/program files/atmel/atmel toolchain/avr8 gcc/native/3.4.1056/avr8-gnu-toolchain/bin/../lib/gcc/avr/4.8.1/avrxmega4\libgcc.a(_exit.o)
 *(.fini0)
                0x00002944                _etext = .

.data           0x00802000       0x3c load address 0x00002944
                0x00802000                PROVIDE (__data_start, .)
 *(.data)
 .data          0x00802000        0x0 c:/program files/atmel/atmel toolchain/avr8 gcc/native/3.4.1056/avr8-gnu-toolchain/bin/../lib/gcc/avr/4.8.1/../../../../avr/lib/avrxmega4/crtx64a4u.o
 .data          0x00802000        0x0 4x6_font.o
 .data          0x00802000        0x0 adc.o
 .data          0x00802000        0x0 clock.o
 .data          0x00802000        0x0 esp8266.o
 .data          0x00802000        0x0 fatfs/ff.o
 .data          0x00802000        0x0 fatfs/mmc_avr.o
 .data          0x00802000        0x0 fatfs/sound.o
 .data          0x00802000        0x0 ht1632c.o
 .data          0x00802000        0x0 json/jsmn.o
 .data          0x00802000        0x0 main.o
 .data          0x00802000        0x0 port.o
 .data          0x00802000        0x0 power.o
 .data          0x00802000        0x0 rtc.o
 .data          0x00802000        0x0 sercom.o
 .data          0x00802000        0x0 si114x/Si114x_functions.o
 .data          0x00802000        0x0 si114x/Si114x_handler.o
 .data          0x00802000        0x0 si114x/Si114x_init.o
 .data          0x00802000        0x0 si114x/Si114x_sys_out.o
 .data          0x00802000        0x0 si114x/slider_algorithm.o
 .data          0x00802000        0x0 uart.o
 .data          0x00802000        0x0 usb.o
 .data          0x00802000        0x0 c:/program files/atmel/atmel toolchain/avr8 gcc/native/3.4.1056/avr8-gnu-toolchain/bin/../lib/gcc/avr/4.8.1/../../../../avr/lib/avrxmega4\libm.a(addsf3.o)
 .data          0x00802000        0x0 c:/program files/atmel/atmel toolchain/avr8 gcc/native/3.4.1056/avr8-gnu-toolchain/bin/../lib/gcc/avr/4.8.1/../../../../avr/lib/avrxmega4\libm.a(addsf3x.o)
 .data          0x00802000        0x0 c:/program files/atmel/atmel toolchain/avr8 gcc/native/3.4.1056/avr8-gnu-toolchain/bin/../lib/gcc/avr/4.8.1/../../../../avr/lib/avrxmega4\libm.a(fixsfsi.o)
 .data          0x00802000        0x0 c:/program files/atmel/atmel toolchain/avr8 gcc/native/3.4.1056/avr8-gnu-toolchain/bin/../lib/gcc/avr/4.8.1/../../../../avr/lib/avrxmega4\libm.a(fixunssfsi.o)
 .data          0x00802000        0x0 c:/program files/atmel/atmel toolchain/avr8 gcc/native/3.4.1056/avr8-gnu-toolchain/bin/../lib/gcc/avr/4.8.1/../../../../avr/lib/avrxmega4\libm.a(floatsisf.o)
 .data          0x00802000        0x0 c:/program files/atmel/atmel toolchain/avr8 gcc/native/3.4.1056/avr8-gnu-toolchain/bin/../lib/gcc/avr/4.8.1/../../../../avr/lib/avrxmega4\libm.a(fp_inf.o)
 .data          0x00802000        0x0 c:/program files/atmel/atmel toolchain/avr8 gcc/native/3.4.1056/avr8-gnu-toolchain/bin/../lib/gcc/avr/4.8.1/../../../../avr/lib/avrxmega4\libm.a(fp_nan.o)
 .data          0x00802000        0x0 c:/program files/atmel/atmel toolchain/avr8 gcc/native/3.4.1056/avr8-gnu-toolchain/bin/../lib/gcc/avr/4.8.1/../../../../avr/lib/avrxmega4\libm.a(fp_pscA.o)
 .data          0x00802000        0x0 c:/program files/atmel/atmel toolchain/avr8 gcc/native/3.4.1056/avr8-gnu-toolchain/bin/../lib/gcc/avr/4.8.1/../../../../avr/lib/avrxmega4\libm.a(fp_pscB.o)
 .data          0x00802000        0x0 c:/program files/atmel/atmel toolchain/avr8 gcc/native/3.4.1056/avr8-gnu-toolchain/bin/../lib/gcc/avr/4.8.1/../../../../avr/lib/avrxmega4\libm.a(fp_round.o)
 .data          0x00802000        0x0 c:/program files/atmel/atmel toolchain/avr8 gcc/native/3.4.1056/avr8-gnu-toolchain/bin/../lib/gcc/avr/4.8.1/../../../../avr/lib/avrxmega4\libm.a(fp_split3.o)
 .data          0x00802000        0x0 c:/program files/atmel/atmel toolchain/avr8 gcc/native/3.4.1056/avr8-gnu-toolchain/bin/../lib/gcc/avr/4.8.1/../../../../avr/lib/avrxmega4\libm.a(fp_zero.o)
 .data          0x00802000        0x0 c:/program files/atmel/atmel toolchain/avr8 gcc/native/3.4.1056/avr8-gnu-toolchain/bin/../lib/gcc/avr/4.8.1/../../../../avr/lib/avrxmega4\libm.a(mulsf3.o)
 .data          0x00802000        0x0 c:/program files/atmel/atmel toolchain/avr8 gcc/native/3.4.1056/avr8-gnu-toolchain/bin/../lib/gcc/avr/4.8.1/../../../../avr/lib/avrxmega4\libm.a(mulsf3x.o)
 .data          0x00802000        0x0 c:/program files/atmel/atmel toolchain/avr8 gcc/native/3.4.1056/avr8-gnu-toolchain/bin/../lib/gcc/avr/4.8.1/avrxmega4\libgcc.a(_divmodhi4.o)
 .data          0x00802000        0x0 c:/program files/atmel/atmel toolchain/avr8 gcc/native/3.4.1056/avr8-gnu-toolchain/bin/../lib/gcc/avr/4.8.1/avrxmega4\libgcc.a(_udivmodsi4.o)
 .data          0x00802000        0x0 c:/program files/atmel/atmel toolchain/avr8 gcc/native/3.4.1056/avr8-gnu-toolchain/bin/../lib/gcc/avr/4.8.1/avrxmega4\libgcc.a(_exit.o)
 .data          0x00802000        0x0 c:/program files/atmel/atmel toolchain/avr8 gcc/native/3.4.1056/avr8-gnu-toolchain/bin/../lib/gcc/avr/4.8.1/avrxmega4\libgcc.a(_tablejump.o)
 .data          0x00802000        0x0 c:/program files/atmel/atmel toolchain/avr8 gcc/native/3.4.1056/avr8-gnu-toolchain/bin/../lib/gcc/avr/4.8.1/avrxmega4\libgcc.a(_copy_data.o)
 .data          0x00802000        0x0 c:/program files/atmel/atmel toolchain/avr8 gcc/native/3.4.1056/avr8-gnu-toolchain/bin/../lib/gcc/avr/4.8.1/avrxmega4\libgcc.a(_clear_bss.o)
 .data          0x00802000        0x0 c:/program files/atmel/atmel toolchain/avr8 gcc/native/3.4.1056/avr8-gnu-toolchain/bin/../lib/gcc/avr/4.8.1/avrxmega4\libgcc.a(_umulhisi3.o)
 .data          0x00802000        0x0 c:/program files/atmel/atmel toolchain/avr8 gcc/native/3.4.1056/avr8-gnu-toolchain/bin/../lib/gcc/avr/4.8.1/avrxmega4\libgcc.a(_muluhisi3.o)
 .data          0x00802000        0x0 c:/program files/atmel/atmel toolchain/avr8 gcc/native/3.4.1056/avr8-gnu-toolchain/bin/../lib/gcc/avr/4.8.1/avrxmega4\libgcc.a(_udivmodhi4.o)
 .data          0x00802000        0x4 c:/program files/atmel/atmel toolchain/avr8 gcc/native/3.4.1056/avr8-gnu-toolchain/bin/../lib/gcc/avr/4.8.1/../../../../avr/lib/avrxmega4\libc.a(rand.o)
 .data          0x00802004        0x0 c:/program files/atmel/atmel toolchain/avr8 gcc/native/3.4.1056/avr8-gnu-toolchain/bin/../lib/gcc/avr/4.8.1/../../../../avr/lib/avrxmega4\libc.a(memcpy.o)
 .data          0x00802004        0x0 c:/program files/atmel/atmel toolchain/avr8 gcc/native/3.4.1056/avr8-gnu-toolchain/bin/../lib/gcc/avr/4.8.1/../../../../avr/lib/avrxmega4\libc.a(memmove.o)
 .data          0x00802004        0x0 c:/program files/atmel/atmel toolchain/avr8 gcc/native/3.4.1056/avr8-gnu-toolchain/bin/../lib/gcc/avr/4.8.1/../../../../avr/lib/avrxmega4\libc.a(memset.o)
 .data          0x00802004        0x0 c:/program files/atmel/atmel toolchain/avr8 gcc/native/3.4.1056/avr8-gnu-toolchain/bin/../lib/gcc/avr/4.8.1/../../../../avr/lib/avrxmega4\libc.a(strchr.o)
 .data          0x00802004        0x0 c:/program files/atmel/atmel toolchain/avr8 gcc/native/3.4.1056/avr8-gnu-toolchain/bin/../lib/gcc/avr/4.8.1/../../../../avr/lib/avrxmega4\libc.a(strcpy.o)
 .data          0x00802004        0x0 c:/program files/atmel/atmel toolchain/avr8 gcc/native/3.4.1056/avr8-gnu-toolchain/bin/../lib/gcc/avr/4.8.1/../../../../avr/lib/avrxmega4\libc.a(strncpy.o)
 .data          0x00802004        0x0 c:/program files/atmel/atmel toolchain/avr8 gcc/native/3.4.1056/avr8-gnu-toolchain/bin/../lib/gcc/avr/4.8.1/../../../../avr/lib/avrxmega4\libc.a(strrchr.o)
 .data          0x00802004        0x0 c:/program files/atmel/atmel toolchain/avr8 gcc/native/3.4.1056/avr8-gnu-toolchain/bin/../lib/gcc/avr/4.8.1/../../../../avr/lib/avrxmega4\libc.a(strstr.o)
 .data          0x00802004        0x0 c:/program files/atmel/atmel toolchain/avr8 gcc/native/3.4.1056/avr8-gnu-toolchain/bin/../lib/gcc/avr/4.8.1/../../../../avr/lib/avrxmega4\libc.a(iob.o)
 .data          0x00802004        0x0 c:/program files/atmel/atmel toolchain/avr8 gcc/native/3.4.1056/avr8-gnu-toolchain/bin/../lib/gcc/avr/4.8.1/../../../../avr/lib/avrxmega4\libc.a(printf.o)
 .data          0x00802004        0x0 c:/program files/atmel/atmel toolchain/avr8 gcc/native/3.4.1056/avr8-gnu-toolchain/bin/../lib/gcc/avr/4.8.1/../../../../avr/lib/avrxmega4\libc.a(puts.o)
 .data          0x00802004        0x0 c:/program files/atmel/atmel toolchain/avr8 gcc/native/3.4.1056/avr8-gnu-toolchain/bin/../lib/gcc/avr/4.8.1/../../../../avr/lib/avrxmega4\libc.a(sprintf.o)
 .data          0x00802004        0x0 c:/program files/atmel/atmel toolchain/avr8 gcc/native/3.4.1056/avr8-gnu-toolchain/bin/../lib/gcc/avr/4.8.1/../../../../avr/lib/avrxmega4\libc.a(vfprintf_std.o)
 .data          0x00802004        0x0 c:/program files/atmel/atmel toolchain/avr8 gcc/native/3.4.1056/avr8-gnu-toolchain/bin/../lib/gcc/avr/4.8.1/../../../../avr/lib/avrxmega4\libc.a(strnlen_P.o)
 .data          0x00802004        0x0 c:/program files/atmel/atmel toolchain/avr8 gcc/native/3.4.1056/avr8-gnu-toolchain/bin/../lib/gcc/avr/4.8.1/../../../../avr/lib/avrxmega4\libc.a(strnlen.o)
 .data          0x00802004        0x0 c:/program files/atmel/atmel toolchain/avr8 gcc/native/3.4.1056/avr8-gnu-toolchain/bin/../lib/gcc/avr/4.8.1/../../../../avr/lib/avrxmega4\libc.a(fputc.o)
 .data          0x00802004        0x0 c:/program files/atmel/atmel toolchain/avr8 gcc/native/3.4.1056/avr8-gnu-toolchain/bin/../lib/gcc/avr/4.8.1/../../../../avr/lib/avrxmega4\libc.a(ultoa_invert.o)
 .data          0x00802004        0x0 c:/program files/atmel/atmel toolchain/avr8 gcc/native/3.4.1056/avr8-gnu-toolchain/bin/../lib/gcc/avr/4.8.1/avrxmega4\libgcc.a(_divmodsi4.o)
 .data          0x00802004        0x0 c:/program files/atmel/atmel toolchain/avr8 gcc/native/3.4.1056/avr8-gnu-toolchain/bin/../lib/gcc/avr/4.8.1/avrxmega4\libgcc.a(_negsi2.o)
 .data          0x00802004        0x0 c:/program files/atmel/atmel toolchain/avr8 gcc/native/3.4.1056/avr8-gnu-toolchain/bin/../lib/gcc/avr/4.8.1/avrxmega4\libgcc.a(_mulshisi3.o)
 *(.data*)
 .data.mystdout
                0x00802004        0xe main.o
 *(.rodata)
 *(.rodata*)
 .rodata.str1.1
                0x00802012       0x29 main.o
 *(.gnu.linkonce.d*)
                0x0080203c                . = ALIGN (0x2)
 *fill*         0x0080203b        0x1 
                0x0080203c                _edata = .
                0x0080203c                PROVIDE (__data_end, .)

.bss            0x0080203c      0x46c
                0x0080203c                PROVIDE (__bss_start, .)
 *(.bss)
 *(.bss*)
 .bss.rx_buffer
                0x0080203c      0x3e8 esp8266.o
 .bss.rx_ptr    0x00802424        0x2 esp8266.o
 .bss.ledmatrix
                0x00802426       0x30 ht1632c.o
 .bss.counter   0x00802456        0x2 main.o
 *(COMMON)
 COMMON         0x00802458       0x43 fatfs/sound.o
                0x00802458                full
                0x00802459                fht_array
                0x00802499                WavFifo
 COMMON         0x0080249b        0x7 rtc.o
                0x0080249b                time
 COMMON         0x008024a2        0x6 c:/program files/atmel/atmel toolchain/avr8 gcc/native/3.4.1056/avr8-gnu-toolchain/bin/../lib/gcc/avr/4.8.1/../../../../avr/lib/avrxmega4\libc.a(iob.o)
                0x008024a2                __iob
                0x008024a8                PROVIDE (__bss_end, .)
                0x00002944                __data_load_start = LOADADDR (.data)
                0x00002980                __data_load_end = (__data_load_start + SIZEOF (.data))

.noinit         0x008024a8        0x0
                0x008024a8                PROVIDE (__noinit_start, .)
 *(.noinit*)
                0x008024a8                PROVIDE (__noinit_end, .)
                0x008024a8                _end = .
                0x008024a8                PROVIDE (__heap_start, .)

.eeprom         0x00810000        0x0
 *(.eeprom*)
                0x00810000                __eeprom_end = .

.fuse
 *(.fuse)
 *(.lfuse)
 *(.hfuse)
 *(.efuse)

.lock
 *(.lock*)

.signature
 *(.signature*)

.user_signatures
 *(.user_signatures*)

.stab
 *(.stab)

.stabstr
 *(.stabstr)

.stab.excl
 *(.stab.excl)

.stab.exclstr
 *(.stab.exclstr)

.stab.index
 *(.stab.index)

.stab.indexstr
 *(.stab.indexstr)

.comment        0x00000000       0x5c
 *(.comment)
 .comment       0x00000000       0x30 4x6_font.o
                                 0x31 (size before relaxing)
 .comment       0x00000000       0x31 adc.o
 .comment       0x00000000       0x31 clock.o
 .comment       0x00000000       0x31 esp8266.o
 .comment       0x00000000       0x31 fatfs/ff.o
 .comment       0x00000000       0x31 fatfs/mmc_avr.o
 .comment       0x00000000       0x31 fatfs/sound.o
 .comment       0x00000000       0x31 ht1632c.o
 .comment       0x00000000       0x31 json/jsmn.o
 .comment       0x00000000       0x31 main.o
 .comment       0x00000000       0x31 port.o
 .comment       0x00000000       0x31 power.o
 .comment       0x00000000       0x31 rtc.o
 .comment       0x00000000       0x31 sercom.o
 .comment       0x00000000       0x31 si114x/Si114x_functions.o
 .comment       0x00000000       0x31 si114x/Si114x_handler.o
 .comment       0x00000000       0x31 si114x/Si114x_init.o
 .comment       0x00000000       0x31 si114x/Si114x_sys_out.o
 .comment       0x00000000       0x31 si114x/slider_algorithm.o
 .comment       0x00000000       0x31 uart.o
 .comment       0x00000000       0x31 usb.o
 .comment       0x00000000       0x31 c:/program files/atmel/atmel toolchain/avr8 gcc/native/3.4.1056/avr8-gnu-toolchain/bin/../lib/gcc/avr/4.8.1/../../../../avr/lib/avrxmega4\libc.a(rand.o)
 .comment       0x00000000       0x31 c:/program files/atmel/atmel toolchain/avr8 gcc/native/3.4.1056/avr8-gnu-toolchain/bin/../lib/gcc/avr/4.8.1/../../../../avr/lib/avrxmega4\libc.a(iob.o)
 .comment       0x00000000       0x31 c:/program files/atmel/atmel toolchain/avr8 gcc/native/3.4.1056/avr8-gnu-toolchain/bin/../lib/gcc/avr/4.8.1/../../../../avr/lib/avrxmega4\libc.a(printf.o)
 .comment       0x00000000       0x31 c:/program files/atmel/atmel toolchain/avr8 gcc/native/3.4.1056/avr8-gnu-toolchain/bin/../lib/gcc/avr/4.8.1/../../../../avr/lib/avrxmega4\libc.a(puts.o)
 .comment       0x00000000       0x31 c:/program files/atmel/atmel toolchain/avr8 gcc/native/3.4.1056/avr8-gnu-toolchain/bin/../lib/gcc/avr/4.8.1/../../../../avr/lib/avrxmega4\libc.a(sprintf.o)
 .comment       0x00000030       0x2c c:/program files/atmel/atmel toolchain/avr8 gcc/native/3.4.1056/avr8-gnu-toolchain/bin/../lib/gcc/avr/4.8.1/../../../../avr/lib/avrxmega4\libc.a(vfprintf_std.o)
                                 0x2d (size before relaxing)
 .comment       0x00000000       0x31 c:/program files/atmel/atmel toolchain/avr8 gcc/native/3.4.1056/avr8-gnu-toolchain/bin/../lib/gcc/avr/4.8.1/../../../../avr/lib/avrxmega4\libc.a(fputc.o)

.note.gnu.build-id
 *(.note.gnu.build-id)

.debug
 *(.debug)

.line
 *(.line)

.debug_srcinfo
 *(.debug_srcinfo)

.debug_sfnames
 *(.debug_sfnames)

.debug_aranges  0x00000000      0x6e8
 *(.debug_aranges)
 .debug_aranges
                0x00000000       0x18 4x6_font.o
 .debug_aranges
                0x00000018       0x38 adc.o
 .debug_aranges
                0x00000050       0x38 clock.o
 .debug_aranges
                0x00000088       0x68 esp8266.o
 .debug_aranges
                0x000000f0      0x150 fatfs/ff.o
 .debug_aranges
                0x00000240       0x58 fatfs/mmc_avr.o
 .debug_aranges
                0x00000298       0x40 fatfs/sound.o
 .debug_aranges
                0x000002d8       0xe8 ht1632c.o
 .debug_aranges
                0x000003c0       0x28 json/jsmn.o
 .debug_aranges
                0x000003e8       0x48 main.o
 .debug_aranges
                0x00000430       0x38 port.o
 .debug_aranges
                0x00000468       0x20 power.o
 .debug_aranges
                0x00000488       0x48 rtc.o
 .debug_aranges
                0x000004d0       0x78 sercom.o
 .debug_aranges
                0x00000548       0x88 si114x/Si114x_functions.o
 .debug_aranges
                0x000005d0       0x38 si114x/Si114x_handler.o
 .debug_aranges
                0x00000608       0x50 si114x/Si114x_sys_out.o
 .debug_aranges
                0x00000658       0x30 si114x/slider_algorithm.o
 .debug_aranges
                0x00000688       0x40 uart.o
 .debug_aranges
                0x000006c8       0x20 usb.o

.debug_pubnames
 *(.debug_pubnames)

.debug_info     0x00000000    0x19675
 *(.debug_info .gnu.linkonce.wi.*)
 .debug_info    0x00000000       0x7e 4x6_font.o
 .debug_info    0x0000007e      0x8e8 adc.o
 .debug_info    0x00000966      0x203 clock.o
 .debug_info    0x00000b69     0x10fd esp8266.o
 .debug_info    0x00001c66     0x9de4 fatfs/ff.o
 .debug_info    0x0000ba4a     0x1abb fatfs/mmc_avr.o
 .debug_info    0x0000d505     0x148c fatfs/sound.o
 .debug_info    0x0000e991     0x2778 ht1632c.o
 .debug_info    0x00011109      0x575 json/jsmn.o
 .debug_info    0x0001167e     0x1639 main.o
 .debug_info    0x00012cb7      0x342 port.o
 .debug_info    0x00012ff9      0x356 power.o
 .debug_info    0x0001334f      0xc6e rtc.o
 .debug_info    0x00013fbd      0xd47 sercom.o
 .debug_info    0x00014d04     0x2d8e si114x/Si114x_functions.o
 .debug_info    0x00017a92      0x63c si114x/Si114x_handler.o
 .debug_info    0x000180ce      0x5a0 si114x/Si114x_sys_out.o
 .debug_info    0x0001866e      0x75a si114x/slider_algorithm.o
 .debug_info    0x00018dc8      0x42d uart.o
 .debug_info    0x000191f5      0x480 usb.o

.debug_abbrev   0x00000000     0x2d6d
 *(.debug_abbrev)
 .debug_abbrev  0x00000000       0x4c 4x6_font.o
 .debug_abbrev  0x0000004c      0x254 adc.o
 .debug_abbrev  0x000002a0       0xb9 clock.o
 .debug_abbrev  0x00000359      0x333 esp8266.o
 .debug_abbrev  0x0000068c      0x321 fatfs/ff.o
 .debug_abbrev  0x000009ad      0x30d fatfs/mmc_avr.o
 .debug_abbrev  0x00000cba      0x328 fatfs/sound.o
 .debug_abbrev  0x00000fe2      0x4bb ht1632c.o
 .debug_abbrev  0x0000149d      0x1f3 json/jsmn.o
 .debug_abbrev  0x00001690      0x3ea main.o
 .debug_abbrev  0x00001a7a      0x10a port.o
 .debug_abbrev  0x00001b84       0xc8 power.o
 .debug_abbrev  0x00001c4c      0x2c2 rtc.o
 .debug_abbrev  0x00001f0e      0x2b6 sercom.o
 .debug_abbrev  0x000021c4      0x3a2 si114x/Si114x_functions.o
 .debug_abbrev  0x00002566      0x1bf si114x/Si114x_handler.o
 .debug_abbrev  0x00002725      0x1b9 si114x/Si114x_sys_out.o
 .debug_abbrev  0x000028de      0x23c si114x/slider_algorithm.o
 .debug_abbrev  0x00002b1a      0x199 uart.o
 .debug_abbrev  0x00002cb3       0xba usb.o

.debug_line     0x00000000     0xcd9c
 *(.debug_line .debug_line.* .debug_line_end)
 .debug_line    0x00000000       0x2d 4x6_font.o
 .debug_line    0x0000002d      0x2f3 adc.o
 .debug_line    0x00000320      0x1be clock.o
 .debug_line    0x000004de      0x612 esp8266.o
 .debug_line    0x00000af0     0x5762 fatfs/ff.o
 .debug_line    0x00006252      0x8ad fatfs/mmc_avr.o
 .debug_line    0x00006aff      0x534 fatfs/sound.o
 .debug_line    0x00007033     0x3010 ht1632c.o
 .debug_line    0x0000a043      0x44d json/jsmn.o
 .debug_line    0x0000a490      0x3a6 main.o
 .debug_line    0x0000a836      0x1c8 port.o
 .debug_line    0x0000a9fe      0x134 power.o
 .debug_line    0x0000ab32      0x31f rtc.o
 .debug_line    0x0000ae51      0x62e sercom.o
 .debug_line    0x0000b47f      0xa56 si114x/Si114x_functions.o
 .debug_line    0x0000bed5      0x56d si114x/Si114x_handler.o
 .debug_line    0x0000c442        0x0 si114x/Si114x_init.o
 .debug_line    0x0000c442      0x25d si114x/Si114x_sys_out.o
 .debug_line    0x0000c69f      0x3de si114x/slider_algorithm.o
 .debug_line    0x0000ca7d      0x205 uart.o
 .debug_line    0x0000cc82      0x11a usb.o

.debug_frame    0x00000000     0x2248
 *(.debug_frame)
 .debug_frame   0x00000000       0x54 adc.o
 .debug_frame   0x00000054       0x54 clock.o
 .debug_frame   0x000000a8      0x1f8 esp8266.o
 .debug_frame   0x000002a0      0xf10 fatfs/ff.o
 .debug_frame   0x000011b0      0x184 fatfs/mmc_avr.o
 .debug_frame   0x00001334      0x120 fatfs/sound.o
 .debug_frame   0x00001454      0x454 ht1632c.o
 .debug_frame   0x000018a8       0x90 json/jsmn.o
 .debug_frame   0x00001938       0xc4 main.o
 .debug_frame   0x000019fc       0x9c port.o
 .debug_frame   0x00001a98       0x24 power.o
 .debug_frame   0x00001abc      0x15c rtc.o
 .debug_frame   0x00001c18       0xf4 sercom.o
 .debug_frame   0x00001d0c      0x234 si114x/Si114x_functions.o
 .debug_frame   0x00001f40      0x120 si114x/Si114x_handler.o
 .debug_frame   0x00002060       0xa4 si114x/Si114x_sys_out.o
 .debug_frame   0x00002104       0xbc si114x/slider_algorithm.o
 .debug_frame   0x000021c0       0x64 uart.o
 .debug_frame   0x00002224       0x24 usb.o

.debug_str      0x00000000     0x307e
 *(.debug_str)
 .debug_str     0x00000000      0x156 4x6_font.o
                                0x18a (size before relaxing)
 .debug_str     0x00000156      0x958 adc.o
                                0xaf5 (size before relaxing)
 .debug_str     0x00000aae      0x158 clock.o
                                0x2ed (size before relaxing)
 .debug_str     0x00000c06      0x269 esp8266.o
                                0x4bd (size before relaxing)
 .debug_str     0x00000e6f      0x59f fatfs/ff.o
                                0x737 (size before relaxing)
 .debug_str     0x0000140e      0x148 fatfs/mmc_avr.o
                                0x48e (size before relaxing)
 .debug_str     0x00001556      0x576 fatfs/sound.o
                                0xb2b (size before relaxing)
 .debug_str     0x00001acc      0x348 ht1632c.o
                                0x640 (size before relaxing)
 .debug_str     0x00001e14      0x12a json/jsmn.o
                                0x27b (size before relaxing)
 .debug_str     0x00001f3e      0x253 main.o
                                0xcbc (size before relaxing)
 .debug_str     0x00002191      0x13e port.o
                                0x45e (size before relaxing)
 .debug_str     0x000022cf       0xa6 power.o
                                0x3b1 (size before relaxing)
 .debug_str     0x00002375      0x227 rtc.o
                                0x50a (size before relaxing)
 .debug_str     0x0000259c      0x29a sercom.o
                                0x758 (size before relaxing)
 .debug_str     0x00002836      0x2b2 si114x/Si114x_functions.o
                                0x563 (size before relaxing)
 .debug_str     0x00002ae8       0xf0 si114x/Si114x_handler.o
                                0x2d7 (size before relaxing)
 .debug_str     0x00002bd8        0x0 si114x/Si114x_init.o
 .debug_str     0x00002bd8       0x49 si114x/Si114x_sys_out.o
                                0x373 (size before relaxing)
 .debug_str     0x00002c21      0x203 si114x/slider_algorithm.o
                                0x41e (size before relaxing)
 .debug_str     0x00002e24      0x12c uart.o
                                0x3e4 (size before relaxing)
 .debug_str     0x00002f50      0x12e usb.o
                                0x4b7 (size before relaxing)

.debug_loc      0x00000000    0x27b97
 *(.debug_loc)
 .debug_loc     0x00000000      0x141 adc.o
 .debug_loc     0x00000141      0xa1f esp8266.o
 .debug_loc     0x00000b60    0x18ba5 fatfs/ff.o
 .debug_loc     0x00019705     0x15e1 fatfs/mmc_avr.o
 .debug_loc     0x0001ace6      0x809 fatfs/sound.o
 .debug_loc     0x0001b4ef     0x6fa4 ht1632c.o
 .debug_loc     0x00022493      0xb3e json/jsmn.o
 .debug_loc     0x00022fd1      0x20b main.o
 .debug_loc     0x000231dc       0xcb port.o
 .debug_loc     0x000232a7      0x3e8 rtc.o
 .debug_loc     0x0002368f      0xd2c sercom.o
 .debug_loc     0x000243bb     0x2272 si114x/Si114x_functions.o
 .debug_loc     0x0002662d      0x773 si114x/Si114x_handler.o
 .debug_loc     0x00026da0      0x2b0 si114x/Si114x_sys_out.o
 .debug_loc     0x00027050      0xab9 si114x/slider_algorithm.o
 .debug_loc     0x00027b09       0x8e uart.o

.debug_macinfo
 *(.debug_macinfo)

.debug_weaknames
 *(.debug_weaknames)

.debug_funcnames
 *(.debug_funcnames)

.debug_typenames
 *(.debug_typenames)

.debug_varnames
 *(.debug_varnames)

.debug_pubtypes
 *(.debug_pubtypes)

.debug_ranges   0x00000000     0x39c0
 *(.debug_ranges)
 .debug_ranges  0x00000000       0x28 adc.o
 .debug_ranges  0x00000028       0x28 clock.o
 .debug_ranges  0x00000050       0x70 esp8266.o
 .debug_ranges  0x000000c0     0x2168 fatfs/ff.o
 .debug_ranges  0x00002228      0x188 fatfs/mmc_avr.o
 .debug_ranges  0x000023b0       0x48 fatfs/sound.o
 .debug_ranges  0x000023f8      0xf40 ht1632c.o
 .debug_ranges  0x00003338      0x150 json/jsmn.o
 .debug_ranges  0x00003488       0x38 main.o
 .debug_ranges  0x000034c0       0x28 port.o
 .debug_ranges  0x000034e8       0x10 power.o
 .debug_ranges  0x000034f8       0x38 rtc.o
 .debug_ranges  0x00003530      0x188 sercom.o
 .debug_ranges  0x000036b8      0x158 si114x/Si114x_functions.o
 .debug_ranges  0x00003810       0xe0 si114x/Si114x_handler.o
 .debug_ranges  0x000038f0       0x40 si114x/Si114x_sys_out.o
 .debug_ranges  0x00003930       0x20 si114x/slider_algorithm.o
 .debug_ranges  0x00003950       0x60 uart.o
 .debug_ranges  0x000039b0       0x10 usb.o

.debug_macro
 *(.debug_macro)
OUTPUT(matrix_clock.elf elf32-avr)
LOAD linker stubs
