Archive member included because of file (symbol)

c:/program files/atmel/atmel toolchain/avr8 gcc/native/3.4.1056/avr8-gnu-toolchain/bin/../lib/gcc/avr/4.8.1/../../../../avr/lib/avrxmega4\libm.a(addsf3.o)
                              drivers/adc/adc.o (__subsf3)
c:/program files/atmel/atmel toolchain/avr8 gcc/native/3.4.1056/avr8-gnu-toolchain/bin/../lib/gcc/avr/4.8.1/../../../../avr/lib/avrxmega4\libm.a(addsf3x.o)
                              c:/program files/atmel/atmel toolchain/avr8 gcc/native/3.4.1056/avr8-gnu-toolchain/bin/../lib/gcc/avr/4.8.1/../../../../avr/lib/avrxmega4\libm.a(addsf3.o) (__addsf3x)
c:/program files/atmel/atmel toolchain/avr8 gcc/native/3.4.1056/avr8-gnu-toolchain/bin/../lib/gcc/avr/4.8.1/../../../../avr/lib/avrxmega4\libm.a(divsf3.o)
                              drivers/adc/adc.o (__divsf3)
c:/program files/atmel/atmel toolchain/avr8 gcc/native/3.4.1056/avr8-gnu-toolchain/bin/../lib/gcc/avr/4.8.1/../../../../avr/lib/avrxmega4\libm.a(divsf3x.o)
                              c:/program files/atmel/atmel toolchain/avr8 gcc/native/3.4.1056/avr8-gnu-toolchain/bin/../lib/gcc/avr/4.8.1/../../../../avr/lib/avrxmega4\libm.a(divsf3.o) (__divsf3x)
c:/program files/atmel/atmel toolchain/avr8 gcc/native/3.4.1056/avr8-gnu-toolchain/bin/../lib/gcc/avr/4.8.1/../../../../avr/lib/avrxmega4\libm.a(fixsfsi.o)
                              drivers/sensors/si114x/slider_algorithm.o (__fixsfsi)
c:/program files/atmel/atmel toolchain/avr8 gcc/native/3.4.1056/avr8-gnu-toolchain/bin/../lib/gcc/avr/4.8.1/../../../../avr/lib/avrxmega4\libm.a(fixunssfsi.o)
                              drivers/adc/adc.o (__fixunssfsi)
c:/program files/atmel/atmel toolchain/avr8 gcc/native/3.4.1056/avr8-gnu-toolchain/bin/../lib/gcc/avr/4.8.1/../../../../avr/lib/avrxmega4\libm.a(floatsisf.o)
                              drivers/adc/adc.o (__floatunsisf)
c:/program files/atmel/atmel toolchain/avr8 gcc/native/3.4.1056/avr8-gnu-toolchain/bin/../lib/gcc/avr/4.8.1/../../../../avr/lib/avrxmega4\libm.a(fp_inf.o)
                              c:/program files/atmel/atmel toolchain/avr8 gcc/native/3.4.1056/avr8-gnu-toolchain/bin/../lib/gcc/avr/4.8.1/../../../../avr/lib/avrxmega4\libm.a(addsf3x.o) (__fp_inf)
c:/program files/atmel/atmel toolchain/avr8 gcc/native/3.4.1056/avr8-gnu-toolchain/bin/../lib/gcc/avr/4.8.1/../../../../avr/lib/avrxmega4\libm.a(fp_nan.o)
                              c:/program files/atmel/atmel toolchain/avr8 gcc/native/3.4.1056/avr8-gnu-toolchain/bin/../lib/gcc/avr/4.8.1/../../../../avr/lib/avrxmega4\libm.a(addsf3x.o) (__fp_nan)
c:/program files/atmel/atmel toolchain/avr8 gcc/native/3.4.1056/avr8-gnu-toolchain/bin/../lib/gcc/avr/4.8.1/../../../../avr/lib/avrxmega4\libm.a(fp_pscA.o)
                              c:/program files/atmel/atmel toolchain/avr8 gcc/native/3.4.1056/avr8-gnu-toolchain/bin/../lib/gcc/avr/4.8.1/../../../../avr/lib/avrxmega4\libm.a(addsf3x.o) (__fp_pscA)
c:/program files/atmel/atmel toolchain/avr8 gcc/native/3.4.1056/avr8-gnu-toolchain/bin/../lib/gcc/avr/4.8.1/../../../../avr/lib/avrxmega4\libm.a(fp_pscB.o)
                              c:/program files/atmel/atmel toolchain/avr8 gcc/native/3.4.1056/avr8-gnu-toolchain/bin/../lib/gcc/avr/4.8.1/../../../../avr/lib/avrxmega4\libm.a(addsf3x.o) (__fp_pscB)
c:/program files/atmel/atmel toolchain/avr8 gcc/native/3.4.1056/avr8-gnu-toolchain/bin/../lib/gcc/avr/4.8.1/../../../../avr/lib/avrxmega4\libm.a(fp_round.o)
                              c:/program files/atmel/atmel toolchain/avr8 gcc/native/3.4.1056/avr8-gnu-toolchain/bin/../lib/gcc/avr/4.8.1/../../../../avr/lib/avrxmega4\libm.a(addsf3.o) (__fp_round)
c:/program files/atmel/atmel toolchain/avr8 gcc/native/3.4.1056/avr8-gnu-toolchain/bin/../lib/gcc/avr/4.8.1/../../../../avr/lib/avrxmega4\libm.a(fp_split3.o)
                              c:/program files/atmel/atmel toolchain/avr8 gcc/native/3.4.1056/avr8-gnu-toolchain/bin/../lib/gcc/avr/4.8.1/../../../../avr/lib/avrxmega4\libm.a(addsf3x.o) (__fp_split3)
c:/program files/atmel/atmel toolchain/avr8 gcc/native/3.4.1056/avr8-gnu-toolchain/bin/../lib/gcc/avr/4.8.1/../../../../avr/lib/avrxmega4\libm.a(fp_zero.o)
                              c:/program files/atmel/atmel toolchain/avr8 gcc/native/3.4.1056/avr8-gnu-toolchain/bin/../lib/gcc/avr/4.8.1/../../../../avr/lib/avrxmega4\libm.a(addsf3x.o) (__fp_zero)
c:/program files/atmel/atmel toolchain/avr8 gcc/native/3.4.1056/avr8-gnu-toolchain/bin/../lib/gcc/avr/4.8.1/../../../../avr/lib/avrxmega4\libm.a(mulsf3.o)
                              drivers/adc/adc.o (__mulsf3)
c:/program files/atmel/atmel toolchain/avr8 gcc/native/3.4.1056/avr8-gnu-toolchain/bin/../lib/gcc/avr/4.8.1/../../../../avr/lib/avrxmega4\libm.a(mulsf3x.o)
                              c:/program files/atmel/atmel toolchain/avr8 gcc/native/3.4.1056/avr8-gnu-toolchain/bin/../lib/gcc/avr/4.8.1/../../../../avr/lib/avrxmega4\libm.a(mulsf3.o) (__mulsf3x)
[...]
Memory Configuration

Name             Origin             Length             Attributes
text             0x00000000         0x00100000         xr
data             0x00802000         0x0000ffa0         rw !x
eeprom           0x00810000         0x00010000         rw !x
fuse             0x00820000         0x00000400         rw !x
lock             0x00830000         0x00000400         rw !x
signature        0x00840000         0x00000400         rw !x
user_signatures  0x00850000         0x00000400         rw !x
*default*        0x00000000         0xffffffff

Linker script and memory map

LOAD c:/program files/atmel/atmel toolchain/avr8 gcc/native/3.4.1056/avr8-gnu-toolchain/bin/../lib/gcc/avr/4.8.1/../../../../avr/lib/avrxmega4/crtx64a4u.o
LOAD 4x6_font.o
LOAD drivers/adc/adc.o
LOAD drivers/clock/clock.o
LOAD drivers/dac/dac.o
LOAD drivers/dma/dma.o
LOAD drivers/dma/dma_functions.o
LOAD drivers/eeprom/eeprom.o
LOAD drivers/esp8266/esp8266.o
LOAD drivers/ht1632c/ht1632c.o
LOAD drivers/port/port.o
LOAD drivers/power/power.o
LOAD drivers/rtc/rtc.o
LOAD drivers/sensors/si114x/Si114x_functions.o
LOAD drivers/sensors/si114x/Si114x_handler.o
LOAD drivers/sensors/si114x/Si114x_sys_out.o
LOAD drivers/sensors/si114x/slider_algorithm.o
LOAD drivers/sercom/spi.o
LOAD drivers/sercom/twi.o
LOAD drivers/sercom/uart.o
LOAD drivers/timer/timer.o
LOAD main.o
LOAD modules/display/display.o
LOAD modules/fatfs/ff.o
LOAD modules/fatfs/mmc_avr.o
LOAD modules/fatfs/sound.o
LOAD modules/json/jsmn.o
LOAD modules/json/json_functions.o
LOAD modules/menu/menu.o
LOAD modules/time_functions/time_functions.o
LOAD _StackInstrument.o
START GROUP
LOAD c:/program files/atmel/atmel toolchain/avr8 gcc/native/3.4.1056/avr8-gnu-toolchain/bin/../lib/gcc/avr/4.8.1/../../../../avr/lib/avrxmega4\libm.a
LOAD c:/program files/atmel/atmel toolchain/avr8 gcc/native/3.4.1056/avr8-gnu-toolchain/bin/../lib/gcc/avr/4.8.1/../../../../avr/lib/avrxmega4\libprintf_flt.a
END GROUP
START GROUP
LOAD c:/program files/atmel/atmel toolchain/avr8 gcc/native/3.4.1056/avr8-gnu-toolchain/bin/../lib/gcc/avr/4.8.1/avrxmega4\libgcc.a
LOAD c:/program files/atmel/atmel toolchain/avr8 gcc/native/3.4.1056/avr8-gnu-toolchain/bin/../lib/gcc/avr/4.8.1/../../../../avr/lib/avrxmega4\libm.a
LOAD c:/program files/atmel/atmel toolchain/avr8 gcc/native/3.4.1056/avr8-gnu-toolchain/bin/../lib/gcc/avr/4.8.1/../../../../avr/lib/avrxmega4\libc.a
END GROUP

.hash
 *(.hash)

.dynsym
 *(.dynsym)

.dynstr
 *(.dynstr)

.gnu.version
 *(.gnu.version)

.gnu.version_d
 *(.gnu.version_d)

.gnu.version_r
 *(.gnu.version_r)

.rel.init
 *(.rel.init)

.rela.init
 *(.rela.init)

.rel.text
 *(.rel.text)
 *(.rel.text.*)
 *(.rel.gnu.linkonce.t*)

.rela.text
 *(.rela.text)
 *(.rela.text.*)
 *(.rela.gnu.linkonce.t*)

.rel.fini
 *(.rel.fini)

.rela.fini
 *(.rela.fini)

.rel.rodata
 *(.rel.rodata)
 *(.rel.rodata.*)
 *(.rel.gnu.linkonce.r*)

.rela.rodata
 *(.rela.rodata)
 *(.rela.rodata.*)
 *(.rela.gnu.linkonce.r*)

.rel.data
 *(.rel.data)
 *(.rel.data.*)
 *(.rel.gnu.linkonce.d*)

.rela.data
 *(.rela.data)
 *(.rela.data.*)
 *(.rela.gnu.linkonce.d*)

.rel.ctors
 *(.rel.ctors)

.rela.ctors
 *(.rela.ctors)

.rel.dtors
 *(.rel.dtors)

.rela.dtors
 *(.rela.dtors)

.rel.got
 *(.rel.got)

.rela.got
 *(.rela.got)

.rel.bss
 *(.rel.bss)

.rela.bss
 *(.rela.bss)

.rel.plt
 *(.rel.plt)

.rela.plt
 *(.rela.plt)

.text           0x00000000     0xb4b6
 *(.vectors)
 .vectors       0x00000000      0x1fc c:/program files/atmel/atmel toolchain/avr8 gcc/native/3.4.1056/avr8-gnu-toolchain/bin/../lib/gcc/avr/4.8.1/../../../../avr/lib/avrxmega4/crtx64a4u.o
                0x00000000                __vector_default
                0x00000000                __vectors
 *(.vectors)
 *(.progmem.gcc*)
 .progmem.gcc_sw_table.menu_configuration
                0x000001fc       0x20 modules/menu/menu.o
 .progmem.gcc_sw_table.menu_state_machine
                0x0000021c        0xe modules/menu/menu.o
 .progmem.gcc_sw_table.time_get_days_in_month
                0x0000022a       0x18 modules/time_functions/time_functions.o
 .progmem.gcc_fplib
                0x00000242       0x28 c:/program files/atmel/atmel toolchain/avr8 gcc/native/3.4.1056/avr8-gnu-toolchain/bin/../lib/gcc/avr/4.8.1/../../../../avr/lib/avrxmega4\libm.a(exp.o)
 .progmem.gcc_fplib
                0x0000026a       0x5a c:/program files/atmel/atmel toolchain/avr8 gcc/native/3.4.1056/avr8-gnu-toolchain/bin/../lib/gcc/avr/4.8.1/../../../../avr/lib/avrxmega4\libm.a(log.o)
                0x000002c4                . = ALIGN (0x2)
                0x000002c4                __trampolines_start = .
 *(.trampolines)
 .trampolines   0x000002c4        0x0 linker stubs
 *(.trampolines*)
                0x000002c4                __trampolines_end = .
 *(.progmem*)
 .progmem.data.font_4x6
                0x000002c4      0x600 modules/display/display.o
 .progmem.data.font_5x7
                0x000008c4      0x4fb modules/display/display.o
 .progmem.data.IMG_SPEAKER_A
                0x00000dbf        0x6 modules/menu/menu.o
 .progmem.data  0x00000dc5        0x8 c:/program files/atmel/atmel toolchain/avr8 gcc/native/3.4.1056/avr8-gnu-toolchain/bin/../lib/gcc/avr/4.8.1/../../../../avr/lib/avrxmega4\libprintf_flt.a(vfprintf_flt.o)
 .progmem.data  0x00000dcd       0xfa c:/program files/atmel/atmel toolchain/avr8 gcc/native/3.4.1056/avr8-gnu-toolchain/bin/../lib/gcc/avr/4.8.1/../../../../avr/lib/avrxmega4\libc.a(ftoa_engine.o)
 .progmem.data  0x00000ec7        0xc c:/program files/atmel/atmel toolchain/avr8 gcc/native/3.4.1056/avr8-gnu-toolchain/bin/../lib/gcc/avr/4.8.1/../../../../avr/lib/avrxmega4\libc.a(vfscanf_std.o)
                0x00000ed4                . = ALIGN (0x2)
 *fill*         0x00000ed3        0x1 
 *(.jumptables)
 *(.jumptables*)
 *(.lowtext)
 *(.lowtext*)
                0x00000ed4                __ctors_start = .
 *(.ctors)
                0x00000ed4                __ctors_end = .
                0x00000ed4                __dtors_start = .
 *(.dtors)
                0x00000ed4                __dtors_end = .
 SORT(*)(.ctors)
 SORT(*)(.dtors)
 *(.init0)
 .init0         0x00000ed4        0x0 c:/program files/atmel/atmel toolchain/avr8 gcc/native/3.4.1056/avr8-gnu-toolchain/bin/../lib/gcc/avr/4.8.1/../../../../avr/lib/avrxmega4/crtx64a4u.o
                0x00000ed4                __init
 *(.init0)
 *(.init1)
 .init1         0x00000ed4       0x2e _StackInstrument.o
                0x00000ed4                _StackPaint
 *(.init1)
 *(.init2)
 .init2         0x00000f02        0xc c:/program files/atmel/atmel toolchain/avr8 gcc/native/3.4.1056/avr8-gnu-toolchain/bin/../lib/gcc/avr/4.8.1/../../../../avr/lib/avrxmega4/crtx64a4u.o
 *(.init2)
 *(.init3)
 *(.init3)
 *(.init4)
 .init4         0x00000f0e       0x1a c:/program files/atmel/atmel toolchain/avr8 gcc/native/3.4.1056/avr8-gnu-toolchain/bin/../lib/gcc/avr/4.8.1/avrxmega4\libgcc.a(_copy_data.o)
                0x00000f0e                __do_copy_data
 .init4         0x00000f28       0x10 c:/program files/atmel/atmel toolchain/avr8 gcc/native/3.4.1056/avr8-gnu-toolchain/bin/../lib/gcc/avr/4.8.1/avrxmega4\libgcc.a(_clear_bss.o)
                0x00000f28                __do_clear_bss
 *(.init4)
 *(.init5)
 *(.init5)
 *(.init6)
 *(.init6)
 *(.init7)
 *(.init7)
 *(.init8)
 *(.init8)
 *(.init9)
 .init9         0x00000f38        0x8 c:/program files/atmel/atmel toolchain/avr8 gcc/native/3.4.1056/avr8-gnu-toolchain/bin/../lib/gcc/avr/4.8.1/../../../../avr/lib/avrxmega4/crtx64a4u.o
 *(.init9)
 *(.text)
 .text          0x00000f40        0x2 c:/program files/atmel/atmel toolchain/avr8 gcc/native/3.4.1056/avr8-gnu-toolchain/bin/../lib/gcc/avr/4.8.1/../../../../avr/lib/avrxmega4/crtx64a4u.o
                0x00000f40                __vector_38
                0x00000f40                __vector_104
                0x00000f40                __vector_22
                0x00000f40                __vector_63
                0x00000f40                __vector_28
                0x00000f40                __vector_1
                0x00000f40                __vector_119
                0x00000f40                __vector_32
                0x00000f40                __vector_75
                0x00000f40                __vector_71
                0x00000f40                __vector_91
                0x00000f40                __vector_62
                0x00000f40                __vector_77
                0x00000f40                __vector_102
                0x00000f40                __vector_24
                0x00000f40                __vector_12
                0x00000f40                __vector_55
                0x00000f40                __vector_69
                0x00000f40                __vector_81
                0x00000f40                __vector_90
                0x00000f40                __vector_46
                0x00000f40                __bad_interrupt
                0x00000f40                __vector_122
                0x00000f40                __vector_72
                0x00000f40                __vector_114
                0x00000f40                __vector_110
                0x00000f40                __vector_31
                0x00000f40                __vector_92
                0x00000f40                __vector_35
                0x00000f40                __vector_78
                0x00000f40                __vector_74
                0x00000f40                __vector_117
                0x00000f40                __vector_39
                0x00000f40                __vector_107
                0x00000f40                __vector_3
                0x00000f40                __vector_105
                0x00000f40                __vector_98
                0x00000f40                __vector_23
                0x00000f40                __vector_68
                0x00000f40                __vector_30
                0x00000f40                __vector_73
                0x00000f40                __vector_45
                0x00000f40                __vector_25
                0x00000f40                __vector_93
                0x00000f40                __vector_61
                0x00000f40                __vector_11
                0x00000f40                __vector_54
                0x00000f40                __vector_99
                0x00000f40                __vector_13
                0x00000f40                __vector_56
                0x00000f40                __vector_7
                0x00000f40                __vector_125
                0x00000f40                __vector_49
                0x00000f40                __vector_123
                0x00000f40                __vector_41
                0x00000f40                __vector_86
                0x00000f40                __vector_100
                0x00000f40                __vector_101
                0x00000f40                __vector_64
                0x00000f40                __vector_109
                0x00000f40                __vector_43
                0x00000f40                __vector_27
                0x00000f40                __vector_5
                0x00000f40                __vector_113
                0x00000f40                __vector_33
                0x00000f40                __vector_76
                0x00000f40                __vector_115
                0x00000f40                __vector_47
                0x00000f40                __vector_52
                0x00000f40                __vector_37
                0x00000f40                __vector_95
                0x00000f40                __vector_103
                0x00000f40                __vector_96
                0x00000f40                __vector_89
                0x00000f40                __vector_108
                0x00000f40                __vector_4
                0x00000f40                __vector_44
                0x00000f40                __vector_82
                0x00000f40                __vector_106
                0x00000f40                __vector_118
                0x00000f40                __vector_51
                0x00000f40                __vector_9
                0x00000f40                __vector_2
                0x00000f40                __vector_21
                0x00000f40                __vector_15
                0x00000f40                __vector_36
                0x00000f40                __vector_79
                0x00000f40                __vector_58
                0x00000f40                __vector_70
                0x00000f40                __vector_83
                0x00000f40                __vector_29
                0x00000f40                __vector_60
                0x00000f40                __vector_121
                0x00000f40                __vector_40
                0x00000f40                __vector_85
                0x00000f40                __vector_94
                0x00000f40                __vector_126
                0x00000f40                __vector_8
                0x00000f40                __vector_26
                0x00000f40                __vector_48
                0x00000f40                __vector_124
                0x00000f40                __vector_116
                0x00000f40                __vector_112
                0x00000f40                __vector_111
                0x00000f40                __vector_80
                0x00000f40                __vector_84
                0x00000f40                __vector_57
                0x00000f40                __vector_53
                0x00000f40                __vector_50
                0x00000f40                __vector_59
                0x00000f40                __vector_97
                0x00000f40                __vector_42
                0x00000f40                __vector_87
                0x00000f40                __vector_65
                0x00000f40                __vector_120
                0x00000f42                . = ALIGN (0x2)
 *(.text.*)
 .text.adc_setup
                0x00000f42       0xfc drivers/adc/adc.o
                0x00000f42                adc_setup
 .text.adc_disable
                0x0000103e       0x16 drivers/adc/adc.o
                0x0000103e                adc_disable
 .text.adc_enable_current_measurement
                0x00001054        0xc drivers/adc/adc.o
                0x00001054                adc_enable_current_measurement
 .text.adc_disable_current_measurement
                0x00001060        0xc drivers/adc/adc.o
                0x00001060                adc_disable_current_measurement
 .text.adc_read_voltage
                0x0000106c       0x6e drivers/adc/adc.o
                0x0000106c                adc_read_voltage
 .text.adc_get_battery_voltage
                0x000010da       0x58 drivers/adc/adc.o
                0x000010da                adc_get_battery_voltage
 .text.adc_get_battery_percentage
                0x00001132       0xa4 drivers/adc/adc.o
                0x00001132                adc_get_battery_percentage
 .text.clock_setup_32_mhz_pll
                0x000011d6       0x2a drivers/clock/clock.o
                0x000011d6                clock_setup_32_mhz_pll
 .text.dac_speaker_on
                0x00001200        0xc drivers/dac/dac.o
                0x00001200                dac_speaker_on
 .text.dac_speaker_off
                0x0000120c        0xc drivers/dac/dac.o
                0x0000120c                dac_speaker_off
 .text.dac_setup
                0x00001218       0xa8 drivers/dac/dac.o
                0x00001218                dac_setup
 .text.dac_disable
                0x000012c0       0x26 drivers/dac/dac.o
                0x000012c0                dac_disable
 .text.__vector_6
                0x000012e6       0x46 drivers/dma/dma_functions.o
                0x000012e6                __vector_6
 .text.EEPROM_WriteEnv
                0x0000132c       0x14 drivers/eeprom/eeprom.o
                0x0000132c                EEPROM_WriteEnv
 .text.EEPROM_ReadEnv
                0x00001340       0x62 drivers/eeprom/eeprom.o
                0x00001340                EEPROM_ReadEnv
 .text.esp8266_send_cmd
                0x000013a2       0x30 drivers/esp8266/esp8266.o
 .text.esp8266_on
                0x000013d2       0x1e drivers/esp8266/esp8266.o
                0x000013d2                esp8266_on
 .text.esp8266_off
                0x000013f0        0xc drivers/esp8266/esp8266.o
                0x000013f0                esp8266_off
 .text.esp8266_setup
                0x000013fc       0x4a drivers/esp8266/esp8266.o
                0x000013fc                esp8266_setup
 .text.esp8266_join_ap
                0x00001446       0xb6 drivers/esp8266/esp8266.o
                0x00001446                esp8266_join_ap
 .text.esp8266_get_json
                0x000014fc      0x1c2 drivers/esp8266/esp8266.o
                0x000014fc                esp8266_get_json
 .text.esp8266_setup_webserver
                0x000016be       0xde drivers/esp8266/esp8266.o
                0x000016be                esp8266_setup_webserver
 .text.esp8266_configure_ssid_and_password
                0x0000179c      0x24a drivers/esp8266/esp8266.o
                0x0000179c                esp8266_configure_ssid_and_password
 .text.__vector_88
                0x000019e6      0x192 drivers/esp8266/esp8266.o
                0x000019e6                __vector_88
 .text.ht1632c_set_pixel
                0x00001b78       0x28 drivers/ht1632c/ht1632c.o
                0x00001b78                ht1632c_set_pixel
 .text.ht1632c_clr_pixel
                0x00001ba0       0x2a drivers/ht1632c/ht1632c.o
                0x00001ba0                ht1632c_clr_pixel
 .text.ht1632c_fill_screen
                0x00001bca       0x14 drivers/ht1632c/ht1632c.o
                0x00001bca                ht1632c_fill_screen
 .text.ht1632c_clear_screen
                0x00001bde       0x12 drivers/ht1632c/ht1632c.o
                0x00001bde                ht1632c_clear_screen
 .text.ht1632c_clear_buffer
                0x00001bf0       0x10 drivers/ht1632c/ht1632c.o
                0x00001bf0                ht1632c_clear_buffer
 .text.ht1632c_write_data
                0x00001c00       0x3e drivers/ht1632c/ht1632c.o
                0x00001c00                ht1632c_write_data
 .text.ht1632c_refresh_screen
                0x00001c3e       0x48 drivers/ht1632c/ht1632c.o
                0x00001c3e                ht1632c_refresh_screen
 .text.ht1632c_write_command
                0x00001c86       0x24 drivers/ht1632c/ht1632c.o
                0x00001c86                ht1632c_write_command
 .text.ht1632c_setup
                0x00001caa       0x2e drivers/ht1632c/ht1632c.o
                0x00001caa                ht1632c_setup
 .text.ht1632c_power_down
                0x00001cd8       0x1c drivers/ht1632c/ht1632c.o
                0x00001cd8                ht1632c_power_down
 .text.ht1632c_set_brightness
                0x00001cf4        0xe drivers/ht1632c/ht1632c.o
                0x00001cf4                ht1632c_set_brightness
 .text.ht1632c_shift_left
                0x00001d02       0x74 drivers/ht1632c/ht1632c.o
                0x00001d02                ht1632c_shift_left
 .text.ht1632c_shift_right
                0x00001d76       0x74 drivers/ht1632c/ht1632c.o
                0x00001d76                ht1632c_shift_right
 .text.ht1632c_shift_up
                0x00001dea       0x3c drivers/ht1632c/ht1632c.o
                0x00001dea                ht1632c_shift_up
 .text.ht1632c_shift_down
                0x00001e26       0x3c drivers/ht1632c/ht1632c.o
                0x00001e26                ht1632c_shift_down
 .text.ht1632c_slide_in_from_left
                0x00001e62       0xb8 drivers/ht1632c/ht1632c.o
                0x00001e62                ht1632c_slide_in_from_left
 .text.ht1632c_slide_in_from_right
                0x00001f1a       0xb8 drivers/ht1632c/ht1632c.o
                0x00001f1a                ht1632c_slide_in_from_right
 .text.ht1632c_slide_in_from_bottom
                0x00001fd2      0x130 drivers/ht1632c/ht1632c.o
                0x00001fd2                ht1632c_slide_in_from_bottom
 .text.ht1632c_slide_in_from_top
                0x00002102      0x124 drivers/ht1632c/ht1632c.o
                0x00002102                ht1632c_slide_in_from_top
 .text.ht1632c_print_buffer
                0x00002226       0xaa drivers/ht1632c/ht1632c.o
                0x00002226                ht1632c_print_buffer
 .text.btn_setup
                0x000022d0       0x88 drivers/port/port.o
                0x000022d0                btn_setup
 .text.btn_si114x_enable_interrupt
                0x00002358       0x1c drivers/port/port.o
                0x00002358                btn_si114x_enable_interrupt
 .text.btn_disable_si114x_interrupt
                0x00002374       0x1c drivers/port/port.o
                0x00002374                btn_disable_si114x_interrupt
 .text.btn_check_press
                0x00002390       0x28 drivers/port/port.o
                0x00002390                btn_check_press
 .text.__vector_66
                0x000023b8       0x6e drivers/port/port.o
                0x000023b8                __vector_66
 .text.__vector_34
                0x00002426       0x6e drivers/port/port.o
                0x00002426                __vector_34
 .text.__vector_67
                0x00002494       0x92 drivers/port/port.o
                0x00002494                __vector_67
 .text.lowpower_setup
                0x00002526       0x3c drivers/power/power.o
                0x00002526                lowpower_setup
 .text.rtc_setup
                0x00002562       0x4c drivers/rtc/rtc.o
                0x00002562                rtc_setup
 .text.rtc_update_seconds
                0x000025ae       0x20 drivers/rtc/rtc.o
                0x000025ae                rtc_update_seconds
 .text.rtc_disable_time_render
                0x000025ce        0x6 drivers/rtc/rtc.o
                0x000025ce                rtc_disable_time_render
 .text.rtc_update_display
                0x000025d4       0xfe drivers/rtc/rtc.o
                0x000025d4                rtc_update_display
 .text.rtc_enable_time_render
                0x000026d2       0x1c drivers/rtc/rtc.o
                0x000026d2                rtc_enable_time_render
 .text.__vector_10
                0x000026ee      0x188 drivers/rtc/rtc.o
                0x000026ee                __vector_10
 .text._sendCmd
                0x00002876       0x76 drivers/sensors/si114x/Si114x_functions.o
 .text.si114x_get_data
                0x000028ec       0xee drivers/sensors/si114x/Si114x_functions.o
                0x000028ec                si114x_get_data
 .text.Si114xNop
                0x000029da        0x4 drivers/sensors/si114x/Si114x_functions.o
                0x000029da                Si114xNop
 .text.Si114xPsAuto
                0x000029de        0x4 drivers/sensors/si114x/Si114x_functions.o
                0x000029de                Si114xPsAuto
 .text.Si114xPsAlsAuto
                0x000029e2        0x4 drivers/sensors/si114x/Si114x_functions.o
                0x000029e2                Si114xPsAlsAuto
 .text.Si114xParamSet
                0x000029e6       0x7e drivers/sensors/si114x/Si114x_functions.o
                0x000029e6                Si114xParamSet
 .text.Si114xPauseAll
                0x00002a64       0x3a drivers/sensors/si114x/Si114x_functions.o
                0x00002a64                Si114xPauseAll
 .text.si114x_reset
                0x00002a9e       0x86 drivers/sensors/si114x/Si114x_functions.o
                0x00002a9e                si114x_reset
 .text.si114x_init_ps1
                0x00002b24       0xf8 drivers/sensors/si114x/Si114x_functions.o
                0x00002b24                si114x_init_ps1
 .text.si114x_setup_ps1
                0x00002c1c       0x20 drivers/sensors/si114x/Si114x_functions.o
                0x00002c1c                si114x_setup_ps1
 .text.si114x_init
                0x00002c3c      0x170 drivers/sensors/si114x/Si114x_functions.o
                0x00002c3c                si114x_init
 .text.si114x_setup
                0x00002dac       0x3a drivers/sensors/si114x/Si114x_functions.o
                0x00002dac                si114x_setup
 .text.si114x_baseline_calibration
                0x00002de6       0xc0 drivers/sensors/si114x/Si114x_functions.o
                0x00002de6                si114x_baseline_calibration
 .text.__vector_20
                0x00002ea6       0x2e drivers/sensors/si114x/Si114x_functions.o
                0x00002ea6                __vector_20
 .text.isIRStable
                0x00002ed4       0xf4 drivers/sensors/si114x/Si114x_handler.o
                0x00002ed4                isIRStable
 .text.IRCompensation
                0x00002fc8       0xce drivers/sensors/si114x/Si114x_handler.o
                0x00002fc8                IRCompensation
 .text.calcBaseline
                0x00003096      0x190 drivers/sensors/si114x/Si114x_handler.o
                0x00003096                calcBaseline
 .text.si114x_process_samples
                0x00003226      0x23e drivers/sensors/si114x/Si114x_handler.o
                0x00003226                si114x_process_samples
 .text.PortSet  0x00003464        0x2 drivers/sensors/si114x/Si114x_sys_out.o
                0x00003464                PortSet
 .text.Si114xWriteToRegister
                0x00003466       0x3c drivers/sensors/si114x/Si114x_sys_out.o
                0x00003466                Si114xWriteToRegister
 .text.Si114xReadFromRegister
                0x000034a2       0x3a drivers/sensors/si114x/Si114x_sys_out.o
                0x000034a2                Si114xReadFromRegister
 .text.Si114xBlockWrite
                0x000034dc       0x22 drivers/sensors/si114x/Si114x_sys_out.o
                0x000034dc                Si114xBlockWrite
 .text.delay_10ms
                0x000034fe       0x14 drivers/sensors/si114x/Si114x_sys_out.o
                0x000034fe                delay_10ms
 .text.QS_Counts_to_Distance
                0x00003512      0x1de drivers/sensors/si114x/slider_algorithm.o
                0x00003512                QS_Counts_to_Distance
 .text.QS_Counts_to_Distance_2
                0x000036f0       0x5a drivers/sensors/si114x/slider_algorithm.o
                0x000036f0                QS_Counts_to_Distance_2
 .text.slider_algorithm_v2
                0x0000374a      0x12c drivers/sensors/si114x/slider_algorithm.o
                0x0000374a                slider_algorithm_v2
 .text.SliderAlgorithm
                0x00003876      0x416 drivers/sensors/si114x/slider_algorithm.o
                0x00003876                SliderAlgorithm
 .text.spi_setup
                0x00003c8c       0x22 drivers/sercom/spi.o
                0x00003c8c                spi_setup
 .text.spi_disable
                0x00003cae       0x22 drivers/sercom/spi.o
                0x00003cae                spi_disable
 .text.spi_wr_rd
                0x00003cd0       0x20 drivers/sercom/spi.o
                0x00003cd0                spi_wr_rd
 .text.twi_setup
                0x00003cf0       0x1e drivers/sercom/twi.o
                0x00003cf0                twi_setup
 .text.twi_start_transmission
                0x00003d0e       0x56 drivers/sercom/twi.o
                0x00003d0e                twi_start_transmission
 .text.twi_send_byte
                0x00003d64       0x3c drivers/sercom/twi.o
                0x00003d64                twi_send_byte
 .text.twi_receive_byte
                0x00003da0       0x46 drivers/sercom/twi.o
                0x00003da0                twi_receive_byte
 .text.twi_read_packet
                0x00003de6       0xa2 drivers/sercom/twi.o
                0x00003de6                twi_read_packet
 .text.twi_write_packet
                0x00003e88       0x84 drivers/sercom/twi.o
                0x00003e88                twi_write_packet
 .text.uart_setup
                0x00003f0c       0x30 drivers/sercom/uart.o
                0x00003f0c                uart_setup
 .text.uart_disable
                0x00003f3c       0x20 drivers/sercom/uart.o
                0x00003f3c                uart_disable
 .text.uart_put_char
                0x00003f5c        0xe drivers/sercom/uart.o
                0x00003f5c                uart_put_char
 .text.uart_get_char
                0x00003f6a        0xe drivers/sercom/uart.o
                0x00003f6a                uart_get_char
 .text.uart_write_str
                0x00003f78       0x1c drivers/sercom/uart.o
                0x00003f78                uart_write_str
 .text.__vector_18
                0x00003f94       0x52 drivers/timer/timer.o
                0x00003f94                __vector_18
 .text.startup.main
                0x00003fe6      0x188 main.o
                0x00003fe6                main
 .text.itoa_simple.constprop.1
                0x0000416e       0xa6 modules/display/display.o
 .text.display_setup
                0x00004214       0x16 modules/display/display.o
                0x00004214                display_setup
 .text.display_on
                0x0000422a        0xe modules/display/display.o
                0x0000422a                display_on
 .text.display_fill_screen
                0x00004238        0x4 modules/display/display.o
                0x00004238                display_fill_screen
 .text.display_clear_screen
                0x0000423c        0x4 modules/display/display.o
                0x0000423c                display_clear_screen
 .text.display_clear_buffer
                0x00004240        0x4 modules/display/display.o
                0x00004240                display_clear_buffer
 .text.display_refresh_screen
                0x00004244        0x4 modules/display/display.o
                0x00004244                display_refresh_screen
 .text.display_fade
                0x00004248       0x6c modules/display/display.o
                0x00004248                display_fade
 .text.display_fade_blink
                0x000042b4       0x10 modules/display/display.o
                0x000042b4                display_fade_blink
 .text.display_draw_pixel
                0x000042c4       0x72 modules/display/display.o
                0x000042c4                display_draw_pixel
 .text.display_draw_filled_rect
                0x00004336       0x62 modules/display/display.o
                0x00004336                display_draw_filled_rect
 .text.display_show_loading_square
                0x00004398       0x7a modules/display/display.o
                0x00004398                display_show_loading_square
 .text.display_draw_bitmap
                0x00004412       0xdc modules/display/display.o
                0x00004412                display_draw_bitmap
 .text.display_draw_char_to_buffer
                0x000044ee       0x4e modules/display/display.o
                0x000044ee                display_draw_char_to_buffer
 .text.display_draw_char
                0x0000453c       0xfe modules/display/display.o
                0x0000453c                display_draw_char
 .text.display_draw_small_char_to_buffer
                0x0000463a       0xa4 modules/display/display.o
                0x0000463a                display_draw_small_char_to_buffer
 .text.display_print_scrolling_text
                0x000046de       0xb0 modules/display/display.o
                0x000046de                display_print_scrolling_text
 .text.display_draw_small_char
                0x0000478e      0x10e modules/display/display.o
                0x0000478e                display_draw_small_char
 .text.display_draw_four_letter_word
                0x0000489c       0x52 modules/display/display.o
                0x0000489c                display_draw_four_letter_word
 .text.display_draw_three_letter_word
                0x000048ee       0x42 modules/display/display.o
                0x000048ee                display_draw_three_letter_word
 .text.display_draw_wifi_icon
                0x00004930       0xfc modules/display/display.o
                0x00004930                display_draw_wifi_icon
 .text.display_slide_in_from_left
                0x00004a2c        0x4 modules/display/display.o
                0x00004a2c                display_slide_in_from_left
 .text.display_slide_in_from_right
                0x00004a30        0x4 modules/display/display.o
                0x00004a30                display_slide_in_from_right
 .text.display_slide_in_from_bottom
                0x00004a34        0x4 modules/display/display.o
                0x00004a34                display_slide_in_from_bottom
 .text.display_slide_in_from_top
                0x00004a38        0x4 modules/display/display.o
                0x00004a38                display_slide_in_from_top
 .text.display_slide_out_to_right
                0x00004a3c       0x10 modules/display/display.o
                0x00004a3c                display_slide_out_to_right
 .text.display_slide_out_to_left
                0x00004a4c       0x10 modules/display/display.o
                0x00004a4c                display_slide_out_to_left
 .text.display_slide_out_to_top
                0x00004a5c       0x10 modules/display/display.o
                0x00004a5c                display_slide_out_to_top
 .text.display_off
                0x00004a6c        0xc modules/display/display.o
                0x00004a6c                display_off
 .text.display_slide_out_to_bottom
                0x00004a78       0x10 modules/display/display.o
                0x00004a78                display_slide_out_to_bottom
 .text.display_alarm_increment_minute
                0x00004a88       0x22 modules/display/display.o
                0x00004a88                display_alarm_increment_minute
 .text.display_alarm_decrement_minute
                0x00004aaa       0x22 modules/display/display.o
                0x00004aaa                display_alarm_decrement_minute
 .text.display_alarm_increment_hour
                0x00004acc       0x22 modules/display/display.o
                0x00004acc                display_alarm_increment_hour
 .text.display_alarm_decrement_hour
                0x00004aee       0x22 modules/display/display.o
                0x00004aee                display_alarm_decrement_hour
 .text.display_draw_and_increment_hour
                0x00004b10       0x20 modules/display/display.o
                0x00004b10                display_draw_and_increment_hour
 .text.display_draw_and_decrement_hour
                0x00004b30       0x22 modules/display/display.o
                0x00004b30                display_draw_and_decrement_hour
 .text.display_draw_and_increment_minute
                0x00004b52       0x20 modules/display/display.o
                0x00004b52                display_draw_and_increment_minute
 .text.display_draw_and_decrement_minute
                0x00004b72       0x22 modules/display/display.o
                0x00004b72                display_draw_and_decrement_minute
 .text.display_draw_and_increment_day
                0x00004b94       0x3a modules/display/display.o
                0x00004b94                display_draw_and_increment_day
 .text.display_draw_and_decrement_day
                0x00004bce       0x30 modules/display/display.o
                0x00004bce                display_draw_and_decrement_day
 .text.display_draw_and_increment_month
                0x00004bfe       0x1c modules/display/display.o
                0x00004bfe                display_draw_and_increment_month
 .text.display_draw_and_decrement_month
                0x00004c1a       0x1c modules/display/display.o
                0x00004c1a                display_draw_and_decrement_month
 .text.display_draw_and_increment_year
                0x00004c36       0x20 modules/display/display.o
                0x00004c36                display_draw_and_increment_year
 .text.display_draw_and_decrement_year
                0x00004c56       0x20 modules/display/display.o
                0x00004c56                display_draw_and_decrement_year
 .text.mem_cpy  0x00004c76       0x46 modules/fatfs/ff.o
 .text.mem_set  0x00004cbc       0x14 modules/fatfs/ff.o
 .text.get_ldnumber
                0x00004cd0       0x4a modules/fatfs/ff.o
 .text.validate
                0x00004d1a       0x3a modules/fatfs/ff.o
 .text.sync_window
                0x00004d54       0xd0 modules/fatfs/ff.o
 .text.sync_fs  0x00004e24       0xd8 modules/fatfs/ff.o
 .text.move_window
                0x00004efc       0x7a modules/fatfs/ff.o
 .text.check_fs
                0x00004f76       0x78 modules/fatfs/ff.o
 .text.find_volume
                0x00004fee      0x4ca modules/fatfs/ff.o
 .text.clust2sect
                0x000054b8       0x52 modules/fatfs/ff.o
                0x000054b8                clust2sect
 .text.get_fat  0x0000550a      0x188 modules/fatfs/ff.o
                0x0000550a                get_fat
 .text.dir_sdi  0x00005692      0x14a modules/fatfs/ff.o
 .text.put_fat  0x000057dc      0x1e4 modules/fatfs/ff.o
                0x000057dc                put_fat
 .text.create_chain
                0x000059c0      0x1ba modules/fatfs/ff.o
 .text.dir_next
                0x00005b7a      0x1fc modules/fatfs/ff.o
 .text.follow_path
                0x00005d76      0x2de modules/fatfs/ff.o
 .text.dir_alloc.constprop.10
                0x00006054       0x48 modules/fatfs/ff.o
 .text.dir_register
                0x0000609c       0x58 modules/fatfs/ff.o
 .text.remove_chain
                0x000060f4       0xe4 modules/fatfs/ff.o
 .text.f_mount  0x000061d8       0x80 modules/fatfs/ff.o
                0x000061d8                f_mount
 .text.f_open   0x00006258      0x250 modules/fatfs/ff.o
                0x00006258                f_open
 .text.f_read   0x000064a8      0x26a modules/fatfs/ff.o
                0x000064a8                f_read
 .text.f_sync   0x00006712       0x86 modules/fatfs/ff.o
                0x00006712                f_sync
 .text.f_close  0x00006798       0x20 modules/fatfs/ff.o
                0x00006798                f_close
 .text.f_lseek  0x000067b8      0x332 modules/fatfs/ff.o
                0x000067b8                f_lseek
 .text.xchg_spi
                0x00006aea        0x4 modules/fatfs/mmc_avr.o
 .text.deselect
                0x00006aee        0xc modules/fatfs/mmc_avr.o
 .text.power_off
                0x00006afa       0x2e modules/fatfs/mmc_avr.o
 .text.rcvr_datablock
                0x00006b28       0x86 modules/fatfs/mmc_avr.o
 .text.wait_ready.constprop.2
                0x00006bae       0x28 modules/fatfs/mmc_avr.o
 .text.select   0x00006bd6       0x34 modules/fatfs/mmc_avr.o
 .text.send_cmd
                0x00006c0a       0x88 modules/fatfs/mmc_avr.o
 .text.xmit_datablock.part.1
                0x00006c92       0x4a modules/fatfs/mmc_avr.o
 .text.disk_initialize
                0x00006cdc      0x1cc modules/fatfs/mmc_avr.o
                0x00006cdc                disk_initialize
 .text.disk_status
                0x00006ea8        0xe modules/fatfs/mmc_avr.o
                0x00006ea8                disk_status
 .text.disk_read
                0x00006eb6       0x96 modules/fatfs/mmc_avr.o
                0x00006eb6                disk_read
 .text.disk_write
                0x00006f4c       0xe8 modules/fatfs/mmc_avr.o
                0x00006f4c                disk_write
 .text.disk_ioctl
                0x00007034      0x2c2 modules/fatfs/mmc_avr.o
                0x00007034                disk_ioctl
 .text.disk_timerproc
                0x000072f6       0x36 modules/fatfs/mmc_avr.o
                0x000072f6                disk_timerproc
 .text.__vector_17
                0x0000732c       0x4e modules/fatfs/mmc_avr.o
                0x0000732c                __vector_17
 .text.__vector_14
                0x0000737a       0xfa modules/fatfs/sound.o
                0x0000737a                __vector_14
 .text.sound_start
                0x00007474       0x64 modules/fatfs/sound.o
                0x00007474                sound_start
 .text.sound_stop
                0x000074d8       0x1e modules/fatfs/sound.o
                0x000074d8                sound_stop
 .text.load_wav
                0x000074f6      0x576 modules/fatfs/sound.o
                0x000074f6                load_wav
 .text.jsmn_parse
                0x00007a6c      0x5e2 modules/json/jsmn.o
                0x00007a6c                jsmn_parse
 .text.jsmn_init
                0x0000804e       0x14 modules/json/jsmn.o
                0x0000804e                jsmn_init
 .text.json_get_token
                0x00008062       0x92 modules/json/json_functions.o
                0x00008062                json_get_token
 .text.itoa_simple
                0x000080f4       0xbe modules/menu/menu.o
 .text.play_sound
                0x000081b2       0x60 modules/menu/menu.o
                0x000081b2                play_sound
 .text.start_wifi_indication
                0x00008212       0x34 modules/menu/menu.o
                0x00008212                start_wifi_indication
 .text.stop_wifi_indication
                0x00008246       0x22 modules/menu/menu.o
                0x00008246                stop_wifi_indication
 .text.start_loading
                0x00008268       0x34 modules/menu/menu.o
                0x00008268                start_loading
 .text.stop_loading
                0x0000829c       0x22 modules/menu/menu.o
                0x0000829c                stop_loading
 .text.get_internet_variables
                0x000082be      0x2f8 modules/menu/menu.o
                0x000082be                get_internet_variables
 .text.menu_draw_temperature_frame
                0x000085b6       0xc2 modules/menu/menu.o
                0x000085b6                menu_draw_temperature_frame
 .text.menu_draw_date_frame
                0x00008678      0x100 modules/menu/menu.o
                0x00008678                menu_draw_date_frame
 .text.menu_draw_week_frame
                0x00008778       0xa8 modules/menu/menu.o
                0x00008778                menu_draw_week_frame
 .text.menu_draw_weekday_frame
                0x00008820       0xb0 modules/menu/menu.o
                0x00008820                menu_draw_weekday_frame
 .text.menu_draw_battery_frame
                0x000088d0       0xb0 modules/menu/menu.o
                0x000088d0                menu_draw_battery_frame
 .text.menu_draw_config_frame
                0x00008980        0x8 modules/menu/menu.o
                0x00008980                menu_draw_config_frame
 .text.menu_set_env_variables
                0x00008988       0xdc modules/menu/menu.o
                0x00008988                menu_set_env_variables
 .text.menu_alarm
                0x00008a64       0x28 modules/menu/menu.o
                0x00008a64                menu_alarm
 .text.menu_configure_brightnesss
                0x00008a8c       0xe8 modules/menu/menu.o
                0x00008a8c                menu_configure_brightnesss
 .text.menu_set_time
                0x00008b74      0x34e modules/menu/menu.o
                0x00008b74                menu_set_time
 .text.menu_set_alarm
                0x00008ec2      0x150 modules/menu/menu.o
                0x00008ec2                menu_set_alarm
 .text.menu_configuration
                0x00009012      0x202 modules/menu/menu.o
                0x00009012                menu_configuration
 .text.menu_state_machine
                0x00009214      0x2cc modules/menu/menu.o
                0x00009214                menu_state_machine
 .text.__vector_16
                0x000094e0       0x50 modules/menu/menu.o
                0x000094e0                __vector_16
 .text.__vector_19
                0x00009530       0x50 modules/menu/menu.o
                0x00009530                __vector_19
 .text.time_get_day_name
                0x00009580       0x1e modules/time_functions/time_functions.o
                0x00009580                time_get_day_name
 .text.time_get_month_name
                0x0000959e       0x1e modules/time_functions/time_functions.o
                0x0000959e                time_get_month_name
 .text.time_get_weekday
                0x000095bc       0x6c modules/time_functions/time_functions.o
                0x000095bc                time_get_weekday
 .text.time_is_leap_year
                0x00009628       0x2e modules/time_functions/time_functions.o
                0x00009628                time_is_leap_year
 .text.time_get_days_in_month
                0x00009656       0x30 modules/time_functions/time_functions.o
                0x00009656                time_get_days_in_month
 .text.time_get_weeknumber
                0x00009686      0x14c modules/time_functions/time_functions.o
                0x00009686                time_get_weeknumber
 .text.avr-libc.fplib
                0x000097d2        0xa c:/program files/atmel/atmel toolchain/avr8 gcc/native/3.4.1056/avr8-gnu-toolchain/bin/../lib/gcc/avr/4.8.1/../../../../avr/lib/avrxmega4\libm.a(addsf3.o)
                0x000097d2                __subsf3
                0x000097d4                __addsf3
 .text.avr-libc.fplib
                0x000097dc       0xc0 c:/program files/atmel/atmel toolchain/avr8 gcc/native/3.4.1056/avr8-gnu-toolchain/bin/../lib/gcc/avr/4.8.1/../../../../avr/lib/avrxmega4\libm.a(addsf3x.o)
                0x000097f6                __addsf3x
 .text.avr-libc.fplib
                0x0000989c        0x4 c:/program files/atmel/atmel toolchain/avr8 gcc/native/3.4.1056/avr8-gnu-toolchain/bin/../lib/gcc/avr/4.8.1/../../../../avr/lib/avrxmega4\libm.a(divsf3.o)
                0x0000989c                __divsf3
 .text.avr-libc.fplib
                0x000098a0       0xcc c:/program files/atmel/atmel toolchain/avr8 gcc/native/3.4.1056/avr8-gnu-toolchain/bin/../lib/gcc/avr/4.8.1/../../../../avr/lib/avrxmega4\libm.a(divsf3x.o)
                0x000098b6                __divsf3x
                0x000098ba                __divsf3_pse
 .text.avr-libc.fplib
                0x0000996c        0xa c:/program files/atmel/atmel toolchain/avr8 gcc/native/3.4.1056/avr8-gnu-toolchain/bin/../lib/gcc/avr/4.8.1/../../../../avr/lib/avrxmega4\libm.a(fixsfsi.o)
                0x0000996c                __fixsfsi
 .text.avr-libc.fplib
                0x00009976       0x58 c:/program files/atmel/atmel toolchain/avr8 gcc/native/3.4.1056/avr8-gnu-toolchain/bin/../lib/gcc/avr/4.8.1/../../../../avr/lib/avrxmega4\libm.a(fixunssfsi.o)
                0x00009976                __fixunssfsi
 .text.avr-libc.fplib
                0x000099ce       0x7a c:/program files/atmel/atmel toolchain/avr8 gcc/native/3.4.1056/avr8-gnu-toolchain/bin/../lib/gcc/avr/4.8.1/../../../../avr/lib/avrxmega4\libm.a(floatsisf.o)
                0x000099ce                __floatunsisf
                0x000099d2                __floatsisf
 .text.avr-libc.fplib
                0x00009a48        0xc c:/program files/atmel/atmel toolchain/avr8 gcc/native/3.4.1056/avr8-gnu-toolchain/bin/../lib/gcc/avr/4.8.1/../../../../avr/lib/avrxmega4\libm.a(fp_inf.o)
                0x00009a48                __fp_inf
 .text.avr-libc.fplib
                0x00009a54        0x6 c:/program files/atmel/atmel toolchain/avr8 gcc/native/3.4.1056/avr8-gnu-toolchain/bin/../lib/gcc/avr/4.8.1/../../../../avr/lib/avrxmega4\libm.a(fp_nan.o)
                0x00009a54                __fp_nan
 .text.avr-libc.fplib
                0x00009a5a        0xe c:/program files/atmel/atmel toolchain/avr8 gcc/native/3.4.1056/avr8-gnu-toolchain/bin/../lib/gcc/avr/4.8.1/../../../../avr/lib/avrxmega4\libm.a(fp_pscA.o)
                0x00009a5a                __fp_pscA
 .text.avr-libc.fplib
                0x00009a68        0xe c:/program files/atmel/atmel toolchain/avr8 gcc/native/3.4.1056/avr8-gnu-toolchain/bin/../lib/gcc/avr/4.8.1/../../../../avr/lib/avrxmega4\libm.a(fp_pscB.o)
                0x00009a68                __fp_pscB
 .text.avr-libc.fplib
                0x00009a76       0x22 c:/program files/atmel/atmel toolchain/avr8 gcc/native/3.4.1056/avr8-gnu-toolchain/bin/../lib/gcc/avr/4.8.1/../../../../avr/lib/avrxmega4\libm.a(fp_round.o)
                0x00009a76                __fp_round
 .text.avr-libc.fplib
                0x00009a98       0x44 c:/program files/atmel/atmel toolchain/avr8 gcc/native/3.4.1056/avr8-gnu-toolchain/bin/../lib/gcc/avr/4.8.1/../../../../avr/lib/avrxmega4\libm.a(fp_split3.o)
                0x00009a98                __fp_split3
                0x00009aa8                __fp_splitA
 .text.avr-libc.fplib
                0x00009adc        0xe c:/program files/atmel/atmel toolchain/avr8 gcc/native/3.4.1056/avr8-gnu-toolchain/bin/../lib/gcc/avr/4.8.1/../../../../avr/lib/avrxmega4\libm.a(fp_zero.o)
                0x00009adc                __fp_zero
                0x00009ade                __fp_szero
 .text.avr-libc.fplib
                0x00009aea        0x4 c:/program files/atmel/atmel toolchain/avr8 gcc/native/3.4.1056/avr8-gnu-toolchain/bin/../lib/gcc/avr/4.8.1/../../../../avr/lib/avrxmega4\libm.a(mulsf3.o)
                0x00009aea                __mulsf3
 .text.avr-libc.fplib
                0x00009aee       0xc2 c:/program files/atmel/atmel toolchain/avr8 gcc/native/3.4.1056/avr8-gnu-toolchain/bin/../lib/gcc/avr/4.8.1/../../../../avr/lib/avrxmega4\libm.a(mulsf3x.o)
                0x00009b02                __mulsf3x
                0x00009b06                __mulsf3_pse
 .text.avr-libc.fplib
                0x00009bb0       0x98 c:/program files/atmel/atmel toolchain/avr8 gcc/native/3.4.1056/avr8-gnu-toolchain/bin/../lib/gcc/avr/4.8.1/../../../../avr/lib/avrxmega4\libm.a(pow.o)
                0x00009bb0                pow
 .text.avr-libc.fplib
                0x00009c48       0x62 c:/program files/atmel/atmel toolchain/avr8 gcc/native/3.4.1056/avr8-gnu-toolchain/bin/../lib/gcc/avr/4.8.1/../../../../avr/lib/avrxmega4\libm.a(exp.o)
                0x00009c52                exp
 .text.avr-libc.fplib
                0x00009caa       0x4a c:/program files/atmel/atmel toolchain/avr8 gcc/native/3.4.1056/avr8-gnu-toolchain/bin/../lib/gcc/avr/4.8.1/../../../../avr/lib/avrxmega4\libm.a(fp_powser.o)
                0x00009caa                __fp_powser
 .text.avr-libc.fplib
                0x00009cf4        0xe c:/program files/atmel/atmel toolchain/avr8 gcc/native/3.4.1056/avr8-gnu-toolchain/bin/../lib/gcc/avr/4.8.1/../../../../avr/lib/avrxmega4\libm.a(inverse.o)
                0x00009cf4                inverse
 .text.avr-libc.fplib
                0x00009d02       0x6c c:/program files/atmel/atmel toolchain/avr8 gcc/native/3.4.1056/avr8-gnu-toolchain/bin/../lib/gcc/avr/4.8.1/../../../../avr/lib/avrxmega4\libm.a(ldexp.o)
                0x00009d06                ldexp
 .text.avr-libc.fplib
                0x00009d6e       0x8a c:/program files/atmel/atmel toolchain/avr8 gcc/native/3.4.1056/avr8-gnu-toolchain/bin/../lib/gcc/avr/4.8.1/../../../../avr/lib/avrxmega4\libm.a(log.o)
                0x00009d78                log
 .text.avr-libc.fplib
                0x00009df8       0x66 c:/program files/atmel/atmel toolchain/avr8 gcc/native/3.4.1056/avr8-gnu-toolchain/bin/../lib/gcc/avr/4.8.1/../../../../avr/lib/avrxmega4\libm.a(modf.o)
                0x00009df8                modf
                0x00009df8                modff
 .text.avr-libc.fplib
                0x00009e5e       0x1c c:/program files/atmel/atmel toolchain/avr8 gcc/native/3.4.1056/avr8-gnu-toolchain/bin/../lib/gcc/avr/4.8.1/../../../../avr/lib/avrxmega4\libm.a(fp_mpack.o)
                0x00009e5e                __fp_mpack
                0x00009e62                __fp_mpack_finite
 .text.avr-libc
                0x00009e7a      0x702 c:/program files/atmel/atmel toolchain/avr8 gcc/native/3.4.1056/avr8-gnu-toolchain/bin/../lib/gcc/avr/4.8.1/../../../../avr/lib/avrxmega4\libprintf_flt.a(vfprintf_flt.o)
                0x00009e7a                vfprintf
 .text.libgcc.div
                0x0000a57c       0x28 c:/program files/atmel/atmel toolchain/avr8 gcc/native/3.4.1056/avr8-gnu-toolchain/bin/../lib/gcc/avr/4.8.1/avrxmega4\libgcc.a(_udivmodhi4.o)
                0x0000a57c                __udivmodhi4
 .text.libgcc.div
                0x0000a5a4       0x26 c:/program files/atmel/atmel toolchain/avr8 gcc/native/3.4.1056/avr8-gnu-toolchain/bin/../lib/gcc/avr/4.8.1/avrxmega4\libgcc.a(_divmodhi4.o)
                0x0000a5a4                _div
                0x0000a5a4                __divmodhi4
 .text.libgcc.div
                0x0000a5ca       0x44 c:/program files/atmel/atmel toolchain/avr8 gcc/native/3.4.1056/avr8-gnu-toolchain/bin/../lib/gcc/avr/4.8.1/avrxmega4\libgcc.a(_udivmodsi4.o)
                0x0000a5ca                __udivmodsi4
 .text.libgcc   0x0000a60e        0xc c:/program files/atmel/atmel toolchain/avr8 gcc/native/3.4.1056/avr8-gnu-toolchain/bin/../lib/gcc/avr/4.8.1/avrxmega4\libgcc.a(_tablejump.o)
                0x0000a60e                __tablejump2__
                0x0000a612                __tablejump__
 .text.libgcc.mul
                0x0000a61a       0x1e c:/program files/atmel/atmel toolchain/avr8 gcc/native/3.4.1056/avr8-gnu-toolchain/bin/../lib/gcc/avr/4.8.1/avrxmega4\libgcc.a(_umulhisi3.o)
                0x0000a61a                __umulhisi3
 .text.libgcc.mul
                0x0000a638       0x14 c:/program files/atmel/atmel toolchain/avr8 gcc/native/3.4.1056/avr8-gnu-toolchain/bin/../lib/gcc/avr/4.8.1/avrxmega4\libgcc.a(_muluhisi3.o)
                0x0000a638                __muluhisi3
 .text.avr-libc
                0x0000a64c       0x34 c:/program files/atmel/atmel toolchain/avr8 gcc/native/3.4.1056/avr8-gnu-toolchain/bin/../lib/gcc/avr/4.8.1/../../../../avr/lib/avrxmega4\libc.a(calloc.o)
                0x0000a64c                calloc
 .text.avr-libc
                0x0000a680      0x24e c:/program files/atmel/atmel toolchain/avr8 gcc/native/3.4.1056/avr8-gnu-toolchain/bin/../lib/gcc/avr/4.8.1/../../../../avr/lib/avrxmega4\libc.a(malloc.o)
                0x0000a680                malloc
                0x0000a7b0                free
 .text.avr-libc
                0x0000a8ce      0x1b0 c:/program files/atmel/atmel toolchain/avr8 gcc/native/3.4.1056/avr8-gnu-toolchain/bin/../lib/gcc/avr/4.8.1/../../../../avr/lib/avrxmega4\libc.a(ftoa_engine.o)
                0x0000a8ce                __ftoa_engine
 .text.avr-libc
                0x0000aa7e       0x10 c:/program files/atmel/atmel toolchain/avr8 gcc/native/3.4.1056/avr8-gnu-toolchain/bin/../lib/gcc/avr/4.8.1/../../../../avr/lib/avrxmega4\libc.a(toupper.o)
                0x0000aa7e                toupper
 .text.avr-libc
                0x0000aa8e       0x16 c:/program files/atmel/atmel toolchain/avr8 gcc/native/3.4.1056/avr8-gnu-toolchain/bin/../lib/gcc/avr/4.8.1/../../../../avr/lib/avrxmega4\libc.a(strnlen_P.o)
                0x0000aa8e                strnlen_P
 .text.avr-libc
                0x0000aaa4       0x12 c:/program files/atmel/atmel toolchain/avr8 gcc/native/3.4.1056/avr8-gnu-toolchain/bin/../lib/gcc/avr/4.8.1/../../../../avr/lib/avrxmega4\libc.a(memcpy.o)
                0x0000aaa4                memcpy
 .text.avr-libc
                0x0000aab6        0xe c:/program files/atmel/atmel toolchain/avr8 gcc/native/3.4.1056/avr8-gnu-toolchain/bin/../lib/gcc/avr/4.8.1/../../../../avr/lib/avrxmega4\libc.a(memset.o)
                0x0000aab6                memset
 .text.avr-libc
                0x0000aac4       0x16 c:/program files/atmel/atmel toolchain/avr8 gcc/native/3.4.1056/avr8-gnu-toolchain/bin/../lib/gcc/avr/4.8.1/../../../../avr/lib/avrxmega4\libc.a(strcat.o)
                0x0000aac4                strcat
 .text.avr-libc
                0x0000aada       0x16 c:/program files/atmel/atmel toolchain/avr8 gcc/native/3.4.1056/avr8-gnu-toolchain/bin/../lib/gcc/avr/4.8.1/../../../../avr/lib/avrxmega4\libc.a(strchr.o)
                0x0000aada                strchr
 .text.avr-libc
                0x0000aaf0        0xe c:/program files/atmel/atmel toolchain/avr8 gcc/native/3.4.1056/avr8-gnu-toolchain/bin/../lib/gcc/avr/4.8.1/../../../../avr/lib/avrxmega4\libc.a(strcpy.o)
                0x0000aaf0                strcpy
 .text.avr-libc
                0x0000aafe       0x1e c:/program files/atmel/atmel toolchain/avr8 gcc/native/3.4.1056/avr8-gnu-toolchain/bin/../lib/gcc/avr/4.8.1/../../../../avr/lib/avrxmega4\libc.a(strncpy.o)
                0x0000aafe                strncpy
 .text.avr-libc
                0x0000ab1c       0x16 c:/program files/atmel/atmel toolchain/avr8 gcc/native/3.4.1056/avr8-gnu-toolchain/bin/../lib/gcc/avr/4.8.1/../../../../avr/lib/avrxmega4\libc.a(strnlen.o)
                0x0000ab1c                strnlen
 .text.avr-libc
                0x0000ab32       0x16 c:/program files/atmel/atmel toolchain/avr8 gcc/native/3.4.1056/avr8-gnu-toolchain/bin/../lib/gcc/avr/4.8.1/../../../../avr/lib/avrxmega4\libc.a(strrchr.o)
                0x0000ab32                strrchr
 .text.avr-libc
                0x0000ab48       0x34 c:/program files/atmel/atmel toolchain/avr8 gcc/native/3.4.1056/avr8-gnu-toolchain/bin/../lib/gcc/avr/4.8.1/../../../../avr/lib/avrxmega4\libc.a(strstr.o)
                0x0000ab48                strstr
 .text.avr-libc
                0x0000ab7c       0x14 c:/program files/atmel/atmel toolchain/avr8 gcc/native/3.4.1056/avr8-gnu-toolchain/bin/../lib/gcc/avr/4.8.1/../../../../avr/lib/avrxmega4\libc.a(itoa_ncheck.o)
                0x0000ab7c                __itoa_ncheck
 .text.avr-libc
                0x0000ab90       0x32 c:/program files/atmel/atmel toolchain/avr8 gcc/native/3.4.1056/avr8-gnu-toolchain/bin/../lib/gcc/avr/4.8.1/../../../../avr/lib/avrxmega4\libc.a(utoa_ncheck.o)
                0x0000ab90                __utoa_ncheck
                0x0000ab92                __utoa_common
 .text.avr-libc
                0x0000abc2       0x64 c:/program files/atmel/atmel toolchain/avr8 gcc/native/3.4.1056/avr8-gnu-toolchain/bin/../lib/gcc/avr/4.8.1/../../../../avr/lib/avrxmega4\libc.a(fputc.o)
                0x0000abc2                fputc
 .text.avr-libc
                0x0000ac26       0x22 c:/program files/atmel/atmel toolchain/avr8 gcc/native/3.4.1056/avr8-gnu-toolchain/bin/../lib/gcc/avr/4.8.1/../../../../avr/lib/avrxmega4\libc.a(printf.o)
                0x0000ac26                printf
 .text.avr-libc
                0x0000ac48       0x5a c:/program files/atmel/atmel toolchain/avr8 gcc/native/3.4.1056/avr8-gnu-toolchain/bin/../lib/gcc/avr/4.8.1/../../../../avr/lib/avrxmega4\libc.a(puts.o)
                0x0000ac48                puts
 .text.avr-libc
                0x0000aca2       0x36 c:/program files/atmel/atmel toolchain/avr8 gcc/native/3.4.1056/avr8-gnu-toolchain/bin/../lib/gcc/avr/4.8.1/../../../../avr/lib/avrxmega4\libc.a(sscanf.o)
                0x0000aca2                sscanf
 .text.avr-libc
                0x0000acd8       0xbc c:/program files/atmel/atmel toolchain/avr8 gcc/native/3.4.1056/avr8-gnu-toolchain/bin/../lib/gcc/avr/4.8.1/../../../../avr/lib/avrxmega4\libc.a(ultoa_invert.o)
                0x0000acd8                __ultoa_invert
 .text.avr-libc
                0x0000ad94      0x566 c:/program files/atmel/atmel toolchain/avr8 gcc/native/3.4.1056/avr8-gnu-toolchain/bin/../lib/gcc/avr/4.8.1/../../../../avr/lib/avrxmega4\libc.a(vfscanf_std.o)
                0x0000b0a8                vfscanf
 .text.avr-libc
                0x0000b2fa       0x16 c:/program files/atmel/atmel toolchain/avr8 gcc/native/3.4.1056/avr8-gnu-toolchain/bin/../lib/gcc/avr/4.8.1/../../../../avr/lib/avrxmega4\libc.a(eerd_block_atxmega64a4u.o)
                0x0000b2fa                __eerd_block_x64a4u
 .text.avr-libc
                0x0000b310       0x1e c:/program files/atmel/atmel toolchain/avr8 gcc/native/3.4.1056/avr8-gnu-toolchain/bin/../lib/gcc/avr/4.8.1/../../../../avr/lib/avrxmega4\libc.a(eeupd_block_atxmega64a4u.o)
                0x0000b310                __eeupd_block_x64a4u
 .text.avr-libc
                0x0000b32e       0x12 c:/program files/atmel/atmel toolchain/avr8 gcc/native/3.4.1056/avr8-gnu-toolchain/bin/../lib/gcc/avr/4.8.1/../../../../avr/lib/avrxmega4\libc.a(eeupd_byte_atxmega64a4u.o)
                0x0000b32e                __eeupd_byte_x64a4u
                0x0000b330                __eeupd_r18_x64a4u
 .text.avr-libc
                0x0000b340       0x12 c:/program files/atmel/atmel toolchain/avr8 gcc/native/3.4.1056/avr8-gnu-toolchain/bin/../lib/gcc/avr/4.8.1/../../../../avr/lib/avrxmega4\libc.a(eewr_block_atxmega64a4u.o)
                0x0000b340                __eewr_block_x64a4u
 .text.avr-libc
                0x0000b352       0x46 c:/program files/atmel/atmel toolchain/avr8 gcc/native/3.4.1056/avr8-gnu-toolchain/bin/../lib/gcc/avr/4.8.1/../../../../avr/lib/avrxmega4\libc.a(eewr_byte_atxmega64a4u.o)
                0x0000b352                __eewr_byte_x64a4u
                0x0000b354                __eewr_r18_x64a4u
 .text.avr-libc
                0x0000b398       0x20 c:/program files/atmel/atmel toolchain/avr8 gcc/native/3.4.1056/avr8-gnu-toolchain/bin/../lib/gcc/avr/4.8.1/../../../../avr/lib/avrxmega4\libc.a(eerd_byte_atxmega64b1.o)
                0x0000b398                __eerd_byte_x64b1
                0x0000b3a0                eeprom_mapen
 .text.avr-libc
                0x0000b3b8       0x10 c:/program files/atmel/atmel toolchain/avr8 gcc/native/3.4.1056/avr8-gnu-toolchain/bin/../lib/gcc/avr/4.8.1/../../../../avr/lib/avrxmega4\libc.a(isspace.o)
                0x0000b3b8                isspace
 .text.avr-libc
                0x0000b3c8       0x16 c:/program files/atmel/atmel toolchain/avr8 gcc/native/3.4.1056/avr8-gnu-toolchain/bin/../lib/gcc/avr/4.8.1/../../../../avr/lib/avrxmega4\libc.a(strchr_P.o)
                0x0000b3c8                strchr_P
 .text.avr-libc
                0x0000b3de       0x20 c:/program files/atmel/atmel toolchain/avr8 gcc/native/3.4.1056/avr8-gnu-toolchain/bin/../lib/gcc/avr/4.8.1/../../../../avr/lib/avrxmega4\libc.a(strrev.o)
                0x0000b3de                strrev
 .text.avr-libc
                0x0000b3fe       0x7c c:/program files/atmel/atmel toolchain/avr8 gcc/native/3.4.1056/avr8-gnu-toolchain/bin/../lib/gcc/avr/4.8.1/../../../../avr/lib/avrxmega4\libc.a(fgetc.o)
                0x0000b3fe                fgetc
 .text.avr-libc
                0x0000b47a       0x32 c:/program files/atmel/atmel toolchain/avr8 gcc/native/3.4.1056/avr8-gnu-toolchain/bin/../lib/gcc/avr/4.8.1/../../../../avr/lib/avrxmega4\libc.a(ungetc.o)
                0x0000b47a                ungetc
 .text.avr-libc
                0x0000b4ac        0x6 c:/program files/atmel/atmel toolchain/avr8 gcc/native/3.4.1056/avr8-gnu-toolchain/bin/../lib/gcc/avr/4.8.1/../../../../avr/lib/avrxmega4\libc.a(cty_isfalse.o)
                0x0000b4ac                __ctype_isfalse
                0x0000b4b0                __ctype_istrue
                0x0000b4b2                . = ALIGN (0x2)
 *(.fini9)
 .fini9         0x0000b4b2        0x0 c:/program files/atmel/atmel toolchain/avr8 gcc/native/3.4.1056/avr8-gnu-toolchain/bin/../lib/gcc/avr/4.8.1/avrxmega4\libgcc.a(_exit.o)
                0x0000b4b2                _exit
                0x0000b4b2                exit
 *(.fini9)
 *(.fini8)
 *(.fini8)
 *(.fini7)
 *(.fini7)
 *(.fini6)
 *(.fini6)
 *(.fini5)
 *(.fini5)
 *(.fini4)
 *(.fini4)
 *(.fini3)
 *(.fini3)
 *(.fini2)
 *(.fini2)
 *(.fini1)
 *(.fini1)
 *(.fini0)
 .fini0         0x0000b4b2        0x4 c:/program files/atmel/atmel toolchain/avr8 gcc/native/3.4.1056/avr8-gnu-toolchain/bin/../lib/gcc/avr/4.8.1/avrxmega4\libgcc.a(_exit.o)
 *(.fini0)
                0x0000b4b6                _etext = .

.data           0x00802000      0xa0a load address 0x0000b4b6
                0x00802000                PROVIDE (__data_start, .)
 *(.data)
 .data          0x00802000        0x0 c:/program files/atmel/atmel toolchain/avr8 gcc/native/3.4.1056/avr8-gnu-toolchain/bin/../lib/gcc/avr/4.8.1/../../../../avr/lib/avrxmega4/crtx64a4u.o
 .data          0x00802000        0x0 4x6_font.o
 .data          0x00802000        0x0 drivers/adc/adc.o
 .data          0x00802000        0x0 drivers/clock/clock.o
 .data          0x00802000        0x0 drivers/dac/dac.o
 .data          0x00802000        0x0 drivers/dma/dma.o
 .data          0x00802000        0x0 drivers/dma/dma_functions.o
 .data          0x00802000        0x0 drivers/eeprom/eeprom.o
 .data          0x00802000        0x0 drivers/esp8266/esp8266.o
 .data          0x00802000        0x0 drivers/ht1632c/ht1632c.o
 .data          0x00802000        0x0 drivers/port/port.o
 .data          0x00802000        0x0 drivers/power/power.o
 .data          0x00802000        0x0 drivers/rtc/rtc.o
 .data          0x00802000        0x0 drivers/sensors/si114x/Si114x_functions.o
 .data          0x00802000        0x0 drivers/sensors/si114x/Si114x_handler.o
 .data          0x00802000        0x0 drivers/sensors/si114x/Si114x_sys_out.o
 .data          0x00802000        0x0 drivers/sensors/si114x/slider_algorithm.o
 .data          0x00802000        0x0 drivers/sercom/spi.o
 .data          0x00802000        0x0 drivers/sercom/twi.o
 .data          0x00802000        0x0 drivers/sercom/uart.o
 .data          0x00802000        0x0 drivers/timer/timer.o
 .data          0x00802000        0x0 main.o
 .data          0x00802000        0x0 modules/display/display.o
 .data          0x00802000        0x0 modules/fatfs/ff.o
 .data          0x00802000        0x0 modules/fatfs/mmc_avr.o
 .data          0x00802000        0x0 modules/fatfs/sound.o
 .data          0x00802000        0x0 modules/json/jsmn.o
 .data          0x00802000        0x0 modules/json/json_functions.o
 .data          0x00802000        0x0 modules/menu/menu.o
 .data          0x00802000        0x0 modules/time_functions/time_functions.o
 .data          0x00802000        0x0 _StackInstrument.o
 .data          0x00802000        0x0 c:/program files/atmel/atmel toolchain/avr8 gcc/native/3.4.1056/avr8-gnu-toolchain/bin/../lib/gcc/avr/4.8.1/../../../../avr/lib/avrxmega4\libm.a(addsf3.o)
 .data          0x00802000        0x0 c:/program files/atmel/atmel toolchain/avr8 gcc/native/3.4.1056/avr8-gnu-toolchain/bin/../lib/gcc/avr/4.8.1/../../../../avr/lib/avrxmega4\libm.a(addsf3x.o)
 .data          0x00802000        0x0 c:/program files/atmel/atmel toolchain/avr8 gcc/native/3.4.1056/avr8-gnu-toolchain/bin/../lib/gcc/avr/4.8.1/../../../../avr/lib/avrxmega4\libm.a(divsf3.o)
 .data          0x00802000        0x0 c:/program files/atmel/atmel toolchain/avr8 gcc/native/3.4.1056/avr8-gnu-toolchain/bin/../lib/gcc/avr/4.8.1/../../../../avr/lib/avrxmega4\libm.a(divsf3x.o)
 .data          0x00802000        0x0 c:/program files/atmel/atmel toolchain/avr8 gcc/native/3.4.1056/avr8-gnu-toolchain/bin/../lib/gcc/avr/4.8.1/../../../../avr/lib/avrxmega4\libm.a(fixsfsi.o)
 .data          0x00802000        0x0 c:/program files/atmel/atmel toolchain/avr8 gcc/native/3.4.1056/avr8-gnu-toolchain/bin/../lib/gcc/avr/4.8.1/../../../../avr/lib/avrxmega4\libm.a(fixunssfsi.o)
 .data          0x00802000        0x0 c:/program files/atmel/atmel toolchain/avr8 gcc/native/3.4.1056/avr8-gnu-toolchain/bin/../lib/gcc/avr/4.8.1/../../../../avr/lib/avrxmega4\libm.a(floatsisf.o)
 .data          0x00802000        0x0 c:/program files/atmel/atmel toolchain/avr8 gcc/native/3.4.1056/avr8-gnu-toolchain/bin/../lib/gcc/avr/4.8.1/../../../../avr/lib/avrxmega4\libm.a(fp_inf.o)
 .data          0x00802000        0x0 c:/program files/atmel/atmel toolchain/avr8 gcc/native/3.4.1056/avr8-gnu-toolchain/bin/../lib/gcc/avr/4.8.1/../../../../avr/lib/avrxmega4\libm.a(fp_nan.o)
 .data          0x00802000        0x0 c:/program files/atmel/atmel toolchain/avr8 gcc/native/3.4.1056/avr8-gnu-toolchain/bin/../lib/gcc/avr/4.8.1/../../../../avr/lib/avrxmega4\libm.a(fp_pscA.o)
 .data          0x00802000        0x0 c:/program files/atmel/atmel toolchain/avr8 gcc/native/3.4.1056/avr8-gnu-toolchain/bin/../lib/gcc/avr/4.8.1/../../../../avr/lib/avrxmega4\libm.a(fp_pscB.o)
 .data          0x00802000        0x0 c:/program files/atmel/atmel toolchain/avr8 gcc/native/3.4.1056/avr8-gnu-toolchain/bin/../lib/gcc/avr/4.8.1/../../../../avr/lib/avrxmega4\libm.a(fp_round.o)
 .data          0x00802000        0x0 c:/program files/atmel/atmel toolchain/avr8 gcc/native/3.4.1056/avr8-gnu-toolchain/bin/../lib/gcc/avr/4.8.1/../../../../avr/lib/avrxmega4\libm.a(fp_split3.o)
 .data          0x00802000        0x0 c:/program files/atmel/atmel toolchain/avr8 gcc/native/3.4.1056/avr8-gnu-toolchain/bin/../lib/gcc/avr/4.8.1/../../../../avr/lib/avrxmega4\libm.a(fp_zero.o)
 .data          0x00802000        0x0 c:/program files/atmel/atmel toolchain/avr8 gcc/native/3.4.1056/avr8-gnu-toolchain/bin/../lib/gcc/avr/4.8.1/../../../../avr/lib/avrxmega4\libm.a(mulsf3.o)
 .data          0x00802000        0x0 c:/program files/atmel/atmel toolchain/avr8 gcc/native/3.4.1056/avr8-gnu-toolchain/bin/../lib/gcc/avr/4.8.1/../../../../avr/lib/avrxmega4\libm.a(mulsf3x.o)
 .data          0x00802000        0x0 c:/program files/atmel/atmel toolchain/avr8 gcc/native/3.4.1056/avr8-gnu-toolchain/bin/../lib/gcc/avr/4.8.1/../../../../avr/lib/avrxmega4\libm.a(pow.o)
 .data          0x00802000        0x0 c:/program files/atmel/atmel toolchain/avr8 gcc/native/3.4.1056/avr8-gnu-toolchain/bin/../lib/gcc/avr/4.8.1/../../../../avr/lib/avrxmega4\libm.a(exp.o)
 .data          0x00802000        0x0 c:/program files/atmel/atmel toolchain/avr8 gcc/native/3.4.1056/avr8-gnu-toolchain/bin/../lib/gcc/avr/4.8.1/../../../../avr/lib/avrxmega4\libm.a(fp_powser.o)
 .data          0x00802000        0x0 c:/program files/atmel/atmel toolchain/avr8 gcc/native/3.4.1056/avr8-gnu-toolchain/bin/../lib/gcc/avr/4.8.1/../../../../avr/lib/avrxmega4\libm.a(inverse.o)
 .data          0x00802000        0x0 c:/program files/atmel/atmel toolchain/avr8 gcc/native/3.4.1056/avr8-gnu-toolchain/bin/../lib/gcc/avr/4.8.1/../../../../avr/lib/avrxmega4\libm.a(ldexp.o)
 .data          0x00802000        0x0 c:/program files/atmel/atmel toolchain/avr8 gcc/native/3.4.1056/avr8-gnu-toolchain/bin/../lib/gcc/avr/4.8.1/../../../../avr/lib/avrxmega4\libm.a(log.o)
 .data          0x00802000        0x0 c:/program files/atmel/atmel toolchain/avr8 gcc/native/3.4.1056/avr8-gnu-toolchain/bin/../lib/gcc/avr/4.8.1/../../../../avr/lib/avrxmega4\libm.a(modf.o)
 .data          0x00802000        0x0 c:/program files/atmel/atmel toolchain/avr8 gcc/native/3.4.1056/avr8-gnu-toolchain/bin/../lib/gcc/avr/4.8.1/../../../../avr/lib/avrxmega4\libm.a(fp_mpack.o)
 .data          0x00802000        0x0 c:/program files/atmel/atmel toolchain/avr8 gcc/native/3.4.1056/avr8-gnu-toolchain/bin/../lib/gcc/avr/4.8.1/../../../../avr/lib/avrxmega4\libprintf_flt.a(vfprintf_flt.o)
 .data          0x00802000        0x0 c:/program files/atmel/atmel toolchain/avr8 gcc/native/3.4.1056/avr8-gnu-toolchain/bin/../lib/gcc/avr/4.8.1/avrxmega4\libgcc.a(_udivmodhi4.o)
 .data          0x00802000        0x0 c:/program files/atmel/atmel toolchain/avr8 gcc/native/3.4.1056/avr8-gnu-toolchain/bin/../lib/gcc/avr/4.8.1/avrxmega4\libgcc.a(_divmodhi4.o)
 .data          0x00802000        0x0 c:/program files/atmel/atmel toolchain/avr8 gcc/native/3.4.1056/avr8-gnu-toolchain/bin/../lib/gcc/avr/4.8.1/avrxmega4\libgcc.a(_udivmodsi4.o)
 .data          0x00802000        0x0 c:/program files/atmel/atmel toolchain/avr8 gcc/native/3.4.1056/avr8-gnu-toolchain/bin/../lib/gcc/avr/4.8.1/avrxmega4\libgcc.a(_exit.o)
 .data          0x00802000        0x0 c:/program files/atmel/atmel toolchain/avr8 gcc/native/3.4.1056/avr8-gnu-toolchain/bin/../lib/gcc/avr/4.8.1/avrxmega4\libgcc.a(_tablejump.o)
 .data          0x00802000        0x0 c:/program files/atmel/atmel toolchain/avr8 gcc/native/3.4.1056/avr8-gnu-toolchain/bin/../lib/gcc/avr/4.8.1/avrxmega4\libgcc.a(_copy_data.o)
 .data          0x00802000        0x0 c:/program files/atmel/atmel toolchain/avr8 gcc/native/3.4.1056/avr8-gnu-toolchain/bin/../lib/gcc/avr/4.8.1/avrxmega4\libgcc.a(_clear_bss.o)
 .data          0x00802000        0x0 c:/program files/atmel/atmel toolchain/avr8 gcc/native/3.4.1056/avr8-gnu-toolchain/bin/../lib/gcc/avr/4.8.1/avrxmega4\libgcc.a(_umulhisi3.o)
 .data          0x00802000        0x0 c:/program files/atmel/atmel toolchain/avr8 gcc/native/3.4.1056/avr8-gnu-toolchain/bin/../lib/gcc/avr/4.8.1/avrxmega4\libgcc.a(_muluhisi3.o)
 .data          0x00802000        0x0 c:/program files/atmel/atmel toolchain/avr8 gcc/native/3.4.1056/avr8-gnu-toolchain/bin/../lib/gcc/avr/4.8.1/../../../../avr/lib/avrxmega4\libc.a(calloc.o)
 .data          0x00802000        0x6 c:/program files/atmel/atmel toolchain/avr8 gcc/native/3.4.1056/avr8-gnu-toolchain/bin/../lib/gcc/avr/4.8.1/../../../../avr/lib/avrxmega4\libc.a(malloc.o)
                0x00802000                __malloc_heap_end
                0x00802002                __malloc_heap_start
                0x00802004                __malloc_margin
 .data          0x00802006        0x0 c:/program files/atmel/atmel toolchain/avr8 gcc/native/3.4.1056/avr8-gnu-toolchain/bin/../lib/gcc/avr/4.8.1/../../../../avr/lib/avrxmega4\libc.a(realloc.o)
 .data          0x00802006        0x0 c:/program files/atmel/atmel toolchain/avr8 gcc/native/3.4.1056/avr8-gnu-toolchain/bin/../lib/gcc/avr/4.8.1/../../../../avr/lib/avrxmega4\libc.a(ftoa_engine.o)
 .data          0x00802006        0x0 c:/program files/atmel/atmel toolchain/avr8 gcc/native/3.4.1056/avr8-gnu-toolchain/bin/../lib/gcc/avr/4.8.1/../../../../avr/lib/avrxmega4\libc.a(toupper.o)
 .data          0x00802006        0x0 c:/program files/atmel/atmel toolchain/avr8 gcc/native/3.4.1056/avr8-gnu-toolchain/bin/../lib/gcc/avr/4.8.1/../../../../avr/lib/avrxmega4\libc.a(strnlen_P.o)
 .data          0x00802006        0x0 c:/program files/atmel/atmel toolchain/avr8 gcc/native/3.4.1056/avr8-gnu-toolchain/bin/../lib/gcc/avr/4.8.1/../../../../avr/lib/avrxmega4\libc.a(memcpy.o)
 .data          0x00802006        0x0 c:/program files/atmel/atmel toolchain/avr8 gcc/native/3.4.1056/avr8-gnu-toolchain/bin/../lib/gcc/avr/4.8.1/../../../../avr/lib/avrxmega4\libc.a(memset.o)
 .data          0x00802006        0x0 c:/program files/atmel/atmel toolchain/avr8 gcc/native/3.4.1056/avr8-gnu-toolchain/bin/../lib/gcc/avr/4.8.1/../../../../avr/lib/avrxmega4\libc.a(strcat.o)
 .data          0x00802006        0x0 c:/program files/atmel/atmel toolchain/avr8 gcc/native/3.4.1056/avr8-gnu-toolchain/bin/../lib/gcc/avr/4.8.1/../../../../avr/lib/avrxmega4\libc.a(strchr.o)
 .data          0x00802006        0x0 c:/program files/atmel/atmel toolchain/avr8 gcc/native/3.4.1056/avr8-gnu-toolchain/bin/../lib/gcc/avr/4.8.1/../../../../avr/lib/avrxmega4\libc.a(strcpy.o)
 .data          0x00802006        0x0 c:/program files/atmel/atmel toolchain/avr8 gcc/native/3.4.1056/avr8-gnu-toolchain/bin/../lib/gcc/avr/4.8.1/../../../../avr/lib/avrxmega4\libc.a(strncmp.o)
 .data          0x00802006        0x0 c:/program files/atmel/atmel toolchain/avr8 gcc/native/3.4.1056/avr8-gnu-toolchain/bin/../lib/gcc/avr/4.8.1/../../../../avr/lib/avrxmega4\libc.a(strncpy.o)
 .data          0x00802006        0x0 c:/program files/atmel/atmel toolchain/avr8 gcc/native/3.4.1056/avr8-gnu-toolchain/bin/../lib/gcc/avr/4.8.1/../../../../avr/lib/avrxmega4\libc.a(strnlen.o)
 .data          0x00802006        0x0 c:/program files/atmel/atmel toolchain/avr8 gcc/native/3.4.1056/avr8-gnu-toolchain/bin/../lib/gcc/avr/4.8.1/../../../../avr/lib/avrxmega4\libc.a(strrchr.o)
 .data          0x00802006        0x0 c:/program files/atmel/atmel toolchain/avr8 gcc/native/3.4.1056/avr8-gnu-toolchain/bin/../lib/gcc/avr/4.8.1/../../../../avr/lib/avrxmega4\libc.a(strstr.o)
 .data          0x00802006        0x0 c:/program files/atmel/atmel toolchain/avr8 gcc/native/3.4.1056/avr8-gnu-toolchain/bin/../lib/gcc/avr/4.8.1/../../../../avr/lib/avrxmega4\libc.a(itoa_ncheck.o)
 .data          0x00802006        0x0 c:/program files/atmel/atmel toolchain/avr8 gcc/native/3.4.1056/avr8-gnu-toolchain/bin/../lib/gcc/avr/4.8.1/../../../../avr/lib/avrxmega4\libc.a(utoa_ncheck.o)
 .data          0x00802006        0x0 c:/program files/atmel/atmel toolchain/avr8 gcc/native/3.4.1056/avr8-gnu-toolchain/bin/../lib/gcc/avr/4.8.1/../../../../avr/lib/avrxmega4\libc.a(fputc.o)
 .data          0x00802006        0x0 c:/program files/atmel/atmel toolchain/avr8 gcc/native/3.4.1056/avr8-gnu-toolchain/bin/../lib/gcc/avr/4.8.1/../../../../avr/lib/avrxmega4\libc.a(iob.o)
 .data          0x00802006        0x0 c:/program files/atmel/atmel toolchain/avr8 gcc/native/3.4.1056/avr8-gnu-toolchain/bin/../lib/gcc/avr/4.8.1/../../../../avr/lib/avrxmega4\libc.a(printf.o)
 .data          0x00802006        0x0 c:/program files/atmel/atmel toolchain/avr8 gcc/native/3.4.1056/avr8-gnu-toolchain/bin/../lib/gcc/avr/4.8.1/../../../../avr/lib/avrxmega4\libc.a(puts.o)
 .data          0x00802006        0x0 c:/program files/atmel/atmel toolchain/avr8 gcc/native/3.4.1056/avr8-gnu-toolchain/bin/../lib/gcc/avr/4.8.1/../../../../avr/lib/avrxmega4\libc.a(sscanf.o)
 .data          0x00802006        0x0 c:/program files/atmel/atmel toolchain/avr8 gcc/native/3.4.1056/avr8-gnu-toolchain/bin/../lib/gcc/avr/4.8.1/../../../../avr/lib/avrxmega4\libc.a(ultoa_invert.o)
 .data          0x00802006        0x0 c:/program files/atmel/atmel toolchain/avr8 gcc/native/3.4.1056/avr8-gnu-toolchain/bin/../lib/gcc/avr/4.8.1/../../../../avr/lib/avrxmega4\libc.a(vfscanf_std.o)
 .data          0x00802006        0x0 c:/program files/atmel/atmel toolchain/avr8 gcc/native/3.4.1056/avr8-gnu-toolchain/bin/../lib/gcc/avr/4.8.1/../../../../avr/lib/avrxmega4\libc.a(eerd_block_atxmega64a4u.o)
 .data          0x00802006        0x0 c:/program files/atmel/atmel toolchain/avr8 gcc/native/3.4.1056/avr8-gnu-toolchain/bin/../lib/gcc/avr/4.8.1/../../../../avr/lib/avrxmega4\libc.a(eeupd_block_atxmega64a4u.o)
 .data          0x00802006        0x0 c:/program files/atmel/atmel toolchain/avr8 gcc/native/3.4.1056/avr8-gnu-toolchain/bin/../lib/gcc/avr/4.8.1/../../../../avr/lib/avrxmega4\libc.a(eeupd_byte_atxmega64a4u.o)
 .data          0x00802006        0x0 c:/program files/atmel/atmel toolchain/avr8 gcc/native/3.4.1056/avr8-gnu-toolchain/bin/../lib/gcc/avr/4.8.1/../../../../avr/lib/avrxmega4\libc.a(eewr_block_atxmega64a4u.o)
 .data          0x00802006        0x0 c:/program files/atmel/atmel toolchain/avr8 gcc/native/3.4.1056/avr8-gnu-toolchain/bin/../lib/gcc/avr/4.8.1/../../../../avr/lib/avrxmega4\libc.a(eewr_byte_atxmega64a4u.o)
 .data          0x00802006        0x0 c:/program files/atmel/atmel toolchain/avr8 gcc/native/3.4.1056/avr8-gnu-toolchain/bin/../lib/gcc/avr/4.8.1/../../../../avr/lib/avrxmega4\libc.a(eerd_byte_atxmega64b1.o)
 .data          0x00802006        0x0 c:/program files/atmel/atmel toolchain/avr8 gcc/native/3.4.1056/avr8-gnu-toolchain/bin/../lib/gcc/avr/4.8.1/../../../../avr/lib/avrxmega4\libc.a(isspace.o)
 .data          0x00802006        0x0 c:/program files/atmel/atmel toolchain/avr8 gcc/native/3.4.1056/avr8-gnu-toolchain/bin/../lib/gcc/avr/4.8.1/../../../../avr/lib/avrxmega4\libc.a(strchr_P.o)
 .data          0x00802006        0x0 c:/program files/atmel/atmel toolchain/avr8 gcc/native/3.4.1056/avr8-gnu-toolchain/bin/../lib/gcc/avr/4.8.1/../../../../avr/lib/avrxmega4\libc.a(strrev.o)
 .data          0x00802006        0x0 c:/program files/atmel/atmel toolchain/avr8 gcc/native/3.4.1056/avr8-gnu-toolchain/bin/../lib/gcc/avr/4.8.1/../../../../avr/lib/avrxmega4\libc.a(fgetc.o)
 .data          0x00802006        0x0 c:/program files/atmel/atmel toolchain/avr8 gcc/native/3.4.1056/avr8-gnu-toolchain/bin/../lib/gcc/avr/4.8.1/../../../../avr/lib/avrxmega4\libc.a(ungetc.o)
 .data          0x00802006        0x0 c:/program files/atmel/atmel toolchain/avr8 gcc/native/3.4.1056/avr8-gnu-toolchain/bin/../lib/gcc/avr/4.8.1/../../../../avr/lib/avrxmega4\libc.a(cty_isfalse.o)
 *(.data*)
 .data.link_channel
                0x00802006        0x1 drivers/esp8266/esp8266.o
                0x00802006                link_channel
 .data.disp_time
                0x00802007        0x1 drivers/rtc/rtc.o
 .data.initial_baseline_counter
                0x00802008        0x1 drivers/sensors/si114x/Si114x_functions.o
 .data.ircorrection
                0x00802009        0x3 drivers/sensors/si114x/Si114x_handler.o
                0x00802009                ircorrection
 .data.scale    0x0080200c        0x2 drivers/sensors/si114x/Si114x_handler.o
                0x0080200c                scale
 .data.noise_margin
                0x0080200e        0x2 drivers/sensors/si114x/Si114x_handler.o
                0x0080200e                noise_margin
 .data.initial_baseline_counter
                0x00802010        0x1 drivers/sensors/si114x/Si114x_handler.o
 .data.out_of_range.1866
                0x00802011        0x1 drivers/sensors/si114x/slider_algorithm.o
 .data.mystdout
                0x00802012        0xe main.o
 .data.color.4757
                0x00802020        0x1 modules/display/display.o
 .data.x.4755   0x00802021        0x1 modules/display/display.o
 .data.y.4756   0x00802022        0x1 modules/display/display.o
 .data.prev_pwm.4738
                0x00802023        0x1 modules/display/display.o
 .data.Stat     0x00802024        0x1 modules/fatfs/mmc_avr.o
 *(.rodata)
 .rodata        0x00802025       0x9a drivers/sensors/si114x/slider_algorithm.o
 .rodata        0x008020bf       0x18 modules/time_functions/time_functions.o
 *(.rodata*)
 .rodata.str1.1
                0x008020d7      0x384 drivers/esp8266/esp8266.o
                                0x38d (size before relaxing)
 .rodata.str1.1
                0x0080245b       0x32 drivers/port/port.o
 .rodata.str1.1
                0x0080248d       0x4f drivers/sensors/si114x/Si114x_functions.o
 .rodata.str1.1
                0x008024dc       0xab drivers/sensors/si114x/Si114x_handler.o
 .rodata.str1.1
                0x00802587       0xc5 drivers/sensors/si114x/slider_algorithm.o
 .rodata.str1.1
                0x0080264c       0x94 main.o
 .rodata.str1.1
                0x008026e0       0x53 modules/fatfs/ff.o
 .rodata.str1.1
                0x00802733      0x211 modules/menu/menu.o
                                0x217 (size before relaxing)
 .rodata.str1.1
                0x00802944       0x7e modules/time_functions/time_functions.o
 .rodata.CSWTCH.9
                0x008029c2        0x7 modules/time_functions/time_functions.o
 .rodata.CSWTCH.6
                0x008029c9       0x18 modules/time_functions/time_functions.o
 .rodata.CSWTCH.4
                0x008029e1       0x10 modules/time_functions/time_functions.o
 .rodata.t.4529
                0x008029f1       0x18 modules/time_functions/time_functions.o
 *(.gnu.linkonce.d*)
                0x00802a0a                . = ALIGN (0x2)
 *fill*         0x00802a09        0x1 
                0x00802a0a                _edata = .
                0x00802a0a                PROVIDE (__data_end, .)

.bss            0x00802a0a      0x2d4
                0x00802a0a                PROVIDE (__bss_start, .)
 *(.bss)
 *(.bss*)
 .bss.offset    0x00802a0a        0x2 drivers/adc/adc.o
                0x00802a0a                offset
 .bss.rx_buffer
                0x00802a0c       0xc8 drivers/esp8266/esp8266.o
 .bss.rx_ptr    0x00802ad4        0x2 drivers/esp8266/esp8266.o
 .bss.json_found
                0x00802ad6        0x1 drivers/esp8266/esp8266.o
                0x00802ad6                json_found
 .bss.wdt_triggered
                0x00802ad7        0x1 drivers/esp8266/esp8266.o
 .bss.counter   0x00802ad8        0x2 drivers/sensors/si114x/Si114x_functions.o
 .bss.Maxcount.4618
                0x00802ada        0x3 drivers/sensors/si114x/Si114x_handler.o
 .bss.rollingMax.4617
                0x00802add        0x6 drivers/sensors/si114x/Si114x_handler.o
 .bss.dynamic_baseline.4620
                0x00802ae3        0x6 drivers/sensors/si114x/Si114x_handler.o
 .bss.IRlast.4599
                0x00802ae9        0x4 drivers/sensors/si114x/Si114x_handler.o
 .bss.maxLeakage
                0x00802aed        0x6 drivers/sensors/si114x/Si114x_handler.o
                0x00802aed                maxLeakage
 .bss.LED_flash_timeout.1846
                0x00802af3        0x2 drivers/sensors/si114x/slider_algorithm.o
 .bss.last_xbucket.1865
                0x00802af5        0x1 drivers/sensors/si114x/slider_algorithm.o
 .bss.LED_flash_pattern.1856
                0x00802af6        0x8 drivers/sensors/si114x/slider_algorithm.o
 .bss.LED_State.1857
                0x00802afe        0x1 drivers/sensors/si114x/slider_algorithm.o
 .bss.Pause_gesture_timeout.1847
                0x00802aff        0x2 drivers/sensors/si114x/slider_algorithm.o
 .bss.xenter.1868
                0x00802b01        0x2 drivers/sensors/si114x/slider_algorithm.o
 .bss.SwipeStartTime.1848
                0x00802b03        0x2 drivers/sensors/si114x/slider_algorithm.o
 .bss.xexit.1869
                0x00802b05        0x2 drivers/sensors/si114x/slider_algorithm.o
 .bss.xlast.1870
                0x00802b07        0x2 drivers/sensors/si114x/slider_algorithm.o
 .bss.entry_timestamp.1838
                0x00802b09        0x2 drivers/sensors/si114x/slider_algorithm.o
 .bss.center_entry.1837
                0x00802b0b        0x1 drivers/sensors/si114x/slider_algorithm.o
 .bss.right_entry.1836
                0x00802b0c        0x1 drivers/sensors/si114x/slider_algorithm.o
 .bss.left_entry.1835
                0x00802b0d        0x1 drivers/sensors/si114x/slider_algorithm.o
 .bss.test_val  0x00802b0e        0x2 drivers/timer/timer.o
 .bss.n.4953    0x00802b10        0x1 modules/display/display.o
 .bss.CurrVol   0x00802b11        0x1 modules/fatfs/ff.o
 .bss.Fsid      0x00802b12        0x2 modules/fatfs/ff.o
 .bss.FatFs     0x00802b14        0x4 modules/fatfs/ff.o
 .bss.CardType  0x00802b18        0x1 modules/fatfs/mmc_avr.o
 .bss.Timer2    0x00802b19        0x1 modules/fatfs/mmc_avr.o
 .bss.Timer1    0x00802b1a        0x1 modules/fatfs/mmc_avr.o
 .bss.WavFifo   0x00802b1b        0x2 modules/fatfs/sound.o
 .bss.timestamp
                0x00802b1d        0x4 modules/menu/menu.o
 .bss.wdt_triggered
                0x00802b21        0x1 modules/menu/menu.o
 *(COMMON)
 COMMON         0x00802b22       0xab drivers/adc/adc.o
                0x00802b22                env
 COMMON         0x00802bcd       0xca drivers/dma/dma_functions.o
                0x00802bcd                memoryBlockB
                0x00802c31                gStatus
                0x00802c32                gInterruptDone
                0x00802c33                memoryBlockA
 COMMON         0x00802c97       0x37 drivers/esp8266/esp8266.o
                0x00802c97                ip_address
                0x00802caa                btn_status
                0x00802cab                alarm_status
                0x00802cac                si114x_status
                0x00802cad                ledmatrix
                0x00802ccd                status
 COMMON         0x00802cce        0x6 drivers/sensors/si114x/Si114x_functions.o
                0x00802cce                baseline
 COMMON         0x00802cd4        0x4 c:/program files/atmel/atmel toolchain/avr8 gcc/native/3.4.1056/avr8-gnu-toolchain/bin/../lib/gcc/avr/4.8.1/../../../../avr/lib/avrxmega4\libc.a(malloc.o)
                0x00802cd4                __brkval
                0x00802cd6                __flp
 COMMON         0x00802cd8        0x6 c:/program files/atmel/atmel toolchain/avr8 gcc/native/3.4.1056/avr8-gnu-toolchain/bin/../lib/gcc/avr/4.8.1/../../../../avr/lib/avrxmega4\libc.a(iob.o)
                0x00802cd8                __iob
                0x00802cde                PROVIDE (__bss_end, .)
                0x0000b4b6                __data_load_start = LOADADDR (.data)
                0x0000bec0                __data_load_end = (__data_load_start + SIZEOF (.data))

.noinit         0x00802cde        0x0
                0x00802cde                PROVIDE (__noinit_start, .)
 *(.noinit*)
                0x00802cde                PROVIDE (__noinit_end, .)
                0x00802cde                _end = .
                0x00802cde                PROVIDE (__heap_start, .)

.eeprom         0x00810000        0x0
 *(.eeprom*)
                0x00810000                __eeprom_end = .

.fuse
 *(.fuse)
 *(.lfuse)
 *(.hfuse)
 *(.efuse)

.lock
 *(.lock*)

.signature
 *(.signature*)

.user_signatures
 *(.user_signatures*)

.stab
 *(.stab)

.stabstr
 *(.stabstr)

.stab.excl
 *(.stab.excl)

.stab.exclstr
 *(.stab.exclstr)

.stab.index
 *(.stab.index)

.stab.indexstr
 *(.stab.indexstr)

.comment        0x00000000       0x5c
 *(.comment)
 .comment       0x00000000       0x30 4x6_font.o
                                 0x31 (size before relaxing)
 .comment       0x00000000       0x31 drivers/adc/adc.o
 .comment       0x00000000       0x31 drivers/clock/clock.o
 .comment       0x00000000       0x31 drivers/dac/dac.o
 .comment       0x00000000       0x31 drivers/dma/dma.o
 .comment       0x00000000       0x31 drivers/dma/dma_functions.o
 .comment       0x00000000       0x31 drivers/eeprom/eeprom.o
 .comment       0x00000000       0x31 drivers/esp8266/esp8266.o
 .comment       0x00000000       0x31 drivers/ht1632c/ht1632c.o
 .comment       0x00000000       0x31 drivers/port/port.o
 .comment       0x00000000       0x31 drivers/power/power.o
 .comment       0x00000000       0x31 drivers/rtc/rtc.o
 .comment       0x00000000       0x31 drivers/sensors/si114x/Si114x_functions.o
 .comment       0x00000000       0x31 drivers/sensors/si114x/Si114x_handler.o
 .comment       0x00000000       0x31 drivers/sensors/si114x/Si114x_sys_out.o
 .comment       0x00000000       0x31 drivers/sensors/si114x/slider_algorithm.o
 .comment       0x00000000       0x31 drivers/sercom/spi.o
 .comment       0x00000000       0x31 drivers/sercom/twi.o
 .comment       0x00000000       0x31 drivers/sercom/uart.o
 .comment       0x00000000       0x31 drivers/timer/timer.o
 .comment       0x00000000       0x31 main.o
 .comment       0x00000000       0x31 modules/display/display.o
 .comment       0x00000000       0x31 modules/fatfs/ff.o
 .comment       0x00000000       0x31 modules/fatfs/mmc_avr.o
 .comment       0x00000000       0x31 modules/fatfs/sound.o
 .comment       0x00000000       0x31 modules/json/jsmn.o
 .comment       0x00000000       0x31 modules/json/json_functions.o
 .comment       0x00000000       0x31 modules/menu/menu.o
 .comment       0x00000000       0x31 modules/time_functions/time_functions.o
 .comment       0x00000000       0x31 _StackInstrument.o
 .comment       0x00000030       0x2c c:/program files/atmel/atmel toolchain/avr8 gcc/native/3.4.1056/avr8-gnu-toolchain/bin/../lib/gcc/avr/4.8.1/../../../../avr/lib/avrxmega4\libprintf_flt.a(vfprintf_flt.o)
                                 0x2d (size before relaxing)
 .comment       0x00000000       0x31 c:/program files/atmel/atmel toolchain/avr8 gcc/native/3.4.1056/avr8-gnu-toolchain/bin/../lib/gcc/avr/4.8.1/../../../../avr/lib/avrxmega4\libc.a(calloc.o)
 .comment       0x00000000       0x31 c:/program files/atmel/atmel toolchain/avr8 gcc/native/3.4.1056/avr8-gnu-toolchain/bin/../lib/gcc/avr/4.8.1/../../../../avr/lib/avrxmega4\libc.a(malloc.o)
 .comment       0x00000000       0x31 c:/program files/atmel/atmel toolchain/avr8 gcc/native/3.4.1056/avr8-gnu-toolchain/bin/../lib/gcc/avr/4.8.1/../../../../avr/lib/avrxmega4\libc.a(realloc.o)
 .comment       0x00000000       0x31 c:/program files/atmel/atmel toolchain/avr8 gcc/native/3.4.1056/avr8-gnu-toolchain/bin/../lib/gcc/avr/4.8.1/../../../../avr/lib/avrxmega4\libc.a(fputc.o)
 .comment       0x00000000       0x31 c:/program files/atmel/atmel toolchain/avr8 gcc/native/3.4.1056/avr8-gnu-toolchain/bin/../lib/gcc/avr/4.8.1/../../../../avr/lib/avrxmega4\libc.a(iob.o)
 .comment       0x00000000       0x31 c:/program files/atmel/atmel toolchain/avr8 gcc/native/3.4.1056/avr8-gnu-toolchain/bin/../lib/gcc/avr/4.8.1/../../../../avr/lib/avrxmega4\libc.a(printf.o)
 .comment       0x00000000       0x31 c:/program files/atmel/atmel toolchain/avr8 gcc/native/3.4.1056/avr8-gnu-toolchain/bin/../lib/gcc/avr/4.8.1/../../../../avr/lib/avrxmega4\libc.a(puts.o)
 .comment       0x00000000       0x31 c:/program files/atmel/atmel toolchain/avr8 gcc/native/3.4.1056/avr8-gnu-toolchain/bin/../lib/gcc/avr/4.8.1/../../../../avr/lib/avrxmega4\libc.a(sscanf.o)
 .comment       0x00000000       0x2d c:/program files/atmel/atmel toolchain/avr8 gcc/native/3.4.1056/avr8-gnu-toolchain/bin/../lib/gcc/avr/4.8.1/../../../../avr/lib/avrxmega4\libc.a(vfscanf_std.o)
 .comment       0x00000000       0x31 c:/program files/atmel/atmel toolchain/avr8 gcc/native/3.4.1056/avr8-gnu-toolchain/bin/../lib/gcc/avr/4.8.1/../../../../avr/lib/avrxmega4\libc.a(fgetc.o)
 .comment       0x00000000       0x31 c:/program files/atmel/atmel toolchain/avr8 gcc/native/3.4.1056/avr8-gnu-toolchain/bin/../lib/gcc/avr/4.8.1/../../../../avr/lib/avrxmega4\libc.a(ungetc.o)

.note.gnu.build-id
 *(.note.gnu.build-id)

.debug
 *(.debug)

.line
 *(.line)

.debug_srcinfo
 *(.debug_srcinfo)

.debug_sfnames
 *(.debug_sfnames)

.debug_aranges  0x00000000      0xcf8
 *(.debug_aranges)
 .debug_aranges
                0x00000000       0x18 4x6_font.o
 .debug_aranges
                0x00000018       0x50 drivers/adc/adc.o
 .debug_aranges
                0x00000068       0x48 drivers/clock/clock.o
 .debug_aranges
                0x000000b0       0x38 drivers/dac/dac.o
 .debug_aranges
                0x000000e8       0xa8 drivers/dma/dma.o
 .debug_aranges
                0x00000190       0x30 drivers/dma/dma_functions.o
 .debug_aranges
                0x000001c0       0x78 drivers/eeprom/eeprom.o
 .debug_aranges
                0x00000238       0x80 drivers/esp8266/esp8266.o
 .debug_aranges
                0x000002b8       0xc8 drivers/ht1632c/ht1632c.o
 .debug_aranges
                0x00000380       0x58 drivers/port/port.o
 .debug_aranges
                0x000003d8       0x20 drivers/power/power.o
 .debug_aranges
                0x000003f8       0x60 drivers/rtc/rtc.o
 .debug_aranges
                0x00000458       0xd0 drivers/sensors/si114x/Si114x_functions.o
 .debug_aranges
                0x00000528       0x38 drivers/sensors/si114x/Si114x_handler.o
 .debug_aranges
                0x00000560       0x50 drivers/sensors/si114x/Si114x_sys_out.o
 .debug_aranges
                0x000005b0       0x38 drivers/sensors/si114x/slider_algorithm.o
 .debug_aranges
                0x000005e8       0x30 drivers/sercom/spi.o
 .debug_aranges
                0x00000618       0x60 drivers/sercom/twi.o
 .debug_aranges
                0x00000678       0x48 drivers/sercom/uart.o
 .debug_aranges
                0x000006c0       0x30 drivers/timer/timer.o
 .debug_aranges
                0x000006f0       0x30 main.o
 .debug_aranges
                0x00000720      0x1d8 modules/display/display.o
 .debug_aranges
                0x000008f8      0x188 modules/fatfs/ff.o
 .debug_aranges