Archive member included because of file (symbol)

c:/program files/atmel/atmel toolchain/avr8 gcc/native/3.4.1056/avr8-gnu-toolchain/bin/../lib/gcc/avr/4.8.1/../../../../avr/lib/avrxmega4\libm.a(addsf3.o)
                              fatfs/sound.o (__addsf3)
c:/program files/atmel/atmel toolchain/avr8 gcc/native/3.4.1056/avr8-gnu-toolchain/bin/../lib/gcc/avr/4.8.1/../../../../avr/lib/avrxmega4\libm.a(addsf3x.o)
                              c:/program files/atmel/atmel toolchain/avr8 gcc/native/3.4.1056/avr8-gnu-toolchain/bin/../lib/gcc/avr/4.8.1/../../../../avr/lib/avrxmega4\libm.a(addsf3.o) (__addsf3x)
c:/program files/atmel/atmel toolchain/avr8 gcc/native/3.4.1056/avr8-gnu-toolchain/bin/../lib/gcc/avr/4.8.1/../../../../avr/lib/avrxmega4\libm.a(fixsfsi.o)
                              adc.o (__fixsfsi)
c:/program files/atmel/atmel toolchain/avr8 gcc/native/3.4.1056/avr8-gnu-toolchain/bin/../lib/gcc/avr/4.8.1/../../../../avr/lib/avrxmega4\libm.a(fixunssfsi.o)
                              c:/program files/atmel/atmel toolchain/avr8 gcc/native/3.4.1056/avr8-gnu-toolchain/bin/../lib/gcc/avr/4.8.1/../../../../avr/lib/avrxmega4\libm.a(fixsfsi.o) (__fixunssfsi)
c:/program files/atmel/atmel toolchain/avr8 gcc/native/3.4.1056/avr8-gnu-toolchain/bin/../lib/gcc/avr/4.8.1/../../../../avr/lib/avrxmega4\libm.a(floatsisf.o)
                              fatfs/sound.o (__floatunsisf)
c:/program files/atmel/atmel toolchain/avr8 gcc/native/3.4.1056/avr8-gnu-toolchain/bin/../lib/gcc/avr/4.8.1/../../../../avr/lib/avrxmega4\libm.a(fp_inf.o)
                              c:/program files/atmel/atmel toolchain/avr8 gcc/native/3.4.1056/avr8-gnu-toolchain/bin/../lib/gcc/avr/4.8.1/../../../../avr/lib/avrxmega4\libm.a(addsf3x.o) (__fp_inf)
c:/program files/atmel/atmel toolchain/avr8 gcc/native/3.4.1056/avr8-gnu-toolchain/bin/../lib/gcc/avr/4.8.1/../../../../avr/lib/avrxmega4\libm.a(fp_nan.o)
                              c:/program files/atmel/atmel toolchain/avr8 gcc/native/3.4.1056/avr8-gnu-toolchain/bin/../lib/gcc/avr/4.8.1/../../../../avr/lib/avrxmega4\libm.a(addsf3x.o) (__fp_nan)
c:/program files/atmel/atmel toolchain/avr8 gcc/native/3.4.1056/avr8-gnu-toolchain/bin/../lib/gcc/avr/4.8.1/../../../../avr/lib/avrxmega4\libm.a(fp_pscA.o)
                              c:/program files/atmel/atmel toolchain/avr8 gcc/native/3.4.1056/avr8-gnu-toolchain/bin/../lib/gcc/avr/4.8.1/../../../../avr/lib/avrxmega4\libm.a(addsf3x.o) (__fp_pscA)
c:/program files/atmel/atmel toolchain/avr8 gcc/native/3.4.1056/avr8-gnu-toolchain/bin/../lib/gcc/avr/4.8.1/../../../../avr/lib/avrxmega4\libm.a(fp_pscB.o)
                              c:/program files/atmel/atmel toolchain/avr8 gcc/native/3.4.1056/avr8-gnu-toolchain/bin/../lib/gcc/avr/4.8.1/../../../../avr/lib/avrxmega4\libm.a(addsf3x.o) (__fp_pscB)
c:/program files/atmel/atmel toolchain/avr8 gcc/native/3.4.1056/avr8-gnu-toolchain/bin/../lib/gcc/avr/4.8.1/../../../../avr/lib/avrxmega4\libm.a(fp_round.o)
                              c:/program files/atmel/atmel toolchain/avr8 gcc/native/3.4.1056/avr8-gnu-toolchain/bin/../lib/gcc/avr/4.8.1/../../../../avr/lib/avrxmega4\libm.a(addsf3.o) (__fp_round)
c:/program files/atmel/atmel toolchain/avr8 gcc/native/3.4.1056/avr8-gnu-toolchain/bin/../lib/gcc/avr/4.8.1/../../../../avr/lib/avrxmega4\libm.a(fp_split3.o)
                              c:/program files/atmel/atmel toolchain/avr8 gcc/native/3.4.1056/avr8-gnu-toolchain/bin/../lib/gcc/avr/4.8.1/../../../../avr/lib/avrxmega4\libm.a(addsf3x.o) (__fp_split3)
c:/program files/atmel/atmel toolchain/avr8 gcc/native/3.4.1056/avr8-gnu-toolchain/bin/../lib/gcc/avr/4.8.1/../../../../avr/lib/avrxmega4\libm.a(fp_zero.o)
                              c:/program files/atmel/atmel toolchain/avr8 gcc/native/3.4.1056/avr8-gnu-toolchain/bin/../lib/gcc/avr/4.8.1/../../../../avr/lib/avrxmega4\libm.a(addsf3x.o) (__fp_zero)
c:/program files/atmel/atmel toolchain/avr8 gcc/native/3.4.1056/avr8-gnu-toolchain/bin/../lib/gcc/avr/4.8.1/../../../../avr/lib/avrxmega4\libm.a(mulsf3.o)
                              adc.o (__mulsf3)
c:/program files/atmel/atmel toolchain/avr8 gcc/native/3.4.1056/avr8-gnu-toolchain/bin/../lib/gcc/avr/4.8.1/../../../../avr/lib/avrxmega4\libm.a(mulsf3x.o)
                              c:/program files/atmel/atmel toolchain/avr8 gcc/native/3.4.1056/avr8-gnu-toolchain/bin/../lib/gcc/avr/4.8.1/../../../../avr/lib/avrxmega4\libm.a(mulsf3.o) (__mulsf3x)
c:/program files/atmel/atmel toolchain/avr8 gcc/native/3.4.1056/avr8-gnu-toolchain/bin/../lib/gcc/avr/4.8.1/avrxmega4\libgcc.a(_divmodhi4.o)
                              adc.o (__divmodhi4)
c:/program files/atmel/atmel toolchain/avr8 gcc/native/3.4.1056/avr8-gnu-toolchain/bin/../lib/gcc/avr/4.8.1/avrxmega4\libgcc.a(_udivmodsi4.o)
                              fatfs/ff.o (__udivmodsi4)
c:/program files/atmel/atmel toolchain/avr8 gcc/native/3.4.1056/avr8-gnu-toolchain/bin/../lib/gcc/avr/4.8.1/avrxmega4\libgcc.a(_exit.o)
[...]
Memory Configuration

Name             Origin             Length             Attributes
text             0x00000000         0x00100000         xr
data             0x00802000         0x0000ffa0         rw !x
eeprom           0x00810000         0x00010000         rw !x
fuse             0x00820000         0x00000400         rw !x
lock             0x00830000         0x00000400         rw !x
signature        0x00840000         0x00000400         rw !x
user_signatures  0x00850000         0x00000400         rw !x
*default*        0x00000000         0xffffffff

Linker script and memory map

LOAD c:/program files/atmel/atmel toolchain/avr8 gcc/native/3.4.1056/avr8-gnu-toolchain/bin/../lib/gcc/avr/4.8.1/../../../../avr/lib/avrxmega4/crtx64a4u.o
LOAD 4x6_font.o
LOAD adc.o
LOAD clock.o
LOAD esp8266.o
LOAD fatfs/ff.o
LOAD fatfs/mmc_avr.o
LOAD fatfs/sound.o
LOAD ht1632c.o
LOAD json/jsmn.o
LOAD main.o
LOAD port.o
LOAD power.o
LOAD rtc.o
LOAD sercom.o
LOAD si114x/Si114x_functions.o
LOAD si114x/Si114x_handler.o
LOAD si114x/Si114x_init.o
LOAD si114x/Si114x_sys_out.o
LOAD si114x/slider_algorithm.o
LOAD uart.o
LOAD usb.o
START GROUP
LOAD c:/program files/atmel/atmel toolchain/avr8 gcc/native/3.4.1056/avr8-gnu-toolchain/bin/../lib/gcc/avr/4.8.1/../../../../avr/lib/avrxmega4\libm.a
END GROUP
START GROUP
LOAD c:/program files/atmel/atmel toolchain/avr8 gcc/native/3.4.1056/avr8-gnu-toolchain/bin/../lib/gcc/avr/4.8.1/avrxmega4\libgcc.a
LOAD c:/program files/atmel/atmel toolchain/avr8 gcc/native/3.4.1056/avr8-gnu-toolchain/bin/../lib/gcc/avr/4.8.1/../../../../avr/lib/avrxmega4\libm.a
LOAD c:/program files/atmel/atmel toolchain/avr8 gcc/native/3.4.1056/avr8-gnu-toolchain/bin/../lib/gcc/avr/4.8.1/../../../../avr/lib/avrxmega4\libc.a
END GROUP

.hash
 *(.hash)

.dynsym
 *(.dynsym)

.dynstr
 *(.dynstr)

.gnu.version
 *(.gnu.version)

.gnu.version_d
 *(.gnu.version_d)

.gnu.version_r
 *(.gnu.version_r)

.rel.init
 *(.rel.init)

.rela.init
 *(.rela.init)

.rel.text
 *(.rel.text)
 *(.rel.text.*)
 *(.rel.gnu.linkonce.t*)

.rela.text
 *(.rela.text)
 *(.rela.text.*)
 *(.rela.gnu.linkonce.t*)

.rel.fini
 *(.rel.fini)

.rela.fini
 *(.rela.fini)

.rel.rodata
 *(.rel.rodata)
 *(.rel.rodata.*)
 *(.rel.gnu.linkonce.r*)

.rela.rodata
 *(.rela.rodata)
 *(.rela.rodata.*)
 *(.rela.gnu.linkonce.r*)

.rel.data
 *(.rel.data)
 *(.rel.data.*)
 *(.rel.gnu.linkonce.d*)

.rela.data
 *(.rela.data)
 *(.rela.data.*)
 *(.rela.gnu.linkonce.d*)

.rel.ctors
 *(.rel.ctors)

.rela.ctors
 *(.rela.ctors)

.rel.dtors
 *(.rel.dtors)

.rela.dtors
 *(.rela.dtors)

.rel.got
 *(.rel.got)

.rela.got
 *(.rela.got)

.rel.bss
 *(.rel.bss)

.rela.bss
 *(.rela.bss)

.rel.plt
 *(.rel.plt)

.rela.plt
 *(.rela.plt)

.text           0x00000000     0x3ab2
 *(.vectors)
 .vectors       0x00000000      0x1fc c:/program files/atmel/atmel toolchain/avr8 gcc/native/3.4.1056/avr8-gnu-toolchain/bin/../lib/gcc/avr/4.8.1/../../../../avr/lib/avrxmega4/crtx64a4u.o
                0x00000000                __vector_default
                0x00000000                __vectors
 *(.vectors)
 *(.progmem.gcc*)
                0x000001fc                . = ALIGN (0x2)
                0x000001fc                __trampolines_start = .
 *(.trampolines)
 .trampolines   0x000001fc        0x0 linker stubs
 *(.trampolines*)
                0x000001fc                __trampolines_end = .
 *(.progmem*)
 .progmem.data.font
                0x000001fc      0x4fb ht1632c.o
                0x000006f8                . = ALIGN (0x2)
 *fill*         0x000006f7        0x1 
 *(.jumptables)
 *(.jumptables*)
 *(.lowtext)
 *(.lowtext*)
                0x000006f8                __ctors_start = .
 *(.ctors)
                0x000006f8                __ctors_end = .
                0x000006f8                __dtors_start = .
 *(.dtors)
                0x000006f8                __dtors_end = .
 SORT(*)(.ctors)
 SORT(*)(.dtors)
 *(.init0)
 .init0         0x000006f8        0x0 c:/program files/atmel/atmel toolchain/avr8 gcc/native/3.4.1056/avr8-gnu-toolchain/bin/../lib/gcc/avr/4.8.1/../../../../avr/lib/avrxmega4/crtx64a4u.o
                0x000006f8                __init
 *(.init0)
 *(.init1)
 *(.init1)
 *(.init2)
 .init2         0x000006f8        0xc c:/program files/atmel/atmel toolchain/avr8 gcc/native/3.4.1056/avr8-gnu-toolchain/bin/../lib/gcc/avr/4.8.1/../../../../avr/lib/avrxmega4/crtx64a4u.o
 *(.init2)
 *(.init3)
 *(.init3)
 *(.init4)
 .init4         0x00000704       0x1a c:/program files/atmel/atmel toolchain/avr8 gcc/native/3.4.1056/avr8-gnu-toolchain/bin/../lib/gcc/avr/4.8.1/avrxmega4\libgcc.a(_copy_data.o)
                0x00000704                __do_copy_data
 .init4         0x0000071e       0x10 c:/program files/atmel/atmel toolchain/avr8 gcc/native/3.4.1056/avr8-gnu-toolchain/bin/../lib/gcc/avr/4.8.1/avrxmega4\libgcc.a(_clear_bss.o)
                0x0000071e                __do_clear_bss
 *(.init4)
 *(.init5)
 *(.init5)
 *(.init6)
 *(.init6)
 *(.init7)
 *(.init7)
 *(.init8)
 *(.init8)
 *(.init9)
 .init9         0x0000072e        0x8 c:/program files/atmel/atmel toolchain/avr8 gcc/native/3.4.1056/avr8-gnu-toolchain/bin/../lib/gcc/avr/4.8.1/../../../../avr/lib/avrxmega4/crtx64a4u.o
 *(.init9)
 *(.text)
 .text          0x00000736        0x2 c:/program files/atmel/atmel toolchain/avr8 gcc/native/3.4.1056/avr8-gnu-toolchain/bin/../lib/gcc/avr/4.8.1/../../../../avr/lib/avrxmega4/crtx64a4u.o
                0x00000736                __vector_38
                0x00000736                __vector_104
                0x00000736                __vector_22
                0x00000736                __vector_63
                0x00000736                __vector_28
                0x00000736                __vector_67
                0x00000736                __vector_1
                0x00000736                __vector_119
                0x00000736                __vector_32
                0x00000736                __vector_75
                0x00000736                __vector_71
                0x00000736                __vector_91
                0x00000736                __vector_34
                0x00000736                __vector_62
                0x00000736                __vector_77
                0x00000736                __vector_102
                0x00000736                __vector_24
                0x00000736                __vector_12
                0x00000736                __vector_55
                0x00000736                __vector_69
                0x00000736                __vector_81
                0x00000736                __vector_90
                0x00000736                __vector_46
                0x00000736                __bad_interrupt
                0x00000736                __vector_122
                0x00000736                __vector_72
                0x00000736                __vector_114
                0x00000736                __vector_6
                0x00000736                __vector_110
                0x00000736                __vector_31
                0x00000736                __vector_92
                0x00000736                __vector_35
                0x00000736                __vector_78
                0x00000736                __vector_74
                0x00000736                __vector_117
                0x00000736                __vector_39
                0x00000736                __vector_107
                0x00000736                __vector_3
                0x00000736                __vector_105
                0x00000736                __vector_98
                0x00000736                __vector_23
                0x00000736                __vector_68
                0x00000736                __vector_30
                0x00000736                __vector_73
                0x00000736                __vector_45
                0x00000736                __vector_25
                0x00000736                __vector_93
                0x00000736                __vector_61
                0x00000736                __vector_11
                0x00000736                __vector_54
                0x00000736                __vector_99
                0x00000736                __vector_13
                0x00000736                __vector_17
                0x00000736                __vector_19
                0x00000736                __vector_56
                0x00000736                __vector_7
                0x00000736                __vector_125
                0x00000736                __vector_49
                0x00000736                __vector_123
                0x00000736                __vector_41
                0x00000736                __vector_86
                0x00000736                __vector_100
                0x00000736                __vector_101
                0x00000736                __vector_64
                0x00000736                __vector_109
                0x00000736                __vector_43
                0x00000736                __vector_27
                0x00000736                __vector_5
                0x00000736                __vector_113
                0x00000736                __vector_33
                0x00000736                __vector_76
                0x00000736                __vector_115
                0x00000736                __vector_47
                0x00000736                __vector_52
                0x00000736                __vector_37
                0x00000736                __vector_95
                0x00000736                __vector_103
                0x00000736                __vector_96
                0x00000736                __vector_89
                0x00000736                __vector_108
                0x00000736                __vector_4
                0x00000736                __vector_44
                0x00000736                __vector_82
                0x00000736                __vector_106
                0x00000736                __vector_118
                0x00000736                __vector_51
                0x00000736                __vector_9
                0x00000736                __vector_2
                0x00000736                __vector_21
                0x00000736                __vector_15
                0x00000736                __vector_36
                0x00000736                __vector_79
                0x00000736                __vector_58
                0x00000736                __vector_70
                0x00000736                __vector_83
                0x00000736                __vector_29
                0x00000736                __vector_60
                0x00000736                __vector_121
                0x00000736                __vector_40
                0x00000736                __vector_85
                0x00000736                __vector_94
                0x00000736                __vector_126
                0x00000736                __vector_8
                0x00000736                __vector_26
                0x00000736                __vector_48
                0x00000736                __vector_124
                0x00000736                __vector_116
                0x00000736                __vector_112
                0x00000736                __vector_111
                0x00000736                __vector_80
                0x00000736                __vector_84
                0x00000736                __vector_57
                0x00000736                __vector_53
                0x00000736                __vector_50
                0x00000736                __vector_16
                0x00000736                __vector_59
                0x00000736                __vector_18
                0x00000736                __vector_97
                0x00000736                __vector_42
                0x00000736                __vector_87
                0x00000736                __vector_65
                0x00000736                __vector_120
                0x00000738                . = ALIGN (0x2)
 *(.text.*)
 .text.clock_setup_32_mhz
                0x00000738       0x1e clock.o
                0x00000738                clock_setup_32_mhz
 .text.__vector_88
                0x00000756       0x56 esp8266.o
                0x00000756                __vector_88
 .text.__vector_14
                0x000007ac      0x14e fatfs/sound.o
                0x000007ac                __vector_14
 .text.ht1632c_setup
                0x000008fa      0x55a ht1632c.o
                0x000008fa                ht1632c_setup
 .text.ht1632c_set_brightness
                0x00000e54      0x11e ht1632c.o
                0x00000e54                ht1632c_set_brightness
 .text.ht1632c_fill_rect
                0x00000f72      0x1b8 ht1632c.o
                0x00000f72                ht1632c_fill_rect
 .text.ht1632c_refresh_screen
                0x0000112a      0x2b4 ht1632c.o
                0x0000112a                ht1632c_refresh_screen
 .text.ht1632c_clear_screen
                0x000013de       0x10 ht1632c.o
                0x000013de                ht1632c_clear_screen
 .text.ht1632c_draw_char
                0x000013ee      0x38e ht1632c.o
                0x000013ee                ht1632c_draw_char
 .text.ht1632c_motion_print
                0x0000177c       0x86 ht1632c.o
                0x0000177c                ht1632c_motion_print
 .text.jsmn_init
                0x00001802       0x14 json/jsmn.o
                0x00001802                jsmn_init
 .text.startup.main
                0x00001816       0x96 main.o
                0x00001816                main
 .text.__vector_20
                0x000018ac       0x2e main.o
                0x000018ac                __vector_20
 .text.btn_setup
                0x000018da       0x12 port.o
                0x000018da                btn_setup
 .text.__vector_66
                0x000018ec       0x4e port.o
                0x000018ec                __vector_66
 .text.rtc_setup
                0x0000193a       0x3c rtc.o
                0x0000193a                rtc_setup
 .text.rtc_init_time
                0x00001976      0x118 rtc.o
                0x00001976                rtc_init_time
 .text.rtc_set_time
                0x00001a8e      0x11e rtc.o
                0x00001a8e                rtc_set_time
 .text.__vector_10
                0x00001bac       0xd4 rtc.o
                0x00001bac                __vector_10
 .text.twi_setup
                0x00001c80       0x14 sercom.o
                0x00001c80                twi_setup
 .text.twi_read_packet
                0x00001c94      0x148 sercom.o
                0x00001c94                twi_read_packet
 .text.twi_write_packet
                0x00001ddc       0xa8 sercom.o
                0x00001ddc                twi_write_packet
 .text.si114x_get_data
                0x00001e84       0xca si114x/Si114x_functions.o
                0x00001e84                si114x_get_data
 .text.Si114xPauseAll
                0x00001f4e       0xb4 si114x/Si114x_functions.o
                0x00001f4e                Si114xPauseAll
 .text.si114x_reset
                0x00002002       0x86 si114x/Si114x_functions.o
                0x00002002                si114x_reset
 .text.si114x_init
                0x00002088      0x60e si114x/Si114x_functions.o
                0x00002088                si114x_init
 .text.si114x_setup
                0x00002696        0xc si114x/Si114x_functions.o
                0x00002696                si114x_setup
 .text.si114x_process_samples
                0x000026a2      0x6ca si114x/Si114x_handler.o
                0x000026a2                si114x_process_samples
 .text.PortSet  0x00002d6c        0x2 si114x/Si114x_sys_out.o
                0x00002d6c                PortSet
 .text.Si114xWriteToRegister
                0x00002d6e       0x3a si114x/Si114x_sys_out.o
                0x00002d6e                Si114xWriteToRegister
 .text.Si114xReadFromRegister
                0x00002da8       0x3a si114x/Si114x_sys_out.o
                0x00002da8                Si114xReadFromRegister
 .text.Si114xBlockWrite
                0x00002de2       0x22 si114x/Si114x_sys_out.o
                0x00002de2                Si114xBlockWrite
 .text.delay_10ms
                0x00002e04        0xe si114x/Si114x_sys_out.o
                0x00002e04                delay_10ms
 .text.QS_Counts_to_Distance.constprop.0
                0x00002e12      0x114 si114x/slider_algorithm.o
 .text.SliderAlgorithm
                0x00002f26      0x190 si114x/slider_algorithm.o
                0x00002f26                SliderAlgorithm
 .text.uart_setup
                0x000030b6       0x22 uart.o
                0x000030b6                uart_setup
 .text.uart_put_char
                0x000030d8        0xe uart.o
                0x000030d8                uart_put_char
 .text.uart_get_char
                0x000030e6        0xe uart.o
                0x000030e6                uart_get_char
 .text.avr-libc.fplib
                0x000030f4        0xa c:/program files/atmel/atmel toolchain/avr8 gcc/native/3.4.1056/avr8-gnu-toolchain/bin/../lib/gcc/avr/4.8.1/../../../../avr/lib/avrxmega4\libm.a(addsf3.o)
                0x000030f4                __subsf3
                0x000030f6                __addsf3
 .text.avr-libc.fplib
                0x000030fe       0xc0 c:/program files/atmel/atmel toolchain/avr8 gcc/native/3.4.1056/avr8-gnu-toolchain/bin/../lib/gcc/avr/4.8.1/../../../../avr/lib/avrxmega4\libm.a(addsf3x.o)
                0x00003118                __addsf3x
 .text.avr-libc.fplib
                0x000031be        0xa c:/program files/atmel/atmel toolchain/avr8 gcc/native/3.4.1056/avr8-gnu-toolchain/bin/../lib/gcc/avr/4.8.1/../../../../avr/lib/avrxmega4\libm.a(fixsfsi.o)
                0x000031be                __fixsfsi
 .text.avr-libc.fplib
                0x000031c8       0x58 c:/program files/atmel/atmel toolchain/avr8 gcc/native/3.4.1056/avr8-gnu-toolchain/bin/../lib/gcc/avr/4.8.1/../../../../avr/lib/avrxmega4\libm.a(fixunssfsi.o)
                0x000031c8                __fixunssfsi
 .text.avr-libc.fplib
                0x00003220       0x7a c:/program files/atmel/atmel toolchain/avr8 gcc/native/3.4.1056/avr8-gnu-toolchain/bin/../lib/gcc/avr/4.8.1/../../../../avr/lib/avrxmega4\libm.a(floatsisf.o)
                0x00003220                __floatunsisf
                0x00003224                __floatsisf
 .text.avr-libc.fplib
                0x0000329a        0xc c:/program files/atmel/atmel toolchain/avr8 gcc/native/3.4.1056/avr8-gnu-toolchain/bin/../lib/gcc/avr/4.8.1/../../../../avr/lib/avrxmega4\libm.a(fp_inf.o)
                0x0000329a                __fp_inf
 .text.avr-libc.fplib
                0x000032a6        0x6 c:/program files/atmel/atmel toolchain/avr8 gcc/native/3.4.1056/avr8-gnu-toolchain/bin/../lib/gcc/avr/4.8.1/../../../../avr/lib/avrxmega4\libm.a(fp_nan.o)
                0x000032a6                __fp_nan
 .text.avr-libc.fplib
                0x000032ac        0xe c:/program files/atmel/atmel toolchain/avr8 gcc/native/3.4.1056/avr8-gnu-toolchain/bin/../lib/gcc/avr/4.8.1/../../../../avr/lib/avrxmega4\libm.a(fp_pscA.o)
                0x000032ac                __fp_pscA
 .text.avr-libc.fplib
                0x000032ba        0xe c:/program files/atmel/atmel toolchain/avr8 gcc/native/3.4.1056/avr8-gnu-toolchain/bin/../lib/gcc/avr/4.8.1/../../../../avr/lib/avrxmega4\libm.a(fp_pscB.o)
                0x000032ba                __fp_pscB
 .text.avr-libc.fplib
                0x000032c8       0x22 c:/program files/atmel/atmel toolchain/avr8 gcc/native/3.4.1056/avr8-gnu-toolchain/bin/../lib/gcc/avr/4.8.1/../../../../avr/lib/avrxmega4\libm.a(fp_round.o)
                0x000032c8                __fp_round
 .text.avr-libc.fplib
                0x000032ea       0x44 c:/program files/atmel/atmel toolchain/avr8 gcc/native/3.4.1056/avr8-gnu-toolchain/bin/../lib/gcc/avr/4.8.1/../../../../avr/lib/avrxmega4\libm.a(fp_split3.o)
                0x000032ea                __fp_split3
                0x000032fa                __fp_splitA
 .text.avr-libc.fplib
                0x0000332e        0xe c:/program files/atmel/atmel toolchain/avr8 gcc/native/3.4.1056/avr8-gnu-toolchain/bin/../lib/gcc/avr/4.8.1/../../../../avr/lib/avrxmega4\libm.a(fp_zero.o)
                0x0000332e                __fp_zero
                0x00003330                __fp_szero
 .text.avr-libc.fplib
                0x0000333c        0x4 c:/program files/atmel/atmel toolchain/avr8 gcc/native/3.4.1056/avr8-gnu-toolchain/bin/../lib/gcc/avr/4.8.1/../../../../avr/lib/avrxmega4\libm.a(mulsf3.o)
                0x0000333c                __mulsf3
 .text.avr-libc.fplib
                0x00003340       0xc2 c:/program files/atmel/atmel toolchain/avr8 gcc/native/3.4.1056/avr8-gnu-toolchain/bin/../lib/gcc/avr/4.8.1/../../../../avr/lib/avrxmega4\libm.a(mulsf3x.o)
                0x00003354                __mulsf3x
                0x00003358                __mulsf3_pse
 .text.libgcc.div
                0x00003402       0x26 c:/program files/atmel/atmel toolchain/avr8 gcc/native/3.4.1056/avr8-gnu-toolchain/bin/../lib/gcc/avr/4.8.1/avrxmega4\libgcc.a(_divmodhi4.o)
                0x00003402                _div
                0x00003402                __divmodhi4
 .text.libgcc.div
                0x00003428       0x44 c:/program files/atmel/atmel toolchain/avr8 gcc/native/3.4.1056/avr8-gnu-toolchain/bin/../lib/gcc/avr/4.8.1/avrxmega4\libgcc.a(_udivmodsi4.o)
                0x00003428                __udivmodsi4
 .text.libgcc.mul
                0x0000346c       0x1e c:/program files/atmel/atmel toolchain/avr8 gcc/native/3.4.1056/avr8-gnu-toolchain/bin/../lib/gcc/avr/4.8.1/avrxmega4\libgcc.a(_umulhisi3.o)
                0x0000346c                __umulhisi3
 .text.libgcc.mul
                0x0000348a       0x14 c:/program files/atmel/atmel toolchain/avr8 gcc/native/3.4.1056/avr8-gnu-toolchain/bin/../lib/gcc/avr/4.8.1/avrxmega4\libgcc.a(_muluhisi3.o)
                0x0000348a                __muluhisi3
 .text.libgcc.div
                0x0000349e       0x28 c:/program files/atmel/atmel toolchain/avr8 gcc/native/3.4.1056/avr8-gnu-toolchain/bin/../lib/gcc/avr/4.8.1/avrxmega4\libgcc.a(_udivmodhi4.o)
                0x0000349e                __udivmodhi4
 .text.avr-libc
                0x000034c6       0x22 c:/program files/atmel/atmel toolchain/avr8 gcc/native/3.4.1056/avr8-gnu-toolchain/bin/../lib/gcc/avr/4.8.1/../../../../avr/lib/avrxmega4\libc.a(printf.o)
                0x000034c6                printf
 .text.avr-libc
                0x000034e8       0x5a c:/program files/atmel/atmel toolchain/avr8 gcc/native/3.4.1056/avr8-gnu-toolchain/bin/../lib/gcc/avr/4.8.1/../../../../avr/lib/avrxmega4\libc.a(puts.o)
                0x000034e8                puts
 .text.avr-libc
                0x00003542       0x50 c:/program files/atmel/atmel toolchain/avr8 gcc/native/3.4.1056/avr8-gnu-toolchain/bin/../lib/gcc/avr/4.8.1/../../../../avr/lib/avrxmega4\libc.a(sprintf.o)
                0x00003542                sprintf
 .text.avr-libc
                0x00003592      0x3d0 c:/program files/atmel/atmel toolchain/avr8 gcc/native/3.4.1056/avr8-gnu-toolchain/bin/../lib/gcc/avr/4.8.1/../../../../avr/lib/avrxmega4\libc.a(vfprintf_std.o)
                0x00003592                vfprintf
 .text.avr-libc
                0x00003962       0x16 c:/program files/atmel/atmel toolchain/avr8 gcc/native/3.4.1056/avr8-gnu-toolchain/bin/../lib/gcc/avr/4.8.1/../../../../avr/lib/avrxmega4\libc.a(strnlen_P.o)
                0x00003962                strnlen_P
 .text.avr-libc
                0x00003978       0x16 c:/program files/atmel/atmel toolchain/avr8 gcc/native/3.4.1056/avr8-gnu-toolchain/bin/../lib/gcc/avr/4.8.1/../../../../avr/lib/avrxmega4\libc.a(strnlen.o)
                0x00003978                strnlen
 .text.avr-libc
                0x0000398e       0x64 c:/program files/atmel/atmel toolchain/avr8 gcc/native/3.4.1056/avr8-gnu-toolchain/bin/../lib/gcc/avr/4.8.1/../../../../avr/lib/avrxmega4\libc.a(fputc.o)
                0x0000398e                fputc
 .text.avr-libc
                0x000039f2       0xbc c:/program files/atmel/atmel toolchain/avr8 gcc/native/3.4.1056/avr8-gnu-toolchain/bin/../lib/gcc/avr/4.8.1/../../../../avr/lib/avrxmega4\libc.a(ultoa_invert.o)
                0x000039f2                __ultoa_invert
                0x00003aae                . = ALIGN (0x2)
 *(.fini9)
 .fini9         0x00003aae        0x0 c:/program files/atmel/atmel toolchain/avr8 gcc/native/3.4.1056/avr8-gnu-toolchain/bin/../lib/gcc/avr/4.8.1/avrxmega4\libgcc.a(_exit.o)
                0x00003aae                _exit
                0x00003aae                exit
 *(.fini9)
 *(.fini8)
 *(.fini8)
 *(.fini7)
 *(.fini7)
 *(.fini6)
 *(.fini6)
 *(.fini5)
 *(.fini5)
 *(.fini4)
 *(.fini4)
 *(.fini3)
 *(.fini3)
 *(.fini2)
 *(.fini2)
 *(.fini1)
 *(.fini1)
 *(.fini0)
 .fini0         0x00003aae        0x4 c:/program files/atmel/atmel toolchain/avr8 gcc/native/3.4.1056/avr8-gnu-toolchain/bin/../lib/gcc/avr/4.8.1/avrxmega4\libgcc.a(_exit.o)
 *(.fini0)
                0x00003ab2                _etext = .

.data           0x00802000      0x176 load address 0x00003ab2
                0x00802000                PROVIDE (__data_start, .)
 *(.data)
 .data          0x00802000        0x0 c:/program files/atmel/atmel toolchain/avr8 gcc/native/3.4.1056/avr8-gnu-toolchain/bin/../lib/gcc/avr/4.8.1/../../../../avr/lib/avrxmega4/crtx64a4u.o
 .data          0x00802000        0x0 4x6_font.o
 .data          0x00802000        0x0 adc.o
 .data          0x00802000        0x0 clock.o
 .data          0x00802000        0x0 esp8266.o
 .data          0x00802000        0x0 fatfs/ff.o
 .data          0x00802000        0x0 fatfs/mmc_avr.o
 .data          0x00802000        0x0 fatfs/sound.o
 .data          0x00802000        0x0 ht1632c.o
 .data          0x00802000        0x0 json/jsmn.o
 .data          0x00802000        0x0 main.o
 .data          0x00802000        0x0 port.o
 .data          0x00802000        0x0 power.o
 .data          0x00802000        0x0 rtc.o
 .data          0x00802000        0x0 sercom.o
 .data          0x00802000        0x0 si114x/Si114x_functions.o
 .data          0x00802000        0x0 si114x/Si114x_handler.o
 .data          0x00802000        0x0 si114x/Si114x_init.o
 .data          0x00802000        0x0 si114x/Si114x_sys_out.o
 .data          0x00802000        0x0 si114x/slider_algorithm.o
 .data          0x00802000        0x0 uart.o
 .data          0x00802000        0x0 usb.o
 .data          0x00802000        0x0 c:/program files/atmel/atmel toolchain/avr8 gcc/native/3.4.1056/avr8-gnu-toolchain/bin/../lib/gcc/avr/4.8.1/../../../../avr/lib/avrxmega4\libm.a(addsf3.o)
 .data          0x00802000        0x0 c:/program files/atmel/atmel toolchain/avr8 gcc/native/3.4.1056/avr8-gnu-toolchain/bin/../lib/gcc/avr/4.8.1/../../../../avr/lib/avrxmega4\libm.a(addsf3x.o)
 .data          0x00802000        0x0 c:/program files/atmel/atmel toolchain/avr8 gcc/native/3.4.1056/avr8-gnu-toolchain/bin/../lib/gcc/avr/4.8.1/../../../../avr/lib/avrxmega4\libm.a(fixsfsi.o)
 .data          0x00802000        0x0 c:/program files/atmel/atmel toolchain/avr8 gcc/native/3.4.1056/avr8-gnu-toolchain/bin/../lib/gcc/avr/4.8.1/../../../../avr/lib/avrxmega4\libm.a(fixunssfsi.o)
 .data          0x00802000        0x0 c:/program files/atmel/atmel toolchain/avr8 gcc/native/3.4.1056/avr8-gnu-toolchain/bin/../lib/gcc/avr/4.8.1/../../../../avr/lib/avrxmega4\libm.a(floatsisf.o)
 .data          0x00802000        0x0 c:/program files/atmel/atmel toolchain/avr8 gcc/native/3.4.1056/avr8-gnu-toolchain/bin/../lib/gcc/avr/4.8.1/../../../../avr/lib/avrxmega4\libm.a(fp_inf.o)
 .data          0x00802000        0x0 c:/program files/atmel/atmel toolchain/avr8 gcc/native/3.4.1056/avr8-gnu-toolchain/bin/../lib/gcc/avr/4.8.1/../../../../avr/lib/avrxmega4\libm.a(fp_nan.o)
 .data          0x00802000        0x0 c:/program files/atmel/atmel toolchain/avr8 gcc/native/3.4.1056/avr8-gnu-toolchain/bin/../lib/gcc/avr/4.8.1/../../../../avr/lib/avrxmega4\libm.a(fp_pscA.o)
 .data          0x00802000        0x0 c:/program files/atmel/atmel toolchain/avr8 gcc/native/3.4.1056/avr8-gnu-toolchain/bin/../lib/gcc/avr/4.8.1/../../../../avr/lib/avrxmega4\libm.a(fp_pscB.o)
 .data          0x00802000        0x0 c:/program files/atmel/atmel toolchain/avr8 gcc/native/3.4.1056/avr8-gnu-toolchain/bin/../lib/gcc/avr/4.8.1/../../../../avr/lib/avrxmega4\libm.a(fp_round.o)
 .data          0x00802000        0x0 c:/program files/atmel/atmel toolchain/avr8 gcc/native/3.4.1056/avr8-gnu-toolchain/bin/../lib/gcc/avr/4.8.1/../../../../avr/lib/avrxmega4\libm.a(fp_split3.o)
 .data          0x00802000        0x0 c:/program files/atmel/atmel toolchain/avr8 gcc/native/3.4.1056/avr8-gnu-toolchain/bin/../lib/gcc/avr/4.8.1/../../../../avr/lib/avrxmega4\libm.a(fp_zero.o)
 .data          0x00802000        0x0 c:/program files/atmel/atmel toolchain/avr8 gcc/native/3.4.1056/avr8-gnu-toolchain/bin/../lib/gcc/avr/4.8.1/../../../../avr/lib/avrxmega4\libm.a(mulsf3.o)
 .data          0x00802000        0x0 c:/program files/atmel/atmel toolchain/avr8 gcc/native/3.4.1056/avr8-gnu-toolchain/bin/../lib/gcc/avr/4.8.1/../../../../avr/lib/avrxmega4\libm.a(mulsf3x.o)
 .data          0x00802000        0x0 c:/program files/atmel/atmel toolchain/avr8 gcc/native/3.4.1056/avr8-gnu-toolchain/bin/../lib/gcc/avr/4.8.1/avrxmega4\libgcc.a(_divmodhi4.o)
 .data          0x00802000        0x0 c:/program files/atmel/atmel toolchain/avr8 gcc/native/3.4.1056/avr8-gnu-toolchain/bin/../lib/gcc/avr/4.8.1/avrxmega4\libgcc.a(_udivmodsi4.o)
 .data          0x00802000        0x0 c:/program files/atmel/atmel toolchain/avr8 gcc/native/3.4.1056/avr8-gnu-toolchain/bin/../lib/gcc/avr/4.8.1/avrxmega4\libgcc.a(_exit.o)
 .data          0x00802000        0x0 c:/program files/atmel/atmel toolchain/avr8 gcc/native/3.4.1056/avr8-gnu-toolchain/bin/../lib/gcc/avr/4.8.1/avrxmega4\libgcc.a(_tablejump.o)
 .data          0x00802000        0x0 c:/program files/atmel/atmel toolchain/avr8 gcc/native/3.4.1056/avr8-gnu-toolchain/bin/../lib/gcc/avr/4.8.1/avrxmega4\libgcc.a(_copy_data.o)
 .data          0x00802000        0x0 c:/program files/atmel/atmel toolchain/avr8 gcc/native/3.4.1056/avr8-gnu-toolchain/bin/../lib/gcc/avr/4.8.1/avrxmega4\libgcc.a(_clear_bss.o)
 .data          0x00802000        0x0 c:/program files/atmel/atmel toolchain/avr8 gcc/native/3.4.1056/avr8-gnu-toolchain/bin/../lib/gcc/avr/4.8.1/avrxmega4\libgcc.a(_umulhisi3.o)
 .data          0x00802000        0x0 c:/program files/atmel/atmel toolchain/avr8 gcc/native/3.4.1056/avr8-gnu-toolchain/bin/../lib/gcc/avr/4.8.1/avrxmega4\libgcc.a(_muluhisi3.o)
 .data          0x00802000        0x0 c:/program files/atmel/atmel toolchain/avr8 gcc/native/3.4.1056/avr8-gnu-toolchain/bin/../lib/gcc/avr/4.8.1/avrxmega4\libgcc.a(_udivmodhi4.o)
 .data          0x00802000        0x4 c:/program files/atmel/atmel toolchain/avr8 gcc/native/3.4.1056/avr8-gnu-toolchain/bin/../lib/gcc/avr/4.8.1/../../../../avr/lib/avrxmega4\libc.a(rand.o)
 .data          0x00802004        0x0 c:/program files/atmel/atmel toolchain/avr8 gcc/native/3.4.1056/avr8-gnu-toolchain/bin/../lib/gcc/avr/4.8.1/../../../../avr/lib/avrxmega4\libc.a(memcpy.o)
 .data          0x00802004        0x0 c:/program files/atmel/atmel toolchain/avr8 gcc/native/3.4.1056/avr8-gnu-toolchain/bin/../lib/gcc/avr/4.8.1/../../../../avr/lib/avrxmega4\libc.a(memmove.o)
 .data          0x00802004        0x0 c:/program files/atmel/atmel toolchain/avr8 gcc/native/3.4.1056/avr8-gnu-toolchain/bin/../lib/gcc/avr/4.8.1/../../../../avr/lib/avrxmega4\libc.a(memset.o)
 .data          0x00802004        0x0 c:/program files/atmel/atmel toolchain/avr8 gcc/native/3.4.1056/avr8-gnu-toolchain/bin/../lib/gcc/avr/4.8.1/../../../../avr/lib/avrxmega4\libc.a(strchr.o)
 .data          0x00802004        0x0 c:/program files/atmel/atmel toolchain/avr8 gcc/native/3.4.1056/avr8-gnu-toolchain/bin/../lib/gcc/avr/4.8.1/../../../../avr/lib/avrxmega4\libc.a(strcpy.o)
 .data          0x00802004        0x0 c:/program files/atmel/atmel toolchain/avr8 gcc/native/3.4.1056/avr8-gnu-toolchain/bin/../lib/gcc/avr/4.8.1/../../../../avr/lib/avrxmega4\libc.a(strncpy.o)
 .data          0x00802004        0x0 c:/program files/atmel/atmel toolchain/avr8 gcc/native/3.4.1056/avr8-gnu-toolchain/bin/../lib/gcc/avr/4.8.1/../../../../avr/lib/avrxmega4\libc.a(strrchr.o)
 .data          0x00802004        0x0 c:/program files/atmel/atmel toolchain/avr8 gcc/native/3.4.1056/avr8-gnu-toolchain/bin/../lib/gcc/avr/4.8.1/../../../../avr/lib/avrxmega4\libc.a(strstr.o)
 .data          0x00802004        0x0 c:/program files/atmel/atmel toolchain/avr8 gcc/native/3.4.1056/avr8-gnu-toolchain/bin/../lib/gcc/avr/4.8.1/../../../../avr/lib/avrxmega4\libc.a(iob.o)
 .data          0x00802004        0x0 c:/program files/atmel/atmel toolchain/avr8 gcc/native/3.4.1056/avr8-gnu-toolchain/bin/../lib/gcc/avr/4.8.1/../../../../avr/lib/avrxmega4\libc.a(printf.o)
 .data          0x00802004        0x0 c:/program files/atmel/atmel toolchain/avr8 gcc/native/3.4.1056/avr8-gnu-toolchain/bin/../lib/gcc/avr/4.8.1/../../../../avr/lib/avrxmega4\libc.a(puts.o)
 .data          0x00802004        0x0 c:/program files/atmel/atmel toolchain/avr8 gcc/native/3.4.1056/avr8-gnu-toolchain/bin/../lib/gcc/avr/4.8.1/../../../../avr/lib/avrxmega4\libc.a(sprintf.o)
 .data          0x00802004        0x0 c:/program files/atmel/atmel toolchain/avr8 gcc/native/3.4.1056/avr8-gnu-toolchain/bin/../lib/gcc/avr/4.8.1/../../../../avr/lib/avrxmega4\libc.a(vfprintf_std.o)
 .data          0x00802004        0x0 c:/program files/atmel/atmel toolchain/avr8 gcc/native/3.4.1056/avr8-gnu-toolchain/bin/../lib/gcc/avr/4.8.1/../../../../avr/lib/avrxmega4\libc.a(strnlen_P.o)
 .data          0x00802004        0x0 c:/program files/atmel/atmel toolchain/avr8 gcc/native/3.4.1056/avr8-gnu-toolchain/bin/../lib/gcc/avr/4.8.1/../../../../avr/lib/avrxmega4\libc.a(strnlen.o)
 .data          0x00802004        0x0 c:/program files/atmel/atmel toolchain/avr8 gcc/native/3.4.1056/avr8-gnu-toolchain/bin/../lib/gcc/avr/4.8.1/../../../../avr/lib/avrxmega4\libc.a(fputc.o)
 .data          0x00802004        0x0 c:/program files/atmel/atmel toolchain/avr8 gcc/native/3.4.1056/avr8-gnu-toolchain/bin/../lib/gcc/avr/4.8.1/../../../../avr/lib/avrxmega4\libc.a(ultoa_invert.o)
 .data          0x00802004        0x0 c:/program files/atmel/atmel toolchain/avr8 gcc/native/3.4.1056/avr8-gnu-toolchain/bin/../lib/gcc/avr/4.8.1/avrxmega4\libgcc.a(_divmodsi4.o)
 .data          0x00802004        0x0 c:/program files/atmel/atmel toolchain/avr8 gcc/native/3.4.1056/avr8-gnu-toolchain/bin/../lib/gcc/avr/4.8.1/avrxmega4\libgcc.a(_negsi2.o)
 .data          0x00802004        0x0 c:/program files/atmel/atmel toolchain/avr8 gcc/native/3.4.1056/avr8-gnu-toolchain/bin/../lib/gcc/avr/4.8.1/avrxmega4\libgcc.a(_mulshisi3.o)
 *(.data*)
 .data.textsize
                0x00802004        0x1 ht1632c.o
                0x00802004                textsize
 .data.mystdout
                0x00802005        0xe main.o
 .data.ircorrection
                0x00802013        0x3 si114x/Si114x_handler.o
                0x00802013                ircorrection
 .data.scale    0x00802016        0x2 si114x/Si114x_handler.o
                0x00802016                scale
 .data.noise_margin
                0x00802018        0x2 si114x/Si114x_handler.o
                0x00802018                noise_margin
 .data.initial_baseline_counter
                0x0080201a        0x1 si114x/Si114x_handler.o
                0x0080201a                initial_baseline_counter
 .data.out_of_range.3793
                0x0080201b        0x1 si114x/slider_algorithm.o
 *(.rodata)
 .rodata        0x0080201c       0x6c si114x/slider_algorithm.o
 *(.rodata*)
 .rodata.str1.1
                0x00802088       0x47 main.o
 .rodata.str1.1
                0x008020cf        0x9 rtc.o
 .rodata.str1.1
                0x008020d8       0x96 si114x/Si114x_handler.o
 .rodata.str1.1
                0x0080216e        0x7 si114x/slider_algorithm.o
 *(.gnu.linkonce.d*)
                0x00802176                . = ALIGN (0x2)
 *fill*         0x00802175        0x1 
                0x00802176                _edata = .
                0x00802176                PROVIDE (__data_end, .)

.bss            0x00802176      0x49a
                0x00802176                PROVIDE (__bss_start, .)
 *(.bss)
 *(.bss*)
 .bss.rx_buffer
                0x00802176      0x3e8 esp8266.o
 .bss.rx_ptr    0x0080255e        0x2 esp8266.o
 .bss.cursor_y  0x00802560        0x2 ht1632c.o
 .bss.cursor_x  0x00802562        0x2 ht1632c.o
 .bss.ledmatrix
                0x00802564       0x30 ht1632c.o
 .bss.counter   0x00802594        0x2 main.o
 .bss.Maxcount.1770
                0x00802596        0x3 si114x/Si114x_handler.o
 .bss.rollingMax.1769
                0x00802599        0x6 si114x/Si114x_handler.o
 .bss.dynamic_baseline.1772
                0x0080259f        0x6 si114x/Si114x_handler.o
 .bss.IRlast.1751
                0x008025a5        0x4 si114x/Si114x_handler.o
 .bss.maxLeakage
                0x008025a9        0x6 si114x/Si114x_handler.o
                0x008025a9                maxLeakage
 .bss.Pause_gesture_timeout.3774
                0x008025af        0x2 si114x/slider_algorithm.o
 .bss.xenter.3795
                0x008025b1        0x2 si114x/slider_algorithm.o
 .bss.SwipeStartTime.3775
                0x008025b3        0x2 si114x/slider_algorithm.o
 .bss.xexit.3796
                0x008025b5        0x2 si114x/slider_algorithm.o
 .bss.xlast.3797
                0x008025b7        0x2 si114x/slider_algorithm.o
 *(COMMON)
 COMMON         0x008025b9       0x43 fatfs/sound.o
                0x008025b9                full
                0x008025ba                fht_array
                0x008025fa                WavFifo
 COMMON         0x008025fc        0x8 rtc.o
                0x008025fc                time
 COMMON         0x00802604        0x6 si114x/Si114x_handler.o
                0x00802604                baseline
 COMMON         0x0080260a        0x6 c:/program files/atmel/atmel toolchain/avr8 gcc/native/3.4.1056/avr8-gnu-toolchain/bin/../lib/gcc/avr/4.8.1/../../../../avr/lib/avrxmega4\libc.a(iob.o)
                0x0080260a                __iob
                0x00802610                PROVIDE (__bss_end, .)
                0x00003ab2                __data_load_start = LOADADDR (.data)
                0x00003c28                __data_load_end = (__data_load_start + SIZEOF (.data))

.noinit         0x00802610        0x0
                0x00802610                PROVIDE (__noinit_start, .)
 *(.noinit*)
                0x00802610                PROVIDE (__noinit_end, .)
                0x00802610                _end = .
                0x00802610                PROVIDE (__heap_start, .)

.eeprom         0x00810000        0x0
 *(.eeprom*)
                0x00810000                __eeprom_end = .

.fuse
 *(.fuse)
 *(.lfuse)
 *(.hfuse)
 *(.efuse)

.lock
 *(.lock*)

.signature
 *(.signature*)

.user_signatures
 *(.user_signatures*)

.stab
 *(.stab)

.stabstr
 *(.stabstr)

.stab.excl
 *(.stab.excl)

.stab.exclstr
 *(.stab.exclstr)

.stab.index
 *(.stab.index)

.stab.indexstr
 *(.stab.indexstr)

.comment        0x00000000       0x5c
 *(.comment)
 .comment       0x00000000       0x30 4x6_font.o
                                 0x31 (size before relaxing)
 .comment       0x00000000       0x31 adc.o
 .comment       0x00000000       0x31 clock.o
 .comment       0x00000000       0x31 esp8266.o
 .comment       0x00000000       0x31 fatfs/ff.o
 .comment       0x00000000       0x31 fatfs/mmc_avr.o
 .comment       0x00000000       0x31 fatfs/sound.o
 .comment       0x00000000       0x31 ht1632c.o
 .comment       0x00000000       0x31 json/jsmn.o
 .comment       0x00000000       0x31 main.o
 .comment       0x00000000       0x31 port.o
 .comment       0x00000000       0x31 power.o
 .comment       0x00000000       0x31 rtc.o
 .comment       0x00000000       0x31 sercom.o
 .comment       0x00000000       0x31 si114x/Si114x_functions.o
 .comment       0x00000000       0x31 si114x/Si114x_handler.o
 .comment       0x00000000       0x31 si114x/Si114x_init.o
 .comment       0x00000000       0x31 si114x/Si114x_sys_out.o
 .comment       0x00000000       0x31 si114x/slider_algorithm.o
 .comment       0x00000000       0x31 uart.o
 .comment       0x00000000       0x31 usb.o
 .comment       0x00000000       0x31 c:/program files/atmel/atmel toolchain/avr8 gcc/native/3.4.1056/avr8-gnu-toolchain/bin/../lib/gcc/avr/4.8.1/../../../../avr/lib/avrxmega4\libc.a(rand.o)
 .comment       0x00000000       0x31 c:/program files/atmel/atmel toolchain/avr8 gcc/native/3.4.1056/avr8-gnu-toolchain/bin/../lib/gcc/avr/4.8.1/../../../../avr/lib/avrxmega4\libc.a(iob.o)
 .comment       0x00000000       0x31 c:/program files/atmel/atmel toolchain/avr8 gcc/native/3.4.1056/avr8-gnu-toolchain/bin/../lib/gcc/avr/4.8.1/../../../../avr/lib/avrxmega4\libc.a(printf.o)
 .comment       0x00000000       0x31 c:/program files/atmel/atmel toolchain/avr8 gcc/native/3.4.1056/avr8-gnu-toolchain/bin/../lib/gcc/avr/4.8.1/../../../../avr/lib/avrxmega4\libc.a(puts.o)
 .comment       0x00000000       0x31 c:/program files/atmel/atmel toolchain/avr8 gcc/native/3.4.1056/avr8-gnu-toolchain/bin/../lib/gcc/avr/4.8.1/../../../../avr/lib/avrxmega4\libc.a(sprintf.o)
 .comment       0x00000030       0x2c c:/program files/atmel/atmel toolchain/avr8 gcc/native/3.4.1056/avr8-gnu-toolchain/bin/../lib/gcc/avr/4.8.1/../../../../avr/lib/avrxmega4\libc.a(vfprintf_std.o)
                                 0x2d (size before relaxing)
 .comment       0x00000000       0x31 c:/program files/atmel/atmel toolchain/avr8 gcc/native/3.4.1056/avr8-gnu-toolchain/bin/../lib/gcc/avr/4.8.1/../../../../avr/lib/avrxmega4\libc.a(fputc.o)

.note.gnu.build-id
 *(.note.gnu.build-id)

.debug
 *(.debug)

.line
 *(.line)

.debug_srcinfo
 *(.debug_srcinfo)

.debug_sfnames
 *(.debug_sfnames)

.debug_aranges  0x00000000      0x730
 *(.debug_aranges)
 .debug_aranges
                0x00000000       0x18 4x6_font.o
 .debug_aranges
                0x00000018       0x38 adc.o
 .debug_aranges
                0x00000050       0x38 clock.o
 .debug_aranges
                0x00000088       0x80 esp8266.o
 .debug_aranges
                0x00000108      0x150 fatfs/ff.o
 .debug_aranges
                0x00000258       0x58 fatfs/mmc_avr.o
 .debug_aranges
                0x000002b0       0x40 fatfs/sound.o
 .debug_aranges
                0x000002f0       0xf0 ht1632c.o
 .debug_aranges
                0x000003e0       0x28 json/jsmn.o
 .debug_aranges
                0x00000408       0x50 main.o
 .debug_aranges
                0x00000458       0x38 port.o
 .debug_aranges
                0x00000490       0x20 power.o
 .debug_aranges
                0x000004b0       0x78 rtc.o
 .debug_aranges
                0x00000528       0x68 sercom.o
 .debug_aranges
                0x00000590       0x88 si114x/Si114x_functions.o
 .debug_aranges
                0x00000618       0x38 si114x/Si114x_handler.o
 .debug_aranges
                0x00000650       0x50 si114x/Si114x_sys_out.o
 .debug_aranges
                0x000006a0       0x30 si114x/slider_algorithm.o
 .debug_aranges
                0x000006d0       0x40 uart.o
 .debug_aranges
                0x00000710       0x20 usb.o

.debug_pubnames
 *(.debug_pubnames)

.debug_info     0x00000000    0x1a292
 *(.debug_info .gnu.linkonce.wi.*)
 .debug_info    0x00000000       0x7e 4x6_font.o
 .debug_info    0x0000007e      0x8e8 adc.o
 .debug_info    0x00000966      0x203 clock.o
 .debug_info    0x00000b69     0x161f esp8266.o
 .debug_info    0x00002188     0x9de4 fatfs/ff.o
 .debug_info    0x0000bf6c     0x1abb fatfs/mmc_avr.o
 .debug_info    0x0000da27     0x148c fatfs/sound.o
 .debug_info    0x0000eeb3     0x27fd ht1632c.o
 .debug_info    0x000116b0      0x575 json/jsmn.o
 .debug_info    0x00011c25     0x1616 main.o
 .debug_info    0x0001323b      0x342 port.o
 .debug_info    0x0001357d      0x356 power.o
 .debug_info    0x000138d3     0x151f rtc.o
 .debug_info    0x00014df2      0xc14 sercom.o
 .debug_info    0x00015a06     0x2d37 si114x/Si114x_functions.o
 .debug_info    0x0001873d      0x63c si114x/Si114x_handler.o
 .debug_info    0x00018d79      0x5ac si114x/Si114x_sys_out.o
 .debug_info    0x00019325      0x6c0 si114x/slider_algorithm.o
 .debug_info    0x000199e5      0x42d uart.o
 .debug_info    0x00019e12      0x480 usb.o

.debug_abbrev   0x00000000     0x2e64
 *(.debug_abbrev)
 .debug_abbrev  0x00000000       0x4c 4x6_font.o
 .debug_abbrev  0x0000004c      0x254 adc.o
 .debug_abbrev  0x000002a0       0xb9 clock.o
 .debug_abbrev  0x00000359      0x412 esp8266.o
 .debug_abbrev  0x0000076b      0x321 fatfs/ff.o
 .debug_abbrev  0x00000a8c      0x30d fatfs/mmc_avr.o
 .debug_abbrev  0x00000d99      0x328 fatfs/sound.o
 .debug_abbrev  0x000010c1      0x4d6 ht1632c.o
 .debug_abbrev  0x00001597      0x1f3 json/jsmn.o
 .debug_abbrev  0x0000178a      0x3d8 main.o
 .debug_abbrev  0x00001b62      0x10a port.o
 .debug_abbrev  0x00001c6c       0xc8 power.o
 .debug_abbrev  0x00001d34      0x344 rtc.o
 .debug_abbrev  0x00002078      0x254 sercom.o
 .debug_abbrev  0x000022cc      0x3a0 si114x/Si114x_functions.o
 .debug_abbrev  0x0000266c      0x1bf si114x/Si114x_handler.o
 .debug_abbrev  0x0000282b      0x1d7 si114x/Si114x_sys_out.o
 .debug_abbrev  0x00002a02      0x20f si114x/slider_algorithm.o
 .debug_abbrev  0x00002c11      0x199 uart.o
 .debug_abbrev  0x00002daa       0xba usb.o

.debug_line     0x00000000     0xd0d9
 *(.debug_line .debug_line.* .debug_line_end)
 .debug_line    0x00000000       0x2d 4x6_font.o
 .debug_line    0x0000002d      0x2f3 adc.o
 .debug_line    0x00000320      0x1be clock.o
 .debug_line    0x000004de      0x841 esp8266.o
 .debug_line    0x00000d1f     0x5762 fatfs/ff.o
 .debug_line    0x00006481      0x8c5 fatfs/mmc_avr.o
 .debug_line    0x00006d46      0x534 fatfs/sound.o
 .debug_line    0x0000727a     0x2fe7 ht1632c.o
 .debug_line    0x0000a261      0x44d json/jsmn.o
 .debug_line    0x0000a6ae      0x38e main.o
 .debug_line    0x0000aa3c      0x1c8 port.o
 .debug_line    0x0000ac04      0x134 power.o
 .debug_line    0x0000ad38      0x625 rtc.o
 .debug_line    0x0000b35d      0x547 sercom.o
 .debug_line    0x0000b8a4      0xa6f si114x/Si114x_functions.o
 .debug_line    0x0000c313      0x56d si114x/Si114x_handler.o
 .debug_line    0x0000c880        0x0 si114x/Si114x_init.o
 .debug_line    0x0000c880      0x263 si114x/Si114x_sys_out.o
 .debug_line    0x0000cae3      0x2d7 si114x/slider_algorithm.o
 .debug_line    0x0000cdba      0x205 uart.o
 .debug_line    0x0000cfbf      0x11a usb.o

.debug_frame    0x00000000     0x23e0
 *(.debug_frame)
 .debug_frame   0x00000000       0x54 adc.o
 .debug_frame   0x00000054       0x54 clock.o
 .debug_frame   0x000000a8      0x284 esp8266.o
 .debug_frame   0x0000032c      0xf10 fatfs/ff.o
 .debug_frame   0x0000123c      0x184 fatfs/mmc_avr.o
 .debug_frame   0x000013c0      0x120 fatfs/sound.o
 .debug_frame   0x000014e0      0x474 ht1632c.o
 .debug_frame   0x00001954       0x90 json/jsmn.o
 .debug_frame   0x000019e4       0xdc main.o
 .debug_frame   0x00001ac0       0x9c port.o
 .debug_frame   0x00001b5c       0x24 power.o
 .debug_frame   0x00001b80      0x234 rtc.o
 .debug_frame   0x00001db4       0xd4 sercom.o
 .debug_frame   0x00001e88      0x230 si114x/Si114x_functions.o
 .debug_frame   0x000020b8      0x120 si114x/Si114x_handler.o
 .debug_frame   0x000021d8       0xe4 si114x/Si114x_sys_out.o
 .debug_frame   0x000022bc       0x9c si114x/slider_algorithm.o
 .debug_frame   0x00002358       0x64 uart.o
 .debug_frame   0x000023bc       0x24 usb.o

.debug_str      0x00000000     0x31e9
 *(.debug_str)
 .debug_str     0x00000000      0x156 4x6_font.o
                                0x18a (size before relaxing)
 .debug_str     0x00000156      0x950 adc.o
                                0xaf5 (size before relaxing)
 .debug_str     0x00000aa6      0x158 clock.o
                                0x2ed (size before relaxing)
 .debug_str     0x00000bfe      0x328 esp8266.o
                                0x58e (size before relaxing)
 .debug_str     0x00000f26      0x59f fatfs/ff.o
                                0x737 (size before relaxing)
 .debug_str     0x000014c5      0x148 fatfs/mmc_avr.o
                                0x48e (size before relaxing)
 .debug_str     0x0000160d      0x576 fatfs/sound.o
                                0xb2b (size before relaxing)
 .debug_str     0x00001b83      0x35d ht1632c.o
                                0x655 (size before relaxing)
 .debug_str     0x00001ee0      0x12a json/jsmn.o
                                0x27b (size before relaxing)
 .debug_str     0x0000200a      0x296 main.o
                                0xcb4 (size before relaxing)
 .debug_str     0x000022a0      0x134 port.o
                                0x45e (size before relaxing)
 .debug_str     0x000023d4       0xa6 power.o
                                0x3b1 (size before relaxing)
 .debug_str     0x0000247a      0x2cd rtc.o
                                0x5fd (size before relaxing)
 .debug_str     0x00002747      0x272 sercom.o
                                0x713 (size before relaxing)
 .debug_str     0x000029b9      0x2ab si114x/Si114x_functions.o
                                0x56c (size before relaxing)
 .debug_str     0x00002c64       0xd9 si114x/Si114x_handler.o
                                0x2d7 (size before relaxing)
 .debug_str     0x00002d3d        0x0 si114x/Si114x_init.o
 .debug_str     0x00002d3d       0x49 si114x/Si114x_sys_out.o
                                0x350 (size before relaxing)
 .debug_str     0x00002d86      0x209 si114x/slider_algorithm.o
                                0x42a (size before relaxing)
 .debug_str     0x00002f8f      0x12c uart.o
                                0x3e4 (size before relaxing)
 .debug_str     0x000030bb      0x12e usb.o
                                0x4b7 (size before relaxing)

.debug_loc      0x00000000    0x27e71
 *(.debug_loc)
 .debug_loc     0x00000000      0x141 adc.o
 .debug_loc     0x00000141      0xe46 esp8266.o
 .debug_loc     0x00000f87    0x18ba5 fatfs/ff.o
 .debug_loc     0x00019b2c     0x15fc fatfs/mmc_avr.o
 .debug_loc     0x0001b128      0x809 fatfs/sound.o
 .debug_loc     0x0001b931     0x6d80 ht1632c.o
 .debug_loc     0x000226b1      0xb3e json/jsmn.o
 .debug_loc     0x000231ef      0x291 main.o
 .debug_loc     0x00023480       0xcb port.o
 .debug_loc     0x0002354b      0x756 rtc.o
 .debug_loc     0x00023ca1      0xb62 sercom.o
 .debug_loc     0x00024803     0x224a si114x/Si114x_functions.o
 .debug_loc     0x00026a4d      0x773 si114x/Si114x_handler.o
 .debug_loc     0x000271c0      0x3d6 si114x/Si114x_sys_out.o
 .debug_loc     0x00027596      0x84d si114x/slider_algorithm.o
 .debug_loc     0x00027de3       0x8e uart.o

.debug_macinfo
 *(.debug_macinfo)

.debug_weaknames
 *(.debug_weaknames)

.debug_funcnames
 *(.debug_funcnames)

.debug_typenames
 *(.debug_typenames)

.debug_varnames
 *(.debug_varnames)

.debug_pubtypes
 *(.debug_pubtypes)

.debug_ranges   0x00000000     0x39d8
 *(.debug_ranges)
 .debug_ranges  0x00000000       0x28 adc.o
 .debug_ranges  0x00000028       0x28 clock.o
 .debug_ranges  0x00000050       0xe8 esp8266.o
 .debug_ranges  0x00000138     0x2168 fatfs/ff.o
 .debug_ranges  0x000022a0      0x188 fatfs/mmc_avr.o
 .debug_ranges  0x00002428       0x48 fatfs/sound.o
 .debug_ranges  0x00002470      0xef8 ht1632c.o
 .debug_ranges  0x00003368      0x150 json/jsmn.o
 .debug_ranges  0x000034b8       0x40 main.o
 .debug_ranges  0x000034f8       0x28 port.o
 .debug_ranges  0x00003520       0x10 power.o
 .debug_ranges  0x00003530       0x68 rtc.o
 .debug_ranges  0x00003598      0x138 sercom.o
 .debug_ranges  0x000036d0      0x158 si114x/Si114x_functions.o
 .debug_ranges  0x00003828       0xe0 si114x/Si114x_handler.o
 .debug_ranges  0x00003908       0x40 si114x/Si114x_sys_out.o
 .debug_ranges  0x00003948       0x20 si114x/slider_algorithm.o
 .debug_ranges  0x00003968       0x60 uart.o
 .debug_ranges  0x000039c8       0x10 usb.o

.debug_macro
 *(.debug_macro)
OUTPUT(matrix_clock.elf elf32-avr)
LOAD linker stubs
