Archive member included because of file (symbol)

c:/program files/atmel/atmel toolchain/avr8 gcc/native/3.4.1056/avr8-gnu-toolchain/bin/../lib/gcc/avr/4.8.1/../../../../avr/lib/avrxmega4\libm.a(fixsfsi.o)
                              drivers/adc/adc.o (__fixsfsi)
c:/program files/atmel/atmel toolchain/avr8 gcc/native/3.4.1056/avr8-gnu-toolchain/bin/../lib/gcc/avr/4.8.1/../../../../avr/lib/avrxmega4\libm.a(fixunssfsi.o)
                              c:/program files/atmel/atmel toolchain/avr8 gcc/native/3.4.1056/avr8-gnu-toolchain/bin/../lib/gcc/avr/4.8.1/../../../../avr/lib/avrxmega4\libm.a(fixsfsi.o) (__fixunssfsi)
c:/program files/atmel/atmel toolchain/avr8 gcc/native/3.4.1056/avr8-gnu-toolchain/bin/../lib/gcc/avr/4.8.1/../../../../avr/lib/avrxmega4\libm.a(floatsisf.o)
                              drivers/adc/adc.o (__floatsisf)
c:/program files/atmel/atmel toolchain/avr8 gcc/native/3.4.1056/avr8-gnu-toolchain/bin/../lib/gcc/avr/4.8.1/../../../../avr/lib/avrxmega4\libm.a(fp_split3.o)
                              c:/program files/atmel/atmel toolchain/avr8 gcc/native/3.4.1056/avr8-gnu-toolchain/bin/../lib/gcc/avr/4.8.1/../../../../avr/lib/avrxmega4\libm.a(fixunssfsi.o) (__fp_splitA)
c:/program files/atmel/atmel toolchain/avr8 gcc/native/3.4.1056/avr8-gnu-toolchain/bin/../lib/gcc/avr/4.8.1/../../../../avr/lib/avrxmega4\libm.a(fp_zero.o)
                              c:/program files/atmel/atmel toolchain/avr8 gcc/native/3.4.1056/avr8-gnu-toolchain/bin/../lib/gcc/avr/4.8.1/../../../../avr/lib/avrxmega4\libm.a(fixunssfsi.o) (__fp_zero)
c:/program files/atmel/atmel toolchain/avr8 gcc/native/3.4.1056/avr8-gnu-toolchain/bin/../lib/gcc/avr/4.8.1/../../../../avr/lib/avrxmega4\libm.a(mulsf3.o)
                              drivers/adc/adc.o (__mulsf3)
c:/program files/atmel/atmel toolchain/avr8 gcc/native/3.4.1056/avr8-gnu-toolchain/bin/../lib/gcc/avr/4.8.1/../../../../avr/lib/avrxmega4\libm.a(mulsf3x.o)
                              c:/program files/atmel/atmel toolchain/avr8 gcc/native/3.4.1056/avr8-gnu-toolchain/bin/../lib/gcc/avr/4.8.1/../../../../avr/lib/avrxmega4\libm.a(mulsf3.o) (__mulsf3x)
c:/program files/atmel/atmel toolchain/avr8 gcc/native/3.4.1056/avr8-gnu-toolchain/bin/../lib/gcc/avr/4.8.1/../../../../avr/lib/avrxmega4\libm.a(fp_inf.o)
                              c:/program files/atmel/atmel toolchain/avr8 gcc/native/3.4.1056/avr8-gnu-toolchain/bin/../lib/gcc/avr/4.8.1/../../../../avr/lib/avrxmega4\libm.a(mulsf3x.o) (__fp_inf)
c:/program files/atmel/atmel toolchain/avr8 gcc/native/3.4.1056/avr8-gnu-toolchain/bin/../lib/gcc/avr/4.8.1/../../../../avr/lib/avrxmega4\libm.a(fp_nan.o)
                              c:/program files/atmel/atmel toolchain/avr8 gcc/native/3.4.1056/avr8-gnu-toolchain/bin/../lib/gcc/avr/4.8.1/../../../../avr/lib/avrxmega4\libm.a(mulsf3x.o) (__fp_nan)
c:/program files/atmel/atmel toolchain/avr8 gcc/native/3.4.1056/avr8-gnu-toolchain/bin/../lib/gcc/avr/4.8.1/../../../../avr/lib/avrxmega4\libm.a(fp_pscA.o)
                              c:/program files/atmel/atmel toolchain/avr8 gcc/native/3.4.1056/avr8-gnu-toolchain/bin/../lib/gcc/avr/4.8.1/../../../../avr/lib/avrxmega4\libm.a(mulsf3x.o) (__fp_pscA)
c:/program files/atmel/atmel toolchain/avr8 gcc/native/3.4.1056/avr8-gnu-toolchain/bin/../lib/gcc/avr/4.8.1/../../../../avr/lib/avrxmega4\libm.a(fp_pscB.o)
                              c:/program files/atmel/atmel toolchain/avr8 gcc/native/3.4.1056/avr8-gnu-toolchain/bin/../lib/gcc/avr/4.8.1/../../../../avr/lib/avrxmega4\libm.a(mulsf3x.o) (__fp_pscB)
c:/program files/atmel/atmel toolchain/avr8 gcc/native/3.4.1056/avr8-gnu-toolchain/bin/../lib/gcc/avr/4.8.1/../../../../avr/lib/avrxmega4\libm.a(fp_round.o)
                              c:/program files/atmel/atmel toolchain/avr8 gcc/native/3.4.1056/avr8-gnu-toolchain/bin/../lib/gcc/avr/4.8.1/../../../../avr/lib/avrxmega4\libm.a(mulsf3.o) (__fp_round)
c:/program files/atmel/atmel toolchain/avr8 gcc/native/3.4.1056/avr8-gnu-toolchain/bin/../lib/gcc/avr/4.8.1/avrxmega4\libgcc.a(_divmodhi4.o)
                              drivers/adc/adc.o (__divmodhi4)
c:/program files/atmel/atmel toolchain/avr8 gcc/native/3.4.1056/avr8-gnu-toolchain/bin/../lib/gcc/avr/4.8.1/avrxmega4\libgcc.a(_udivmodsi4.o)
                              drivers/rtc/rtc.o (__udivmodsi4)
c:/program files/atmel/atmel toolchain/avr8 gcc/native/3.4.1056/avr8-gnu-toolchain/bin/../lib/gcc/avr/4.8.1/avrxmega4\libgcc.a(_exit.o)
                              c:/program files/atmel/atmel toolchain/avr8 gcc/native/3.4.1056/avr8-gnu-toolchain/bin/../lib/gcc/avr/4.8.1/../../../../avr/lib/avrxmega4/crtx64a4u.o (exit)
c:/program files/atmel/atmel toolchain/avr8 gcc/native/3.4.1056/avr8-gnu-toolchain/bin/../lib/gcc/avr/4.8.1/avrxmega4\libgcc.a(_tablejump.o)
                              drivers/rtc/rtc.o (__tablejump2__)
c:/program files/atmel/atmel toolchain/avr8 gcc/native/3.4.1056/avr8-gnu-toolchain/bin/../lib/gcc/avr/4.8.1/avrxmega4\libgcc.a(_copy_data.o)
[...]
Memory Configuration

Name             Origin             Length             Attributes
text             0x00000000         0x00100000         xr
data             0x00802000         0x0000ffa0         rw !x
eeprom           0x00810000         0x00010000         rw !x
fuse             0x00820000         0x00000400         rw !x
lock             0x00830000         0x00000400         rw !x
signature        0x00840000         0x00000400         rw !x
user_signatures  0x00850000         0x00000400         rw !x
*default*        0x00000000         0xffffffff

Linker script and memory map

LOAD c:/program files/atmel/atmel toolchain/avr8 gcc/native/3.4.1056/avr8-gnu-toolchain/bin/../lib/gcc/avr/4.8.1/../../../../avr/lib/avrxmega4/crtx64a4u.o
LOAD 4x6_font.o
LOAD drivers/adc/adc.o
LOAD drivers/clock/clock.o
LOAD drivers/dma/dma.o
LOAD drivers/dma/dma_functions.o
LOAD drivers/eeprom/eeprom.o
LOAD drivers/esp8266/esp8266.o
LOAD drivers/ht1632c/ht1632c.o
LOAD drivers/port/port.o
LOAD drivers/power/power.o
LOAD drivers/rtc/rtc.o
LOAD drivers/sensors/si114x/Si114x_functions.o
LOAD drivers/sensors/si114x/Si114x_handler.o
LOAD drivers/sensors/si114x/Si114x_sys_out.o
LOAD drivers/sensors/si114x/slider_algorithm.o
LOAD drivers/sercom/sercom.o
LOAD fatfs/ff.o
LOAD fatfs/mmc_avr.o
LOAD fatfs/sound.o
LOAD json/jsmn.o
LOAD main.o
LOAD menu.o
LOAD uart.o
LOAD _StackInstrument.o
START GROUP
LOAD c:/program files/atmel/atmel toolchain/avr8 gcc/native/3.4.1056/avr8-gnu-toolchain/bin/../lib/gcc/avr/4.8.1/../../../../avr/lib/avrxmega4\libm.a
END GROUP
START GROUP
LOAD c:/program files/atmel/atmel toolchain/avr8 gcc/native/3.4.1056/avr8-gnu-toolchain/bin/../lib/gcc/avr/4.8.1/avrxmega4\libgcc.a
LOAD c:/program files/atmel/atmel toolchain/avr8 gcc/native/3.4.1056/avr8-gnu-toolchain/bin/../lib/gcc/avr/4.8.1/../../../../avr/lib/avrxmega4\libm.a
LOAD c:/program files/atmel/atmel toolchain/avr8 gcc/native/3.4.1056/avr8-gnu-toolchain/bin/../lib/gcc/avr/4.8.1/../../../../avr/lib/avrxmega4\libc.a
END GROUP

.hash
 *(.hash)

.dynsym
 *(.dynsym)

.dynstr
 *(.dynstr)

.gnu.version
 *(.gnu.version)

.gnu.version_d
 *(.gnu.version_d)

.gnu.version_r
 *(.gnu.version_r)

.rel.init
 *(.rel.init)

.rela.init
 *(.rela.init)

.rel.text
 *(.rel.text)
 *(.rel.text.*)
 *(.rel.gnu.linkonce.t*)

.rela.text
 *(.rela.text)
 *(.rela.text.*)
 *(.rela.gnu.linkonce.t*)

.rel.fini
 *(.rel.fini)

.rela.fini
 *(.rela.fini)

.rel.rodata
 *(.rel.rodata)
 *(.rel.rodata.*)
 *(.rel.gnu.linkonce.r*)

.rela.rodata
 *(.rela.rodata)
 *(.rela.rodata.*)
 *(.rela.gnu.linkonce.r*)

.rel.data
 *(.rel.data)
 *(.rel.data.*)
 *(.rel.gnu.linkonce.d*)

.rela.data
 *(.rela.data)
 *(.rela.data.*)
 *(.rela.gnu.linkonce.d*)

.rel.ctors
 *(.rel.ctors)

.rela.ctors
 *(.rela.ctors)

.rel.dtors
 *(.rel.dtors)

.rela.dtors
 *(.rela.dtors)

.rel.got
 *(.rel.got)

.rela.got
 *(.rela.got)

.rel.bss
 *(.rel.bss)

.rela.bss
 *(.rela.bss)

.rel.plt
 *(.rel.plt)

.rela.plt
 *(.rela.plt)

.text           0x00000000     0x6b7a
 *(.vectors)
 .vectors       0x00000000      0x1fc c:/program files/atmel/atmel toolchain/avr8 gcc/native/3.4.1056/avr8-gnu-toolchain/bin/../lib/gcc/avr/4.8.1/../../../../avr/lib/avrxmega4/crtx64a4u.o
                0x00000000                __vector_default
                0x00000000                __vectors
 *(.vectors)
 *(.progmem.gcc*)
 .progmem.gcc_sw_table.get_days_in_month
                0x000001fc       0x18 drivers/rtc/rtc.o
 .progmem.gcc_sw_table.disk_ioctl
                0x00000214       0x6e fatfs/mmc_avr.o
                0x00000282                . = ALIGN (0x2)
                0x00000282                __trampolines_start = .
 *(.trampolines)
 .trampolines   0x00000282        0x0 linker stubs
 *(.trampolines*)
                0x00000282                __trampolines_end = .
 *(.progmem*)
 .progmem.data.font_4x6
                0x00000282      0x600 drivers/ht1632c/ht1632c.o
 .progmem.data.font_5x7
                0x00000882      0x4fb drivers/ht1632c/ht1632c.o
                0x00000d7e                . = ALIGN (0x2)
 *fill*         0x00000d7d        0x1 
 *(.jumptables)
 *(.jumptables*)
 *(.lowtext)
 *(.lowtext*)
                0x00000d7e                __ctors_start = .
 *(.ctors)
                0x00000d7e                __ctors_end = .
                0x00000d7e                __dtors_start = .
 *(.dtors)
                0x00000d7e                __dtors_end = .
 SORT(*)(.ctors)
 SORT(*)(.dtors)
 *(.init0)
 .init0         0x00000d7e        0x0 c:/program files/atmel/atmel toolchain/avr8 gcc/native/3.4.1056/avr8-gnu-toolchain/bin/../lib/gcc/avr/4.8.1/../../../../avr/lib/avrxmega4/crtx64a4u.o
                0x00000d7e                __init
 *(.init0)
 *(.init1)
 .init1         0x00000d7e       0x2e _StackInstrument.o
                0x00000d7e                _StackPaint
 *(.init1)
 *(.init2)
 .init2         0x00000dac        0xc c:/program files/atmel/atmel toolchain/avr8 gcc/native/3.4.1056/avr8-gnu-toolchain/bin/../lib/gcc/avr/4.8.1/../../../../avr/lib/avrxmega4/crtx64a4u.o
 *(.init2)
 *(.init3)
 *(.init3)
 *(.init4)
 .init4         0x00000db8       0x1a c:/program files/atmel/atmel toolchain/avr8 gcc/native/3.4.1056/avr8-gnu-toolchain/bin/../lib/gcc/avr/4.8.1/avrxmega4\libgcc.a(_copy_data.o)
                0x00000db8                __do_copy_data
 .init4         0x00000dd2       0x10 c:/program files/atmel/atmel toolchain/avr8 gcc/native/3.4.1056/avr8-gnu-toolchain/bin/../lib/gcc/avr/4.8.1/avrxmega4\libgcc.a(_clear_bss.o)
                0x00000dd2                __do_clear_bss
 *(.init4)
 *(.init5)
 *(.init5)
 *(.init6)
 *(.init6)
 *(.init7)
 *(.init7)
 *(.init8)
 *(.init8)
 *(.init9)
 .init9         0x00000de2        0x8 c:/program files/atmel/atmel toolchain/avr8 gcc/native/3.4.1056/avr8-gnu-toolchain/bin/../lib/gcc/avr/4.8.1/../../../../avr/lib/avrxmega4/crtx64a4u.o
 *(.init9)
 *(.text)
 .text          0x00000dea        0x2 c:/program files/atmel/atmel toolchain/avr8 gcc/native/3.4.1056/avr8-gnu-toolchain/bin/../lib/gcc/avr/4.8.1/../../../../avr/lib/avrxmega4/crtx64a4u.o
                0x00000dea                __vector_38
                0x00000dea                __vector_104
                0x00000dea                __vector_22
                0x00000dea                __vector_63
                0x00000dea                __vector_28
                0x00000dea                __vector_1
                0x00000dea                __vector_119
                0x00000dea                __vector_32
                0x00000dea                __vector_75
                0x00000dea                __vector_71
                0x00000dea                __vector_91
                0x00000dea                __vector_62
                0x00000dea                __vector_77
                0x00000dea                __vector_102
                0x00000dea                __vector_24
                0x00000dea                __vector_12
                0x00000dea                __vector_55
                0x00000dea                __vector_69
                0x00000dea                __vector_81
                0x00000dea                __vector_90
                0x00000dea                __vector_46
                0x00000dea                __bad_interrupt
                0x00000dea                __vector_122
                0x00000dea                __vector_72
                0x00000dea                __vector_114
                0x00000dea                __vector_110
                0x00000dea                __vector_31
                0x00000dea                __vector_92
                0x00000dea                __vector_35
                0x00000dea                __vector_78
                0x00000dea                __vector_74
                0x00000dea                __vector_117
                0x00000dea                __vector_39
                0x00000dea                __vector_107
                0x00000dea                __vector_3
                0x00000dea                __vector_105
                0x00000dea                __vector_98
                0x00000dea                __vector_23
                0x00000dea                __vector_68
                0x00000dea                __vector_30
                0x00000dea                __vector_73
                0x00000dea                __vector_45
                0x00000dea                __vector_25
                0x00000dea                __vector_93
                0x00000dea                __vector_61
                0x00000dea                __vector_11
                0x00000dea                __vector_54
                0x00000dea                __vector_99
                0x00000dea                __vector_13
                0x00000dea                __vector_19
                0x00000dea                __vector_56
                0x00000dea                __vector_7
                0x00000dea                __vector_125
                0x00000dea                __vector_49
                0x00000dea                __vector_123
                0x00000dea                __vector_41
                0x00000dea                __vector_86
                0x00000dea                __vector_100
                0x00000dea                __vector_101
                0x00000dea                __vector_64
                0x00000dea                __vector_109
                0x00000dea                __vector_43
                0x00000dea                __vector_27
                0x00000dea                __vector_5
                0x00000dea                __vector_113
                0x00000dea                __vector_33
                0x00000dea                __vector_76
                0x00000dea                __vector_115
                0x00000dea                __vector_47
                0x00000dea                __vector_52
                0x00000dea                __vector_37
                0x00000dea                __vector_95
                0x00000dea                __vector_103
                0x00000dea                __vector_96
                0x00000dea                __vector_89
                0x00000dea                __vector_108
                0x00000dea                __vector_4
                0x00000dea                __vector_44
                0x00000dea                __vector_82
                0x00000dea                __vector_106
                0x00000dea                __vector_118
                0x00000dea                __vector_51
                0x00000dea                __vector_9
                0x00000dea                __vector_2
                0x00000dea                __vector_21
                0x00000dea                __vector_15
                0x00000dea                __vector_36
                0x00000dea                __vector_79
                0x00000dea                __vector_58
                0x00000dea                __vector_70
                0x00000dea                __vector_83
                0x00000dea                __vector_29
                0x00000dea                __vector_60
                0x00000dea                __vector_121
                0x00000dea                __vector_40
                0x00000dea                __vector_85
                0x00000dea                __vector_94
                0x00000dea                __vector_126
                0x00000dea                __vector_8
                0x00000dea                __vector_26
                0x00000dea                __vector_48
                0x00000dea                __vector_124
                0x00000dea                __vector_116
                0x00000dea                __vector_112
                0x00000dea                __vector_111
                0x00000dea                __vector_80
                0x00000dea                __vector_84
                0x00000dea                __vector_57
                0x00000dea                __vector_53
                0x00000dea                __vector_50
                0x00000dea                __vector_59
                0x00000dea                __vector_18
                0x00000dea                __vector_97
                0x00000dea                __vector_42
                0x00000dea                __vector_87
                0x00000dea                __vector_65
                0x00000dea                __vector_120
                0x00000dec                . = ALIGN (0x2)
 *(.text.*)
 .text.clock_setup_32_mhz
                0x00000dec       0x1c drivers/clock/clock.o
                0x00000dec                clock_setup_32_mhz
 .text.__vector_6
                0x00000e08       0x54 drivers/dma/dma_functions.o
                0x00000e08                __vector_6
 .text.EEPROM_WaitForNVM
                0x00000e5c        0xc drivers/eeprom/eeprom.o
                0x00000e5c                EEPROM_WaitForNVM
 .text.EEPROM_FlushBuffer
                0x00000e68       0x2e drivers/eeprom/eeprom.o
                0x00000e68                EEPROM_FlushBuffer
 .text.EEPROM_WriteByte
                0x00000e96       0x56 drivers/eeprom/eeprom.o
                0x00000e96                EEPROM_WriteByte
 .text.EEPROM_EraseAll
                0x00000eec       0x28 drivers/eeprom/eeprom.o
                0x00000eec                EEPROM_EraseAll
 .text.EEPROM_WriteEnv
                0x00000f14       0xa2 drivers/eeprom/eeprom.o
                0x00000f14                EEPROM_WriteEnv
 .text.at_cipsend2
                0x00000fb6      0x1dc drivers/esp8266/esp8266.o
 .text.esp8266_on
                0x00001192       0x1e drivers/esp8266/esp8266.o
                0x00001192                esp8266_on
 .text.esp8266_off
                0x000011b0        0xa drivers/esp8266/esp8266.o
                0x000011b0                esp8266_off
 .text.esp8266_join_ap
                0x000011ba       0xfa drivers/esp8266/esp8266.o
                0x000011ba                esp8266_join_ap
 .text.esp8266_setup_webserver
                0x000012b4      0x1b0 drivers/esp8266/esp8266.o
                0x000012b4                esp8266_setup_webserver
 .text.esp8266_run_simple_webserver
                0x00001464       0x5e drivers/esp8266/esp8266.o
                0x00001464                esp8266_run_simple_webserver
 .text.__vector_88
                0x000014c2      0x1ac drivers/esp8266/esp8266.o
                0x000014c2                __vector_88
 .text.ht1632c_draw_pixel
                0x0000166e       0xe0 drivers/ht1632c/ht1632c.o
                0x0000166e                ht1632c_draw_pixel
 .text.ht1632c_draw_filled_rect
                0x0000174e       0x7c drivers/ht1632c/ht1632c.o
                0x0000174e                ht1632c_draw_filled_rect
 .text.ht1632c_write_data
                0x000017ca       0x4e drivers/ht1632c/ht1632c.o
                0x000017ca                ht1632c_write_data
 .text.ht1632c_refresh_screen
                0x00001818       0x56 drivers/ht1632c/ht1632c.o
                0x00001818                ht1632c_refresh_screen
 .text.ht1632c_clear_screen
                0x0000186e       0x14 drivers/ht1632c/ht1632c.o
                0x0000186e                ht1632c_clear_screen
 .text.ht1632c_send_command
                0x00001882       0x24 drivers/ht1632c/ht1632c.o
                0x00001882                ht1632c_send_command
 .text.ht1632c_setup
                0x000018a6       0x38 drivers/ht1632c/ht1632c.o
                0x000018a6                ht1632c_setup
 .text.ht1632c_set_brightness
                0x000018de       0x12 drivers/ht1632c/ht1632c.o
                0x000018de                ht1632c_set_brightness
 .text.ht1632c_draw_char_to_buffer
                0x000018f0       0x50 drivers/ht1632c/ht1632c.o
                0x000018f0                ht1632c_draw_char_to_buffer
 .text.ht1632c_draw_char
                0x00001940       0xfa drivers/ht1632c/ht1632c.o
                0x00001940                ht1632c_draw_char
 .text.ht1632c_draw_small_char_to_buffer
                0x00001a3a       0x9e drivers/ht1632c/ht1632c.o
                0x00001a3a                ht1632c_draw_small_char_to_buffer
 .text.ht1632c_loading2
                0x00001ad8       0x82 drivers/ht1632c/ht1632c.o
                0x00001ad8                ht1632c_loading2
 .text.ht1632c_shift_left
                0x00001b5a       0x90 drivers/ht1632c/ht1632c.o
                0x00001b5a                ht1632c_shift_left
 .text.ht1632c_print_buffer
                0x00001bea       0xc0 drivers/ht1632c/ht1632c.o
                0x00001bea                ht1632c_print_buffer
 .text.ht1632c_scroll_print
                0x00001caa       0xb4 drivers/ht1632c/ht1632c.o
                0x00001caa                ht1632c_scroll_print
 .text.btn_setup
                0x00001d5e       0xb8 drivers/port/port.o
                0x00001d5e                btn_setup
 .text.btn_si114x_enable_interrupt
                0x00001e16       0x1e drivers/port/port.o
                0x00001e16                btn_si114x_enable_interrupt
 .text.btn_check_press
                0x00001e34       0x8c drivers/port/port.o
                0x00001e34                btn_check_press
 .text.__vector_66
                0x00001ec0       0x52 drivers/port/port.o
                0x00001ec0                __vector_66
 .text.__vector_34
                0x00001f12       0x6e drivers/port/port.o
                0x00001f12                __vector_34
 .text.__vector_67
                0x00001f80       0x9c drivers/port/port.o
                0x00001f80                __vector_67
 .text.rtc_setup
                0x0000201c       0x34 drivers/rtc/rtc.o
                0x0000201c                rtc_setup
 .text.rtc_update_display
                0x00002050      0x118 drivers/rtc/rtc.o
                0x00002050                rtc_update_display
 .text.rtc_enable_time_render
                0x00002168       0x1c drivers/rtc/rtc.o
                0x00002168                rtc_enable_time_render
 .text.get_days_in_month
                0x00002184       0x52 drivers/rtc/rtc.o
                0x00002184                get_days_in_month
 .text.__vector_10
                0x000021d6      0x136 drivers/rtc/rtc.o
                0x000021d6                __vector_10
 .text._sendCmd
                0x0000230c       0xb0 drivers/sensors/si114x/Si114x_functions.o
 .text.si114x_get_data
                0x000023bc       0xe6 drivers/sensors/si114x/Si114x_functions.o
                0x000023bc                si114x_get_data
 .text.Si114xNop
                0x000024a2        0x6 drivers/sensors/si114x/Si114x_functions.o
                0x000024a2                Si114xNop
 .text.Si114xPsAuto
                0x000024a8        0x6 drivers/sensors/si114x/Si114x_functions.o
                0x000024a8                Si114xPsAuto
 .text.Si114xPsAlsAuto
                0x000024ae        0x6 drivers/sensors/si114x/Si114x_functions.o
                0x000024ae                Si114xPsAlsAuto
 .text.Si114xParamSet
                0x000024b4       0x80 drivers/sensors/si114x/Si114x_functions.o
                0x000024b4                Si114xParamSet
 .text.Si114xPauseAll
                0x00002534       0x3a drivers/sensors/si114x/Si114x_functions.o
                0x00002534                Si114xPauseAll
 .text.si114x_reset
                0x0000256e       0x86 drivers/sensors/si114x/Si114x_functions.o
                0x0000256e                si114x_reset
 .text.si114x_init_ps1
                0x000025f4       0xf8 drivers/sensors/si114x/Si114x_functions.o
                0x000025f4                si114x_init_ps1
 .text.si114x_setup_ps1_only
                0x000026ec       0x22 drivers/sensors/si114x/Si114x_functions.o
                0x000026ec                si114x_setup_ps1_only
 .text.si114x_init
                0x0000270e      0x170 drivers/sensors/si114x/Si114x_functions.o
                0x0000270e                si114x_init
 .text.si114x_setup
                0x0000287e       0x32 drivers/sensors/si114x/Si114x_functions.o
                0x0000287e                si114x_setup
 .text.si114x_baseline_calibration
                0x000028b0       0xae drivers/sensors/si114x/Si114x_functions.o
                0x000028b0                si114x_baseline_calibration
 .text.__vector_20
                0x0000295e       0x2e drivers/sensors/si114x/Si114x_functions.o
                0x0000295e                __vector_20
 .text.isIRStable
                0x0000298c      0x104 drivers/sensors/si114x/Si114x_handler.o
                0x0000298c                isIRStable
 .text.IRCompensation
                0x00002a90       0xe0 drivers/sensors/si114x/Si114x_handler.o
                0x00002a90                IRCompensation
 .text.calcBaseline
                0x00002b70      0x204 drivers/sensors/si114x/Si114x_handler.o
                0x00002b70                calcBaseline
 .text.si114x_process_samples
                0x00002d74      0x1ea drivers/sensors/si114x/Si114x_handler.o
                0x00002d74                si114x_process_samples
 .text.PortSet  0x00002f5e        0x2 drivers/sensors/si114x/Si114x_sys_out.o
                0x00002f5e                PortSet
 .text.Si114xWriteToRegister
                0x00002f60       0x3a drivers/sensors/si114x/Si114x_sys_out.o
                0x00002f60                Si114xWriteToRegister
 .text.Si114xReadFromRegister
                0x00002f9a       0x38 drivers/sensors/si114x/Si114x_sys_out.o
                0x00002f9a                Si114xReadFromRegister
 .text.Si114xBlockWrite
                0x00002fd2       0x20 drivers/sensors/si114x/Si114x_sys_out.o
                0x00002fd2                Si114xBlockWrite
 .text.delay_10ms
                0x00002ff2       0x14 drivers/sensors/si114x/Si114x_sys_out.o
                0x00002ff2                delay_10ms
 .text.QS_Counts_to_Distance
                0x00003006      0x244 drivers/sensors/si114x/slider_algorithm.o
                0x00003006                QS_Counts_to_Distance
 .text.SliderAlgorithm
                0x0000324a      0x414 drivers/sensors/si114x/slider_algorithm.o
                0x0000324a                SliderAlgorithm
 .text.spi_setup
                0x0000365e       0x14 drivers/sercom/sercom.o
                0x0000365e                spi_setup
 .text.spi_off  0x00003672       0x1e drivers/sercom/sercom.o
                0x00003672                spi_off
 .text.spi_wr_rd
                0x00003690       0x14 drivers/sercom/sercom.o
                0x00003690                spi_wr_rd
 .text.twi_setup
                0x000036a4       0x14 drivers/sercom/sercom.o
                0x000036a4                twi_setup
 .text.twi_start_transmission
                0x000036b8       0x5e drivers/sercom/sercom.o
                0x000036b8                twi_start_transmission
 .text.twi_send_byte
                0x00003716       0x46 drivers/sercom/sercom.o
                0x00003716                twi_send_byte
 .text.twi_receive_byte
                0x0000375c       0x54 drivers/sercom/sercom.o
                0x0000375c                twi_receive_byte
 .text.twi_read_packet
                0x000037b0       0x8c drivers/sercom/sercom.o
                0x000037b0                twi_read_packet
 .text.twi_write_packet
                0x0000383c       0x6e drivers/sercom/sercom.o
                0x0000383c                twi_write_packet
 .text.mem_cpy  0x000038aa       0x60 fatfs/ff.o
 .text.mem_set  0x0000390a       0x16 fatfs/ff.o
 .text.ld_clust
                0x00003920       0x32 fatfs/ff.o
 .text.get_ldnumber
                0x00003952       0x74 fatfs/ff.o
 .text.sync_window
                0x000039c6       0xd6 fatfs/ff.o
 .text.move_window
                0x00003a9c       0x7a fatfs/ff.o
 .text.check_fs
                0x00003b16       0x7a fatfs/ff.o
 .text.validate
                0x00003b90       0x4a fatfs/ff.o
 .text.find_volume
                0x00003bda      0x568 fatfs/ff.o
 .text.sync_fs  0x00004142       0xdc fatfs/ff.o
 .text.clust2sect
                0x0000421e       0x5c fatfs/ff.o
                0x0000421e                clust2sect
 .text.get_fat  0x0000427a      0x1cc fatfs/ff.o
                0x0000427a                get_fat
 .text.dir_sdi  0x00004446      0x176 fatfs/ff.o
 .text.put_fat  0x000045bc      0x210 fatfs/ff.o
                0x000045bc                put_fat
 .text.create_chain
                0x000047cc      0x208 fatfs/ff.o
 .text.dir_next
                0x000049d4      0x23c fatfs/ff.o
 .text.follow_path
                0x00004c10      0x334 fatfs/ff.o
 .text.dir_alloc
                0x00004f44       0x70 fatfs/ff.o
 .text.dir_register
                0x00004fb4       0x5c fatfs/ff.o
 .text.remove_chain
                0x00005010       0xec fatfs/ff.o
 .text.f_mount  0x000050fc       0xa0 fatfs/ff.o
                0x000050fc                f_mount
 .text.f_open   0x0000519c      0x220 fatfs/ff.o
                0x0000519c                f_open
 .text.f_read   0x000053bc      0x27a fatfs/ff.o
                0x000053bc                f_read
 .text.f_sync   0x00005636       0x82 fatfs/ff.o
                0x00005636                f_sync
 .text.f_close  0x000056b8       0x20 fatfs/ff.o
                0x000056b8                f_close
 .text.xchg_spi
                0x000056d8        0x6 fatfs/mmc_avr.o
 .text.deselect
                0x000056de        0xe fatfs/mmc_avr.o
 .text.select   0x000056ec       0x30 fatfs/mmc_avr.o
 .text.send_cmd
                0x0000571c       0xa2 fatfs/mmc_avr.o
 .text.rcvr_datablock
                0x000057be       0x74 fatfs/mmc_avr.o
 .text.xmit_datablock
                0x00005832       0x74 fatfs/mmc_avr.o
 .text.disk_initialize
                0x000058a6      0x17a fatfs/mmc_avr.o
                0x000058a6                disk_initialize
 .text.disk_status
                0x00005a20        0xe fatfs/mmc_avr.o
                0x00005a20                disk_status
 .text.disk_read
                0x00005a2e       0xa8 fatfs/mmc_avr.o
                0x00005a2e                disk_read
 .text.disk_write
                0x00005ad6       0xe0 fatfs/mmc_avr.o
                0x00005ad6                disk_write
 .text.disk_ioctl
                0x00005bb6      0x33c fatfs/mmc_avr.o
                0x00005bb6                disk_ioctl
 .text.__vector_14
                0x00005ef2       0xe0 fatfs/sound.o
                0x00005ef2                __vector_14
 .text.main     0x00005fd2      0x11e main.o
                0x00005fd2                main
 .text.__vector_16
                0x000060f0       0x50 menu.o
                0x000060f0                __vector_16
 .text.__vector_17
                0x00006140       0x14 menu.o
                0x00006140                __vector_17
 .text.uart_setup
                0x00006154       0x26 uart.o
                0x00006154                uart_setup
 .text.uart_put_char
                0x0000617a       0x10 uart.o
                0x0000617a                uart_put_char
 .text.uart_get_char
                0x0000618a       0x10 uart.o
                0x0000618a                uart_get_char
 .text.uart_write_str
                0x0000619a       0x24 uart.o
                0x0000619a                uart_write_str
 .text.uwrite_hex
                0x000061be       0x42 uart.o
                0x000061be                uwrite_hex
 .text.libgcc.div
                0x00006200       0x26 c:/program files/atmel/atmel toolchain/avr8 gcc/native/3.4.1056/avr8-gnu-toolchain/bin/../lib/gcc/avr/4.8.1/avrxmega4\libgcc.a(_divmodhi4.o)
                0x00006200                _div
                0x00006200                __divmodhi4
 .text.libgcc.div
                0x00006226       0x44 c:/program files/atmel/atmel toolchain/avr8 gcc/native/3.4.1056/avr8-gnu-toolchain/bin/../lib/gcc/avr/4.8.1/avrxmega4\libgcc.a(_udivmodsi4.o)
                0x00006226                __udivmodsi4
 .text.libgcc   0x0000626a        0xc c:/program files/atmel/atmel toolchain/avr8 gcc/native/3.4.1056/avr8-gnu-toolchain/bin/../lib/gcc/avr/4.8.1/avrxmega4\libgcc.a(_tablejump.o)
                0x0000626a                __tablejump2__
                0x0000626e                __tablejump__
 .text.libgcc.mul
                0x00006276       0x1e c:/program files/atmel/atmel toolchain/avr8 gcc/native/3.4.1056/avr8-gnu-toolchain/bin/../lib/gcc/avr/4.8.1/avrxmega4\libgcc.a(_umulhisi3.o)
                0x00006276                __umulhisi3
 .text.libgcc.mul
                0x00006294       0x14 c:/program files/atmel/atmel toolchain/avr8 gcc/native/3.4.1056/avr8-gnu-toolchain/bin/../lib/gcc/avr/4.8.1/avrxmega4\libgcc.a(_muluhisi3.o)
                0x00006294                __muluhisi3
 .text.libgcc.div
                0x000062a8       0x28 c:/program files/atmel/atmel toolchain/avr8 gcc/native/3.4.1056/avr8-gnu-toolchain/bin/../lib/gcc/avr/4.8.1/avrxmega4\libgcc.a(_udivmodhi4.o)
                0x000062a8                __udivmodhi4
 .text.avr-libc
                0x000062d0       0x34 c:/program files/atmel/atmel toolchain/avr8 gcc/native/3.4.1056/avr8-gnu-toolchain/bin/../lib/gcc/avr/4.8.1/../../../../avr/lib/avrxmega4\libc.a(calloc.o)
                0x000062d0                calloc
 .text.avr-libc
                0x00006304      0x24e c:/program files/atmel/atmel toolchain/avr8 gcc/native/3.4.1056/avr8-gnu-toolchain/bin/../lib/gcc/avr/4.8.1/../../../../avr/lib/avrxmega4\libc.a(malloc.o)
                0x00006304                malloc
                0x00006434                free
 .text.avr-libc
                0x00006552        0xe c:/program files/atmel/atmel toolchain/avr8 gcc/native/3.4.1056/avr8-gnu-toolchain/bin/../lib/gcc/avr/4.8.1/../../../../avr/lib/avrxmega4\libc.a(memset.o)
                0x00006552                memset
 .text.avr-libc
                0x00006560       0x16 c:/program files/atmel/atmel toolchain/avr8 gcc/native/3.4.1056/avr8-gnu-toolchain/bin/../lib/gcc/avr/4.8.1/../../../../avr/lib/avrxmega4\libc.a(strcat.o)
                0x00006560                strcat
 .text.avr-libc
                0x00006576       0x16 c:/program files/atmel/atmel toolchain/avr8 gcc/native/3.4.1056/avr8-gnu-toolchain/bin/../lib/gcc/avr/4.8.1/../../../../avr/lib/avrxmega4\libc.a(strchr.o)
                0x00006576                strchr
 .text.avr-libc
                0x0000658c       0x1e c:/program files/atmel/atmel toolchain/avr8 gcc/native/3.4.1056/avr8-gnu-toolchain/bin/../lib/gcc/avr/4.8.1/../../../../avr/lib/avrxmega4\libc.a(strncpy.o)
                0x0000658c                strncpy
 .text.avr-libc
                0x000065aa       0x34 c:/program files/atmel/atmel toolchain/avr8 gcc/native/3.4.1056/avr8-gnu-toolchain/bin/../lib/gcc/avr/4.8.1/../../../../avr/lib/avrxmega4\libc.a(strstr.o)
                0x000065aa                strstr
 .text.avr-libc
                0x000065de       0x22 c:/program files/atmel/atmel toolchain/avr8 gcc/native/3.4.1056/avr8-gnu-toolchain/bin/../lib/gcc/avr/4.8.1/../../../../avr/lib/avrxmega4\libc.a(printf.o)
                0x000065de                printf
 .text.avr-libc
                0x00006600       0x5a c:/program files/atmel/atmel toolchain/avr8 gcc/native/3.4.1056/avr8-gnu-toolchain/bin/../lib/gcc/avr/4.8.1/../../../../avr/lib/avrxmega4\libc.a(puts.o)
                0x00006600                puts
 .text.avr-libc
                0x0000665a      0x3d0 c:/program files/atmel/atmel toolchain/avr8 gcc/native/3.4.1056/avr8-gnu-toolchain/bin/../lib/gcc/avr/4.8.1/../../../../avr/lib/avrxmega4\libc.a(vfprintf_std.o)
                0x0000665a                vfprintf
 .text.avr-libc
                0x00006a2a       0x16 c:/program files/atmel/atmel toolchain/avr8 gcc/native/3.4.1056/avr8-gnu-toolchain/bin/../lib/gcc/avr/4.8.1/../../../../avr/lib/avrxmega4\libc.a(strnlen_P.o)
                0x00006a2a                strnlen_P
 .text.avr-libc
                0x00006a40       0x16 c:/program files/atmel/atmel toolchain/avr8 gcc/native/3.4.1056/avr8-gnu-toolchain/bin/../lib/gcc/avr/4.8.1/../../../../avr/lib/avrxmega4\libc.a(strnlen.o)
                0x00006a40                strnlen
 .text.avr-libc
                0x00006a56       0x64 c:/program files/atmel/atmel toolchain/avr8 gcc/native/3.4.1056/avr8-gnu-toolchain/bin/../lib/gcc/avr/4.8.1/../../../../avr/lib/avrxmega4\libc.a(fputc.o)
                0x00006a56                fputc
 .text.avr-libc
                0x00006aba       0xbc c:/program files/atmel/atmel toolchain/avr8 gcc/native/3.4.1056/avr8-gnu-toolchain/bin/../lib/gcc/avr/4.8.1/../../../../avr/lib/avrxmega4\libc.a(ultoa_invert.o)
                0x00006aba                __ultoa_invert
                0x00006b76                . = ALIGN (0x2)
 *(.fini9)
 .fini9         0x00006b76        0x0 c:/program files/atmel/atmel toolchain/avr8 gcc/native/3.4.1056/avr8-gnu-toolchain/bin/../lib/gcc/avr/4.8.1/avrxmega4\libgcc.a(_exit.o)
                0x00006b76                _exit
                0x00006b76                exit
 *(.fini9)
 *(.fini8)
 *(.fini8)
 *(.fini7)
 *(.fini7)
 *(.fini6)
 *(.fini6)
 *(.fini5)
 *(.fini5)
 *(.fini4)
 *(.fini4)
 *(.fini3)
 *(.fini3)
 *(.fini2)
 *(.fini2)
 *(.fini1)
 *(.fini1)
 *(.fini0)
 .fini0         0x00006b76        0x4 c:/program files/atmel/atmel toolchain/avr8 gcc/native/3.4.1056/avr8-gnu-toolchain/bin/../lib/gcc/avr/4.8.1/avrxmega4\libgcc.a(_exit.o)
 *(.fini0)
                0x00006b7a                _etext = .

.data           0x00802000      0x444 load address 0x00006b7a
                0x00802000                PROVIDE (__data_start, .)
 *(.data)
 .data          0x00802000        0x0 c:/program files/atmel/atmel toolchain/avr8 gcc/native/3.4.1056/avr8-gnu-toolchain/bin/../lib/gcc/avr/4.8.1/../../../../avr/lib/avrxmega4/crtx64a4u.o
 .data          0x00802000        0x0 4x6_font.o
 .data          0x00802000        0x0 drivers/adc/adc.o
 .data          0x00802000        0x0 drivers/clock/clock.o
 .data          0x00802000        0x0 drivers/dma/dma.o
 .data          0x00802000        0x0 drivers/dma/dma_functions.o
 .data          0x00802000        0x0 drivers/eeprom/eeprom.o
 .data          0x00802000        0x0 drivers/esp8266/esp8266.o
 .data          0x00802000        0x0 drivers/ht1632c/ht1632c.o
 .data          0x00802000        0x0 drivers/port/port.o
 .data          0x00802000        0x0 drivers/power/power.o
 .data          0x00802000        0x0 drivers/rtc/rtc.o
 .data          0x00802000        0x0 drivers/sensors/si114x/Si114x_functions.o
 .data          0x00802000        0x0 drivers/sensors/si114x/Si114x_handler.o
 .data          0x00802000        0x0 drivers/sensors/si114x/Si114x_sys_out.o
 .data          0x00802000        0x0 drivers/sensors/si114x/slider_algorithm.o
 .data          0x00802000        0x0 drivers/sercom/sercom.o
 .data          0x00802000        0x0 fatfs/ff.o
 .data          0x00802000        0x0 fatfs/mmc_avr.o
 .data          0x00802000        0x0 fatfs/sound.o
 .data          0x00802000        0x0 json/jsmn.o
 .data          0x00802000        0x0 main.o
 .data          0x00802000        0x0 menu.o
 .data          0x00802000        0x0 uart.o
 .data          0x00802000        0x0 _StackInstrument.o
 .data          0x00802000        0x0 c:/program files/atmel/atmel toolchain/avr8 gcc/native/3.4.1056/avr8-gnu-toolchain/bin/../lib/gcc/avr/4.8.1/../../../../avr/lib/avrxmega4\libm.a(fixsfsi.o)
 .data          0x00802000        0x0 c:/program files/atmel/atmel toolchain/avr8 gcc/native/3.4.1056/avr8-gnu-toolchain/bin/../lib/gcc/avr/4.8.1/../../../../avr/lib/avrxmega4\libm.a(fixunssfsi.o)
 .data          0x00802000        0x0 c:/program files/atmel/atmel toolchain/avr8 gcc/native/3.4.1056/avr8-gnu-toolchain/bin/../lib/gcc/avr/4.8.1/../../../../avr/lib/avrxmega4\libm.a(floatsisf.o)
 .data          0x00802000        0x0 c:/program files/atmel/atmel toolchain/avr8 gcc/native/3.4.1056/avr8-gnu-toolchain/bin/../lib/gcc/avr/4.8.1/../../../../avr/lib/avrxmega4\libm.a(fp_split3.o)
 .data          0x00802000        0x0 c:/program files/atmel/atmel toolchain/avr8 gcc/native/3.4.1056/avr8-gnu-toolchain/bin/../lib/gcc/avr/4.8.1/../../../../avr/lib/avrxmega4\libm.a(fp_zero.o)
 .data          0x00802000        0x0 c:/program files/atmel/atmel toolchain/avr8 gcc/native/3.4.1056/avr8-gnu-toolchain/bin/../lib/gcc/avr/4.8.1/../../../../avr/lib/avrxmega4\libm.a(mulsf3.o)
 .data          0x00802000        0x0 c:/program files/atmel/atmel toolchain/avr8 gcc/native/3.4.1056/avr8-gnu-toolchain/bin/../lib/gcc/avr/4.8.1/../../../../avr/lib/avrxmega4\libm.a(mulsf3x.o)
 .data          0x00802000        0x0 c:/program files/atmel/atmel toolchain/avr8 gcc/native/3.4.1056/avr8-gnu-toolchain/bin/../lib/gcc/avr/4.8.1/../../../../avr/lib/avrxmega4\libm.a(fp_inf.o)
 .data          0x00802000        0x0 c:/program files/atmel/atmel toolchain/avr8 gcc/native/3.4.1056/avr8-gnu-toolchain/bin/../lib/gcc/avr/4.8.1/../../../../avr/lib/avrxmega4\libm.a(fp_nan.o)
 .data          0x00802000        0x0 c:/program files/atmel/atmel toolchain/avr8 gcc/native/3.4.1056/avr8-gnu-toolchain/bin/../lib/gcc/avr/4.8.1/../../../../avr/lib/avrxmega4\libm.a(fp_pscA.o)
 .data          0x00802000        0x0 c:/program files/atmel/atmel toolchain/avr8 gcc/native/3.4.1056/avr8-gnu-toolchain/bin/../lib/gcc/avr/4.8.1/../../../../avr/lib/avrxmega4\libm.a(fp_pscB.o)
 .data          0x00802000        0x0 c:/program files/atmel/atmel toolchain/avr8 gcc/native/3.4.1056/avr8-gnu-toolchain/bin/../lib/gcc/avr/4.8.1/../../../../avr/lib/avrxmega4\libm.a(fp_round.o)
 .data          0x00802000        0x0 c:/program files/atmel/atmel toolchain/avr8 gcc/native/3.4.1056/avr8-gnu-toolchain/bin/../lib/gcc/avr/4.8.1/avrxmega4\libgcc.a(_divmodhi4.o)
 .data          0x00802000        0x0 c:/program files/atmel/atmel toolchain/avr8 gcc/native/3.4.1056/avr8-gnu-toolchain/bin/../lib/gcc/avr/4.8.1/avrxmega4\libgcc.a(_udivmodsi4.o)
 .data          0x00802000        0x0 c:/program files/atmel/atmel toolchain/avr8 gcc/native/3.4.1056/avr8-gnu-toolchain/bin/../lib/gcc/avr/4.8.1/avrxmega4\libgcc.a(_exit.o)
 .data          0x00802000        0x0 c:/program files/atmel/atmel toolchain/avr8 gcc/native/3.4.1056/avr8-gnu-toolchain/bin/../lib/gcc/avr/4.8.1/avrxmega4\libgcc.a(_tablejump.o)
 .data          0x00802000        0x0 c:/program files/atmel/atmel toolchain/avr8 gcc/native/3.4.1056/avr8-gnu-toolchain/bin/../lib/gcc/avr/4.8.1/avrxmega4\libgcc.a(_copy_data.o)
 .data          0x00802000        0x0 c:/program files/atmel/atmel toolchain/avr8 gcc/native/3.4.1056/avr8-gnu-toolchain/bin/../lib/gcc/avr/4.8.1/avrxmega4\libgcc.a(_clear_bss.o)
 .data          0x00802000        0x0 c:/program files/atmel/atmel toolchain/avr8 gcc/native/3.4.1056/avr8-gnu-toolchain/bin/../lib/gcc/avr/4.8.1/avrxmega4\libgcc.a(_umulhisi3.o)
 .data          0x00802000        0x0 c:/program files/atmel/atmel toolchain/avr8 gcc/native/3.4.1056/avr8-gnu-toolchain/bin/../lib/gcc/avr/4.8.1/avrxmega4\libgcc.a(_muluhisi3.o)
 .data          0x00802000        0x0 c:/program files/atmel/atmel toolchain/avr8 gcc/native/3.4.1056/avr8-gnu-toolchain/bin/../lib/gcc/avr/4.8.1/avrxmega4\libgcc.a(_udivmodhi4.o)
 .data          0x00802000        0x0 c:/program files/atmel/atmel toolchain/avr8 gcc/native/3.4.1056/avr8-gnu-toolchain/bin/../lib/gcc/avr/4.8.1/../../../../avr/lib/avrxmega4\libc.a(calloc.o)
 .data          0x00802000        0x6 c:/program files/atmel/atmel toolchain/avr8 gcc/native/3.4.1056/avr8-gnu-toolchain/bin/../lib/gcc/avr/4.8.1/../../../../avr/lib/avrxmega4\libc.a(malloc.o)
                0x00802000                __malloc_heap_end
                0x00802002                __malloc_heap_start
                0x00802004                __malloc_margin
 .data          0x00802006        0x4 c:/program files/atmel/atmel toolchain/avr8 gcc/native/3.4.1056/avr8-gnu-toolchain/bin/../lib/gcc/avr/4.8.1/../../../../avr/lib/avrxmega4\libc.a(rand.o)
 .data          0x0080200a        0x0 c:/program files/atmel/atmel toolchain/avr8 gcc/native/3.4.1056/avr8-gnu-toolchain/bin/../lib/gcc/avr/4.8.1/../../../../avr/lib/avrxmega4\libc.a(atoi.o)
 .data          0x0080200a        0x0 c:/program files/atmel/atmel toolchain/avr8 gcc/native/3.4.1056/avr8-gnu-toolchain/bin/../lib/gcc/avr/4.8.1/../../../../avr/lib/avrxmega4\libc.a(memcpy.o)
 .data          0x0080200a        0x0 c:/program files/atmel/atmel toolchain/avr8 gcc/native/3.4.1056/avr8-gnu-toolchain/bin/../lib/gcc/avr/4.8.1/../../../../avr/lib/avrxmega4\libc.a(memset.o)
 .data          0x0080200a        0x0 c:/program files/atmel/atmel toolchain/avr8 gcc/native/3.4.1056/avr8-gnu-toolchain/bin/../lib/gcc/avr/4.8.1/../../../../avr/lib/avrxmega4\libc.a(strcat.o)
 .data          0x0080200a        0x0 c:/program files/atmel/atmel toolchain/avr8 gcc/native/3.4.1056/avr8-gnu-toolchain/bin/../lib/gcc/avr/4.8.1/../../../../avr/lib/avrxmega4\libc.a(strchr.o)
 .data          0x0080200a        0x0 c:/program files/atmel/atmel toolchain/avr8 gcc/native/3.4.1056/avr8-gnu-toolchain/bin/../lib/gcc/avr/4.8.1/../../../../avr/lib/avrxmega4\libc.a(strcpy.o)
 .data          0x0080200a        0x0 c:/program files/atmel/atmel toolchain/avr8 gcc/native/3.4.1056/avr8-gnu-toolchain/bin/../lib/gcc/avr/4.8.1/../../../../avr/lib/avrxmega4\libc.a(strncpy.o)
 .data          0x0080200a        0x0 c:/program files/atmel/atmel toolchain/avr8 gcc/native/3.4.1056/avr8-gnu-toolchain/bin/../lib/gcc/avr/4.8.1/../../../../avr/lib/avrxmega4\libc.a(strstr.o)
 .data          0x0080200a        0x0 c:/program files/atmel/atmel toolchain/avr8 gcc/native/3.4.1056/avr8-gnu-toolchain/bin/../lib/gcc/avr/4.8.1/../../../../avr/lib/avrxmega4\libc.a(itoa.o)
 .data          0x0080200a        0x0 c:/program files/atmel/atmel toolchain/avr8 gcc/native/3.4.1056/avr8-gnu-toolchain/bin/../lib/gcc/avr/4.8.1/../../../../avr/lib/avrxmega4\libc.a(itoa_ncheck.o)
 .data          0x0080200a        0x0 c:/program files/atmel/atmel toolchain/avr8 gcc/native/3.4.1056/avr8-gnu-toolchain/bin/../lib/gcc/avr/4.8.1/../../../../avr/lib/avrxmega4\libc.a(mul10.o)
 .data          0x0080200a        0x0 c:/program files/atmel/atmel toolchain/avr8 gcc/native/3.4.1056/avr8-gnu-toolchain/bin/../lib/gcc/avr/4.8.1/../../../../avr/lib/avrxmega4\libc.a(utoa_ncheck.o)
 .data          0x0080200a        0x0 c:/program files/atmel/atmel toolchain/avr8 gcc/native/3.4.1056/avr8-gnu-toolchain/bin/../lib/gcc/avr/4.8.1/../../../../avr/lib/avrxmega4\libc.a(iob.o)
 .data          0x0080200a        0x0 c:/program files/atmel/atmel toolchain/avr8 gcc/native/3.4.1056/avr8-gnu-toolchain/bin/../lib/gcc/avr/4.8.1/../../../../avr/lib/avrxmega4\libc.a(printf.o)
 .data          0x0080200a        0x0 c:/program files/atmel/atmel toolchain/avr8 gcc/native/3.4.1056/avr8-gnu-toolchain/bin/../lib/gcc/avr/4.8.1/../../../../avr/lib/avrxmega4\libc.a(puts.o)
 .data          0x0080200a        0x0 c:/program files/atmel/atmel toolchain/avr8 gcc/native/3.4.1056/avr8-gnu-toolchain/bin/../lib/gcc/avr/4.8.1/../../../../avr/lib/avrxmega4\libc.a(sprintf.o)
 .data          0x0080200a        0x0 c:/program files/atmel/atmel toolchain/avr8 gcc/native/3.4.1056/avr8-gnu-toolchain/bin/../lib/gcc/avr/4.8.1/../../../../avr/lib/avrxmega4\libc.a(sscanf.o)
 .data          0x0080200a        0x0 c:/program files/atmel/atmel toolchain/avr8 gcc/native/3.4.1056/avr8-gnu-toolchain/bin/../lib/gcc/avr/4.8.1/../../../../avr/lib/avrxmega4\libc.a(vfprintf_std.o)
 .data          0x0080200a        0x0 c:/program files/atmel/atmel toolchain/avr8 gcc/native/3.4.1056/avr8-gnu-toolchain/bin/../lib/gcc/avr/4.8.1/../../../../avr/lib/avrxmega4\libc.a(vfscanf_std.o)
 .data          0x0080200a        0x0 c:/program files/atmel/atmel toolchain/avr8 gcc/native/3.4.1056/avr8-gnu-toolchain/bin/../lib/gcc/avr/4.8.1/../../../../avr/lib/avrxmega4\libc.a(isspace.o)
 .data          0x0080200a        0x0 c:/program files/atmel/atmel toolchain/avr8 gcc/native/3.4.1056/avr8-gnu-toolchain/bin/../lib/gcc/avr/4.8.1/../../../../avr/lib/avrxmega4\libc.a(strchr_P.o)
 .data          0x0080200a        0x0 c:/program files/atmel/atmel toolchain/avr8 gcc/native/3.4.1056/avr8-gnu-toolchain/bin/../lib/gcc/avr/4.8.1/../../../../avr/lib/avrxmega4\libc.a(strnlen_P.o)
 .data          0x0080200a        0x0 c:/program files/atmel/atmel toolchain/avr8 gcc/native/3.4.1056/avr8-gnu-toolchain/bin/../lib/gcc/avr/4.8.1/../../../../avr/lib/avrxmega4\libc.a(strnlen.o)
 .data          0x0080200a        0x0 c:/program files/atmel/atmel toolchain/avr8 gcc/native/3.4.1056/avr8-gnu-toolchain/bin/../lib/gcc/avr/4.8.1/../../../../avr/lib/avrxmega4\libc.a(strrev.o)
 .data          0x0080200a        0x0 c:/program files/atmel/atmel toolchain/avr8 gcc/native/3.4.1056/avr8-gnu-toolchain/bin/../lib/gcc/avr/4.8.1/../../../../avr/lib/avrxmega4\libc.a(fgetc.o)
 .data          0x0080200a        0x0 c:/program files/atmel/atmel toolchain/avr8 gcc/native/3.4.1056/avr8-gnu-toolchain/bin/../lib/gcc/avr/4.8.1/../../../../avr/lib/avrxmega4\libc.a(fputc.o)
 .data          0x0080200a        0x0 c:/program files/atmel/atmel toolchain/avr8 gcc/native/3.4.1056/avr8-gnu-toolchain/bin/../lib/gcc/avr/4.8.1/../../../../avr/lib/avrxmega4\libc.a(ungetc.o)
 .data          0x0080200a        0x0 c:/program files/atmel/atmel toolchain/avr8 gcc/native/3.4.1056/avr8-gnu-toolchain/bin/../lib/gcc/avr/4.8.1/../../../../avr/lib/avrxmega4\libc.a(ultoa_invert.o)
 .data          0x0080200a        0x0 c:/program files/atmel/atmel toolchain/avr8 gcc/native/3.4.1056/avr8-gnu-toolchain/bin/../lib/gcc/avr/4.8.1/../../../../avr/lib/avrxmega4\libc.a(cty_isfalse.o)
 .data          0x0080200a        0x0 c:/program files/atmel/atmel toolchain/avr8 gcc/native/3.4.1056/avr8-gnu-toolchain/bin/../lib/gcc/avr/4.8.1/avrxmega4\libgcc.a(_divmodsi4.o)
 .data          0x0080200a        0x0 c:/program files/atmel/atmel toolchain/avr8 gcc/native/3.4.1056/avr8-gnu-toolchain/bin/../lib/gcc/avr/4.8.1/avrxmega4\libgcc.a(_negsi2.o)
 .data          0x0080200a        0x0 c:/program files/atmel/atmel toolchain/avr8 gcc/native/3.4.1056/avr8-gnu-toolchain/bin/../lib/gcc/avr/4.8.1/avrxmega4\libgcc.a(_mulshisi3.o)
 *(.data*)
 .data.color.4839
                0x0080200a        0x1 drivers/ht1632c/ht1632c.o
 .data.x.4837   0x0080200b        0x1 drivers/ht1632c/ht1632c.o
 .data.y.4838   0x0080200c        0x1 drivers/ht1632c/ht1632c.o
 .data.disp_time
                0x0080200d        0x1 drivers/rtc/rtc.o
 .data.initial_baseline_counter
                0x0080200e        0x1 drivers/sensors/si114x/Si114x_functions.o
 .data.ircorrection
                0x0080200f        0x3 drivers/sensors/si114x/Si114x_handler.o
                0x0080200f                ircorrection
 .data.scale    0x00802012        0x2 drivers/sensors/si114x/Si114x_handler.o
                0x00802012                scale
 .data.noise_margin
                0x00802014        0x2 drivers/sensors/si114x/Si114x_handler.o
                0x00802014                noise_margin
 .data.initial_baseline_counter
                0x00802016        0x1 drivers/sensors/si114x/Si114x_handler.o
 .data.out_of_range.1561
                0x00802017        0x1 drivers/sensors/si114x/slider_algorithm.o
 .data.Stat     0x00802018        0x1 fatfs/mmc_avr.o
 .data.mystdout
                0x00802019        0xe main.o
 *(.rodata)
 .rodata        0x00802027       0x9a drivers/sensors/si114x/slider_algorithm.o
 *(.rodata*)
 .rodata.str1.1
                0x008020c1      0x18a drivers/esp8266/esp8266.o
                                0x18b (size before relaxing)
 .rodata.str1.1
                0x0080224b       0x1c drivers/port/port.o
 .rodata.str1.1
                0x00000000       0x1c drivers/sensors/si114x/Si114x_functions.o
                                  0x5 (size before relaxing)
 .rodata.str1.1
                0x00802267       0x96 drivers/sensors/si114x/Si114x_handler.o
 .rodata.str1.1
                0x008022fd       0x69 drivers/sensors/si114x/slider_algorithm.o
 .rodata.str1.1
                0x00802366       0x53 fatfs/ff.o
 .rodata.str1.1
                0x008023b9       0x8b main.o
                                 0x8c (size before relaxing)
 *(.gnu.linkonce.d*)
                0x00802444                . = ALIGN (0x2)
                0x00802444                _edata = .
                0x00802444                PROVIDE (__data_end, .)

.bss            0x00802444      0x322
                0x00802444                PROVIDE (__bss_start, .)
 *(.bss)
 *(.bss*)
 .bss.rx_buffer
                0x00802444       0xdc drivers/esp8266/esp8266.o
 .bss.rx_ptr    0x00802520        0x2 drivers/esp8266/esp8266.o
 .bss.got_reply
                0x00802522        0x1 drivers/esp8266/esp8266.o
                0x00802522                got_reply
 .bss.json_found
                0x00802523        0x1 drivers/esp8266/esp8266.o
                0x00802523                json_found
 .bss.ledmatrix
                0x00802524       0x20 drivers/ht1632c/ht1632c.o
 .bss.counter   0x00802544        0x2 drivers/sensors/si114x/Si114x_functions.o
 .bss.Maxcount.1780
                0x00802546        0x3 drivers/sensors/si114x/Si114x_handler.o
 .bss.rollingMax.1779
                0x00802549        0x6 drivers/sensors/si114x/Si114x_handler.o
 .bss.dynamic_baseline.1782
                0x0080254f        0x6 drivers/sensors/si114x/Si114x_handler.o
 .bss.IRlast.1761
                0x00802555        0x4 drivers/sensors/si114x/Si114x_handler.o
 .bss.maxLeakage
                0x00802559        0x6 drivers/sensors/si114x/Si114x_handler.o
                0x00802559                maxLeakage
 .bss.LED_flash_timeout.1541
                0x0080255f        0x2 drivers/sensors/si114x/slider_algorithm.o
 .bss.last_xbucket.1560
                0x00802561        0x1 drivers/sensors/si114x/slider_algorithm.o
 .bss.LED_flash_pattern.1551
                0x00802562        0x8 drivers/sensors/si114x/slider_algorithm.o
 .bss.LED_State.1552
                0x0080256a        0x1 drivers/sensors/si114x/slider_algorithm.o
 .bss.Pause_gesture_timeout.1542
                0x0080256b        0x2 drivers/sensors/si114x/slider_algorithm.o
 .bss.xenter.1563
                0x0080256d        0x2 drivers/sensors/si114x/slider_algorithm.o
 .bss.SwipeStartTime.1543
                0x0080256f        0x2 drivers/sensors/si114x/slider_algorithm.o
 .bss.xexit.1564
                0x00802571        0x2 drivers/sensors/si114x/slider_algorithm.o
 .bss.xlast.1565
                0x00802573        0x2 drivers/sensors/si114x/slider_algorithm.o
 .bss.CurrVol   0x00802575        0x1 fatfs/ff.o
 .bss.Fsid      0x00802576        0x2 fatfs/ff.o
 .bss.FatFs     0x00802578        0x4 fatfs/ff.o
 .bss.CardType  0x0080257c        0x1 fatfs/mmc_avr.o
 .bss.Timer2    0x0080257d        0x1 fatfs/mmc_avr.o
 .bss.Timer1    0x0080257e        0x1 fatfs/mmc_avr.o
 *(COMMON)
 COMMON         0x0080257f       0x5f drivers/adc/adc.o
                0x0080257f                env_var
 COMMON         0x008025de       0xca drivers/dma/dma_functions.o
                0x008025de                memoryBlockB
                0x00802642                gStatus
                0x00802643                gInterruptDone
                0x00802644                memoryBlockA
 COMMON         0x008026a8       0x6b drivers/esp8266/esp8266.o
                0x008026a8                ip_address
                0x008026bb                btn_status
                0x008026bc                telnet_cmd
                0x008026ee                si114x_status
                0x008026ef                internet_time
                0x00802712                status
 COMMON         0x00802713        0x6 drivers/sensors/si114x/Si114x_handler.o
                0x00802713                baseline
 COMMON         0x00802719       0x43 fatfs/sound.o
                0x00802719                full
                0x0080271a                fht_array
                0x0080275a                WavFifo
 COMMON         0x0080275c        0x4 c:/program files/atmel/atmel toolchain/avr8 gcc/native/3.4.1056/avr8-gnu-toolchain/bin/../lib/gcc/avr/4.8.1/../../../../avr/lib/avrxmega4\libc.a(malloc.o)
                0x0080275c                __brkval
                0x0080275e                __flp
 COMMON         0x00802760        0x6 c:/program files/atmel/atmel toolchain/avr8 gcc/native/3.4.1056/avr8-gnu-toolchain/bin/../lib/gcc/avr/4.8.1/../../../../avr/lib/avrxmega4\libc.a(iob.o)
                0x00802760                __iob
                0x00802766                PROVIDE (__bss_end, .)
                0x00006b7a                __data_load_start = LOADADDR (.data)
                0x00006fbe                __data_load_end = (__data_load_start + SIZEOF (.data))

.noinit         0x00802766        0x0
                0x00802766                PROVIDE (__noinit_start, .)
 *(.noinit*)
                0x00802766                PROVIDE (__noinit_end, .)
                0x00802766                _end = .
                0x00802766                PROVIDE (__heap_start, .)

.eeprom         0x00810000        0x0
 *(.eeprom*)
                0x00810000                __eeprom_end = .

.fuse
 *(.fuse)
 *(.lfuse)
 *(.hfuse)
 *(.efuse)

.lock
 *(.lock*)

.signature
 *(.signature*)

.user_signatures
 *(.user_signatures*)

.stab
 *(.stab)

.stabstr
 *(.stabstr)

.stab.excl
 *(.stab.excl)

.stab.exclstr
 *(.stab.exclstr)

.stab.index
 *(.stab.index)

.stab.indexstr
 *(.stab.indexstr)

.comment        0x00000000       0x5c
 *(.comment)
 .comment       0x00000000       0x30 4x6_font.o
                                 0x31 (size before relaxing)
 .comment       0x00000000       0x31 drivers/adc/adc.o
 .comment       0x00000000       0x31 drivers/clock/clock.o
 .comment       0x00000000       0x31 drivers/dma/dma.o
 .comment       0x00000000       0x31 drivers/dma/dma_functions.o
 .comment       0x00000000       0x31 drivers/eeprom/eeprom.o
 .comment       0x00000000       0x31 drivers/esp8266/esp8266.o
 .comment       0x00000000       0x31 drivers/ht1632c/ht1632c.o
 .comment       0x00000000       0x31 drivers/port/port.o
 .comment       0x00000000       0x31 drivers/power/power.o
 .comment       0x00000000       0x31 drivers/rtc/rtc.o
 .comment       0x00000000       0x31 drivers/sensors/si114x/Si114x_functions.o
 .comment       0x00000000       0x31 drivers/sensors/si114x/Si114x_handler.o
 .comment       0x00000000       0x31 drivers/sensors/si114x/Si114x_sys_out.o
 .comment       0x00000000       0x31 drivers/sensors/si114x/slider_algorithm.o
 .comment       0x00000000       0x31 drivers/sercom/sercom.o
 .comment       0x00000000       0x31 fatfs/ff.o
 .comment       0x00000000       0x31 fatfs/mmc_avr.o
 .comment       0x00000000       0x31 fatfs/sound.o
 .comment       0x00000000       0x31 json/jsmn.o
 .comment       0x00000000       0x31 main.o
 .comment       0x00000000       0x31 menu.o
 .comment       0x00000000       0x31 uart.o
 .comment       0x00000000       0x31 _StackInstrument.o
 .comment       0x00000000       0x31 c:/program files/atmel/atmel toolchain/avr8 gcc/native/3.4.1056/avr8-gnu-toolchain/bin/../lib/gcc/avr/4.8.1/../../../../avr/lib/avrxmega4\libc.a(calloc.o)
 .comment       0x00000000       0x31 c:/program files/atmel/atmel toolchain/avr8 gcc/native/3.4.1056/avr8-gnu-toolchain/bin/../lib/gcc/avr/4.8.1/../../../../avr/lib/avrxmega4\libc.a(malloc.o)
 .comment       0x00000000       0x31 c:/program files/atmel/atmel toolchain/avr8 gcc/native/3.4.1056/avr8-gnu-toolchain/bin/../lib/gcc/avr/4.8.1/../../../../avr/lib/avrxmega4\libc.a(rand.o)
 .comment       0x00000000       0x31 c:/program files/atmel/atmel toolchain/avr8 gcc/native/3.4.1056/avr8-gnu-toolchain/bin/../lib/gcc/avr/4.8.1/../../../../avr/lib/avrxmega4\libc.a(iob.o)
 .comment       0x00000000       0x31 c:/program files/atmel/atmel toolchain/avr8 gcc/native/3.4.1056/avr8-gnu-toolchain/bin/../lib/gcc/avr/4.8.1/../../../../avr/lib/avrxmega4\libc.a(printf.o)
 .comment       0x00000000       0x31 c:/program files/atmel/atmel toolchain/avr8 gcc/native/3.4.1056/avr8-gnu-toolchain/bin/../lib/gcc/avr/4.8.1/../../../../avr/lib/avrxmega4\libc.a(puts.o)
 .comment       0x00000000       0x31 c:/program files/atmel/atmel toolchain/avr8 gcc/native/3.4.1056/avr8-gnu-toolchain/bin/../lib/gcc/avr/4.8.1/../../../../avr/lib/avrxmega4\libc.a(sprintf.o)
 .comment       0x00000000       0x31 c:/program files/atmel/atmel toolchain/avr8 gcc/native/3.4.1056/avr8-gnu-toolchain/bin/../lib/gcc/avr/4.8.1/../../../../avr/lib/avrxmega4\libc.a(sscanf.o)
 .comment       0x00000030       0x2c c:/program files/atmel/atmel toolchain/avr8 gcc/native/3.4.1056/avr8-gnu-toolchain/bin/../lib/gcc/avr/4.8.1/../../../../avr/lib/avrxmega4\libc.a(vfprintf_std.o)
                                 0x2d (size before relaxing)
 .comment       0x00000000       0x2d c:/program files/atmel/atmel toolchain/avr8 gcc/native/3.4.1056/avr8-gnu-toolchain/bin/../lib/gcc/avr/4.8.1/../../../../avr/lib/avrxmega4\libc.a(vfscanf_std.o)
 .comment       0x00000000       0x31 c:/program files/atmel/atmel toolchain/avr8 gcc/native/3.4.1056/avr8-gnu-toolchain/bin/../lib/gcc/avr/4.8.1/../../../../avr/lib/avrxmega4\libc.a(fgetc.o)
 .comment       0x00000000       0x31 c:/program files/atmel/atmel toolchain/avr8 gcc/native/3.4.1056/avr8-gnu-toolchain/bin/../lib/gcc/avr/4.8.1/../../../../avr/lib/avrxmega4\libc.a(fputc.o)
 .comment       0x00000000       0x31 c:/program files/atmel/atmel toolchain/avr8 gcc/native/3.4.1056/avr8-gnu-toolchain/bin/../lib/gcc/avr/4.8.1/../../../../avr/lib/avrxmega4\libc.a(ungetc.o)

.note.gnu.build-id
 *(.note.gnu.build-id)

.debug
 *(.debug)

.line
 *(.line)

.debug_srcinfo
 *(.debug_srcinfo)

.debug_sfnames
 *(.debug_sfnames)

.debug_aranges  0x00000000      0xb60
 *(.debug_aranges)
 .debug_aranges
                0x00000000       0x18 4x6_font.o
 .debug_aranges
                0x00000018       0x38 drivers/adc/adc.o
 .debug_aranges
                0x00000050       0x48 drivers/clock/clock.o
 .debug_aranges
                0x00000098       0xa8 drivers/dma/dma.o
 .debug_aranges
                0x00000140       0x30 drivers/dma/dma_functions.o
 .debug_aranges
                0x00000170       0x78 drivers/eeprom/eeprom.o
 .debug_aranges
                0x000001e8       0x78 drivers/esp8266/esp8266.o
 .debug_aranges
                0x00000260      0x1c8 drivers/ht1632c/ht1632c.o
 .debug_aranges
                0x00000428       0x58 drivers/port/port.o
 .debug_aranges
                0x00000480       0x20 drivers/power/power.o
 .debug_aranges
                0x000004a0      0x108 drivers/rtc/rtc.o
 .debug_aranges
                0x000005a8       0xc8 drivers/sensors/si114x/Si114x_functions.o
 .debug_aranges
                0x00000670       0x38 drivers/sensors/si114x/Si114x_handler.o
 .debug_aranges
                0x000006a8       0x50 drivers/sensors/si114x/Si114x_sys_out.o
 .debug_aranges
                0x000006f8       0x28 drivers/sensors/si114x/slider_algorithm.o
 .debug_aranges
                0x00000720       0x78 drivers/sercom/sercom.o
 .debug_aranges
                0x00000798      0x1b8 fatfs/ff.o
 .debug_aranges
                0x00000950       0x78 fatfs/mmc_avr.o
 .debug_aranges
                0x000009c8       0x40 fatfs/sound.o
 .debug_aranges
                0x00000a08       0x28 json/jsmn.o
 .debug_aranges
                0x00000a30       0x38 main.o
 .debug_aranges
                0x00000a68       0x98 menu.o
 .debug_aranges
                0x00000b00       0x40 uart.o
 .debug_aranges
                0x00000b40       0x20 _StackInstrument.o

.debug_pubnames
 *(.debug_pubnames)

.debug_info     0x00000000    0x1a340
 *(.debug_info .gnu.linkonce.wi.*)
 .debug_info    0x00000000       0xa0 4x6_font.o
 .debug_info    0x000000a0      0xb0d drivers/adc/adc.o
 .debug_info    0x00000bad      0x499 drivers/clock/clock.o
 .debug_info    0x00001046      0xbb5 drivers/dma/dma.o
 .debug_info    0x00001bfb      0x9a1 drivers/dma/dma_functions.o
 .debug_info    0x0000259c      0x840 drivers/eeprom/eeprom.o
 .debug_info    0x00002ddc     0x2226 drivers/esp8266/esp8266.o
 .debug_info    0x00005002     0x2ba4 drivers/ht1632c/ht1632c.o
 .debug_info    0x00007ba6      0xbb3 drivers/port/port.o
 .debug_info    0x00008759      0x5c0 drivers/power/power.o
 .debug_info    0x00008d19     0x1489 drivers/rtc/rtc.o
 .debug_info    0x0000a1a2     0x26f3 drivers/sensors/si114x/Si114x_functions.o
 .debug_info    0x0000c895      0x3c8 drivers/sensors/si114x/Si114x_handler.o
 .debug_info    0x0000cc5d      0x811 drivers/sensors/si114x/Si114x_sys_out.o
 .debug_info    0x0000d46e      0x723 drivers/sensors/si114x/slider_algorithm.o
 .debug_info    0x0000db91      0xcaa drivers/sercom/sercom.o
 .debug_info    0x0000e83b     0x3e8c fatfs/ff.o
 .debug_info    0x000126c7     0x1261 fatfs/mmc_avr.o
 .debug_info    0x00013928     0x165d fatfs/sound.o
 .debug_info    0x00014f85      0x585 json/jsmn.o
 .debug_info    0x0001550a     0x132e main.o
 .debug_info    0x00016838     0x3339 menu.o
 .debug_info    0x00019b71      0x6d2 uart.o
 .debug_info    0x0001a243       0xfd _StackInstrument.o

.debug_abbrev   0x00000000     0x3bd5
 *(.debug_abbrev)
 .debug_abbrev  0x00000000       0x59 4x6_font.o
 .debug_abbrev  0x00000059      0x2d0 drivers/adc/adc.o
 .debug_abbrev  0x00000329      0x10e drivers/clock/clock.o
 .debug_abbrev  0x00000437      0x22d drivers/dma/dma.o
 .debug_abbrev  0x00000664      0x1f4 drivers/dma/dma_functions.o
 .debug_abbrev  0x00000858      0x245 drivers/eeprom/eeprom.o
 .debug_abbrev  0x00000a9d      0x425 drivers/esp8266/esp8266.o
 .debug_abbrev  0x00000ec2      0x450 drivers/ht1632c/ht1632c.o
 .debug_abbrev  0x00001312      0x24d drivers/port/port.o
 .debug_abbrev  0x0000155f      0x11d drivers/power/power.o
 .debug_abbrev  0x0000167c      0x3b2 drivers/rtc/rtc.o
 .debug_abbrev  0x00001a2e      0x494 drivers/sensors/si114x/Si114x_functions.o
 .debug_abbrev  0x00001ec2      0x169 drivers/sensors/si114x/Si114x_handler.o
 .debug_abbrev  0x0000202b      0x244 drivers/sensors/si114x/Si114x_sys_out.o
 .debug_abbrev  0x0000226f      0x20c drivers/sensors/si114x/slider_algorithm.o
 .debug_abbrev  0x0000247b      0x2b8 drivers/sercom/sercom.o
 .debug_abbrev  0x00002733      0x30a fatfs/ff.o
 .debug_abbrev  0x00002a3d      0x321 fatfs/mmc_avr.o
 .debug_abbrev  0x00002d5e      0x2b8 fatfs/sound.o
 .debug_abbrev  0x00003016      0x1f4 json/jsmn.o
 .debug_abbrev  0x0000320a      0x311 main.o
 .debug_abbrev  0x0000351b      0x46d menu.o
 .debug_abbrev  0x00003988      0x1b2 uart.o
 .debug_abbrev  0x00003b3a       0x9b _StackInstrument.o

.debug_line     0x00000000     0xa683
 *(.debug_line .debug_line.* .debug_line_end)
 .debug_line    0x00000000       0x2d 4x6_font.o
 .debug_line    0x0000002d      0x309 drivers/adc/adc.o
 .debug_line    0x00000336      0x251 drivers/clock/clock.o
 .debug_line    0x00000587      0x369 drivers/dma/dma.o
 .debug_line    0x000008f0      0x1f5 drivers/dma/dma_functions.o
 .debug_line    0x00000ae5      0x442 drivers/eeprom/eeprom.o
 .debug_line    0x00000f27      0x95e drivers/esp8266/esp8266.o
 .debug_line    0x00001885     0x1450 drivers/ht1632c/ht1632c.o
 .debug_line    0x00002cd5      0x328 drivers/port/port.o
 .debug_line    0x00002ffd      0x163 drivers/power/power.o
 .debug_line    0x00003160      0x9a3 drivers/rtc/rtc.o
 .debug_line    0x00003b03      0x87a drivers/sensors/si114x/Si114x_functions.o
 .debug_line    0x0000437d      0x3a2 drivers/sensors/si114x/Si114x_handler.o
 .debug_line    0x0000471f      0x2c6 drivers/sensors/si114x/Si114x_sys_out.o
 .debug_line    0x000049e5      0x41b drivers/sensors/si114x/slider_algorithm.o
 .debug_line    0x00004e00      0x491 drivers/sercom/sercom.o
 .debug_line    0x00005291     0x2b63 fatfs/ff.o
 .debug_line    0x00007df4      0x80f fatfs/mmc_avr.o
 .debug_line    0x00008603      0x50a fatfs/sound.o
 .debug_line    0x00008b0d      0x412 json/jsmn.o
 .debug_line    0x00008f1f      0x4ef main.o
 .debug_line    0x0000940e      0xf84 menu.o
 .debug_line    0x0000a392      0x21b uart.o
 .debug_line    0x0000a5ad       0xd6 _StackInstrument.o

.debug_frame    0x00000000     0x2f3c
 *(.debug_frame)
 .debug_frame   0x00000000       0x68 drivers/adc/adc.o
 .debug_frame   0x00000068       0x74 drivers/clock/clock.o
 .debug_frame   0x000000dc      0x178 drivers/dma/dma.o
 .debug_frame   0x00000254       0xf0 drivers/dma/dma_functions.o
 .debug_frame   0x00000344      0x190 drivers/eeprom/eeprom.o
 .debug_frame   0x000004d4      0x1c0 drivers/esp8266/esp8266.o
 .debug_frame   0x00000694      0x924 drivers/ht1632c/ht1632c.o
 .debug_frame   0x00000fb8      0x1ac drivers/port/port.o
 .debug_frame   0x00001164       0x24 drivers/power/power.o
 .debug_frame   0x00001188      0x35c drivers/rtc/rtc.o
 .debug_frame   0x000014e4      0x2b0 drivers/sensors/si114x/Si114x_functions.o
 .debug_frame   0x00001794       0xd8 drivers/sensors/si114x/Si114x_handler.o
 .debug_frame   0x0000186c       0xe4 drivers/sensors/si114x/Si114x_sys_out.o
 .debug_frame   0x00001950       0xb8 drivers/sensors/si114x/slider_algorithm.o
 .debug_frame   0x00001a08      0x12c drivers/sercom/sercom.o
 .debug_frame   0x00001b34      0xc64 fatfs/ff.o
 .debug_frame   0x00002798      0x1b0 fatfs/mmc_avr.o
 .debug_frame   0x00002948      0x10c fatfs/sound.o
 .debug_frame   0x00002a54       0x90 json/jsmn.o
 .debug_frame   0x00002ae4       0xa8 main.o
 .debug_frame   0x00002b8c      0x314 menu.o
 .debug_frame   0x00002ea0       0x78 uart.o
 .debug_frame   0x00002f18       0x24 _StackInstrument.o

.debug_str      0x00000000     0x4328
 *(.debug_str)
 .debug_str     0x00000000      0x163 4x6_font.o
                                0x197 (size before relaxing)
 .debug_str     0x00000163      0xa5e drivers/adc/adc.o
                                0xc54 (size before relaxing)
 .debug_str     0x00000bc1      0x192 drivers/clock/clock.o
                                0x485 (size before relaxing)
 .debug_str     0x00000d53      0x788 drivers/dma/dma.o
                                0xb1b (size before relaxing)
 .debug_str     0x000014db       0x83 drivers/dma/dma_functions.o
                                0x7e5 (size before relaxing)
 .debug_str     0x0000155e      0x156 drivers/eeprom/eeprom.o
                                0x83e (size before relaxing)
 .debug_str     0x000016b4      0x5b3 drivers/esp8266/esp8266.o
                                0x989 (size before relaxing)
 .debug_str     0x00001c67      0x66f drivers/ht1632c/ht1632c.o
                                0xae6 (size before relaxing)
 .debug_str     0x000022d6      0x35c drivers/port/port.o
                                0x8b7 (size before relaxing)
 .debug_str     0x00002632       0xa4 drivers/power/power.o
                                0x51b (size before relaxing)
 .debug_str     0x000026d6      0x456 drivers/rtc/rtc.o
                                0x8de (size before relaxing)
 .debug_str     0x00002b2c      0x69f drivers/sensors/si114x/Si114x_functions.o
                                0xc6d (size before relaxing)
 .debug_str     0x000031cb       0xd0 drivers/sensors/si114x/Si114x_handler.o
                                0x2f6 (size before relaxing)
 .debug_str     0x0000329b       0x63 drivers/sensors/si114x/Si114x_sys_out.o
                                0x4b9 (size before relaxing)
 .debug_str     0x000032fe      0x219 drivers/sensors/si114x/slider_algorithm.o
                                0x443 (size before relaxing)
 .debug_str     0x00003517      0x313 drivers/sercom/sercom.o
                                0x887 (size before relaxing)
 .debug_str     0x0000382a      0x3bc fatfs/ff.o
                                0x77c (size before relaxing)
 .debug_str     0x00003be6       0xaf fatfs/mmc_avr.o
                                0x5ef (size before relaxing)
 .debug_str     0x00003c95      0x1bc fatfs/sound.o
                                0xc58 (size before relaxing)
 .debug_str     0x00003e51      0x124 json/jsmn.o
                                0x27b (size before relaxing)
 .debug_str     0x00003f75       0xb4 main.o
                                0xa84 (size before relaxing)
 .debug_str     0x00004029      0x19a menu.o
                                0xf58 (size before relaxing)
 .debug_str     0x000041c3      0x112 uart.o
                                0x53d (size before relaxing)
 .debug_str     0x000042d5       0x53 _StackInstrument.o
                                0x1d6 (size before relaxing)

.debug_loc      0x00000000    0x13a24
 *(.debug_loc)
 .debug_loc     0x00000000      0x187 drivers/adc/adc.o
 .debug_loc     0x00000187      0x3bc drivers/dma/dma.o
 .debug_loc     0x00000543      0x402 drivers/dma/dma_functions.o
 .debug_loc     0x00000945      0x662 drivers/eeprom/eeprom.o
 .debug_loc     0x00000fa7      0xf1a drivers/esp8266/esp8266.o
 .debug_loc     0x00001ec1     0x3071 drivers/ht1632c/ht1632c.o
 .debug_loc     0x00004f32      0x372 drivers/port/port.o
 .debug_loc     0x000052a4      0xc7e drivers/rtc/rtc.o
 .debug_loc     0x00005f22      0xe28 drivers/sensors/si114x/Si114x_functions.o
 .debug_loc     0x00006d4a      0x570 drivers/sensors/si114x/Si114x_handler.o
 .debug_loc     0x000072ba      0x3d6 drivers/sensors/si114x/Si114x_sys_out.o
 .debug_loc     0x00007690      0x6c3 drivers/sensors/si114x/slider_algorithm.o
 .debug_loc     0x00007d53      0x6a6 drivers/sercom/sercom.o
 .debug_loc     0x000083f9     0x746f fatfs/ff.o
 .debug_loc     0x0000f868      0xdf2 fatfs/mmc_avr.o
 .debug_loc     0x0001065a      0x7c5 fatfs/sound.o
 .debug_loc     0x00010e1f      0x9d5 json/jsmn.o
 .debug_loc     0x000117f4      0x231 main.o
 .debug_loc     0x00011a25     0x1f24 menu.o
 .debug_loc     0x00013949       0xc3 uart.o
 .debug_loc     0x00013a0c       0x18 _StackInstrument.o

.debug_macinfo
 *(.debug_macinfo)

.debug_weaknames
 *(.debug_weaknames)

.debug_funcnames
 *(.debug_funcnames)

.debug_typenames
 *(.debug_typenames)

.debug_varnames
 *(.debug_varnames)

.debug_pubtypes
 *(.debug_pubtypes)

.debug_ranges   0x00000000      0xc10
 *(.debug_ranges)
 .debug_ranges  0x00000000       0x28 drivers/adc/adc.o
 .debug_ranges  0x00000028       0x38 drivers/clock/clock.o
 .debug_ranges  0x00000060       0x98 drivers/dma/dma.o
 .debug_ranges  0x000000f8       0x20 drivers/dma/dma_functions.o
 .debug_ranges  0x00000118       0x68 drivers/eeprom/eeprom.o
 .debug_ranges  0x00000180       0xf8 drivers/esp8266/esp8266.o
 .debug_ranges  0x00000278      0x200 drivers/ht1632c/ht1632c.o
 .debug_ranges  0x00000478       0x48 drivers/port/port.o
 .debug_ranges  0x000004c0       0x10 drivers/power/power.o
 .debug_ranges  0x000004d0       0xf8 drivers/rtc/rtc.o
 .debug_ranges  0x000005c8       0xb8 drivers/sensors/si114x/Si114x_functions.o
 .debug_ranges  0x00000680       0x28 drivers/sensors/si114x/Si114x_handler.o
 .debug_ranges  0x000006a8       0x40 drivers/sensors/si114x/Si114x_sys_out.o
 .debug_ranges  0x000006e8       0x18 drivers/sensors/si114x/slider_algorithm.o
 .debug_ranges  0x00000700       0x80 drivers/sercom/sercom.o
 .debug_ranges  0x00000780      0x218 fatfs/ff.o
 .debug_ranges  0x00000998       0x68 fatfs/mmc_avr.o
 .debug_ranges  0x00000a00       0x30 fatfs/sound.o
 .debug_ranges  0x00000a30       0xd8 json/jsmn.o
 .debug_ranges  0x00000b08       0x28 main.o
 .debug_ranges  0x00000b30       0xa0 menu.o
 .debug_ranges  0x00000bd0       0x30 uart.o
 .debug_ranges  0x00000c00       0x10 _StackInstrument.o

.debug_macro
 *(.debug_macro)
OUTPUT(matrix_clock.elf elf32-avr)
LOAD linker stubs
